                             hung     survived
  SCO setup requested           0            0
  no SCO setup                  0            0

  (2 trial(s) with no SCO field — recorded before this was tracked)

  No trial has yet applied the stimulus. Until one does, nothing here
  distinguishes a build that fixes the bug from a run that never
  provoked it.
