                             hung     survived
  SCO setup requested           1            1
  no SCO setup                  0            0
  (1 pre-fix CHANGED row(s) reclassified at read time — see trial-reclass.awk)

  Every trial provoked SCO setup. The bottom row is empty, so this
  cannot yet separate the stimulus from the passage of time.
