Aug 11 05:55:12.910306 n kernel: Bluetooth: hci0: unexpected event for opcode 0x2005
Aug 11 05:55:28.910308 n kernel: Bluetooth: hci0: unexpected event for opcode 0x2005
Aug 11 05:55:44.909318 n kernel: Bluetooth: hci0: unexpected event for opcode 0x2005
Aug 11 05:56:00.910355 n kernel: Bluetooth: hci0: unexpected event for opcode 0x2005
Aug 11 05:56:16.910317 n kernel: Bluetooth: hci0: unexpected event for opcode 0x2005
Aug 11 05:56:32.909318 n kernel: Bluetooth: hci0: unexpected event for opcode 0x2005
Aug 11 05:56:48.910311 n kernel: Bluetooth: hci0: unexpected event for opcode 0x2005
Aug 11 05:57:04.910314 n kernel: Bluetooth: hci0: unexpected event for opcode 0x2005
Aug 11 05:57:20.910308 n kernel: Bluetooth: hci0: unexpected event for opcode 0x2005
Aug 11 05:57:36.910315 n kernel: Bluetooth: hci0: unexpected event for opcode 0x2005
Aug 11 05:57:52.910317 n kernel: Bluetooth: hci0: unexpected event for opcode 0x2005
Aug 11 05:58:08.910318 n kernel: Bluetooth: hci0: unexpected event for opcode 0x2005
Aug 11 05:58:24.909306 n kernel: Bluetooth: hci0: unexpected event for opcode 0x2005
Aug 11 05:58:40.910305 n kernel: Bluetooth: hci0: unexpected event for opcode 0x2005
Aug 11 05:58:56.909314 n kernel: Bluetooth: hci0: unexpected event for opcode 0x2005
Aug 11 05:59:12.910320 n kernel: Bluetooth: hci0: unexpected event for opcode 0x2005
Aug 11 05:59:28.910319 n kernel: Bluetooth: hci0: unexpected event for opcode 0x2005
Aug 11 05:59:44.910314 n kernel: Bluetooth: hci0: unexpected event for opcode 0x2005
Aug 11 06:00:00.905304 n kernel: Bluetooth: hci0: unexpected event for opcode 0x2005
Aug 11 06:00:03.425309 n kernel: Bluetooth: hci0: unexpected event for opcode 0x2005
Aug 11 06:00:21.904311 n kernel: Bluetooth: hci0: unexpected event for opcode 0x2005
Aug 11 06:00:37.907312 n kernel: Bluetooth: hci0: unexpected event for opcode 0x2005
Aug 11 06:00:53.909327 n kernel: Bluetooth: hci0: unexpected event for opcode 0x2005
Aug 11 06:01:09.910314 n kernel: Bluetooth: hci0: unexpected event for opcode 0x2005
Aug 11 06:01:25.909305 n kernel: Bluetooth: hci0: unexpected event for opcode 0x2005
Aug 11 06:01:41.910317 n kernel: Bluetooth: hci0: unexpected event for opcode 0x2005
Aug 11 06:01:57.905303 n kernel: Bluetooth: hci0: unexpected event for opcode 0x2005
Aug 11 06:02:13.910307 n kernel: Bluetooth: hci0: unexpected event for opcode 0x2005
Aug 11 06:02:29.910318 n kernel: Bluetooth: hci0: unexpected event for opcode 0x2005
Aug 11 06:02:45.910311 n kernel: Bluetooth: hci0: unexpected event for opcode 0x2005
Aug 11 06:03:01.910317 n kernel: Bluetooth: hci0: unexpected event for opcode 0x2005
Aug 11 06:03:17.910305 n kernel: Bluetooth: hci0: unexpected event for opcode 0x2005
Aug 11 06:03:33.909303 n kernel: Bluetooth: hci0: unexpected event for opcode 0x2005
Aug 11 06:03:51.756310 n kernel: Bluetooth: hci0: unexpected event for opcode 0x2005
Aug 11 06:04:02.906309 n kernel: Bluetooth: hci0: unexpected event for opcode 0x2005
Aug 11 06:04:18.178327 n kernel: Bluetooth: hci0: unexpected event for opcode 0x2005
Aug 11 06:04:23.304314 n kernel: Bluetooth: hci0: unexpected event for opcode 0x2005
Aug 11 06:04:24.269309 n kernel: Bluetooth: hci0: unexpected event for opcode 0x2005
Aug 11 06:04:25.485317 n kernel: Bluetooth: hci0: unexpected event for opcode 0x2005
Aug 11 06:04:26.927317 n kernel: Bluetooth: hci0: unexpected event for opcode 0x2005
Aug 11 06:04:42.906307 n kernel: Bluetooth: hci0: unexpected event for opcode 0x2005
Aug 11 06:04:55.339318 n kernel: Bluetooth: hci0: unexpected event for opcode 0x2005
Aug 11 06:04:57.371314 n kernel: Bluetooth: hci0: unexpected event for opcode 0x2005
Aug 11 06:04:58.584309 n kernel: Bluetooth: hci0: unexpected event for opcode 0x2005
Aug 11 06:04:59.289314 n kernel: Bluetooth: hci0: unexpected event for opcode 0x2005
Aug 11 06:05:01.012312 n kernel: Bluetooth: hci0: unexpected event for opcode 0x2005
Aug 11 06:05:02.682314 n kernel: Bluetooth: hci0: unexpected event for opcode 0x2005
Aug 11 06:05:04.663313 n kernel: Bluetooth: hci0: unexpected event for opcode 0x2005
Aug 11 06:05:06.451313 n kernel: Bluetooth: hci0: unexpected event for opcode 0x2005
Aug 11 06:05:08.132314 n kernel: Bluetooth: hci0: unexpected event for opcode 0x2005
Aug 11 06:05:23.910313 n kernel: Bluetooth: hci0: unexpected event for opcode 0x2005
Aug 11 06:05:39.909311 n kernel: Bluetooth: hci0: unexpected event for opcode 0x2005
Aug 11 06:05:45.904306 n kernel: Bluetooth: hci0: unexpected event for opcode 0x2005
Aug 11 06:05:50.832308 n kernel: Bluetooth: hci0: unexpected event for opcode 0x2005
Aug 11 06:06:25.031306 n kernel: Bluetooth: hci0: command tx timeout
Aug 11 06:06:33.671325 n kernel: Bluetooth: hci0: command 0x0406 tx timeout
Aug 11 06:06:35.784321 n kernel: Bluetooth: hci0: command 0x0406 tx timeout
Aug 11 06:06:38.215309 n kernel: Bluetooth: hci0: Opcode 0x0c1a failed: -110
Aug 11 06:06:38.215368 n kernel: Bluetooth: hci0: command 0x0406 tx timeout
Aug 11 06:06:38.856316 n kernel: Bluetooth: hci0: setting interface failed (110)
Aug 11 06:06:42.951320 n kernel: Bluetooth: hci0: command 0x0406 tx timeout
Aug 11 06:06:48.968306 n kernel: Bluetooth: hci0: command 0x0406 tx timeout
Aug 11 06:06:54.330313 n kernel: usb 3-3: reset full-speed USB device number 2 using xhci_hcd
Aug 11 06:07:09.687329 n kernel: usb 3-3: device descriptor read/64, error -110
Aug 11 06:07:25.559321 n kernel: usb 3-3: device descriptor read/64, error -110
Aug 11 06:07:25.775355 n kernel: usb 3-3: reset full-speed USB device number 2 using xhci_hcd
Aug 11 06:07:41.431342 n kernel: usb 3-3: device descriptor read/64, error -110
Aug 11 06:07:57.303314 n kernel: usb 3-3: device descriptor read/64, error -110
Aug 11 06:07:57.519322 n kernel: usb 3-3: reset full-speed USB device number 2 using xhci_hcd
Aug 11 06:08:02.823320 n kernel: xhci_hcd 0000:03:00.4: Timeout while waiting for setup device command
Aug 11 06:08:08.455327 n kernel: xhci_hcd 0000:03:00.4: Timeout while waiting for setup device command
Aug 11 06:08:08.663318 n kernel: usb 3-3: device not accepting address 2, error -62
Aug 11 06:08:08.775314 n kernel: usb 3-3: reset full-speed USB device number 2 using xhci_hcd
Aug 11 06:08:14.087326 n kernel: xhci_hcd 0000:03:00.4: Timeout while waiting for setup device command
Aug 11 06:08:19.719307 n kernel: xhci_hcd 0000:03:00.4: Timeout while waiting for setup device command
Aug 11 06:08:19.927304 n kernel: usb 3-3: device not accepting address 2, error -62
Aug 11 06:08:19.930302 n kernel: usb 3-3: USB disconnect, device number 2
Aug 11 06:08:20.042317 n kernel: usb 3-3: new full-speed USB device number 4 using xhci_hcd
Aug 11 06:08:35.704313 n kernel: usb 3-3: device descriptor read/64, error -110
Aug 11 06:08:51.577311 n kernel: usb 3-3: device descriptor read/64, error -110
Aug 11 06:08:51.791314 n kernel: usb 3-3: new full-speed USB device number 5 using xhci_hcd
Aug 11 06:09:07.447325 n kernel: usb 3-3: device descriptor read/64, error -110
