Aug 11 06:06:25.436837 n bt-hang-watchdog[1245]: signal: Bluetooth: hci0: command tx timeout
Aug 11 06:06:25.437168 n bt-hang-watchdog[1245]:   window: 1/3 hit(s) in last 60s
Aug 11 06:06:33.936971 n bt-hang-watchdog[1245]: signal: Bluetooth: hci0: command 0x0406 tx timeout
Aug 11 06:06:33.937296 n bt-hang-watchdog[1245]:   window: 2/3 hit(s) in last 60s
Aug 11 06:06:36.186692 n bt-hang-watchdog[1245]: signal: Bluetooth: hci0: command 0x0406 tx timeout
Aug 11 06:06:36.187044 n bt-hang-watchdog[1245]:   window: 3/3 hit(s) in last 60s
Aug 11 06:06:36.187044 n bt-hang-watchdog[1245]: Detected 3 controller timeouts within 60s — intervening.
Aug 11 06:06:36.188561 n bt-hang-watchdog[1245]: Recovering Bluetooth controller at 3-3 ...
Aug 11 06:08:20.024898 n bt-hang-watchdog[1245]:   USBDEVFS_RESET failed
Aug 11 06:08:26.027799 n bt-hang-watchdog[1245]:   escalating to USB unbind/bind
Aug 11 06:08:38.038549 n bt-hang-watchdog[1245]:   RECOVERY FAILED — controller still unresponsive
Aug 11 06:08:38.038549 n bt-hang-watchdog[1245]: consecutive failed recoveries: 1/3
Aug 11 06:08:38.040153 n bt-hang-watchdog[1245]: signal: Bluetooth: hci0: Opcode 0x0c1a failed: -110
Aug 11 06:08:38.040153 n bt-hang-watchdog[1245]:   window: 1/3 hit(s) in last 60s
Aug 11 06:08:38.041364 n bt-hang-watchdog[1245]: signal: Bluetooth: hci0: command 0x0406 tx timeout
Aug 11 06:08:38.041364 n bt-hang-watchdog[1245]:   window: 2/3 hit(s) in last 60s
Aug 11 06:08:38.042528 n bt-hang-watchdog[1245]: signal: Bluetooth: hci0: setting interface failed (110)
Aug 11 06:08:38.042528 n bt-hang-watchdog[1245]:   window: 3/3 hit(s) in last 60s
Aug 11 06:08:38.042594 n bt-hang-watchdog[1245]: threshold reached (3/3) but suppressed by cooldown (58s remaining)
Aug 11 06:08:38.043665 n bt-hang-watchdog[1245]: early signal: profiles/audio/avdtp.c:cancel_request() Abort: Connection timed out (110)
Aug 11 06:08:38.043665 n bt-hang-watchdog[1245]:   early window: 1/2 in last 90s
Aug 11 06:08:38.044750 n bt-hang-watchdog[1245]: signal: Bluetooth: hci0: command 0x0406 tx timeout
Aug 11 06:08:38.044786 n bt-hang-watchdog[1245]:   window: 4/3 hit(s) in last 60s
Aug 11 06:08:38.044786 n bt-hang-watchdog[1245]: threshold reached (4/3) but suppressed by cooldown (58s remaining)
Aug 11 06:08:38.047737 n bt-hang-watchdog[1245]: signal: Bluetooth: hci0: command 0x0406 tx timeout
Aug 11 06:08:38.047771 n bt-hang-watchdog[1245]:   window: 5/3 hit(s) in last 60s
Aug 11 06:08:38.047771 n bt-hang-watchdog[1245]: threshold reached (5/3) but suppressed by cooldown (58s remaining)
