Aug 22 11:41:11.575495 n kernel: xhci_hcd 0000:03:00.3: xHCI Host Controller
Aug 22 11:41:11.575618 n kernel: xhci_hcd 0000:03:00.3: new USB bus registered, assigned bus number 1
Aug 22 11:41:11.575795 n kernel: xhci_hcd 0000:03:00.3: hcc params 0x0268ffe5 hci version 0x110 quirks 0x0000020000000010
Aug 22 11:41:11.575963 n kernel: xhci_hcd 0000:03:00.3: xHCI Host Controller
Aug 22 11:41:11.576096 n kernel: xhci_hcd 0000:03:00.3: new USB bus registered, assigned bus number 2
Aug 22 11:41:11.576219 n kernel: xhci_hcd 0000:03:00.3: Host supports USB 3.1 Enhanced SuperSpeed
Aug 22 11:41:11.576669 n kernel: usb usb1: Product: xHCI Host Controller
Aug 22 11:41:11.576831 n kernel: usb usb1: Manufacturer: Linux 7.0.0-30-generic xhci-hcd
Aug 22 11:41:11.577825 n kernel: usb usb2: Product: xHCI Host Controller
Aug 22 11:41:11.577960 n kernel: usb usb2: Manufacturer: Linux 7.0.0-30-generic xhci-hcd
Aug 22 11:41:11.578480 n kernel: xhci_hcd 0000:03:00.4: xHCI Host Controller
Aug 22 11:41:11.578596 n kernel: xhci_hcd 0000:03:00.4: new USB bus registered, assigned bus number 3
Aug 22 11:41:11.578718 n kernel: xhci_hcd 0000:03:00.4: hcc params 0x0268ffe5 hci version 0x110 quirks 0x0000020000000010
Aug 22 11:41:11.578835 n kernel: xhci_hcd 0000:03:00.4: xHCI Host Controller
Aug 22 11:41:11.578950 n kernel: xhci_hcd 0000:03:00.4: new USB bus registered, assigned bus number 4
Aug 22 11:41:11.579066 n kernel: xhci_hcd 0000:03:00.4: Host supports USB 3.1 Enhanced SuperSpeed
Aug 22 11:41:11.579496 n kernel: usb usb3: Product: xHCI Host Controller
Aug 22 11:41:11.579641 n kernel: usb usb3: Manufacturer: Linux 7.0.0-30-generic xhci-hcd
Aug 22 11:41:11.580708 n kernel: usb usb4: Product: xHCI Host Controller
Aug 22 11:41:11.580849 n kernel: usb usb4: Manufacturer: Linux 7.0.0-30-generic xhci-hcd
Aug 22 11:41:11.582841 n kernel: usb 1-2: new full-speed USB device number 2 using xhci_hcd
Aug 22 11:41:11.582869 n kernel: usb 3-3: new full-speed USB device number 2 using xhci_hcd
Aug 22 11:41:11.583037 n kernel: usb 1-2: New USB device found, idVendor=062a, idProduct=4c01, bcdDevice= 1.25
Aug 22 11:41:11.583185 n kernel: usb 1-2: New USB device strings: Mfr=1, Product=2, SerialNumber=0
Aug 22 11:41:11.583331 n kernel: usb 1-2: Product: 2.4G INPUT DEVICE
Aug 22 11:41:11.583480 n kernel: usb 1-2: Manufacturer: MOSART Semi.
Aug 22 11:41:11.583671 n kernel: usb 1-3: new high-speed USB device number 3 using xhci_hcd
Aug 22 11:41:11.584765 n kernel: usb 1-3: New USB device found, idVendor=0bda, idProduct=0129, bcdDevice=39.60
Aug 22 11:41:11.584936 n kernel: usb 1-3: New USB device strings: Mfr=1, Product=2, SerialNumber=3
Aug 22 11:41:11.585098 n kernel: usb 1-3: Product: USB2.0-CRW
Aug 22 11:41:11.585260 n kernel: usb 1-3: Manufacturer: Generic
Aug 22 11:41:11.585425 n kernel: usb 1-3: SerialNumber: 20100201396000000
Aug 22 11:41:11.585639 n kernel: usb 1-4: new high-speed USB device number 4 using xhci_hcd
Aug 22 11:41:11.585931 n kernel: usb 1-4: New USB device found, idVendor=32e6, idProduct=9211, bcdDevice= 0.00
Aug 22 11:41:11.586282 n kernel: usb 1-4: New USB device strings: Mfr=1, Product=2, SerialNumber=3
Aug 22 11:41:11.586445 n kernel: usb 1-4: Product: icspring camera
Aug 22 11:41:11.586594 n kernel: usb 1-4: Manufacturer: icSpring
Aug 22 11:41:11.586760 n kernel: usb 1-4: SerialNumber: 241112113001
Aug 22 11:41:11.587176 n kernel: usb 3-3: device descriptor read/64, error -110
Aug 22 11:41:11.587192 n kernel: usb 3-3: device descriptor read/64, error -110
Aug 22 11:41:11.587206 n kernel: usb 3-3: new full-speed USB device number 3 using xhci_hcd
Aug 22 11:41:11.587220 n kernel: usb 3-3: device descriptor read/64, error -110
Aug 22 11:41:11.587234 n kernel: usb 3-3: device descriptor read/64, error -110
Aug 22 11:41:11.587255 n kernel: usb 3-3: new full-speed USB device number 4 using xhci_hcd
Aug 22 11:41:11.587389 n kernel: xhci_hcd 0000:03:00.4: Timeout while waiting for setup device command
Aug 22 11:41:11.587525 n kernel: xhci_hcd 0000:03:00.4: Timeout while waiting for setup device command
Aug 22 11:41:11.587549 n kernel: usb 3-3: device not accepting address 4, error -62
Aug 22 11:41:11.587565 n kernel: usb 3-3: WARN: invalid context state for evaluate context command.
Aug 22 11:41:11.587581 n kernel: usb 3-3: new full-speed USB device number 5 using xhci_hcd
Aug 22 11:41:11.587725 n kernel: xhci_hcd 0000:03:00.4: Timeout while waiting for setup device command
Aug 22 11:41:11.587863 n kernel: xhci_hcd 0000:03:00.4: Timeout while waiting for setup device command
Aug 22 11:41:11.587881 n kernel: usb 3-3: device not accepting address 5, error -62
Aug 22 11:41:11.587897 n kernel: usb 3-3: WARN: invalid context state for evaluate context command.
Aug 22 11:41:11.588084 n kernel: usb 3-4: new full-speed USB device number 6 using xhci_hcd
Aug 22 11:41:11.588251 n kernel: usb 3-4: New USB device found, idVendor=2808, idProduct=c652, bcdDevice=20.03
Aug 22 11:41:11.588409 n kernel: usb 3-4: New USB device strings: Mfr=1, Product=2, SerialNumber=0
Aug 22 11:41:11.588571 n kernel: usb 3-4: Product: FocalTech Fingerprint Device
Aug 22 11:41:11.588735 n kernel: usb 3-4: Manufacturer: FocalTech
Aug 22 11:41:14.925723 n kernel: Bluetooth: Core ver 2.22
Aug 22 11:41:14.926784 n kernel: NET: Registered PF_BLUETOOTH protocol family
Aug 22 11:41:14.926832 n kernel: Bluetooth: HCI device and connection manager initialized
Aug 22 11:41:14.926843 n kernel: Bluetooth: HCI socket layer initialized
Aug 22 11:41:14.926860 n kernel: Bluetooth: L2CAP socket layer initialized
Aug 22 11:41:14.926898 n kernel: Bluetooth: SCO socket layer initialized
Aug 22 11:41:23.309708 n kernel: Bluetooth: BNEP (Ethernet Emulation) ver 1.3
Aug 22 11:41:23.309765 n kernel: Bluetooth: BNEP filters: protocol multicast
Aug 22 11:41:23.309790 n kernel: Bluetooth: BNEP socket layer initialized
