Aug 18 22:14:58.782531 n kernel: hci0
Aug 18 22:14:58.782556 n kernel: hci0
Aug 18 22:14:58.782579 n kernel: hci0
Aug 18 22:14:58.784387 n kernel: hci0: dst AA:BB:CC:00:00:01
Aug 18 22:14:58.784407 n kernel: hci0: dst AA:BB:CC:00:00:01 handle 0x0f00
Aug 18 22:14:58.784438 n kernel: hci0 evt 1
Aug 18 22:14:58.784466 n kernel: hci0 opcode 0x0409 plen 7
Aug 18 22:14:58.784497 n kernel: hci0: skb len 10
Aug 18 22:14:58.784518 n kernel: hci0 cmd_cnt 1 cmd queued 1
Aug 18 22:14:58.784543 n kernel: hci0: skb 00000000f79a3f50
Aug 18 22:14:59.046342 n kernel: hci0: hcon 0000000050833669 handle 0x0009
Aug 18 22:14:59.046444 n kernel: hci0 opcode 0x041b plen 2
Aug 18 22:14:59.046489 n kernel: hci0: skb len 5
Aug 18 22:14:59.046547 n kernel: hci0: 
Aug 18 22:14:59.046620 n kernel: hci0 cmd_cnt 1 cmd queued 1
Aug 18 22:14:59.046636 n kernel: hci0: entry 00000000f205e77b
Aug 18 22:14:59.046656 n kernel: hci0: skb 0000000015fd3534
Aug 18 22:14:59.074341 n kernel: hci0 opcode 0x041c plen 3
Aug 18 22:14:59.074431 n kernel: hci0: skb len 6
Aug 18 22:14:59.074474 n kernel: hci0 cmd_cnt 1 cmd queued 1
Aug 18 22:14:59.074526 n kernel: hci0: skb 000000006f109dc7
Aug 18 22:14:59.088364 n kernel: hci0 opcode 0x0419 plen 10
Aug 18 22:14:59.088377 n kernel: hci0: skb len 13
Aug 18 22:14:59.088390 n kernel: hci0 hcon 0000000050833669
Aug 18 22:14:59.088411 n kernel: hci0 cmd_cnt 1 cmd queued 1
Aug 18 22:14:59.088423 n kernel: hci0: skb 0000000005b436e8
Aug 18 22:14:59.184330 n kernel: hci0 opcode 0x040b plen 22
Aug 18 22:14:59.184389 n kernel: hci0: skb len 25
Aug 18 22:14:59.184406 n kernel: hci0 cmd_cnt 1 cmd queued 1
Aug 18 22:14:59.184436 n kernel: hci0: skb 00000000b780d524
Aug 18 22:14:59.311430 n kernel: hci0 opcode 0x1408 plen 2
Aug 18 22:14:59.311459 n kernel: hci0: skb len 5
Aug 18 22:14:59.311482 n kernel: hci0 cmd_cnt 1 cmd queued 1
Aug 18 22:14:59.311504 n kernel: hci0: skb 00000000a7015d17
Aug 18 22:15:00.467354 n kernel: bluetoothd[313564]: segfault at 10 ip 000060ff12be87e5 sp 00007fff35b2f190 error 4 in bluetoothd[367e5,60ff12bd7000+f3000] likely on CPU 6 (core 3, socket 0)
Aug 18 22:15:00.891377 n kernel: hci0: 
Aug 18 22:15:00.891391 n kernel: hci0: entry 00000000548f77a8
Aug 18 22:15:00.891402 n kernel: hci0: entry 00000000464ef47d
Aug 18 22:15:00.891432 n kernel: hci0: ADV monitoring is off
Aug 18 22:15:00.891448 n kernel: hci0: stopping background scanning
Aug 18 22:15:00.891460 n kernel: hci0: 
Aug 18 22:15:00.895361 n kernel: hci0: 
Aug 18 22:15:00.895378 n kernel: hci0: entry 00000000a549ecd9
Aug 18 22:15:00.895393 n kernel: hci0: Opcode 0x0c1a
Aug 18 22:15:00.895412 n kernel: hci0: opcode 0x0c1a plen 1
Aug 18 22:15:00.895427 n kernel: hci0: skb len 4
Aug 18 22:15:00.895453 n kernel: hci0: length 1
Aug 18 22:15:00.895482 n kernel: hci0 cmd_cnt 1 cmd queued 1
Aug 18 22:15:00.895494 n kernel: hci0: skb 00000000d048df01
Aug 18 22:15:00.898350 n kernel: hci0: result 0x00
Aug 18 22:15:00.898362 n kernel: hci0: end: err 0
Aug 18 22:15:00.898373 n kernel: hci0: entry 0000000011dd07b7
Aug 18 22:15:00.898390 n kernel: hci0: ADV monitoring is off
Aug 18 22:15:00.898400 n kernel: hci0: stopping background scanning
Aug 18 22:15:00.898410 n kernel: hci0: entry 00000000a45f3dcb
Aug 18 22:15:00.898420 n kernel: hci0: 
Aug 18 22:15:00.898430 n kernel: hci0: 
Aug 18 22:15:00.898437 n kernel: hci0: 
Aug 18 22:15:00.906361 n kernel: hci0: 
Aug 18 22:15:00.906371 n kernel: hci0: entry 000000003bee986e
Aug 18 22:15:00.906385 n kernel: hci0: 
Aug 18 22:15:00.906392 n kernel: hci0: 
Aug 18 22:15:00.906411 n kernel: hci0: 
Aug 18 22:15:00.906421 n kernel: hci0: entry 00000000fee80571
Aug 18 22:15:00.906434 n kernel: hci0: 
Aug 18 22:15:00.906447 n kernel: hci0: 
Aug 18 22:15:00.906475 n kernel: hci0: 
Aug 18 22:15:00.906495 n kernel: hci0: entry 00000000fcb2819c
Aug 18 22:15:00.906511 n kernel: hci0: 
Aug 18 22:15:00.906518 n kernel: hci0: Opcode 0x0c52
Aug 18 22:15:00.906531 n kernel: hci0: opcode 0x0c52 plen 241
Aug 18 22:15:00.906538 n kernel: hci0: skb len 244
Aug 18 22:15:00.906546 n kernel: hci0: length 1
Aug 18 22:15:00.906554 n kernel: hci0 cmd_cnt 1 cmd queued 1
Aug 18 22:15:00.906562 n kernel: hci0: skb 000000002626ab47
Aug 18 22:15:00.909351 n kernel: hci0: result 0x00
Aug 18 22:15:00.909376 n kernel: hci0: end: err 0
Aug 18 22:15:00.909410 n kernel: hci0: 
Aug 18 22:15:00.909428 n kernel: hci0: Opcode 0x0c24
Aug 18 22:15:00.909449 n kernel: hci0: opcode 0x0c24 plen 3
Aug 18 22:15:00.909467 n kernel: hci0: skb len 6
Aug 18 22:15:00.909483 n kernel: hci0: length 1
Aug 18 22:15:00.909502 n kernel: hci0 cmd_cnt 1 cmd queued 1
Aug 18 22:15:00.909531 n kernel: hci0: skb 00000000a7015d17
Aug 18 22:15:00.913371 n kernel: hci0: result 0x00
Aug 18 22:15:00.913382 n kernel: hci0: end: err 0
Aug 18 22:15:00.913410 n kernel: hci0: 
Aug 18 22:15:00.913419 n kernel: hci0: entry 00000000774e4ca5
Aug 18 22:15:00.913431 n kernel: hci0: 
Aug 18 22:15:00.913439 n kernel: hci0: 
Aug 18 22:15:00.913449 n kernel: hci0: Opcode 0x0c52
Aug 18 22:15:00.913460 n kernel: hci0: opcode 0x0c52 plen 241
Aug 18 22:15:00.913469 n kernel: hci0: skb len 244
Aug 18 22:15:00.913478 n kernel: hci0: length 1
Aug 18 22:15:00.913487 n kernel: hci0 cmd_cnt 1 cmd queued 1
Aug 18 22:15:00.913496 n kernel: hci0: skb 000000001e8cdd6c
Aug 18 22:15:00.916359 n kernel: hci0: result 0x00
Aug 18 22:15:00.916375 n kernel: hci0: end: err 0
Aug 18 22:15:00.916396 n kernel: hci0: 
Aug 18 22:15:00.916412 n kernel: hci0: entry 0000000005abc1f5
Aug 18 22:15:00.916433 n kernel: hci0: 
Aug 18 22:15:00.916448 n kernel: hci0: 
Aug 18 22:15:00.916463 n kernel: hci0: Opcode 0x0c52
Aug 18 22:15:00.916471 n kernel: hci0: opcode 0x0c52 plen 241
Aug 18 22:15:00.916484 n kernel: hci0: skb len 244
Aug 18 22:15:00.916499 n kernel: hci0: length 1
Aug 18 22:15:00.916510 n kernel: hci0 cmd_cnt 1 cmd queued 1
Aug 18 22:15:00.916518 n kernel: hci0: skb 000000007145d694
Aug 18 22:15:00.919365 n kernel: hci0: result 0x00
Aug 18 22:15:00.919380 n kernel: hci0: end: err 0
Aug 18 22:15:00.919408 n kernel: hci0: 
Aug 18 22:15:00.919422 n kernel: hci0: entry 000000007a7c0181
Aug 18 22:15:00.919443 n kernel: hci0: 
Aug 18 22:15:00.919456 n kernel: hci0: 
Aug 18 22:15:00.919467 n kernel: hci0: Opcode 0x0c52
Aug 18 22:15:00.919475 n kernel: hci0: opcode 0x0c52 plen 241
Aug 18 22:15:00.919494 n kernel: hci0: skb len 244
Aug 18 22:15:00.919505 n kernel: hci0: length 1
Aug 18 22:15:00.919521 n kernel: hci0 cmd_cnt 1 cmd queued 1
Aug 18 22:15:00.919529 n kernel: hci0: skb 000000001531881f
Aug 18 22:15:00.922365 n kernel: hci0: result 0x00
Aug 18 22:15:00.922381 n kernel: hci0: end: err 0
Aug 18 22:15:00.922402 n kernel: hci0: 
Aug 18 22:15:00.922411 n kernel: hci0: entry 00000000da2076f4
Aug 18 22:15:00.922425 n kernel: hci0: 
Aug 18 22:15:00.922433 n kernel: hci0: 
Aug 18 22:15:00.922444 n kernel: hci0: Opcode 0x0c52
Aug 18 22:15:00.922457 n kernel: hci0: opcode 0x0c52 plen 241
Aug 18 22:15:00.922472 n kernel: hci0: skb len 244
Aug 18 22:15:00.922487 n kernel: hci0: length 1
Aug 18 22:15:00.922498 n kernel: hci0 cmd_cnt 1 cmd queued 1
Aug 18 22:15:00.922506 n kernel: hci0: skb 000000000e148a74
Aug 18 22:15:00.925370 n kernel: hci0: result 0x00
Aug 18 22:15:00.925384 n kernel: hci0: end: err 0
Aug 18 22:15:00.925419 n kernel: hci0: 
Aug 18 22:15:00.925435 n kernel: hci0: entry 00000000bc9d1200
Aug 18 22:15:00.925458 n kernel: hci0: 
Aug 18 22:15:00.925469 n kernel: hci0: Opcode 0x0c24
Aug 18 22:15:00.925480 n kernel: hci0: opcode 0x0c24 plen 3
Aug 18 22:15:00.925501 n kernel: hci0: skb len 6
Aug 18 22:15:00.925513 n kernel: hci0: length 1
Aug 18 22:15:00.925533 n kernel: hci0 cmd_cnt 1 cmd queued 1
Aug 18 22:15:00.925544 n kernel: hci0: skb 0000000030f2f1f5
Aug 18 22:15:00.928358 n kernel: hci0: result 0x00
Aug 18 22:15:00.928367 n kernel: hci0: end: err 0
Aug 18 22:15:00.928379 n kernel: hci0: 
Aug 18 22:15:00.928390 n kernel: hci0: Opcode 0x0c52
Aug 18 22:15:00.928401 n kernel: hci0: opcode 0x0c52 plen 241
Aug 18 22:15:00.928409 n kernel: hci0: skb len 244
Aug 18 22:15:00.928417 n kernel: hci0: length 1
Aug 18 22:15:00.928424 n kernel: hci0 cmd_cnt 1 cmd queued 1
Aug 18 22:15:00.928432 n kernel: hci0: skb 0000000095d74762
Aug 18 22:15:00.931357 n kernel: hci0: result 0x00
Aug 18 22:15:00.931373 n kernel: hci0: end: err 0
Aug 18 22:15:00.931395 n kernel: hci0: 
Aug 18 22:15:00.931403 n kernel: hci0: entry 00000000532f8637
Aug 18 22:15:00.931420 n kernel: hci0: 
Aug 18 22:15:00.931428 n kernel: hci0: 
Aug 18 22:15:00.931436 n kernel: hci0: Opcode 0x0c52
Aug 18 22:15:00.931449 n kernel: hci0: opcode 0x0c52 plen 241
Aug 18 22:15:00.931457 n kernel: hci0: skb len 244
Aug 18 22:15:00.931465 n kernel: hci0: length 1
Aug 18 22:15:00.931477 n kernel: hci0 cmd_cnt 1 cmd queued 1
Aug 18 22:15:00.931485 n kernel: hci0: skb 00000000b960d96a
Aug 18 22:15:00.934367 n kernel: hci0: result 0x00
Aug 18 22:15:00.934382 n kernel: hci0: end: err 0
Aug 18 22:15:00.934399 n kernel: hci0: 
Aug 18 22:15:00.934406 n kernel: hci0: entry 000000006afea992
Aug 18 22:15:00.934421 n kernel: hci0: 
Aug 18 22:15:00.934429 n kernel: hci0: 
Aug 18 22:15:00.934438 n kernel: hci0: Opcode 0x0c52
Aug 18 22:15:00.934447 n kernel: hci0: opcode 0x0c52 plen 241
Aug 18 22:15:00.934463 n kernel: hci0: skb len 244
Aug 18 22:15:00.934475 n kernel: hci0: length 1
Aug 18 22:15:00.934483 n kernel: hci0 cmd_cnt 1 cmd queued 1
Aug 18 22:15:00.934491 n kernel: hci0: skb 00000000bbae3aeb
Aug 18 22:15:00.937360 n kernel: hci0: result 0x00
Aug 18 22:15:00.937368 n kernel: hci0: end: err 0
Aug 18 22:15:00.937388 n kernel: hci0: 
Aug 18 22:15:00.937395 n kernel: hci0: entry 00000000a1c7f3ed
Aug 18 22:15:00.937403 n kernel: hci0: 
Aug 18 22:15:00.937413 n kernel: hci0: 
Aug 18 22:15:00.937421 n kernel: hci0: Opcode 0x0c52
Aug 18 22:15:00.937439 n kernel: hci0: opcode 0x0c52 plen 241
Aug 18 22:15:00.937453 n kernel: hci0: skb len 244
Aug 18 22:15:00.937461 n kernel: hci0: length 1
Aug 18 22:15:00.937472 n kernel: hci0 cmd_cnt 1 cmd queued 1
Aug 18 22:15:00.937489 n kernel: hci0: skb 0000000007947848
Aug 18 22:15:00.940341 n kernel: hci0: result 0x00
Aug 18 22:15:00.940364 n kernel: hci0: end: err 0
Aug 18 22:15:00.940379 n kernel: hci0: 
Aug 18 22:15:00.940391 n kernel: hci0: entry 00000000c23ad1a5
Aug 18 22:15:00.940403 n kernel: hci0: 
Aug 18 22:15:00.940411 n kernel: hci0: 
Aug 18 22:15:00.940428 n kernel: hci0: Opcode 0x0c52
Aug 18 22:15:00.940443 n kernel: hci0: opcode 0x0c52 plen 241
Aug 18 22:15:00.940457 n kernel: hci0: skb len 244
Aug 18 22:15:00.940464 n kernel: hci0: length 1
Aug 18 22:15:00.940471 n kernel: hci0 cmd_cnt 1 cmd queued 1
Aug 18 22:15:00.940479 n kernel: hci0: skb 0000000094c3aba0
Aug 18 22:15:00.943351 n kernel: hci0: result 0x00
Aug 18 22:15:00.943369 n kernel: hci0: end: err 0
Aug 18 22:15:00.943425 n kernel: hci0: 
Aug 18 22:15:00.943439 n kernel: hci0: entry 00000000a53ad9cf
Aug 18 22:15:00.943450 n kernel: hci0: Opcode 0x0c1a
Aug 18 22:15:00.943458 n kernel: hci0: opcode 0x0c1a plen 1
Aug 18 22:15:00.943469 n kernel: hci0: skb len 4
Aug 18 22:15:00.943479 n kernel: hci0: length 1
Aug 18 22:15:00.943490 n kernel: hci0 cmd_cnt 1 cmd queued 1
Aug 18 22:15:00.943497 n kernel: hci0: skb 00000000a315fc46
Aug 18 22:15:00.943543 n kernel: hci0 key for AA:BB:CC:00:00:02 type 4
Aug 18 22:15:00.943567 n kernel: hci0 key for AA:BB:CC:00:00:03 type 4
Aug 18 22:15:00.943588 n kernel: hci0 key for AA:BB:CC:00:00:01 type 4
Aug 18 22:15:00.946344 n kernel: hci0: result 0x00
Aug 18 22:15:00.946353 n kernel: hci0: end: err 0
Aug 18 22:15:00.946368 n kernel: hci0: entry 0000000016527988
Aug 18 22:15:00.946376 n kernel: hci0: entry 000000004eaecf51
Aug 18 22:15:00.946385 n kernel: hci0: entry 00000000a3a518d2
Aug 18 22:15:00.946398 n kernel: hci0: 
Aug 18 22:15:00.946406 n kernel: hci0: 
Aug 18 22:15:00.946413 n kernel: hci0: 
Aug 18 22:15:00.946434 n kernel: hci0: 
Aug 18 22:15:00.946441 n kernel: hci0: entry 000000004e1370d5
Aug 18 22:15:00.946464 n kernel: hci0: 
Aug 18 22:15:00.946484 n kernel: hci0: 
Aug 18 22:15:00.946494 n kernel: hci0: entry 00000000e27db77e
Aug 18 22:15:00.946508 n kernel: hci0: 
Aug 18 22:15:00.946526 n kernel: hci0: 
Aug 18 22:15:00.946533 n kernel: hci0: entry 00000000a136707e
Aug 18 22:15:00.946547 n kernel: hci0: Opcode 0x0c13
Aug 18 22:15:00.946557 n kernel: hci0: opcode 0x0c13 plen 248
Aug 18 22:15:00.946564 n kernel: hci0: skb len 251
Aug 18 22:15:00.946575 n kernel: hci0: length 1
Aug 18 22:15:00.946582 n kernel: hci0 cmd_cnt 1 cmd queued 1
Aug 18 22:15:00.946594 n kernel: hci0: skb 00000000498201c1
Aug 18 22:15:00.949348 n kernel: hci0: result 0x00
Aug 18 22:15:00.949367 n kernel: hci0: end: err 0
Aug 18 22:15:00.949379 n kernel: hci0: 
Aug 18 22:15:00.949388 n kernel: hci0: Opcode 0x0c52
Aug 18 22:15:00.949403 n kernel: hci0: opcode 0x0c52 plen 241
Aug 18 22:15:00.949417 n kernel: hci0: skb len 244
Aug 18 22:15:00.949426 n kernel: hci0: length 1
Aug 18 22:15:00.949440 n kernel: hci0 cmd_cnt 1 cmd queued 1
Aug 18 22:15:00.949449 n kernel: hci0: skb 0000000095d74762
Aug 18 22:15:00.952357 n kernel: hci0: result 0x00
Aug 18 22:15:00.952373 n kernel: hci0: end: err 0
Aug 18 22:15:00.952405 n kernel: hci0: 
Aug 18 22:15:00.952413 n kernel: hci0: entry 000000002ae8c16b
Aug 18 22:15:00.952423 n kernel: hci0: 
Aug 18 22:15:00.952437 n kernel: hci0: Opcode 0x0c24
Aug 18 22:15:00.952450 n kernel: hci0: opcode 0x0c24 plen 3
Aug 18 22:15:00.952461 n kernel: hci0: skb len 6
Aug 18 22:15:00.952469 n kernel: hci0: length 1
Aug 18 22:15:00.952479 n kernel: hci0 cmd_cnt 1 cmd queued 1
Aug 18 22:15:00.952487 n kernel: hci0: skb 00000000db68948e
Aug 18 22:15:00.955349 n kernel: hci0: result 0x00
Aug 18 22:15:00.955360 n kernel: hci0: end: err 0
Aug 18 22:15:00.955376 n kernel: hci0: 
Aug 18 22:15:00.955388 n kernel: hci0: Opcode 0x0c52
Aug 18 22:15:00.955401 n kernel: hci0: opcode 0x0c52 plen 241
Aug 18 22:15:00.955411 n kernel: hci0: skb len 244
Aug 18 22:15:00.955427 n kernel: hci0: length 1
Aug 18 22:15:00.955438 n kernel: hci0 cmd_cnt 1 cmd queued 1
Aug 18 22:15:00.955451 n kernel: hci0: skb 00000000464a6afb
Aug 18 22:15:00.958345 n kernel: hci0: result 0x00
Aug 18 22:15:00.958366 n kernel: hci0: end: err 0
Aug 18 22:15:00.958386 n kernel: hci0: 
Aug 18 22:15:00.958394 n kernel: hci0: entry 00000000dfe4edee
Aug 18 22:15:00.958409 n kernel: hci0: 
Aug 18 22:15:00.958417 n kernel: hci0: Opcode 0x0c24
Aug 18 22:15:00.958424 n kernel: hci0: opcode 0x0c24 plen 3
Aug 18 22:15:00.958436 n kernel: hci0: skb len 6
Aug 18 22:15:00.958444 n kernel: hci0: length 1
Aug 18 22:15:00.958451 n kernel: hci0 cmd_cnt 1 cmd queued 1
Aug 18 22:15:00.958470 n kernel: hci0: skb 000000002f1d6bb5
Aug 18 22:15:00.961354 n kernel: hci0: result 0x00
Aug 18 22:15:00.961364 n kernel: hci0: end: err 0
Aug 18 22:15:00.961372 n kernel: hci0: 
Aug 18 22:15:00.961384 n kernel: hci0: Opcode 0x0c52
Aug 18 22:15:00.961434 n kernel: hci0: opcode 0x0c52 plen 241
Aug 18 22:15:00.961446 n kernel: hci0: skb len 244
Aug 18 22:15:00.961454 n kernel: hci0: length 1
Aug 18 22:15:00.961470 n kernel: hci0 cmd_cnt 1 cmd queued 1
Aug 18 22:15:00.961477 n kernel: hci0: skb 00000000138a3113
Aug 18 22:15:00.964349 n kernel: hci0: result 0x00
Aug 18 22:15:00.964362 n kernel: hci0: end: err 0
Aug 18 22:15:00.964392 n kernel: hci0: 
Aug 18 22:15:00.964403 n kernel: hci0: entry 00000000654238d9
Aug 18 22:15:00.964411 n kernel: hci0: 
Aug 18 22:15:00.964418 n kernel: hci0: Opcode 0x0c24
Aug 18 22:15:00.964425 n kernel: hci0: opcode 0x0c24 plen 3
Aug 18 22:15:00.964433 n kernel: hci0: skb len 6
Aug 18 22:15:00.964440 n kernel: hci0: length 1
Aug 18 22:15:00.964448 n kernel: hci0 cmd_cnt 1 cmd queued 1
Aug 18 22:15:00.964458 n kernel: hci0: skb 0000000096db1086
Aug 18 22:15:00.967349 n kernel: hci0: result 0x00
Aug 18 22:15:00.967360 n kernel: hci0: end: err 0
Aug 18 22:15:00.967368 n kernel: hci0: 
Aug 18 22:15:00.967376 n kernel: hci0: Opcode 0x0c52
Aug 18 22:15:00.967383 n kernel: hci0: opcode 0x0c52 plen 241
Aug 18 22:15:00.967402 n kernel: hci0: skb len 244
Aug 18 22:15:00.967409 n kernel: hci0: length 1
Aug 18 22:15:00.967417 n kernel: hci0 cmd_cnt 1 cmd queued 1
Aug 18 22:15:00.967424 n kernel: hci0: skb 00000000302015b6
Aug 18 22:15:00.970364 n kernel: hci0: result 0x00
Aug 18 22:15:00.970387 n kernel: hci0: end: err 0
Aug 18 22:15:00.970423 n kernel: hci0: 
Aug 18 22:15:00.970447 n kernel: hci0: entry 00000000dfea981a
Aug 18 22:15:00.970478 n kernel: hci0: 
Aug 18 22:15:00.970505 n kernel: hci0: Opcode 0x0c24
Aug 18 22:15:00.970516 n kernel: hci0: opcode 0x0c24 plen 3
Aug 18 22:15:00.970527 n kernel: hci0: skb len 6
Aug 18 22:15:00.970548 n kernel: hci0: length 1
Aug 18 22:15:00.970558 n kernel: hci0 cmd_cnt 1 cmd queued 1
Aug 18 22:15:00.970572 n kernel: hci0: skb 00000000c7653ab2
Aug 18 22:15:00.973357 n kernel: hci0: result 0x00
Aug 18 22:15:00.973366 n kernel: hci0: end: err 0
Aug 18 22:15:00.973374 n kernel: hci0: 
Aug 18 22:15:00.973381 n kernel: hci0: Opcode 0x0c52
Aug 18 22:15:00.973395 n kernel: hci0: opcode 0x0c52 plen 241
Aug 18 22:15:00.973407 n kernel: hci0: skb len 244
Aug 18 22:15:00.973415 n kernel: hci0: length 1
Aug 18 22:15:00.973422 n kernel: hci0 cmd_cnt 1 cmd queued 1
Aug 18 22:15:00.973435 n kernel: hci0: skb 0000000078de6d15
Aug 18 22:15:00.976355 n kernel: hci0: result 0x00
Aug 18 22:15:00.976369 n kernel: hci0: end: err 0
Aug 18 22:15:00.976404 n kernel: hci0: 
Aug 18 22:15:00.976418 n kernel: hci0: entry 000000002405ff85
Aug 18 22:15:00.976439 n kernel: hci0: Opcode 0x0c13
Aug 18 22:15:00.976456 n kernel: hci0: opcode 0x0c13 plen 248
Aug 18 22:15:00.976465 n kernel: hci0: skb len 251
Aug 18 22:15:00.976475 n kernel: hci0: length 1
Aug 18 22:15:00.976483 n kernel: hci0 cmd_cnt 1 cmd queued 1
Aug 18 22:15:00.976500 n kernel: hci0: skb 000000001dfa8d02
Aug 18 22:15:00.979350 n kernel: hci0: result 0x00
Aug 18 22:15:00.979365 n kernel: hci0: end: err 0
Aug 18 22:15:00.979375 n kernel: hci0: 
Aug 18 22:15:00.979393 n kernel: hci0: Opcode 0x0c52
Aug 18 22:15:00.979408 n kernel: hci0: opcode 0x0c52 plen 241
Aug 18 22:15:00.979423 n kernel: hci0: skb len 244
Aug 18 22:15:00.979437 n kernel: hci0: length 1
Aug 18 22:15:00.979447 n kernel: hci0 cmd_cnt 1 cmd queued 1
Aug 18 22:15:00.979455 n kernel: hci0: skb 000000001334c86d
Aug 18 22:15:00.982350 n kernel: hci0: result 0x00
Aug 18 22:15:00.982359 n kernel: hci0: end: err 0
Aug 18 22:17:40.568898 n kernel: hci0: 
Aug 18 22:17:40.568930 n kernel: hci0 hcon 0000000050833669 chan 000000005304acf1
Aug 18 22:17:40.568954 n kernel: hci0: entry 000000004eaecf51
Aug 18 22:17:40.572357 n kernel: hci0 hcon 0000000050833669 handle 9
Aug 18 22:17:40.572440 n kernel: hci0: hcon 0000000050833669
Aug 18 22:17:40.584374 n kernel: hci0 evt 2
Aug 18 22:17:45.142484 n kernel: hci0
Aug 18 22:17:45.142523 n kernel: hci0
Aug 18 22:17:45.142553 n kernel: hci0
Aug 18 22:17:45.144362 n kernel: hci0: dst AA:BB:CC:00:00:01
Aug 18 22:17:45.144395 n kernel: hci0: dst AA:BB:CC:00:00:01 handle 0x0f00
Aug 18 22:17:45.144408 n kernel: hci0 evt 1
Aug 18 22:17:45.144436 n kernel: hci0 opcode 0x0409 plen 7
Aug 18 22:17:45.144460 n kernel: hci0: skb len 10
Aug 18 22:17:45.144486 n kernel: hci0 cmd_cnt 1 cmd queued 1
Aug 18 22:17:45.144508 n kernel: hci0: skb 00000000d41a5e19
Aug 18 22:17:45.409344 n kernel: hci0: hcon 0000000050833669 handle 0x000a
Aug 18 22:17:45.409487 n kernel: hci0 opcode 0x041b plen 2
Aug 18 22:17:45.409511 n kernel: hci0: skb len 5
Aug 18 22:17:45.409551 n kernel: hci0: 
Aug 18 22:17:45.409567 n kernel: hci0: entry 0000000016527988
Aug 18 22:17:45.409588 n kernel: hci0 cmd_cnt 1 cmd queued 1
Aug 18 22:17:45.409628 n kernel: hci0: skb 00000000e0dd1570
Aug 18 22:17:45.426338 n kernel: hci0 opcode 0x041c plen 3
Aug 18 22:17:45.426420 n kernel: hci0: skb len 6
Aug 18 22:17:45.426461 n kernel: hci0 cmd_cnt 1 cmd queued 1
Aug 18 22:17:45.426491 n kernel: hci0: skb 00000000e85b6909
Aug 18 22:17:45.436470 n kernel: hci0 opcode 0x0419 plen 10
Aug 18 22:17:45.436503 n kernel: hci0: skb len 13
Aug 18 22:17:45.436519 n kernel: hci0 hcon 0000000050833669
Aug 18 22:17:45.436538 n kernel: hci0 cmd_cnt 1 cmd queued 1
Aug 18 22:17:45.436564 n kernel: hci0: skb 00000000952c81d5
Aug 18 22:17:45.482351 n kernel: hci0 opcode 0x040b plen 22
Aug 18 22:17:45.482443 n kernel: hci0: skb len 25
Aug 18 22:17:45.482477 n kernel: hci0 cmd_cnt 1 cmd queued 1
Aug 18 22:17:45.482503 n kernel: hci0: skb 00000000602e43bf
Aug 18 22:17:45.570450 n kernel: hci0 opcode 0x1408 plen 2
Aug 18 22:17:45.570486 n kernel: hci0: skb len 5
Aug 18 22:17:45.570533 n kernel: hci0 cmd_cnt 1 cmd queued 1
Aug 18 22:17:45.570578 n kernel: hci0: skb 00000000914b8a39
Aug 18 22:17:45.940385 n kernel: hci0 cmd_cnt 1 cmd queued 1
Aug 18 22:17:45.940410 n kernel: hci0: skb 0000000099e01747
Aug 18 23:17:56.801328 n kernel: hci0 opcode 0x0804 plen 2
Aug 18 23:17:56.801360 n kernel: hci0: skb len 5
Aug 18 23:17:56.801390 n kernel: hci0 cmd_cnt 1 cmd queued 1
Aug 18 23:17:56.801431 n kernel: hci0: skb 000000000dad3018
Aug 18 23:32:45.380523 n kernel: hci0: 
Aug 18 23:32:45.380586 n kernel: hci0 hcon 0000000050833669 chan 000000009574eb21
Aug 18 23:32:45.380617 n kernel: hci0: entry 00000000c78d2bd4
Aug 18 23:32:45.385340 n kernel: hci0 hcon 0000000050833669 handle 10
Aug 18 23:32:45.385384 n kernel: hci0: hcon 0000000050833669
Aug 18 23:32:45.398418 n kernel: hci0 evt 2
Aug 19 00:52:12.344720 n kernel: hci0
Aug 19 00:52:12.344773 n kernel: hci0
Aug 19 00:52:12.344807 n kernel: hci0
Aug 19 00:52:12.344844 n kernel: hci0 opcode 0x040a plen 7
Aug 19 00:52:12.344893 n kernel: hci0: skb len 10
Aug 19 00:52:12.344946 n kernel: hci0 cmd_cnt 1 cmd queued 1
Aug 19 00:52:12.344990 n kernel: hci0: skb 00000000312a8f9b
Aug 19 00:52:13.554396 n kernel: hci0 opcode 0x040a plen 7
Aug 19 00:52:13.554510 n kernel: hci0: skb len 10
Aug 19 00:52:13.554533 n kernel: hci0 cmd_cnt 1 cmd queued 1
Aug 19 00:52:13.554559 n kernel: hci0: skb 000000000c5cdb13
Aug 19 00:52:14.835431 n kernel: hci0 opcode 0x040a plen 7
Aug 19 00:52:14.835598 n kernel: hci0: skb len 10
Aug 19 00:52:14.835634 n kernel: hci0 cmd_cnt 1 cmd queued 1
Aug 19 00:52:14.835691 n kernel: hci0: skb 000000002255ee7a
