Sep 01 23:24:08.417135 n bluetoothd[2898]: profiles/audio/transport.c:transport_set_state() State changed /org/bluez/hci0/dev_AA:BB:CC:00:00:01/fd15: TRANSPORT_STATE_ACTIVE -> TRANSPORT_STATE_SUSPENDING
Sep 01 23:24:08.417150 n bluetoothd[2898]: profiles/audio/transport.c:media_transport_suspend() Transport /org/bluez/hci0/dev_AA:BB:CC:00:00:01/fd15 Owner :1.83
Sep 01 23:24:08.417158 n bluetoothd[2898]: profiles/audio/avdtp.c:avdtp_ref() 0x61ea57f4fc60: ref=3
Sep 01 23:24:08.417164 n bluetoothd[2898]: profiles/audio/a2dp.c:setup_ref() 0x61ea57f5fd80: ref=1
Sep 01 23:24:08.417192 n bluetoothd[2898]: profiles/audio/transport.c:media_request_create() Request created: method=Release id=45
Sep 01 23:24:08.417200 n bluetoothd[2898]: profiles/audio/transport.c:media_owner_add() Owner :1.83 Request Release
Sep 01 23:24:08.465545 n bluetoothd[2898]: profiles/audio/avdtp.c:session_cb()
Sep 01 23:24:08.465568 n bluetoothd[2898]: profiles/audio/avdtp.c:avdtp_parse_resp() SUSPEND request succeeded
Sep 01 23:24:08.465578 n bluetoothd[2898]: profiles/audio/avdtp.c:avdtp_sep_set_state() stream state changed: STREAMING -> OPEN
Sep 01 23:24:08.465588 n bluetoothd[2898]: profiles/audio/sink.c:sink_set_state() State changed /org/bluez/hci0/dev_AA:BB:CC:00:00:01: SINK_STATE_PLAYING -> SINK_STATE_CONNECTED
Sep 01 23:24:08.465597 n bluetoothd[2898]: profiles/audio/transport.c:transport_update_playing() /org/bluez/hci0/dev_AA:BB:CC:00:00:01/fd15 State=TRANSPORT_STATE_SUSPENDING Playing=0
Sep 01 23:24:08.465605 n bluetoothd[2898]: profiles/audio/a2dp.c:suspend_cfm() Source 0x61ea57f46c40: Suspend_Cfm
Sep 01 23:24:08.465615 n bluetoothd[2898]: profiles/audio/transport.c:media_request_reply() Request Release Reply Success
Sep 01 23:24:08.465644 n bluetoothd[2898]: profiles/audio/transport.c:media_owner_remove() Owner :1.83 Request Release
Sep 01 23:24:08.465654 n bluetoothd[2898]: profiles/audio/a2dp.c:a2dp_sep_unlock() SEP 0x61ea57f46c40 unlocked
Sep 01 23:24:08.465662 n bluetoothd[2898]: profiles/audio/transport.c:transport_set_state() State changed /org/bluez/hci0/dev_AA:BB:CC:00:00:01/fd15: TRANSPORT_STATE_SUSPENDING -> TRANSPORT_STATE_IDLE
Sep 01 23:24:08.465676 n bluetoothd[2898]: profiles/audio/transport.c:media_transport_remove_owner() Transport /org/bluez/hci0/dev_AA:BB:CC:00:00:01/fd15 Owner :1.83
Sep 01 23:24:08.465691 n bluetoothd[2898]: profiles/audio/transport.c:media_owner_free() Owner :1.83
Sep 01 23:24:08.465700 n bluetoothd[2898]: profiles/audio/a2dp.c:setup_unref() 0x61ea57f5fd80: ref=0
Sep 01 23:24:08.465706 n bluetoothd[2898]: profiles/audio/a2dp.c:setup_free() 0x61ea57f5fd80
Sep 01 23:24:08.465714 n bluetoothd[2898]: profiles/audio/avdtp.c:avdtp_unref() 0x61ea57f4fc60: ref=2
Sep 01 23:28:51.678167 n bluetoothd[2898]: profiles/audio/transport.c:media_owner_create() Owner created: sender=:1.83
Sep 01 23:28:51.678182 n bluetoothd[2898]: profiles/audio/transport.c:media_transport_resume() Transport /org/bluez/hci0/dev_AA:BB:CC:00:00:01/fd15 Owner :1.83
Sep 01 23:28:51.678190 n bluetoothd[2898]: profiles/audio/a2dp.c:a2dp_sep_lock() SEP 0x61ea57f46c40 locked
Sep 01 23:28:51.678198 n bluetoothd[2898]: profiles/audio/avdtp.c:avdtp_ref() 0x61ea57f4fc60: ref=3
Sep 01 23:28:51.678204 n bluetoothd[2898]: profiles/audio/a2dp.c:setup_ref() 0x61ea57f5fd80: ref=1
Sep 01 23:28:51.678226 n bluetoothd[2898]: profiles/audio/transport.c:transport_set_state() State changed /org/bluez/hci0/dev_AA:BB:CC:00:00:01/fd15: TRANSPORT_STATE_IDLE -> TRANSPORT_STATE_REQUESTING
Sep 01 23:28:51.678236 n bluetoothd[2898]: profiles/audio/transport.c:media_request_create() Request created: method=Acquire id=46
Sep 01 23:28:51.678243 n bluetoothd[2898]: profiles/audio/transport.c:media_owner_add() Owner :1.83 Request Acquire
Sep 01 23:28:51.678250 n bluetoothd[2898]: profiles/audio/transport.c:media_transport_set_owner() Transport /org/bluez/hci0/dev_AA:BB:CC:00:00:01/fd15 Owner :1.83
Sep 01 23:28:57.485463 n bluetoothd[2898]: profiles/audio/avdtp.c:cancel_request() Start: Connection timed out (110)
Sep 01 23:28:57.485493 n bluetoothd[2898]: profiles/audio/a2dp.c:start_cfm() Source 0x61ea57f46c40: Start_Cfm
Sep 01 23:28:57.485508 n bluetoothd[2898]: profiles/audio/transport.c:media_transport_remove_owner() Transport /org/bluez/hci0/dev_AA:BB:CC:00:00:01/fd15 Owner :1.83
Sep 01 23:28:57.485522 n bluetoothd[2898]: profiles/audio/transport.c:media_request_reply() Request Acquire Reply Input/output error
Sep 01 23:28:57.485573 n bluetoothd[2898]: profiles/audio/transport.c:media_owner_free() Owner :1.83
Sep 01 23:28:57.485584 n bluetoothd[2898]: profiles/audio/transport.c:media_owner_remove() Owner :1.83 Request Acquire
Sep 01 23:28:57.485594 n bluetoothd[2898]: profiles/audio/transport.c:media_transport_suspend() Transport /org/bluez/hci0/dev_AA:BB:CC:00:00:01/fd15 Owner
Sep 01 23:28:57.485605 n bluetoothd[2898]: profiles/audio/transport.c:transport_set_state() State changed /org/bluez/hci0/dev_AA:BB:CC:00:00:01/fd15: TRANSPORT_STATE_REQUESTING -> TRANSPORT_STATE_IDLE
Sep 01 23:28:57.485620 n bluetoothd[2898]: profiles/audio/a2dp.c:a2dp_sep_unlock() SEP 0x61ea57f46c40 unlocked
Sep 01 23:28:57.485630 n bluetoothd[2898]: profiles/audio/a2dp.c:setup_unref() 0x61ea57f5fd80: ref=0
Sep 01 23:28:57.485641 n bluetoothd[2898]: profiles/audio/a2dp.c:setup_free() 0x61ea57f5fd80
Sep 01 23:28:57.485652 n bluetoothd[2898]: profiles/audio/avdtp.c:avdtp_unref() 0x61ea57f4fc60: ref=2
Sep 01 23:28:59.483544 n bluetoothd[2898]: profiles/audio/avdtp.c:cancel_request() Abort: Connection timed out (110)
Sep 01 23:28:59.483565 n bluetoothd[2898]: profiles/audio/avdtp.c:avdtp_ref() 0x61ea57f4fc60: ref=3
Sep 01 23:28:59.483577 n bluetoothd[2898]: profiles/audio/avdtp.c:connection_lost() Disconnected from AA:BB:CC:00:00:01
Sep 01 23:28:59.483586 n bluetoothd[2898]: profiles/audio/a2dp.c:abort_cfm() Source 0x61ea57f46c40: Abort_Cfm
Sep 01 23:28:59.483594 n bluetoothd[2898]: profiles/audio/avdtp.c:avdtp_sep_set_state() stream state changed: OPEN -> IDLE
Sep 01 23:28:59.483640 n bluetoothd[2898]: profiles/audio/avdtp.c:avdtp_unref() 0x61ea57f4fc60: ref=2
Sep 01 23:28:59.483689 n bluetoothd[2898]: src/service.c:change_state() 0x61ea57f63120: device AA:BB:CC:00:00:01 profile a2dp-sink state changed: connected -> disconnected (0)
Sep 01 23:28:59.483701 n bluetoothd[2898]: plugins/policy.c:policy_disconnect() /org/bluez/hci0/dev_AA:BB:CC:00:00:01 profile avrcp-controller
Sep 01 23:28:59.483710 n bluetoothd[2898]: src/service.c:change_state() 0x61ea57f305f0: device AA:BB:CC:00:00:01 profile avrcp-controller state changed: connected -> disconnecting (0)
Sep 01 23:28:59.483719 n bluetoothd[2898]: profiles/audio/avrcp.c:avrcp_disconnect() path /org/bluez/hci0/dev_AA:BB:CC:00:00:01
Sep 01 23:28:59.483731 n bluetoothd[2898]: src/service.c:change_state() 0x61ea57f6fb40: device AA:BB:CC:00:00:01 profile audio-avrcp-target state changed: connected -> disconnected (0)
Sep 01 23:28:59.483741 n bluetoothd[2898]: src/service.c:change_state() 0x61ea57f305f0: device AA:BB:CC:00:00:01 profile avrcp-controller state changed: disconnecting -> disconnected (0)
Sep 01 23:28:59.483749 n bluetoothd[2898]: profiles/audio/avrcp.c:controller_destroy() 0x61ea57f3c6b0
Sep 01 23:28:59.483759 n bluetoothd[2898]: profiles/audio/player.c:media_player_destroy() /org/bluez/hci0/dev_AA:BB:CC:00:00:01/player0
Sep 01 23:28:59.483797 n bluetoothd[2898]: profiles/audio/avrcp.c:target_destroy() 0x61ea57f6a090
Sep 01 23:28:59.483812 n bluetoothd[2898]: profiles/audio/avctp.c:avctp_set_state() AVCTP Disconnected
Sep 01 23:28:59.483853 n bluetoothd[2898]: profiles/audio/avctp.c:avctp_disconnected() AVCTP: closing uinput for AA:BB:CC:00:00:01
Sep 01 23:28:59.510594 n bluetoothd[2898]: profiles/audio/avdtp.c:avdtp_unref() 0x61ea57f4fc60: ref=1
Sep 01 23:28:59.510652 n bluetoothd[2898]: profiles/audio/sink.c:sink_set_state() State changed /org/bluez/hci0/dev_AA:BB:CC:00:00:01: SINK_STATE_CONNECTED -> SINK_STATE_DISCONNECTED
Sep 01 23:28:59.510662 n bluetoothd[2898]: profiles/audio/a2dp.c:channel_remove() chan 0x61ea57f6f2f0
Sep 01 23:28:59.510802 n bluetoothd[2898]: profiles/audio/avdtp.c:avdtp_unref() 0x61ea57f4fc60: ref=0
Sep 01 23:28:59.510811 n bluetoothd[2898]: profiles/audio/avdtp.c:avdtp_free() 0x61ea57f4fc60
Sep 02 00:24:07.927853 n bluetoothd[2898]: src/agent.c:add_default_agent() Default agent set to :1.203 /org/gnome/bluetooth/settings
Sep 02 00:24:07.927875 n bluetoothd[2898]: src/adapter.c:set_mode() sending set mode command for index 0
Sep 02 00:24:07.927887 n bluetoothd[2898]: src/agent.c:agent_ref() 0x61ea57f50f50: ref=1
Sep 02 00:24:07.927895 n bluetoothd[2898]: src/agent.c:register_agent() agent :1.203
Sep 02 00:24:07.927945 n bluetoothd[2898]: src/shared/mgmt.c:send_request() [0x0000] command 0x0009
Sep 02 00:24:07.927965 n bluetoothd[2898]: src/shared/mgmt.c:can_read_data() [0x0000] command 0x0009 complete: 0x00
Sep 02 00:24:07.927972 n bluetoothd[2898]: src/adapter.c:new_settings_callback() Settings: 0x00000ad1
Sep 02 00:24:07.927979 n bluetoothd[2898]: src/adapter.c:settings_changed() Changed settings: 0x00000010
Sep 02 00:24:07.927986 n bluetoothd[2898]: src/adapter.c:settings_changed() Pending settings: 0x00000000
Sep 02 00:24:07.928014 n bluetoothd[2898]: src/shared/mgmt.c:send_request() [0x0000] command 0x0018
Sep 02 00:24:07.928030 n bluetoothd[2898]: src/shared/mgmt.c:can_read_data() [0x0000] command 0x0018 complete: 0x00
Sep 02 00:24:07.931614 n bluetoothd[2898]: src/adapter.c:set_discovery_filter() sender :1.203
Sep 02 00:24:07.931631 n bluetoothd[2898]: src/adapter.c:parse_discovery_filter_dict() filtered discovery params: transport: 7 rssi: 32767 pathloss: 32767  duplicate data: false discoverable true pattern (null)
Sep 02 00:24:07.932192 n bluetoothd[2898]: src/adapter.c:start_discovery() sender :1.203
Sep 02 00:24:07.932207 n bluetoothd[2898]: src/adapter.c:update_discovery_filter()
Sep 02 00:24:07.932214 n bluetoothd[2898]: src/adapter.c:discovery_filter_to_mgmt_cp()
Sep 02 00:24:07.932222 n bluetoothd[2898]: src/adapter.c:set_discoverable() sending set mode command for index 0
Sep 02 00:24:07.932230 n bluetoothd[2898]: src/adapter.c:set_mode() sending set mode command for index 0
Sep 02 00:24:07.932245 n bluetoothd[2898]: src/adapter.c:trigger_start_discovery()
Sep 02 00:24:07.932254 n bluetoothd[2898]: src/adapter.c:cancel_passive_scanning()
Sep 02 00:24:07.932299 n bluetoothd[2898]: src/shared/mgmt.c:send_request() [0x0000] command 0x0007
Sep 02 00:24:07.932320 n bluetoothd[2898]: src/adapter.c:start_discovery_timeout()
Sep 02 00:24:07.932329 n bluetoothd[2898]: src/adapter.c:start_discovery_timeout() adapter->current_discovery_filter == 0
Sep 02 00:24:07.932353 n bluetoothd[2898]: src/shared/mgmt.c:can_read_data() [0x0000] command 0x0007 complete: 0x00
Sep 02 00:24:07.932363 n bluetoothd[2898]: src/adapter.c:new_settings_callback() Settings: 0x00000ad3
Sep 02 00:24:07.932371 n bluetoothd[2898]: src/adapter.c:settings_changed() Changed settings: 0x00000002
Sep 02 00:24:07.932381 n bluetoothd[2898]: src/adapter.c:settings_changed() Pending settings: 0x00000000
Sep 02 00:24:07.932420 n bluetoothd[2898]: src/shared/mgmt.c:send_request() [0x0000] command 0x0006
Sep 02 00:24:09.948596 n bluetoothd[2898]: src/shared/mgmt.c:can_read_data() [0x0000] command 0x06 status: 0x05
Sep 02 00:24:09.948627 n bluetoothd[2898]: Failed to set mode: Authentication Failed (0x05)
Sep 02 00:24:09.948758 n bluetoothd[2898]: src/shared/mgmt.c:send_request() [0x0000] command 0x0023
Sep 02 00:24:11.996681 n bluetoothd[2898]: src/shared/mgmt.c:can_read_data() [0x0000] command 0x0023 complete: 0x05
Sep 02 00:24:11.996699 n bluetoothd[2898]: src/adapter.c:start_discovery_complete() status 0x05
Sep 02 00:24:11.996734 n bluetoothd[2898]: src/adapter.c:discovery_remove() owner :1.203
