Sep 01 23:24:08.502707 n kernel: hci0: dst AA:BB:CC:00:00:01
Sep 01 23:24:08.502758 n kernel: hci0: dst AA:BB:CC:00:00:01 handle 0x0f00
Sep 01 23:24:08.502786 n kernel: hci0: parent 000000003a694ce9 hcon 000000003f1efcf0
Sep 01 23:24:08.502905 n kernel: hci0: hcon 000000003f1efcf0
Sep 01 23:24:08.502939 n kernel: hci0 opcode 0x0428 plen 17
Sep 01 23:24:08.502977 n kernel: hci0: skb len 20
Sep 01 23:24:08.503016 n kernel: hci0 cmd_cnt 1 cmd queued 1
Sep 01 23:24:08.503058 n kernel: hci0: skb 000000007ffa0820
Sep 01 23:24:08.591506 n kernel: hci0: hcon 000000003f1efcf0 handle 0x0016
Sep 01 23:24:08.591592 n kernel: hci0 evt 5
Sep 01 23:24:08.594481 n kernel: hci0
Sep 01 23:24:08.594547 n kernel: hci0
Sep 01 23:24:08.630601 n kernel: hci0 cmd_cnt 1 cmd queued 1
Sep 01 23:24:08.630621 n kernel: hci0: skb 000000001ff020da
Sep 01 23:24:10.653478 n kernel: Bluetooth: hci0: command tx timeout
Sep 01 23:24:10.653556 n kernel: hci0 cmd_cnt 1 cmd queued 0
Sep 01 23:24:46.621481 n kernel: usb 3-3: usbfs: USBDEVFS_CONTROL failed cmd tcpdump rqt 128 rq 6 len 18 ret -110
Sep 01 23:24:51.741482 n kernel: usb 3-3: usbfs: USBDEVFS_CONTROL failed cmd tcpdump rqt 128 rq 6 len 9 ret -110
Sep 01 23:28:51.644544 n kernel: hci0: handle 0x16 reason 0x13
Sep 01 23:28:51.644559 n kernel: hci0: 
Sep 01 23:28:51.644579 n kernel: hci0: entry 000000008673cb8a
Sep 01 23:28:51.644591 n kernel: hci0: Opcode 0x0406
Sep 01 23:28:51.644606 n kernel: hci0: opcode 0x0406 plen 3
Sep 01 23:28:51.644624 n kernel: hci0: skb len 6
Sep 01 23:28:51.644644 n kernel: hci0: length 1
Sep 01 23:28:51.644659 n kernel: hci0 cmd_cnt 1 cmd queued 1
Sep 01 23:28:51.644673 n kernel: hci0: skb 00000000ad0ed43f
Sep 01 23:28:53.661489 n kernel: hci0: end: err -110
Sep 01 23:28:53.661596 n kernel: Bluetooth: hci0: command 0x0406 tx timeout
Sep 01 23:28:53.661661 n kernel: hci0: err 0x6e
Sep 01 23:28:53.661681 n kernel: hci0 cmd_cnt 1 cmd queued 0
Sep 01 23:28:53.661702 n kernel: hci0: status 0x13
Sep 01 23:28:53.661717 n kernel: hci0 hcon 000000003f1efcf0 handle 22
Sep 01 23:28:53.661735 n kernel: hci0: hcon 000000003f1efcf0
Sep 01 23:28:53.671601 n kernel: hci0 evt 6
Sep 01 23:28:53.706591 n kernel: hci0 cmd_cnt 1 cmd queued 1
Sep 01 23:28:53.706605 n kernel: hci0: skb 00000000d33bc5d9
Sep 01 23:28:55.709500 n kernel: Bluetooth: hci0: command 0x0406 tx timeout
Sep 01 23:28:55.709708 n kernel: hci0: err 0x6e
Sep 01 23:28:55.709752 n kernel: hci0 cmd_cnt 1 cmd queued 0
Sep 01 23:28:59.039485 n kernel: Bluetooth: hci0: setting interface failed (110)
Sep 01 23:28:59.511590 n kernel: hci0: dst AA:BB:CC:00:00:01
Sep 01 23:28:59.511632 n kernel: hci0: dst AA:BB:CC:00:00:01 handle 0x0f00
Sep 01 23:28:59.511649 n kernel: hci0: parent 000000003a694ce9 hcon 00000000aedfdc87
Sep 01 23:28:59.511698 n kernel: hci0: hcon 00000000aedfdc87
Sep 01 23:28:59.511718 n kernel: hci0 opcode 0x0428 plen 17
Sep 01 23:28:59.511743 n kernel: hci0: skb len 20
Sep 01 23:28:59.511754 n kernel: hci0 cmd_cnt 1 cmd queued 1
Sep 01 23:28:59.511799 n kernel: hci0: skb 00000000d701d889
Sep 01 23:29:01.533489 n kernel: Bluetooth: hci0: command 0x0406 tx timeout
Sep 01 23:29:01.533589 n kernel: hci0: err 0x6e
Sep 01 23:29:01.533634 n kernel: hci0 cmd_cnt 1 cmd queued 0
Sep 01 23:29:39.997640 n kernel: hci0: handle 0xf00 reason 0x13
Sep 01 23:29:39.997677 n kernel: hci0: 
Sep 01 23:29:39.997712 n kernel: hci0: entry 00000000f08b7c45
Sep 01 23:29:39.997756 n kernel: hci0: Opcode 0x0408
Sep 01 23:29:39.997796 n kernel: hci0: opcode 0x0408 plen 6
Sep 01 23:29:39.997830 n kernel: hci0: skb len 9
Sep 01 23:29:39.997870 n kernel: hci0: length 1
Sep 01 23:29:39.997906 n kernel: hci0 cmd_cnt 1 cmd queued 1
Sep 01 23:29:39.997937 n kernel: hci0: skb 000000005b47b85d
Sep 01 23:29:42.045485 n kernel: hci0: end: err -110
Sep 01 23:29:42.045589 n kernel: hci0: status 0x13
Sep 01 23:29:42.045616 n kernel: hci0 hcon 00000000aedfdc87 handle 3840
Sep 01 23:29:42.045651 n kernel: hci0: hcon 00000000aedfdc87
Sep 01 23:29:42.045674 n kernel: Bluetooth: hci0: command 0x0406 tx timeout
Sep 01 23:29:42.045711 n kernel: hci0: err 0x6e
Sep 01 23:29:42.045734 n kernel: hci0 cmd_cnt 1 cmd queued 0
Sep 01 23:29:42.063533 n kernel: hci0 evt 6
Sep 01 23:29:45.004619 n kernel: hci0: dst AA:BB:CC:00:00:01
Sep 01 23:29:45.004649 n kernel: hci0: dst AA:BB:CC:00:00:01 handle 0x0f00
Sep 01 23:29:45.004665 n kernel: hci0: parent 000000003a694ce9 hcon 00000000ca246aa4
Sep 01 23:29:45.004725 n kernel: hci0: hcon 00000000ca246aa4
Sep 01 23:29:45.004753 n kernel: hci0 opcode 0x0428 plen 17
Sep 01 23:29:45.004769 n kernel: hci0: skb len 20
Sep 01 23:29:45.004785 n kernel: hci0 cmd_cnt 1 cmd queued 1
Sep 01 23:29:45.004802 n kernel: hci0: skb 00000000bf69f8af
Sep 01 23:29:47.037485 n kernel: Bluetooth: hci0: command 0x0406 tx timeout
Sep 01 23:29:47.037570 n kernel: hci0: err 0x6e
Sep 01 23:29:47.037590 n kernel: hci0 cmd_cnt 1 cmd queued 0
Sep 01 23:30:25.053551 n kernel: hci0: handle 0xf00 reason 0x13
Sep 01 23:30:25.053575 n kernel: hci0: 
Sep 01 23:30:25.053599 n kernel: hci0: entry 0000000020bd0a55
Sep 01 23:30:25.053620 n kernel: hci0: Opcode 0x0408
Sep 01 23:30:25.053635 n kernel: hci0: opcode 0x0408 plen 6
Sep 01 23:30:25.053649 n kernel: hci0: skb len 9
Sep 01 23:30:25.053667 n kernel: hci0: length 1
Sep 01 23:30:25.053685 n kernel: hci0 cmd_cnt 1 cmd queued 1
Sep 01 23:30:25.053706 n kernel: hci0: skb 0000000003827501
Sep 01 23:30:27.101520 n kernel: hci0: end: err -110
Sep 01 23:30:27.101681 n kernel: hci0: status 0x13
Sep 01 23:30:27.101723 n kernel: hci0 hcon 00000000ca246aa4 handle 3840
Sep 01 23:30:27.101768 n kernel: hci0: hcon 00000000ca246aa4
Sep 01 23:30:27.101799 n kernel: Bluetooth: hci0: command 0x0406 tx timeout
Sep 01 23:30:27.101865 n kernel: hci0: err 0x6e
Sep 01 23:30:27.101890 n kernel: hci0 cmd_cnt 1 cmd queued 0
Sep 01 23:30:27.118618 n kernel: hci0 evt 6
Sep 01 23:33:51.657630 n kernel: hci0: dst AA:BB:CC:00:00:01
Sep 01 23:33:51.657651 n kernel: hci0: dst AA:BB:CC:00:00:01 handle 0x0f00
Sep 01 23:33:51.657672 n kernel: hci0: parent 000000003a694ce9 hcon 00000000b786ea92
Sep 01 23:33:51.657720 n kernel: hci0: hcon 00000000b786ea92
Sep 01 23:33:51.657739 n kernel: hci0 opcode 0x0428 plen 17
Sep 01 23:33:51.657759 n kernel: hci0: skb len 20
Sep 01 23:33:51.657773 n kernel: hci0 cmd_cnt 1 cmd queued 1
Sep 01 23:33:51.657794 n kernel: hci0: skb 00000000ec42caff
Sep 01 23:33:53.694487 n kernel: Bluetooth: hci0: command 0x0406 tx timeout
Sep 01 23:33:53.694606 n kernel: hci0: err 0x6e
Sep 01 23:33:53.694641 n kernel: hci0 cmd_cnt 1 cmd queued 0
Sep 01 23:34:34.915449 n kernel: hci0: handle 0xf00 reason 0x13
Sep 01 23:34:34.915507 n kernel: hci0: 
Sep 01 23:34:34.915542 n kernel: hci0: entry 00000000a6f9b85f
Sep 01 23:34:34.915587 n kernel: hci0: Opcode 0x0408
Sep 01 23:34:34.915611 n kernel: hci0: opcode 0x0408 plen 6
Sep 01 23:34:34.915640 n kernel: hci0: skb len 9
Sep 01 23:34:34.915687 n kernel: hci0: length 1
Sep 01 23:34:34.915715 n kernel: hci0 cmd_cnt 1 cmd queued 1
Sep 01 23:34:34.915744 n kernel: hci0: skb 00000000b6f4d324
Sep 01 23:34:36.957497 n kernel: Bluetooth: hci0: command 0x0406 tx timeout
Sep 01 23:34:36.957672 n kernel: hci0: end: err -110
Sep 01 23:34:36.957703 n kernel: hci0: status 0x13
Sep 01 23:34:36.957727 n kernel: hci0: err 0x6e
Sep 01 23:34:36.957749 n kernel: hci0 hcon 00000000b786ea92 handle 3840
Sep 01 23:34:36.957778 n kernel: hci0 cmd_cnt 1 cmd queued 0
Sep 01 23:34:36.957817 n kernel: hci0: hcon 00000000b786ea92
Sep 01 23:34:36.974581 n kernel: hci0 evt 6
Sep 01 23:34:39.918662 n kernel: hci0: dst AA:BB:CC:00:00:01
Sep 01 23:34:39.918690 n kernel: hci0: dst AA:BB:CC:00:00:01 handle 0x0f00
Sep 01 23:34:39.918703 n kernel: hci0: parent 000000003a694ce9 hcon 00000000bd0138e3
Sep 01 23:34:39.918761 n kernel: hci0: hcon 00000000bd0138e3
Sep 01 23:34:39.918780 n kernel: hci0 opcode 0x0428 plen 17
Sep 01 23:34:39.918796 n kernel: hci0: skb len 20
Sep 01 23:34:39.918809 n kernel: hci0 cmd_cnt 1 cmd queued 1
Sep 01 23:34:39.918823 n kernel: hci0: skb 0000000092252ddd
Sep 01 23:34:41.949500 n kernel: Bluetooth: hci0: command 0x0406 tx timeout
Sep 01 23:34:41.949599 n kernel: hci0: err 0x6e
Sep 01 23:34:41.949617 n kernel: hci0 cmd_cnt 1 cmd queued 0
Sep 01 23:35:19.965755 n kernel: hci0: handle 0xf00 reason 0x13
Sep 01 23:35:19.965784 n kernel: hci0: 
Sep 01 23:35:19.965820 n kernel: hci0: entry 00000000a6f9b85f
Sep 01 23:35:19.965846 n kernel: hci0: Opcode 0x0408
Sep 01 23:35:19.965881 n kernel: hci0: opcode 0x0408 plen 6
Sep 01 23:35:19.965900 n kernel: hci0: skb len 9
Sep 01 23:35:19.965943 n kernel: hci0: length 1
Sep 01 23:35:19.965969 n kernel: hci0 cmd_cnt 1 cmd queued 1
Sep 01 23:35:19.965996 n kernel: hci0: skb 00000000c17501ef
Sep 01 23:35:22.013498 n kernel: hci0: end: err -110
Sep 01 23:35:22.013619 n kernel: Bluetooth: hci0: command 0x0406 tx timeout
Sep 01 23:35:22.013668 n kernel: hci0: status 0x13
Sep 01 23:35:22.013690 n kernel: hci0: err 0x6e
Sep 01 23:35:22.013718 n kernel: hci0 hcon 00000000bd0138e3 handle 3840
Sep 01 23:35:22.013763 n kernel: hci0 cmd_cnt 1 cmd queued 0
Sep 01 23:35:22.013791 n kernel: hci0: hcon 00000000bd0138e3
Sep 01 23:35:22.031575 n kernel: hci0 evt 6
Sep 01 23:35:24.974633 n kernel: hci0: dst AA:BB:CC:00:00:01
Sep 01 23:35:24.974667 n kernel: hci0: dst AA:BB:CC:00:00:01 handle 0x0f00
Sep 01 23:35:24.974688 n kernel: hci0: parent 000000003a694ce9 hcon 00000000d78e2a29
Sep 01 23:35:24.974748 n kernel: hci0: hcon 00000000d78e2a29
Sep 01 23:35:24.974774 n kernel: hci0 opcode 0x0428 plen 17
Sep 01 23:35:24.974796 n kernel: hci0: skb len 20
Sep 01 23:35:24.974823 n kernel: hci0 cmd_cnt 1 cmd queued 1
Sep 01 23:35:24.974838 n kernel: hci0: skb 00000000e926611d
Sep 01 23:35:27.005491 n kernel: Bluetooth: hci0: command 0x0406 tx timeout
Sep 01 23:35:27.005575 n kernel: hci0: err 0x6e
Sep 01 23:35:27.005596 n kernel: hci0 cmd_cnt 1 cmd queued 0
Sep 01 23:36:05.021586 n kernel: hci0: handle 0xf00 reason 0x13
Sep 01 23:36:05.021614 n kernel: hci0: 
Sep 01 23:36:05.021645 n kernel: hci0: entry 00000000cfd02484
Sep 01 23:36:05.021663 n kernel: hci0: Opcode 0x0408
Sep 01 23:36:05.021681 n kernel: hci0: opcode 0x0408 plen 6
Sep 01 23:36:05.021694 n kernel: hci0: skb len 9
Sep 01 23:36:05.021724 n kernel: hci0: length 1
Sep 01 23:36:05.021750 n kernel: hci0 cmd_cnt 1 cmd queued 1
Sep 01 23:36:05.021777 n kernel: hci0: skb 00000000edef8e16
Sep 01 23:36:07.070491 n kernel: hci0: end: err -110
Sep 01 23:36:07.070633 n kernel: Bluetooth: hci0: command 0x0406 tx timeout
Sep 01 23:36:07.070677 n kernel: hci0: err 0x6e
Sep 01 23:36:07.070708 n kernel: hci0: status 0x13
Sep 01 23:36:07.070735 n kernel: hci0 cmd_cnt 1 cmd queued 0
Sep 01 23:36:07.070775 n kernel: hci0 hcon 00000000d78e2a29 handle 3840
Sep 01 23:36:07.070803 n kernel: hci0: hcon 00000000d78e2a29
Sep 01 23:36:07.082593 n kernel: hci0 evt 6
Sep 02 00:24:07.931611 n kernel: hci0: dst AA:BB:CC:00:00:01
Sep 02 00:24:07.931647 n kernel: hci0: dst AA:BB:CC:00:00:01 handle 0x0f00
Sep 02 00:24:07.931673 n kernel: hci0: parent 000000003a694ce9 hcon 0000000033d24bdf
Sep 02 00:24:07.931721 n kernel: hci0: hcon 0000000033d24bdf
Sep 02 00:24:07.931755 n kernel: hci0 opcode 0x0428 plen 17
Sep 02 00:24:07.931783 n kernel: hci0: skb len 20
Sep 02 00:24:07.931814 n kernel: hci0 cmd_cnt 1 cmd queued 1
Sep 02 00:24:07.931845 n kernel: hci0: skb 00000000e87eb7b4
Sep 02 00:24:07.932540 n kernel: hci0: 
Sep 02 00:24:07.932577 n kernel: hci0: entry 00000000cb1528cd
Sep 02 00:24:07.932611 n kernel: hci0: ADV monitoring is off
Sep 02 00:24:07.932645 n kernel: hci0: stopping background scanning
Sep 02 00:24:07.932700 n kernel: hci0: 
Sep 02 00:24:07.932726 n kernel: hci0: entry 00000000153c45cc
Sep 02 00:24:07.932753 n kernel: hci0: Opcode 0x0c3a
Sep 02 00:24:07.932778 n kernel: hci0: opcode 0x0c3a plen 4
Sep 02 00:24:07.932796 n kernel: hci0: skb len 7
Sep 02 00:24:07.932825 n kernel: hci0: length 1
Sep 02 00:24:07.932848 n kernel: hci0 cmd_cnt 0 cmd queued 1
Sep 02 00:24:09.949482 n kernel: Bluetooth: hci0: command 0x0406 tx timeout
Sep 02 00:24:09.949551 n kernel: hci0: err 0x6e
Sep 02 00:24:09.949574 n kernel: hci0 cmd_cnt 1 cmd queued 1
Sep 02 00:24:09.949606 n kernel: hci0: skb 000000009467ffbc
Sep 02 00:24:09.949649 n kernel: hci0: end: err -110
Sep 02 00:24:09.949693 n kernel: Bluetooth: hci0: Opcode 0x0c3a failed: -110
Sep 02 00:24:09.949734 n kernel: hci0: state 0 -> 1
Sep 02 00:24:09.949754 n kernel: hci0: 
Sep 02 00:24:09.949772 n kernel: hci0: entry 00000000f6db17ed
Sep 02 00:24:09.949783 n kernel: hci0: type 7
Sep 02 00:24:09.949801 n kernel: hci0: 
Sep 02 00:24:09.949812 n kernel: hci0: cancelling interleave scan
Sep 02 00:24:09.949825 n kernel: hci0: Opcode 0x2005
Sep 02 00:24:09.949839 n kernel: hci0: opcode 0x2005 plen 6
Sep 02 00:24:09.949854 n kernel: hci0: skb len 9
Sep 02 00:24:09.949872 n kernel: hci0: length 1
Sep 02 00:24:09.949882 n kernel: hci0 cmd_cnt 0 cmd queued 1
Sep 02 00:24:11.997477 n kernel: hci0: end: err -110
Sep 02 00:24:11.997519 n kernel: Bluetooth: hci0: Opcode 0x2005 failed: -110
Sep 02 00:24:11.997547 n kernel: hci0: Opcode 0x200b
Sep 02 00:24:11.997565 n kernel: hci0: opcode 0x200b plen 7
Sep 02 00:24:11.997573 n kernel: Bluetooth: hci0: command 0x0406 tx timeout
Sep 02 00:24:11.997591 n kernel: hci0: skb len 10
Sep 02 00:24:11.997619 n kernel: hci0: length 1
Sep 02 00:24:11.997629 n kernel: hci0: err 0x6e
Sep 02 00:24:11.997649 n kernel: hci0 cmd_cnt 1 cmd queued 2
Sep 02 00:24:11.997661 n kernel: hci0: end: err -110
Sep 02 00:24:11.997675 n kernel: hci0: skb 00000000a9b4c706
Sep 02 00:24:11.997698 n kernel: Bluetooth: hci0: Opcode 0x200b failed: -110
Sep 02 00:24:11.997710 n kernel: hci0: state 1 -> 0
Sep 02 00:24:11.997725 n kernel: hci0: entry 000000007f8f83bb
Sep 02 00:24:11.997740 n kernel: hci0: ADV monitoring is off
Sep 02 00:24:11.997753 n kernel: hci0: stopping background scanning
Sep 02 00:24:11.997769 n kernel: hci0: 
Sep 02 00:24:14.045510 n kernel: Bluetooth: hci0: command 0x0406 tx timeout
Sep 02 00:24:14.045608 n kernel: hci0: err 0x6e
Sep 02 00:24:14.045640 n kernel: hci0 cmd_cnt 1 cmd queued 1
Sep 02 00:24:14.045658 n kernel: hci0: skb 00000000706a3780
Sep 02 00:24:16.093508 n kernel: Bluetooth: hci0: command 0x0406 tx timeout
Sep 02 00:24:16.093656 n kernel: hci0: err 0x6e
Sep 02 00:24:16.093675 n kernel: hci0 cmd_cnt 1 cmd queued 0
Sep 02 00:24:49.566858 n kernel: hci0: handle 0xf00 reason 0x13
Sep 02 00:24:49.566876 n kernel: hci0: 
Sep 02 00:24:49.566904 n kernel: hci0: entry 0000000084b47c51
Sep 02 00:24:49.566918 n kernel: hci0: Opcode 0x0408
Sep 02 00:24:49.566934 n kernel: hci0: opcode 0x0408 plen 6
Sep 02 00:24:49.566948 n kernel: hci0: skb len 9
Sep 02 00:24:49.566976 n kernel: hci0: length 1
Sep 02 00:24:49.566995 n kernel: hci0 cmd_cnt 1 cmd queued 1
Sep 02 00:24:49.567011 n kernel: hci0: skb 00000000e2ac6717
Sep 02 00:24:51.613536 n kernel: Bluetooth: hci0: command 0x0406 tx timeout
Sep 02 00:24:51.613744 n kernel: hci0: end: err -110
Sep 02 00:24:51.613802 n kernel: hci0: status 0x13
Sep 02 00:24:51.613836 n kernel: hci0: err 0x6e
Sep 02 00:24:51.613876 n kernel: hci0 cmd_cnt 1 cmd queued 0
Sep 02 00:24:51.613906 n kernel: hci0 hcon 0000000033d24bdf handle 3840
Sep 02 00:24:51.613937 n kernel: hci0: hcon 0000000033d24bdf
Sep 02 00:24:51.625619 n kernel: hci0 evt 6
Sep 02 00:28:25.909637 n kernel: hci0 cmd_cnt 1 cmd queued 1
Sep 02 00:28:25.909678 n kernel: hci0: skb 000000001270f55d
Sep 02 00:28:27.933484 n kernel: Bluetooth: hci0: command 0x0406 tx timeout
Sep 02 00:28:27.933602 n kernel: hci0: err 0x6e
Sep 02 00:28:27.933644 n kernel: hci0 cmd_cnt 1 cmd queued 0
