Aug 16 18:59:40.091507 n kernel: xhci_hcd 0000:03:00.3: xHCI Host Controller
Aug 16 18:59:40.091658 n kernel: xhci_hcd 0000:03:00.3: new USB bus registered, assigned bus number 1
Aug 16 18:59:40.091809 n kernel: xhci_hcd 0000:03:00.3: hcc params 0x0268ffe5 hci version 0x110 quirks 0x0000020000000010
Aug 16 18:59:40.091947 n kernel: xhci_hcd 0000:03:00.3: xHCI Host Controller
Aug 16 18:59:40.092064 n kernel: xhci_hcd 0000:03:00.3: new USB bus registered, assigned bus number 2
Aug 16 18:59:40.092178 n kernel: xhci_hcd 0000:03:00.3: Host supports USB 3.1 Enhanced SuperSpeed
Aug 16 18:59:40.092627 n kernel: usb usb1: Product: xHCI Host Controller
Aug 16 18:59:40.092767 n kernel: usb usb1: Manufacturer: Linux 7.0.0-28-generic xhci-hcd
Aug 16 18:59:40.093806 n kernel: usb usb2: Product: xHCI Host Controller
Aug 16 18:59:40.093952 n kernel: usb usb2: Manufacturer: Linux 7.0.0-28-generic xhci-hcd
Aug 16 18:59:40.094470 n kernel: xhci_hcd 0000:03:00.4: xHCI Host Controller
Aug 16 18:59:40.094587 n kernel: xhci_hcd 0000:03:00.4: new USB bus registered, assigned bus number 3
Aug 16 18:59:40.094703 n kernel: xhci_hcd 0000:03:00.4: hcc params 0x0268ffe5 hci version 0x110 quirks 0x0000020000000010
Aug 16 18:59:40.094818 n kernel: xhci_hcd 0000:03:00.4: xHCI Host Controller
Aug 16 18:59:40.094946 n kernel: xhci_hcd 0000:03:00.4: new USB bus registered, assigned bus number 4
Aug 16 18:59:40.095070 n kernel: xhci_hcd 0000:03:00.4: Host supports USB 3.1 Enhanced SuperSpeed
Aug 16 18:59:40.095497 n kernel: usb usb3: Product: xHCI Host Controller
Aug 16 18:59:40.095636 n kernel: usb usb3: Manufacturer: Linux 7.0.0-28-generic xhci-hcd
Aug 16 18:59:40.096647 n kernel: usb usb4: Product: xHCI Host Controller
Aug 16 18:59:40.096787 n kernel: usb usb4: Manufacturer: Linux 7.0.0-28-generic xhci-hcd
Aug 16 18:59:40.099032 n kernel: usb 1-2: new full-speed USB device number 2 using xhci_hcd
Aug 16 18:59:40.099205 n kernel: usb 3-3: new full-speed USB device number 2 using xhci_hcd
Aug 16 18:59:40.099379 n kernel: usb 1-2: New USB device found, idVendor=32c2, idProduct=0066, bcdDevice=42.8a
Aug 16 18:59:40.099537 n kernel: usb 1-2: New USB device strings: Mfr=0, Product=1, SerialNumber=0
Aug 16 18:59:40.099689 n kernel: usb 1-2: Product: 2.4G Wireless
Aug 16 18:59:40.099864 n kernel: usb 3-3: New USB device found, idVendor=13d3, idProduct=3503, bcdDevice= 0.01
Aug 16 18:59:40.100023 n kernel: usb 3-3: New USB device strings: Mfr=0, Product=0, SerialNumber=0
Aug 16 18:59:40.100200 n kernel: usb 3-4: new full-speed USB device number 3 using xhci_hcd
Aug 16 18:59:40.100379 n kernel: usb 1-3: new high-speed USB device number 3 using xhci_hcd
Aug 16 18:59:40.101598 n kernel: usb 1-3: New USB device found, idVendor=0bda, idProduct=0129, bcdDevice=39.60
Aug 16 18:59:40.101772 n kernel: usb 1-3: New USB device strings: Mfr=1, Product=2, SerialNumber=3
Aug 16 18:59:40.101943 n kernel: usb 1-3: Product: USB2.0-CRW
Aug 16 18:59:40.102103 n kernel: usb 1-3: Manufacturer: Generic
Aug 16 18:59:40.102259 n kernel: usb 1-3: SerialNumber: 20100201396000000
Aug 16 18:59:40.102423 n kernel: usb 3-4: New USB device found, idVendor=2808, idProduct=c652, bcdDevice=20.03
Aug 16 18:59:40.102588 n kernel: usb 3-4: New USB device strings: Mfr=1, Product=2, SerialNumber=0
Aug 16 18:59:40.102743 n kernel: usb 3-4: Product: FocalTech Fingerprint Device
Aug 16 18:59:40.102949 n kernel: usb 3-4: Manufacturer: FocalTech
Aug 16 18:59:40.103170 n kernel: usb 1-4: new high-speed USB device number 4 using xhci_hcd
Aug 16 18:59:40.103350 n kernel: usb 1-4: New USB device found, idVendor=32e6, idProduct=9211, bcdDevice= 0.00
Aug 16 18:59:40.103514 n kernel: usb 1-4: New USB device strings: Mfr=1, Product=2, SerialNumber=3
Aug 16 18:59:40.103676 n kernel: usb 1-4: Product: icspring camera
Aug 16 18:59:40.103832 n kernel: usb 1-4: Manufacturer: icSpring
Aug 16 18:59:40.103996 n kernel: usb 1-4: SerialNumber: 241112113001
Aug 16 18:59:40.469857 n kernel: Bluetooth: Core ver 2.22
Aug 16 18:59:40.470856 n kernel: NET: Registered PF_BLUETOOTH protocol family
Aug 16 18:59:40.470914 n kernel: Bluetooth: HCI device and connection manager initialized
Aug 16 18:59:40.470949 n kernel: Bluetooth: HCI socket layer initialized
Aug 16 18:59:40.470995 n kernel: Bluetooth: L2CAP socket layer initialized
Aug 16 18:59:40.471034 n kernel: Bluetooth: SCO socket layer initialized
Aug 16 18:59:40.571162 n kernel: usbcore: registered new interface driver btusb
Aug 16 18:59:51.903853 n kernel: Bluetooth: BNEP (Ethernet Emulation) ver 1.3
Aug 16 18:59:51.903904 n kernel: Bluetooth: BNEP filters: protocol multicast
Aug 16 18:59:51.903922 n kernel: Bluetooth: BNEP socket layer initialized
Aug 16 18:59:51.904873 n kernel: Bluetooth: MGMT ver 1.23
Aug 16 18:59:51.904885 n kernel: hci0: 
Aug 16 18:59:51.904897 n kernel: hci0: entry 000000001a089ff8
Aug 16 18:59:51.921867 n kernel: hci0: 
Aug 16 18:59:51.921882 n kernel: hci0: entry 00000000eab923f6
Aug 16 18:59:51.921893 n kernel: hci0: 
Aug 16 18:59:51.921901 n kernel: hci0: 
Aug 16 18:59:51.933913 n kernel: Bluetooth: RFCOMM TTY layer initialized
Aug 16 18:59:51.933932 n kernel: Bluetooth: RFCOMM socket layer initialized
Aug 16 18:59:51.933946 n kernel: Bluetooth: RFCOMM ver 1.11
Aug 16 18:59:51.935882 n kernel: hci0: 
Aug 16 18:59:51.935897 n kernel: hci0: entry 000000001a089ff8
Aug 16 18:59:51.935909 n kernel: hci0: 
Aug 16 18:59:51.935920 n kernel: hci0: 
Aug 16 18:59:51.935949 n kernel: hci0: 
Aug 16 18:59:51.935966 n kernel: hci0: entry 0000000054164f41
Aug 16 18:59:51.935982 n kernel: hci0: 
Aug 16 18:59:51.935990 n kernel: hci0: 
Aug 16 18:59:51.936013 n kernel: hci0: 
Aug 16 18:59:51.936027 n kernel: hci0: entry 00000000e3561efb
Aug 16 18:59:51.936044 n kernel: hci0: 
Aug 16 18:59:51.936057 n kernel: hci0: 
Aug 16 18:59:51.936087 n kernel: hci0: 
Aug 16 18:59:51.936098 n kernel: hci0: entry 000000003a6bd5ce
Aug 16 18:59:51.936111 n kernel: hci0: 
Aug 16 18:59:51.936121 n kernel: hci0
Aug 16 18:59:52.033053 n kernel: hci0
Aug 16 18:59:52.033061 n kernel: hci0
Aug 16 18:59:52.033075 n kernel: hci0
Aug 16 18:59:52.033088 n kernel: hci0: 
Aug 16 18:59:52.033101 n kernel: hci0: 
Aug 16 18:59:52.033107 n kernel: hci0: Opcode 0x0c03
Aug 16 18:59:52.033122 n kernel: hci0: opcode 0x0c03 plen 0
Aug 16 18:59:52.033129 n kernel: hci0: skb len 3
Aug 16 18:59:52.033147 n kernel: hci0: length 1
Aug 16 18:59:52.033164 n kernel: hci0 cmd_cnt 1 cmd queued 1
Aug 16 18:59:52.033176 n kernel: hci0: skb 00000000f3b6fa3c
Aug 16 18:59:52.090082 n kernel: hci0: result 0x00
Aug 16 18:59:52.090121 n kernel: hci0: end: err 0
Aug 16 18:59:52.090159 n kernel: hci0: Opcode 0x1003
Aug 16 18:59:52.090193 n kernel: hci0: opcode 0x1003 plen 0
Aug 16 18:59:52.090210 n kernel: hci0: skb len 3
Aug 16 18:59:52.090226 n kernel: hci0: length 1
Aug 16 18:59:52.090242 n kernel: hci0 cmd_cnt 1 cmd queued 1
Aug 16 18:59:52.090260 n kernel: hci0: skb 00000000b1415263
Aug 16 18:59:52.093078 n kernel: hci0: result 0x00
Aug 16 18:59:52.093099 n kernel: hci0: end: err 0
Aug 16 18:59:52.093116 n kernel: hci0: Opcode 0x1001
Aug 16 18:59:52.093145 n kernel: hci0: opcode 0x1001 plen 0
Aug 16 18:59:52.093164 n kernel: hci0: skb len 3
Aug 16 18:59:52.093200 n kernel: hci0: length 1
Aug 16 18:59:52.093226 n kernel: hci0 cmd_cnt 1 cmd queued 1
Aug 16 18:59:52.093242 n kernel: hci0: skb 00000000c2cbc431
Aug 16 18:59:52.095976 n kernel: hci0: result 0x00
Aug 16 18:59:52.095993 n kernel: hci0: end: err 0
Aug 16 18:59:52.096008 n kernel: hci0: Opcode 0x1009
Aug 16 18:59:52.096022 n kernel: hci0: opcode 0x1009 plen 0
Aug 16 18:59:52.096031 n kernel: hci0: skb len 3
Aug 16 18:59:52.096041 n kernel: hci0: length 1
Aug 16 18:59:52.096052 n kernel: hci0 cmd_cnt 1 cmd queued 1
Aug 16 18:59:52.096066 n kernel: hci0: skb 00000000d4116d5e
Aug 16 18:59:52.099010 n kernel: hci0: result 0x00
Aug 16 18:59:52.099050 n kernel: hci0: end: err 0
Aug 16 18:59:52.099067 n kernel: hci0: 
Aug 16 18:59:52.099094 n kernel: hci0: Opcode 0x1002
Aug 16 18:59:52.099121 n kernel: hci0: opcode 0x1002 plen 0
Aug 16 18:59:52.099144 n kernel: hci0: skb len 3
Aug 16 18:59:52.099169 n kernel: hci0: length 1
Aug 16 18:59:52.099176 n kernel: hci0 cmd_cnt 1 cmd queued 1
Aug 16 18:59:52.099186 n kernel: hci0: skb 000000009a1907fc
Aug 16 18:59:52.105978 n kernel: hci0: result 0x00
Aug 16 18:59:52.105997 n kernel: hci0: end: err 0
Aug 16 18:59:52.106015 n kernel: hci0: Opcode 0x0c56
Aug 16 18:59:52.106035 n kernel: hci0: opcode 0x0c56 plen 1
Aug 16 18:59:52.106050 n kernel: hci0: skb len 4
Aug 16 18:59:52.106090 n kernel: hci0: length 1
Aug 16 18:59:52.106105 n kernel: hci0 cmd_cnt 1 cmd queued 1
Aug 16 18:59:52.106112 n kernel: hci0: skb 00000000db1a88f1
Aug 16 18:59:52.108988 n kernel: hci0: result 0x00
Aug 16 18:59:52.109012 n kernel: hci0: end: err 0
Aug 16 18:59:52.109030 n kernel: hci0: Opcode 0x0c45
Aug 16 18:59:52.109070 n kernel: hci0: opcode 0x0c45 plen 1
Aug 16 18:59:52.109086 n kernel: hci0: skb len 4
Aug 16 18:59:52.109111 n kernel: hci0: length 1
Aug 16 18:59:52.109131 n kernel: hci0 cmd_cnt 1 cmd queued 1
Aug 16 18:59:52.109166 n kernel: hci0: skb 0000000022790702
Aug 16 18:59:52.112042 n kernel: hci0: result 0x00
Aug 16 18:59:52.112070 n kernel: hci0: end: err 0
Aug 16 18:59:52.112086 n kernel: hci0: Opcode 0x0c58
Aug 16 18:59:52.112104 n kernel: hci0: opcode 0x0c58 plen 0
Aug 16 18:59:52.112116 n kernel: hci0: skb len 3
Aug 16 18:59:52.112128 n kernel: hci0: length 1
Aug 16 18:59:52.112146 n kernel: hci0 cmd_cnt 1 cmd queued 1
Aug 16 18:59:52.112161 n kernel: hci0: skb 000000007fb58462
Aug 16 18:59:52.114989 n kernel: hci0: result 0x00
Aug 16 18:59:52.115011 n kernel: hci0: end: err 0
Aug 16 18:59:52.115056 n kernel: hci0: Opcode 0x1004
Aug 16 18:59:52.115080 n kernel: hci0: opcode 0x1004 plen 1
Aug 16 18:59:52.115095 n kernel: hci0: skb len 4
Aug 16 18:59:52.115114 n kernel: hci0: length 1
Aug 16 18:59:52.115132 n kernel: hci0 cmd_cnt 1 cmd queued 1
Aug 16 18:59:52.115149 n kernel: hci0: skb 000000003dbdd9f2
Aug 16 18:59:52.119040 n kernel: hci0: result 0x00
Aug 16 18:59:52.119068 n kernel: hci0: end: err 0
Aug 16 18:59:52.119092 n kernel: hci0: Opcode 0x1005
Aug 16 18:59:52.119115 n kernel: hci0: opcode 0x1005 plen 0
Aug 16 18:59:52.119129 n kernel: hci0: skb len 3
Aug 16 18:59:52.119138 n kernel: hci0: length 1
Aug 16 18:59:52.119153 n kernel: hci0 cmd_cnt 1 cmd queued 1
Aug 16 18:59:52.119160 n kernel: hci0: skb 00000000455a3e94
Aug 16 18:59:52.121992 n kernel: hci0: result 0x00
Aug 16 18:59:52.122035 n kernel: hci0: end: err 0
Aug 16 18:59:52.122052 n kernel: hci0: Opcode 0x0c23
Aug 16 18:59:52.122069 n kernel: hci0: opcode 0x0c23 plen 0
Aug 16 18:59:52.122082 n kernel: hci0: skb len 3
Aug 16 18:59:52.122090 n kernel: hci0: length 1
Aug 16 18:59:52.122107 n kernel: hci0 cmd_cnt 1 cmd queued 1
Aug 16 18:59:52.122114 n kernel: hci0: skb 000000004e909ac2
Aug 16 18:59:52.125024 n kernel: hci0: result 0x00
Aug 16 18:59:52.125057 n kernel: hci0: end: err 0
Aug 16 18:59:52.125074 n kernel: hci0: Opcode 0x0c14
Aug 16 18:59:52.125099 n kernel: hci0: opcode 0x0c14 plen 0
Aug 16 18:59:52.125123 n kernel: hci0: skb len 3
Aug 16 18:59:52.125146 n kernel: hci0: length 1
Aug 16 18:59:52.125159 n kernel: hci0 cmd_cnt 1 cmd queued 1
Aug 16 18:59:52.125169 n kernel: hci0: skb 00000000b2b75566
Aug 16 18:59:52.142998 n kernel: hci0: result 0x00
Aug 16 18:59:52.143027 n kernel: hci0: end: err 0
Aug 16 18:59:52.143044 n kernel: hci0: Opcode 0x0c25
Aug 16 18:59:52.143060 n kernel: hci0: opcode 0x0c25 plen 0
Aug 16 18:59:52.143107 n kernel: hci0: skb len 3
Aug 16 18:59:52.143124 n kernel: hci0: length 1
Aug 16 18:59:52.143139 n kernel: hci0 cmd_cnt 1 cmd queued 1
Aug 16 18:59:52.143155 n kernel: hci0: skb 00000000291159f6
Aug 16 18:59:52.145938 n kernel: hci0: result 0x00
Aug 16 18:59:52.145974 n kernel: hci0: end: err 0
Aug 16 18:59:52.145982 n kernel: hci0: Opcode 0x0c38
Aug 16 18:59:52.145995 n kernel: hci0: opcode 0x0c38 plen 0
Aug 16 18:59:52.146002 n kernel: hci0: skb len 3
Aug 16 18:59:52.146014 n kernel: hci0: length 1
Aug 16 18:59:52.146030 n kernel: hci0 cmd_cnt 1 cmd queued 1
Aug 16 18:59:52.146039 n kernel: hci0: skb 0000000012b7713e
Aug 16 18:59:52.148991 n kernel: hci0: result 0x00
Aug 16 18:59:52.149055 n kernel: hci0: end: err 0
Aug 16 18:59:52.149081 n kernel: hci0: Opcode 0x0c39
Aug 16 18:59:52.149097 n kernel: hci0: opcode 0x0c39 plen 0
Aug 16 18:59:52.149113 n kernel: hci0: skb len 3
Aug 16 18:59:52.149129 n kernel: hci0: length 1
Aug 16 18:59:52.149147 n kernel: hci0 cmd_cnt 1 cmd queued 1
Aug 16 18:59:52.149164 n kernel: hci0: skb 0000000059e82e79
Aug 16 18:59:52.152031 n kernel: hci0: result 0x00
Aug 16 18:59:52.152051 n kernel: hci0: end: err 0
Aug 16 18:59:52.152075 n kernel: hci0: Opcode 0x0c16
Aug 16 18:59:52.152098 n kernel: hci0: opcode 0x0c16 plen 2
Aug 16 18:59:52.152119 n kernel: hci0: skb len 5
Aug 16 18:59:52.152151 n kernel: hci0: length 1
Aug 16 18:59:52.152175 n kernel: hci0 cmd_cnt 1 cmd queued 1
Aug 16 18:59:52.152198 n kernel: hci0: skb 0000000006b9d0ba
Aug 16 18:59:52.154978 n kernel: hci0: result 0x00
Aug 16 18:59:52.154998 n kernel: hci0: end: err 0
Aug 16 18:59:52.155013 n kernel: hci0: Opcode 0x2003
Aug 16 18:59:52.155038 n kernel: hci0: opcode 0x2003 plen 0
Aug 16 18:59:52.155055 n kernel: hci0: skb len 3
Aug 16 18:59:52.155080 n kernel: hci0: length 1
Aug 16 18:59:52.155107 n kernel: hci0 cmd_cnt 1 cmd queued 1
Aug 16 18:59:52.155122 n kernel: hci0: skb 0000000004c25aa4
Aug 16 18:59:52.157991 n kernel: hci0: result 0x00
Aug 16 18:59:52.158012 n kernel: hci0: end: err 0
Aug 16 18:59:52.158029 n kernel: hci0: Opcode 0x2002
Aug 16 18:59:52.158071 n kernel: hci0: opcode 0x2002 plen 0
Aug 16 18:59:52.158111 n kernel: hci0: skb len 3
Aug 16 18:59:52.158138 n kernel: hci0: length 1
Aug 16 18:59:52.158155 n kernel: hci0 cmd_cnt 1 cmd queued 1
Aug 16 18:59:52.158170 n kernel: hci0: skb 0000000054d02374
Aug 16 18:59:52.161030 n kernel: hci0: result 0x00
Aug 16 18:59:52.161054 n kernel: hci0: end: err 0
Aug 16 18:59:52.161070 n kernel: hci0: Opcode 0x201c
Aug 16 18:59:52.161108 n kernel: hci0: opcode 0x201c plen 0
Aug 16 18:59:52.161125 n kernel: hci0: skb len 3
Aug 16 18:59:52.161142 n kernel: hci0: length 1
Aug 16 18:59:52.161157 n kernel: hci0 cmd_cnt 1 cmd queued 1
Aug 16 18:59:52.161181 n kernel: hci0: skb 00000000a2bccbb5
Aug 16 18:59:52.163993 n kernel: hci0: result 0x00
Aug 16 18:59:52.164057 n kernel: hci0: end: err 0
Aug 16 18:59:52.164074 n kernel: hci0: 
Aug 16 18:59:52.164090 n kernel: hci0: Opcode 0x0c01
Aug 16 18:59:52.164106 n kernel: hci0: opcode 0x0c01 plen 8
Aug 16 18:59:52.164142 n kernel: hci0: skb len 11
Aug 16 18:59:52.164149 n kernel: hci0: length 1
Aug 16 18:59:52.164158 n kernel: hci0 cmd_cnt 1 cmd queued 1
Aug 16 18:59:52.164165 n kernel: hci0: skb 0000000096e43ef5
Aug 16 18:59:52.167031 n kernel: hci0: result 0x00
Aug 16 18:59:52.167060 n kernel: hci0: end: err 0
Aug 16 18:59:52.167076 n kernel: hci0: Opcode 0x0c0d
Aug 16 18:59:52.167108 n kernel: hci0: opcode 0x0c0d plen 7
Aug 16 18:59:52.167124 n kernel: hci0: skb len 10
Aug 16 18:59:52.167153 n kernel: hci0: length 1
Aug 16 18:59:52.167169 n kernel: hci0 cmd_cnt 1 cmd queued 1
Aug 16 18:59:52.167184 n kernel: hci0: skb 0000000033314058
Aug 16 18:59:52.170023 n kernel: hci0: result 0x00
Aug 16 18:59:52.170056 n kernel: hci0: end: err 0
Aug 16 18:59:52.170080 n kernel: hci0: Opcode 0x080f
Aug 16 18:59:52.170105 n kernel: hci0: opcode 0x080f plen 2
Aug 16 18:59:52.170123 n kernel: hci0: skb len 5
Aug 16 18:59:52.170141 n kernel: hci0: length 1
Aug 16 18:59:52.170158 n kernel: hci0 cmd_cnt 1 cmd queued 1
Aug 16 18:59:52.170180 n kernel: hci0: skb 00000000c7bbd82d
Aug 16 18:59:52.172994 n kernel: hci0: result 0x00
Aug 16 18:59:52.173023 n kernel: hci0: end: err 0
Aug 16 18:59:52.173040 n kernel: hci0: Opcode 0x0c1b
Aug 16 18:59:52.173080 n kernel: hci0: opcode 0x0c1b plen 0
Aug 16 18:59:52.173126 n kernel: hci0: skb len 3
Aug 16 18:59:52.173143 n kernel: hci0: length 1
Aug 16 18:59:52.173160 n kernel: hci0 cmd_cnt 1 cmd queued 1
Aug 16 18:59:52.173176 n kernel: hci0: skb 000000006fa5f0d7
Aug 16 18:59:52.176035 n kernel: hci0: result 0x00
Aug 16 18:59:52.176062 n kernel: hci0: end: err 0
Aug 16 18:59:52.176088 n kernel: hci0: Opcode 0x0c46
Aug 16 18:59:52.176117 n kernel: hci0: opcode 0x0c46 plen 0
Aug 16 18:59:52.176133 n kernel: hci0: skb len 3
Aug 16 18:59:52.176151 n kernel: hci0: length 1
Aug 16 18:59:52.176167 n kernel: hci0 cmd_cnt 1 cmd queued 1
Aug 16 18:59:52.176194 n kernel: hci0: skb 0000000054dec2d9
Aug 16 18:59:52.179039 n kernel: hci0: result 0x00
Aug 16 18:59:52.179059 n kernel: hci0: end: err 0
Aug 16 18:59:52.179075 n kernel: hci0: Opcode 0x1004
Aug 16 18:59:52.179095 n kernel: hci0: opcode 0x1004 plen 1
Aug 16 18:59:52.179126 n kernel: hci0: skb len 4
Aug 16 18:59:52.179143 n kernel: hci0: length 1
Aug 16 18:59:52.179167 n kernel: hci0 cmd_cnt 1 cmd queued 1
Aug 16 18:59:52.179187 n kernel: hci0: skb 000000006580c511
Aug 16 18:59:52.183029 n kernel: hci0: result 0x00
Aug 16 18:59:52.183058 n kernel: hci0: end: err 0
Aug 16 18:59:52.183084 n kernel: hci0: Opcode 0x2001
Aug 16 18:59:52.183113 n kernel: hci0: opcode 0x2001 plen 8
Aug 16 18:59:52.183143 n kernel: hci0: skb len 11
Aug 16 18:59:52.183159 n kernel: hci0: length 1
Aug 16 18:59:52.183176 n kernel: hci0 cmd_cnt 1 cmd queued 1
Aug 16 18:59:52.183193 n kernel: hci0: skb 00000000c2c059a7
Aug 16 18:59:52.186000 n kernel: hci0: result 0x00
Aug 16 18:59:52.186020 n kernel: hci0: end: err 0
Aug 16 18:59:52.186075 n kernel: hci0: Opcode 0x2007
Aug 16 18:59:52.186091 n kernel: hci0: opcode 0x2007 plen 0
Aug 16 18:59:52.186108 n kernel: hci0: skb len 3
Aug 16 18:59:52.186142 n kernel: hci0: length 1
Aug 16 18:59:52.186160 n kernel: hci0 cmd_cnt 1 cmd queued 1
Aug 16 18:59:52.186176 n kernel: hci0: skb 00000000fcec583a
Aug 16 18:59:52.189031 n kernel: hci0: result 0x00
Aug 16 18:59:52.189060 n kernel: hci0: end: err 0
Aug 16 18:59:52.189081 n kernel: hci0: Opcode 0x200f
Aug 16 18:59:52.189100 n kernel: hci0: opcode 0x200f plen 0
Aug 16 18:59:52.189143 n kernel: hci0: skb len 3
Aug 16 18:59:52.189160 n kernel: hci0: length 1
Aug 16 18:59:52.189176 n kernel: hci0 cmd_cnt 1 cmd queued 1
Aug 16 18:59:52.189192 n kernel: hci0: skb 000000001ad48ddc
Aug 16 18:59:52.191991 n kernel: hci0: result 0x00
Aug 16 18:59:52.192012 n kernel: hci0: end: err 0
Aug 16 18:59:52.192032 n kernel: hci0: Opcode 0x2010
Aug 16 18:59:52.192069 n kernel: hci0: opcode 0x2010 plen 0
Aug 16 18:59:52.192103 n kernel: hci0: skb len 3
Aug 16 18:59:52.192120 n kernel: hci0: length 1
Aug 16 18:59:52.192152 n kernel: hci0 cmd_cnt 1 cmd queued 1
Aug 16 18:59:52.192170 n kernel: hci0: skb 000000007c0f7446
Aug 16 18:59:52.195016 n kernel: hci0: result 0x00
Aug 16 18:59:52.195057 n kernel: hci0: end: err 0
Aug 16 18:59:52.195074 n kernel: hci0: Opcode 0x202a
Aug 16 18:59:52.195099 n kernel: hci0: opcode 0x202a plen 0
Aug 16 18:59:52.195116 n kernel: hci0: skb len 3
Aug 16 18:59:52.195134 n kernel: hci0: length 1
Aug 16 18:59:52.195149 n kernel: hci0 cmd_cnt 1 cmd queued 1
Aug 16 18:59:52.195165 n kernel: hci0: skb 0000000072a8a74f
Aug 16 18:59:52.197992 n kernel: hci0: result 0x00
Aug 16 18:59:52.198012 n kernel: hci0: end: err 0
Aug 16 18:59:52.198032 n kernel: hci0: Opcode 0x2029
Aug 16 18:59:52.198048 n kernel: hci0: opcode 0x2029 plen 0
Aug 16 18:59:52.198064 n kernel: hci0: skb len 3
Aug 16 18:59:52.198123 n kernel: hci0: length 1
Aug 16 18:59:52.198146 n kernel: hci0 cmd_cnt 1 cmd queued 1
Aug 16 18:59:52.198169 n kernel: hci0: skb 00000000e0d2e89c
Aug 16 18:59:52.200987 n kernel: hci0: result 0x00
Aug 16 18:59:52.201013 n kernel: hci0: end: err 0
Aug 16 18:59:52.201032 n kernel: hci0: Opcode 0x202e
Aug 16 18:59:52.201072 n kernel: hci0: opcode 0x202e plen 2
Aug 16 18:59:52.201088 n kernel: hci0: skb len 5
Aug 16 18:59:52.201106 n kernel: hci0: length 1
Aug 16 18:59:52.201125 n kernel: hci0 cmd_cnt 1 cmd queued 1
Aug 16 18:59:52.201143 n kernel: hci0: skb 000000003befba1b
Aug 16 18:59:52.204007 n kernel: hci0: result 0x00
Aug 16 18:59:52.204027 n kernel: hci0: end: err 0
Aug 16 18:59:52.204043 n kernel: hci0: Opcode 0x0c6d
Aug 16 18:59:52.204083 n kernel: hci0: opcode 0x0c6d plen 2
Aug 16 18:59:52.204123 n kernel: hci0: skb len 5
Aug 16 18:59:52.204139 n kernel: hci0: length 1
Aug 16 18:59:52.204154 n kernel: hci0 cmd_cnt 1 cmd queued 1
Aug 16 18:59:52.204178 n kernel: hci0: skb 000000002f05eb06
Aug 16 18:59:52.207016 n kernel: hci0: result 0x00
Aug 16 18:59:52.207060 n kernel: hci0: end: err 0
Aug 16 18:59:52.207084 n kernel: hci0: 
Aug 16 18:59:52.207100 n kernel: hci0: Opcode 0x0c12
Aug 16 18:59:52.207140 n kernel: hci0: opcode 0x0c12 plen 7
Aug 16 18:59:52.207164 n kernel: hci0: skb len 10
Aug 16 18:59:52.207181 n kernel: hci0: length 1
Aug 16 18:59:52.207197 n kernel: hci0 cmd_cnt 1 cmd queued 1
Aug 16 18:59:52.207212 n kernel: hci0: skb 000000003fb46875
Aug 16 18:59:52.210028 n kernel: hci0: result 0x00
Aug 16 18:59:52.210054 n kernel: hci0: end: err 0
Aug 16 18:59:52.210070 n kernel: hci0: Opcode 0x0c77
Aug 16 18:59:52.210102 n kernel: hci0: opcode 0x0c77 plen 0
Aug 16 18:59:52.210127 n kernel: hci0: skb len 3
Aug 16 18:59:52.210146 n kernel: hci0: length 1
Aug 16 18:59:52.210170 n kernel: hci0 cmd_cnt 1 cmd queued 1
Aug 16 18:59:52.210186 n kernel: hci0: skb 000000007afc9b39
Aug 16 18:59:52.212979 n kernel: hci0: result 0x00
Aug 16 18:59:52.212998 n kernel: hci0: end: err 0
Aug 16 18:59:52.213016 n kernel: hci0: Opcode 0x0c7a
Aug 16 18:59:52.213062 n kernel: hci0: opcode 0x0c7a plen 1
Aug 16 18:59:52.213078 n kernel: hci0: skb len 4
Aug 16 18:59:52.213094 n kernel: hci0: length 1
Aug 16 18:59:52.213111 n kernel: hci0 cmd_cnt 1 cmd queued 1
Aug 16 18:59:52.213128 n kernel: hci0: skb 0000000040dfbaa9
Aug 16 18:59:52.216020 n kernel: hci0: result 0x00
Aug 16 18:59:52.216051 n kernel: hci0: end: err 0
Aug 16 18:59:52.216068 n kernel: hci0: 
Aug 16 18:59:52.216086 n kernel: hci0: Opcode 0x0c13
Aug 16 18:59:52.216105 n kernel: hci0: opcode 0x0c13 plen 248
Aug 16 18:59:52.216123 n kernel: hci0: skb len 251
Aug 16 18:59:52.216139 n kernel: hci0: length 1
Aug 16 18:59:52.216156 n kernel: hci0 cmd_cnt 1 cmd queued 1
Aug 16 18:59:52.216171 n kernel: hci0: skb 00000000cb55e487
Aug 16 18:59:52.219032 n kernel: hci0: result 0x00
Aug 16 18:59:52.219053 n kernel: hci0: end: err 0
Aug 16 18:59:52.219069 n kernel: hci0: 
Aug 16 18:59:52.219085 n kernel: hci0: Opcode 0x0c52
Aug 16 18:59:52.219115 n kernel: hci0: opcode 0x0c52 plen 241
Aug 16 18:59:52.219135 n kernel: hci0: skb len 244
Aug 16 18:59:52.219159 n kernel: hci0: length 1
Aug 16 18:59:52.219176 n kernel: hci0 cmd_cnt 1 cmd queued 1
Aug 16 18:59:52.219192 n kernel: hci0: skb 00000000787cef67
Aug 16 18:59:52.221948 n kernel: hci0: result 0x00
Aug 16 18:59:52.221976 n kernel: hci0: end: err 0
Aug 16 18:59:52.221996 n kernel: hci0: entry 000000009a5216a0
Aug 16 18:59:52.222013 n kernel: hci0: ADV monitoring is off
Aug 16 18:59:52.222031 n kernel: hci0: stopping background scanning
Aug 16 18:59:52.222056 n kernel: hci0: 
Aug 16 18:59:52.222095 n kernel: hci0: 
Aug 16 18:59:52.222110 n kernel: hci0: entry 00000000286c8370
Aug 16 18:59:52.222144 n kernel: hci0: 
Aug 16 18:59:52.222161 n kernel: hci0: Opcode 0x0c24
Aug 16 18:59:52.222196 n kernel: hci0: opcode 0x0c24 plen 3
Aug 16 18:59:52.222212 n kernel: hci0: skb len 6
Aug 16 18:59:52.222233 n kernel: hci0: length 1
Aug 16 18:59:52.222240 n kernel: hci0 cmd_cnt 1 cmd queued 1
Aug 16 18:59:52.222251 n kernel: hci0: skb 00000000cd24cba2
Aug 16 18:59:52.225940 n kernel: hci0: result 0x00
Aug 16 18:59:52.225960 n kernel: hci0: end: err 0
Aug 16 18:59:52.225998 n kernel: hci0: 
Aug 16 18:59:52.226022 n kernel: hci0: entry 0000000075a8a7db
Aug 16 18:59:52.226038 n kernel: hci0: 
Aug 16 18:59:52.226055 n kernel: hci0: 
Aug 16 18:59:52.226071 n kernel: hci0: Opcode 0x0c52
Aug 16 18:59:52.226091 n kernel: hci0: opcode 0x0c52 plen 241
Aug 16 18:59:52.226113 n kernel: hci0: skb len 244
Aug 16 18:59:52.226136 n kernel: hci0: length 1
Aug 16 18:59:52.226151 n kernel: hci0 cmd_cnt 1 cmd queued 1
Aug 16 18:59:52.226166 n kernel: hci0: skb 000000002b67eb0f
Aug 16 18:59:52.227881 n kernel: hci0: result 0x00
Aug 16 18:59:52.227913 n kernel: hci0: end: err 0
Aug 16 18:59:52.228901 n kernel: hci0: 
Aug 16 18:59:52.228920 n kernel: hci0: entry 00000000900692f5
Aug 16 18:59:52.228938 n kernel: hci0: 
Aug 16 18:59:52.228954 n kernel: hci0: 
Aug 16 18:59:52.228972 n kernel: hci0: Opcode 0x0c52
Aug 16 18:59:52.229011 n kernel: hci0: opcode 0x0c52 plen 241
Aug 16 18:59:52.229043 n kernel: hci0: skb len 244
Aug 16 18:59:52.229063 n kernel: hci0: length 1
Aug 16 18:59:52.229079 n kernel: hci0 cmd_cnt 1 cmd queued 1
Aug 16 18:59:52.229094 n kernel: hci0: skb 000000001aee03c0
Aug 16 18:59:52.230858 n kernel: hci0: result 0x00
Aug 16 18:59:52.230869 n kernel: hci0: end: err 0
Aug 16 18:59:52.231881 n kernel: hci0: 
Aug 16 18:59:52.231890 n kernel: hci0: entry 000000006a26f048
Aug 16 18:59:52.231910 n kernel: hci0: Opcode 0x0c1a
Aug 16 18:59:52.231919 n kernel: hci0: opcode 0x0c1a plen 1
Aug 16 18:59:52.231928 n kernel: hci0: skb len 4
Aug 16 18:59:52.231943 n kernel: hci0: length 1
Aug 16 18:59:52.231952 n kernel: hci0 cmd_cnt 1 cmd queued 1
Aug 16 18:59:52.231960 n kernel: hci0: skb 0000000035fe2d5c
Aug 16 18:59:52.231999 n kernel: hci0 key for AA:BB:CC:00:00:01 type 4
Aug 16 18:59:52.232007 n kernel: hci0 key for AA:BB:CC:00:00:02 type 4
Aug 16 18:59:52.232019 n kernel: hci0 key for AA:BB:CC:00:00:03 type 4
Aug 16 18:59:52.233870 n kernel: hci0: result 0x00
Aug 16 18:59:52.233883 n kernel: hci0: end: err 0
Aug 16 18:59:52.233893 n kernel: hci0: entry 000000006d95aabb
Aug 16 18:59:52.233903 n kernel: hci0: entry 00000000d275e158
Aug 16 18:59:52.233915 n kernel: hci0: entry 0000000008a9fe21
Aug 16 18:59:52.233935 n kernel: hci0: 
Aug 16 18:59:52.233945 n kernel: hci0: 
Aug 16 18:59:52.233955 n kernel: hci0: 
Aug 16 18:59:52.233976 n kernel: hci0: 
Aug 16 18:59:52.233989 n kernel: hci0: entry 00000000cb10576b
Aug 16 18:59:52.234004 n kernel: hci0: 
Aug 16 18:59:52.234014 n kernel: hci0: Opcode 0x0c52
Aug 16 18:59:52.234024 n kernel: hci0: opcode 0x0c52 plen 241
Aug 16 18:59:52.234035 n kernel: hci0: skb len 244
Aug 16 18:59:52.234045 n kernel: hci0: length 1
Aug 16 18:59:52.234055 n kernel: hci0 cmd_cnt 1 cmd queued 1
Aug 16 18:59:52.234078 n kernel: hci0: skb 00000000d6ce62dd
Aug 16 18:59:52.236878 n kernel: hci0: result 0x00
Aug 16 18:59:52.236891 n kernel: hci0: end: err 0
Aug 16 18:59:52.236905 n kernel: hci0: entry 00000000586de29b
Aug 16 18:59:52.236939 n kernel: hci0: 
Aug 16 18:59:52.236954 n kernel: hci0: 
Aug 16 18:59:52.236974 n kernel: hci0: 
Aug 16 18:59:52.236988 n kernel: hci0: entry 000000005490866f
Aug 16 18:59:52.236999 n kernel: hci0: Opcode 0x0c13
Aug 16 18:59:52.237009 n kernel: hci0: opcode 0x0c13 plen 248
Aug 16 18:59:52.237019 n kernel: hci0: skb len 251
Aug 16 18:59:52.237029 n kernel: hci0: length 1
Aug 16 18:59:52.237038 n kernel: hci0 cmd_cnt 1 cmd queued 1
Aug 16 18:59:52.237052 n kernel: hci0: skb 0000000049c17b62
Aug 16 18:59:52.239867 n kernel: hci0: result 0x00
Aug 16 18:59:52.239877 n kernel: hci0: end: err 0
Aug 16 18:59:52.239886 n kernel: hci0: 
Aug 16 18:59:52.239895 n kernel: hci0: Opcode 0x0c52
Aug 16 18:59:52.239905 n kernel: hci0: opcode 0x0c52 plen 241
Aug 16 18:59:52.239914 n kernel: hci0: skb len 244
Aug 16 18:59:52.239933 n kernel: hci0: length 1
Aug 16 18:59:52.239943 n kernel: hci0 cmd_cnt 1 cmd queued 1
Aug 16 18:59:52.239958 n kernel: hci0: skb 000000003cab5501
Aug 16 18:59:52.242867 n kernel: hci0: result 0x00
Aug 16 18:59:52.242879 n kernel: hci0: end: err 0
Aug 16 18:59:52.243884 n kernel: hci0: 
Aug 16 18:59:52.243895 n kernel: hci0: entry 00000000f700e9f6
Aug 16 18:59:52.243916 n kernel: hci0: 
Aug 16 18:59:52.243931 n kernel: hci0: Opcode 0x0c24
Aug 16 18:59:52.243943 n kernel: hci0: opcode 0x0c24 plen 3
Aug 16 18:59:52.243957 n kernel: hci0: skb len 6
Aug 16 18:59:52.243967 n kernel: hci0: length 1
Aug 16 18:59:52.243978 n kernel: hci0 cmd_cnt 1 cmd queued 1
Aug 16 18:59:52.243988 n kernel: hci0: skb 00000000a8d68644
Aug 16 18:59:52.245886 n kernel: hci0: result 0x00
Aug 16 18:59:52.245918 n kernel: hci0: end: err 0
Aug 16 18:59:52.245933 n kernel: hci0: 
Aug 16 18:59:52.245949 n kernel: hci0: Opcode 0x0c52
Aug 16 18:59:52.245964 n kernel: hci0: opcode 0x0c52 plen 241
Aug 16 18:59:52.245979 n kernel: hci0: skb len 244
Aug 16 18:59:52.245993 n kernel: hci0: length 1
Aug 16 18:59:52.246008 n kernel: hci0 cmd_cnt 1 cmd queued 1
Aug 16 18:59:52.246022 n kernel: hci0: skb 0000000031438f94
Aug 16 18:59:52.248887 n kernel: hci0: result 0x00
Aug 16 18:59:52.248944 n kernel: hci0: end: err 0
Aug 16 18:59:52.248992 n kernel: hci0: 
Aug 16 18:59:52.249003 n kernel: hci0: entry 00000000553ce601
Aug 16 18:59:52.249035 n kernel: hci0: 
Aug 16 18:59:52.249048 n kernel: hci0: Opcode 0x0c24
Aug 16 18:59:52.249064 n kernel: hci0: opcode 0x0c24 plen 3
Aug 16 18:59:52.249078 n kernel: hci0: skb len 6
Aug 16 18:59:52.249096 n kernel: hci0: length 1
Aug 16 18:59:52.249114 n kernel: hci0 cmd_cnt 1 cmd queued 1
Aug 16 18:59:52.249124 n kernel: hci0: skb 00000000ef91cace
Aug 16 18:59:52.251866 n kernel: hci0: result 0x00
Aug 16 18:59:52.251897 n kernel: hci0: end: err 0
Aug 16 18:59:52.251909 n kernel: hci0: 
Aug 16 18:59:52.251919 n kernel: hci0: Opcode 0x0c52
Aug 16 18:59:52.251929 n kernel: hci0: opcode 0x0c52 plen 241
Aug 16 18:59:52.251939 n kernel: hci0: skb len 244
Aug 16 18:59:52.251949 n kernel: hci0: length 1
Aug 16 18:59:52.251958 n kernel: hci0 cmd_cnt 1 cmd queued 1
Aug 16 18:59:52.251968 n kernel: hci0: skb 00000000a8d68644
Aug 16 18:59:52.254865 n kernel: hci0: result 0x00
Aug 16 18:59:52.254875 n kernel: hci0: end: err 0
Aug 16 18:59:52.255880 n kernel: hci0: 
Aug 16 18:59:52.255894 n kernel: hci0: entry 000000007f54cd0f
Aug 16 18:59:52.255908 n kernel: hci0: Opcode 0x0c13
Aug 16 18:59:52.255921 n kernel: hci0: opcode 0x0c13 plen 248
Aug 16 18:59:52.255946 n kernel: hci0: skb len 251
Aug 16 18:59:52.255959 n kernel: hci0: length 1
Aug 16 18:59:52.255971 n kernel: hci0 cmd_cnt 1 cmd queued 1
Aug 16 18:59:52.255984 n kernel: hci0: skb 00000000b48943c6
Aug 16 18:59:52.257867 n kernel: hci0: result 0x00
Aug 16 18:59:52.257877 n kernel: hci0: end: err 0
Aug 16 18:59:52.257885 n kernel: hci0: 
Aug 16 18:59:52.257898 n kernel: hci0: Opcode 0x0c52
Aug 16 18:59:52.257907 n kernel: hci0: opcode 0x0c52 plen 241
Aug 16 18:59:52.257915 n kernel: hci0: skb len 244
Aug 16 18:59:52.257923 n kernel: hci0: length 1
Aug 16 18:59:52.257931 n kernel: hci0 cmd_cnt 1 cmd queued 1
Aug 16 18:59:52.257938 n kernel: hci0: skb 000000006e9a903a
Aug 16 18:59:52.260880 n kernel: hci0: result 0x00
Aug 16 18:59:52.260894 n kernel: hci0: end: err 0
Aug 16 18:59:52.261892 n kernel: hci0: 
Aug 16 18:59:52.261906 n kernel: hci0: entry 0000000086097c16
Aug 16 18:59:52.261919 n kernel: hci0: 
Aug 16 18:59:52.261931 n kernel: hci0: Opcode 0x0c24
Aug 16 18:59:52.261944 n kernel: hci0: opcode 0x0c24 plen 3
Aug 16 18:59:52.261956 n kernel: hci0: skb len 6
Aug 16 18:59:52.261969 n kernel: hci0: length 1
Aug 16 18:59:52.261981 n kernel: hci0 cmd_cnt 1 cmd queued 1
Aug 16 18:59:52.261998 n kernel: hci0: skb 00000000df790432
Aug 16 18:59:52.263888 n kernel: hci0: result 0x00
Aug 16 18:59:52.263896 n kernel: hci0: end: err 0
Aug 16 18:59:52.263905 n kernel: hci0: 
Aug 16 18:59:52.263914 n kernel: hci0: Opcode 0x0c52
Aug 16 18:59:52.263922 n kernel: hci0: opcode 0x0c52 plen 241
Aug 16 18:59:52.263931 n kernel: hci0: skb len 244
Aug 16 18:59:52.263939 n kernel: hci0: length 1
Aug 16 18:59:52.263947 n kernel: hci0 cmd_cnt 1 cmd queued 1
Aug 16 18:59:52.263956 n kernel: hci0: skb 000000007b2cc204
Aug 16 18:59:52.266880 n kernel: hci0: result 0x00
Aug 16 18:59:52.266894 n kernel: hci0: end: err 0
Aug 16 18:59:52.267880 n kernel: hci0: 
Aug 16 18:59:52.267894 n kernel: hci0: entry 00000000af490686
Aug 16 18:59:52.267907 n kernel: hci0: 
Aug 16 18:59:52.267932 n kernel: hci0: Opcode 0x0c24
Aug 16 18:59:52.267952 n kernel: hci0: opcode 0x0c24 plen 3
Aug 16 18:59:52.267964 n kernel: hci0: skb len 6
Aug 16 18:59:52.267977 n kernel: hci0: length 1
Aug 16 18:59:52.267989 n kernel: hci0 cmd_cnt 1 cmd queued 1
Aug 16 18:59:52.268001 n kernel: hci0: skb 000000006af0a8fc
Aug 16 18:59:52.269884 n kernel: hci0: result 0x00
Aug 16 18:59:52.269891 n kernel: hci0: end: err 0
Aug 16 18:59:52.269898 n kernel: hci0: 
Aug 16 18:59:52.269905 n kernel: hci0: Opcode 0x0c52
Aug 16 18:59:52.269912 n kernel: hci0: opcode 0x0c52 plen 241
Aug 16 18:59:52.269919 n kernel: hci0: skb len 244
Aug 16 18:59:52.269925 n kernel: hci0: length 1
Aug 16 18:59:52.269935 n kernel: hci0 cmd_cnt 1 cmd queued 1
Aug 16 18:59:52.269941 n kernel: hci0: skb 00000000011adc83
Aug 16 18:59:52.272880 n kernel: hci0: result 0x00
Aug 16 18:59:52.272894 n kernel: hci0: end: err 0
Aug 16 18:59:53.980884 n kernel: hci0: 
Aug 16 18:59:53.980898 n kernel: hci0: entry 0000000064639792
Aug 16 18:59:53.980911 n kernel: hci0: 
Aug 16 18:59:53.980924 n kernel: hci0: Opcode 0x0c24
Aug 16 18:59:53.980937 n kernel: hci0: opcode 0x0c24 plen 3
Aug 16 18:59:53.980950 n kernel: hci0: skb len 6
Aug 16 18:59:53.980961 n kernel: hci0: length 1
Aug 16 18:59:53.980973 n kernel: hci0 cmd_cnt 1 cmd queued 1
Aug 16 18:59:53.980985 n kernel: hci0: skb 00000000defe6aee
Aug 16 18:59:53.982882 n kernel: hci0: result 0x00
Aug 16 18:59:53.982892 n kernel: hci0: end: err 0
Aug 16 18:59:53.982900 n kernel: hci0: 
Aug 16 18:59:53.982909 n kernel: hci0: Opcode 0x0c52
Aug 16 18:59:53.982916 n kernel: hci0: opcode 0x0c52 plen 241
Aug 16 18:59:53.982924 n kernel: hci0: skb len 244
Aug 16 18:59:53.982931 n kernel: hci0: length 1
Aug 16 18:59:53.982939 n kernel: hci0 cmd_cnt 1 cmd queued 1
Aug 16 18:59:53.982946 n kernel: hci0: skb 000000007ae8d188
Aug 16 18:59:53.985917 n kernel: hci0: result 0x00
Aug 16 18:59:53.985931 n kernel: hci0: end: err 0
Aug 16 18:59:53.985949 n kernel: hci0: 
Aug 16 18:59:53.985962 n kernel: hci0: entry 0000000080dc51da
Aug 16 18:59:53.985974 n kernel: hci0: 
Aug 16 18:59:53.985982 n kernel: hci0: Opcode 0x0c24
Aug 16 18:59:53.985990 n kernel: hci0: opcode 0x0c24 plen 3
Aug 16 18:59:53.985998 n kernel: hci0: skb len 6
Aug 16 18:59:53.986006 n kernel: hci0: length 1
Aug 16 18:59:53.986013 n kernel: hci0 cmd_cnt 1 cmd queued 1
Aug 16 18:59:53.986021 n kernel: hci0: skb 0000000036aa95e5
Aug 16 18:59:53.988880 n kernel: hci0: result 0x00
Aug 16 18:59:53.988892 n kernel: hci0: end: err 0
Aug 16 18:59:53.988901 n kernel: hci0: 
Aug 16 18:59:53.988909 n kernel: hci0: Opcode 0x0c52
Aug 16 18:59:53.988918 n kernel: hci0: opcode 0x0c52 plen 241
Aug 16 18:59:53.988925 n kernel: hci0: skb len 244
Aug 16 18:59:53.988933 n kernel: hci0: length 1
Aug 16 18:59:53.988940 n kernel: hci0 cmd_cnt 1 cmd queued 1
Aug 16 18:59:53.988948 n kernel: hci0: skb 00000000e1539501
Aug 16 18:59:53.991874 n kernel: hci0: result 0x00
Aug 16 18:59:53.991884 n kernel: hci0: end: err 0
Aug 16 18:59:53.991904 n kernel: hci0: 
Aug 16 18:59:53.991912 n kernel: hci0: entry 0000000071f20423
Aug 16 18:59:53.991921 n kernel: hci0: 
Aug 16 18:59:53.991931 n kernel: hci0: Opcode 0x0c24
Aug 16 18:59:53.991940 n kernel: hci0: opcode 0x0c24 plen 3
Aug 16 18:59:53.991949 n kernel: hci0: skb len 6
Aug 16 18:59:53.991957 n kernel: hci0: length 1
Aug 16 18:59:53.991964 n kernel: hci0 cmd_cnt 1 cmd queued 1
Aug 16 18:59:53.991972 n kernel: hci0: skb 000000008d3a20d4
Aug 16 18:59:53.994895 n kernel: hci0: result 0x00
Aug 16 18:59:53.994907 n kernel: hci0: end: err 0
Aug 16 18:59:53.994918 n kernel: hci0: 
Aug 16 18:59:53.994928 n kernel: hci0: Opcode 0x0c52
Aug 16 18:59:53.994939 n kernel: hci0: opcode 0x0c52 plen 241
Aug 16 18:59:53.994948 n kernel: hci0: skb len 244
Aug 16 18:59:53.994958 n kernel: hci0: length 1
Aug 16 18:59:53.994967 n kernel: hci0 cmd_cnt 1 cmd queued 1
Aug 16 18:59:53.994977 n kernel: hci0: skb 0000000004c25aa4
Aug 16 18:59:53.997872 n kernel: hci0: result 0x00
Aug 16 18:59:53.997885 n kernel: hci0: end: err 0
Aug 16 18:59:53.997906 n kernel: hci0: 
Aug 16 18:59:53.997917 n kernel: hci0: entry 00000000eab923f6
Aug 16 18:59:53.997928 n kernel: hci0: 
Aug 16 18:59:53.997939 n kernel: hci0: Opcode 0x0c24
Aug 16 18:59:53.997950 n kernel: hci0: opcode 0x0c24 plen 3
Aug 16 18:59:53.997960 n kernel: hci0: skb len 6
Aug 16 18:59:53.997971 n kernel: hci0: length 1
Aug 16 18:59:53.997981 n kernel: hci0 cmd_cnt 1 cmd queued 1
Aug 16 18:59:53.997991 n kernel: hci0: skb 00000000b929bd9c
Aug 16 18:59:54.000873 n kernel: hci0: result 0x00
Aug 16 18:59:54.000885 n kernel: hci0: end: err 0
Aug 16 18:59:54.000897 n kernel: hci0: 
Aug 16 18:59:54.000908 n kernel: hci0: Opcode 0x0c52
Aug 16 18:59:54.000921 n kernel: hci0: opcode 0x0c52 plen 241
Aug 16 18:59:54.000932 n kernel: hci0: skb len 244
Aug 16 18:59:54.000943 n kernel: hci0: length 1
Aug 16 18:59:54.000954 n kernel: hci0 cmd_cnt 1 cmd queued 1
Aug 16 18:59:54.000964 n kernel: hci0: skb 00000000defe6aee
Aug 16 18:59:54.003872 n kernel: hci0: result 0x00
Aug 16 18:59:54.003881 n kernel: hci0: end: err 0
Aug 16 18:59:54.077878 n kernel: hci0: 
Aug 16 18:59:54.077887 n kernel: hci0: entry 000000003531c2e3
Aug 16 18:59:54.077896 n kernel: hci0: 
Aug 16 18:59:54.077904 n kernel: hci0: Opcode 0x0c24
Aug 16 18:59:54.077913 n kernel: hci0: opcode 0x0c24 plen 3
Aug 16 18:59:54.077921 n kernel: hci0: skb len 6
Aug 16 18:59:54.077929 n kernel: hci0: length 1
Aug 16 18:59:54.077938 n kernel: hci0 cmd_cnt 1 cmd queued 1
Aug 16 18:59:54.077946 n kernel: hci0: skb 000000009537549a
Aug 16 18:59:54.079862 n kernel: hci0: result 0x00
Aug 16 18:59:54.079871 n kernel: hci0: end: err 0
Aug 16 18:59:54.079880 n kernel: hci0: 
Aug 16 18:59:54.079889 n kernel: hci0: Opcode 0x0c52
Aug 16 18:59:54.079897 n kernel: hci0: opcode 0x0c52 plen 241
Aug 16 18:59:54.079906 n kernel: hci0: skb len 244
Aug 16 18:59:54.079914 n kernel: hci0: length 1
Aug 16 18:59:54.079922 n kernel: hci0 cmd_cnt 1 cmd queued 1
Aug 16 18:59:54.079930 n kernel: hci0: skb 0000000083d05fe1
Aug 16 18:59:54.082870 n kernel: hci0: result 0x00
Aug 16 18:59:54.082881 n kernel: hci0: end: err 0
Aug 16 18:59:54.082901 n kernel: hci0: 
Aug 16 18:59:54.082910 n kernel: hci0: entry 00000000435e0763
Aug 16 18:59:54.082923 n kernel: hci0: 
Aug 16 18:59:54.082937 n kernel: hci0: Opcode 0x0c24
Aug 16 18:59:54.082951 n kernel: hci0: opcode 0x0c24 plen 3
Aug 16 18:59:54.082966 n kernel: hci0: skb len 6
Aug 16 18:59:54.082981 n kernel: hci0: length 1
Aug 16 18:59:54.082996 n kernel: hci0 cmd_cnt 1 cmd queued 1
Aug 16 18:59:54.083010 n kernel: hci0: skb 0000000083d05fe1
Aug 16 18:59:54.085874 n kernel: hci0: result 0x00
Aug 16 18:59:54.085887 n kernel: hci0: end: err 0
Aug 16 18:59:54.085899 n kernel: hci0: 
Aug 16 18:59:54.085911 n kernel: hci0: Opcode 0x0c52
Aug 16 18:59:54.085922 n kernel: hci0: opcode 0x0c52 plen 241
Aug 16 18:59:54.085934 n kernel: hci0: skb len 244
Aug 16 18:59:54.085946 n kernel: hci0: length 1
Aug 16 18:59:54.085957 n kernel: hci0 cmd_cnt 1 cmd queued 1
Aug 16 18:59:54.085969 n kernel: hci0: skb 00000000ddb99055
Aug 16 18:59:54.088876 n kernel: hci0: result 0x00
Aug 16 18:59:54.088885 n kernel: hci0: end: err 0
Aug 16 18:59:54.089904 n kernel: hci0: 
Aug 16 18:59:54.089914 n kernel: hci0: entry 000000002fdf61a4
Aug 16 18:59:54.089923 n kernel: hci0: 
Aug 16 18:59:54.089932 n kernel: hci0: Opcode 0x0c24
Aug 16 18:59:54.089943 n kernel: hci0: opcode 0x0c24 plen 3
Aug 16 18:59:54.089956 n kernel: hci0: skb len 6
Aug 16 18:59:54.089966 n kernel: hci0: length 1
Aug 16 18:59:54.089976 n kernel: hci0 cmd_cnt 1 cmd queued 1
Aug 16 18:59:54.089985 n kernel: hci0: skb 00000000415cd58c
Aug 16 18:59:54.091870 n kernel: hci0: result 0x00
Aug 16 18:59:54.091884 n kernel: hci0: end: err 0
Aug 16 18:59:54.091900 n kernel: hci0: 
Aug 16 18:59:54.091910 n kernel: hci0: Opcode 0x0c52
Aug 16 18:59:54.091920 n kernel: hci0: opcode 0x0c52 plen 241
Aug 16 18:59:54.091929 n kernel: hci0: skb len 244
Aug 16 18:59:54.091939 n kernel: hci0: length 1
Aug 16 18:59:54.091949 n kernel: hci0 cmd_cnt 1 cmd queued 1
Aug 16 18:59:54.091958 n kernel: hci0: skb 000000006c3f9d29
Aug 16 18:59:54.094866 n kernel: hci0: result 0x00
Aug 16 18:59:54.094877 n kernel: hci0: end: err 0
Aug 16 18:59:54.095865 n kernel: hci0: 
Aug 16 18:59:54.095874 n kernel: hci0: entry 00000000435e0763
Aug 16 18:59:54.095882 n kernel: hci0: 
Aug 16 18:59:54.095890 n kernel: hci0: Opcode 0x0c24
Aug 16 18:59:54.095899 n kernel: hci0: opcode 0x0c24 plen 3
Aug 16 18:59:54.095911 n kernel: hci0: skb len 6
Aug 16 18:59:54.095919 n kernel: hci0: length 1
Aug 16 18:59:54.095927 n kernel: hci0 cmd_cnt 1 cmd queued 1
Aug 16 18:59:54.095935 n kernel: hci0: skb 000000001aee03c0
Aug 16 18:59:54.097883 n kernel: hci0: result 0x00
Aug 16 18:59:54.097897 n kernel: hci0: end: err 0
Aug 16 18:59:54.097906 n kernel: hci0: 
Aug 16 18:59:54.097915 n kernel: hci0: Opcode 0x0c52
Aug 16 18:59:54.097923 n kernel: hci0: opcode 0x0c52 plen 241
Aug 16 18:59:54.097931 n kernel: hci0: skb len 244
Aug 16 18:59:54.097939 n kernel: hci0: length 1
Aug 16 18:59:54.097947 n kernel: hci0 cmd_cnt 1 cmd queued 1
Aug 16 18:59:54.097955 n kernel: hci0: skb 00000000c28efa30
Aug 16 18:59:54.100887 n kernel: hci0: result 0x00
Aug 16 18:59:54.100898 n kernel: hci0: end: err 0
Aug 16 19:01:49.451001 n kernel: hci0 cmd_cnt 1 cmd queued 1
Aug 16 19:01:49.451019 n kernel: hci0: skb 00000000200865a2
Aug 16 19:01:49.548928 n kernel: hci0
Aug 16 19:01:49.548951 n kernel: hci0
Aug 16 19:01:49.548964 n kernel: hci0
Aug 16 19:01:49.567943 n kernel: hci0 cmd_cnt 1 cmd queued 1
Aug 16 19:01:49.567957 n kernel: hci0: skb 0000000071a5c8d5
Aug 16 19:01:49.570907 n kernel: hci0 cmd_cnt 1 cmd queued 1
Aug 16 19:01:49.570919 n kernel: hci0: skb 00000000f00599d3
Aug 16 19:01:52.420986 n kernel: hci0
Aug 16 19:01:52.421005 n kernel: hci0
Aug 16 19:01:52.421014 n kernel: hci0
