Aug 22 11:19:01.893667 n kernel: hci0 cmd_cnt 1 cmd queued 1
Aug 22 11:19:01.893693 n kernel: hci0: skb 0000000025ba36cb
Aug 22 11:19:03.911527 n kernel: Bluetooth: hci0: command 0x0406 tx timeout
Aug 22 11:19:03.911692 n kernel: hci0: err 0x6e
Aug 22 11:19:03.911723 n kernel: hci0 cmd_cnt 1 cmd queued 0
Aug 22 11:19:06.901641 n kernel: hci0 cmd_cnt 1 cmd queued 1
Aug 22 11:19:06.901666 n kernel: hci0: skb 00000000a956eb06
Aug 22 11:19:07.916594 n kernel: hci0: err 0xffffff90
Aug 22 11:19:07.916612 n kernel: hci0: 
Aug 22 11:19:07.916627 n kernel: hci0: entry 0000000060eb5cf8
Aug 22 11:19:07.916644 n kernel: hci0: Opcode 0x0c1a
Aug 22 11:19:07.916669 n kernel: hci0: opcode 0x0c1a plen 1
Aug 22 11:19:07.916680 n kernel: hci0: skb len 4
Aug 22 11:19:07.916696 n kernel: hci0: length 1
Aug 22 11:19:07.916716 n kernel: hci0 cmd_cnt 0 cmd queued 1
Aug 22 11:19:08.903479 n kernel: Bluetooth: hci0: command 0x0406 tx timeout
Aug 22 11:19:08.903550 n kernel: hci0: err 0x6e
Aug 22 11:19:08.903567 n kernel: hci0 cmd_cnt 1 cmd queued 1
Aug 22 11:19:08.903584 n kernel: hci0: skb 00000000d0ba24fe
Aug 22 11:19:08.903602 n kernel: hci0: end: err -110
Aug 22 11:19:08.903614 n kernel: Bluetooth: hci0: Opcode 0x0c1a failed: -110
Aug 22 11:19:10.951493 n kernel: Bluetooth: hci0: command 0x0406 tx timeout
Aug 22 11:19:10.951581 n kernel: hci0: err 0x6e
Aug 22 11:19:10.951600 n kernel: hci0 cmd_cnt 1 cmd queued 0
Aug 22 11:19:18.308530 n kernel: hci0: 
Aug 22 11:19:18.308547 n kernel: hci0: entry 0000000066c837f2
Aug 22 11:19:18.308557 n kernel: hci0: entry 000000008f88ae05
Aug 22 11:19:18.308569 n kernel: hci0: ADV monitoring is off
Aug 22 11:19:18.308587 n kernel: hci0: stopping background scanning
Aug 22 11:19:18.308597 n kernel: hci0: 
Aug 22 11:19:18.313498 n kernel: hci0: 
Aug 22 11:19:18.313511 n kernel: hci0: entry 0000000048cb1690
Aug 22 11:19:18.313525 n kernel: hci0: Opcode 0x0c1a
Aug 22 11:19:18.313535 n kernel: hci0: opcode 0x0c1a plen 1
Aug 22 11:19:18.313543 n kernel: hci0: skb len 4
Aug 22 11:19:18.313554 n kernel: hci0: length 1
Aug 22 11:19:18.313569 n kernel: hci0 cmd_cnt 1 cmd queued 1
Aug 22 11:19:18.313577 n kernel: hci0: skb 000000005a4d695b
Aug 22 11:19:20.359589 n kernel: hci0: end: err -110
Aug 22 11:19:20.359694 n kernel: Bluetooth: hci0: Opcode 0x0c1a failed: -110
Aug 22 11:19:20.359721 n kernel: hci0: entry 0000000017e96ef6
Aug 22 11:19:20.359736 n kernel: hci0: ADV monitoring is off
Aug 22 11:19:20.359745 n kernel: hci0: stopping background scanning
Aug 22 11:19:20.359755 n kernel: hci0: entry 00000000ed57d996
Aug 22 11:19:20.359770 n kernel: hci0: 
Aug 22 11:19:20.359779 n kernel: hci0: Opcode 0x0c24
Aug 22 11:19:20.359794 n kernel: hci0: opcode 0x0c24 plen 3
Aug 22 11:19:20.359803 n kernel: hci0: skb len 6
Aug 22 11:19:20.359813 n kernel: hci0: length 1
Aug 22 11:19:20.359822 n kernel: hci0 cmd_cnt 0 cmd queued 1
Aug 22 11:19:20.359831 n kernel: Bluetooth: hci0: command 0x0406 tx timeout
Aug 22 11:19:20.359841 n kernel: hci0: err 0x6e
Aug 22 11:19:20.359851 n kernel: hci0 cmd_cnt 1 cmd queued 1
Aug 22 11:19:20.359860 n kernel: hci0: skb 00000000b25bb511
Aug 22 11:19:20.359922 n kernel: hci0: end: err -110
Aug 22 11:19:20.359941 n kernel: Bluetooth: hci0: Opcode 0x0c24 failed: -110
Aug 22 11:19:20.359953 n kernel: hci0: entry 00000000b3c486ab
Aug 22 11:19:20.359962 n kernel: hci0: 
Aug 22 11:19:20.359974 n kernel: hci0: Opcode 0x0c52
Aug 22 11:19:20.359989 n kernel: hci0: opcode 0x0c52 plen 241
Aug 22 11:19:20.360008 n kernel: hci0: skb len 244
Aug 22 11:19:20.360017 n kernel: hci0: length 1
Aug 22 11:19:20.360025 n kernel: hci0 cmd_cnt 0 cmd queued 1
Aug 22 11:19:22.407504 n kernel: Bluetooth: hci0: command 0x0406 tx timeout
Aug 22 11:19:22.407606 n kernel: hci0: end: err -110
Aug 22 11:19:22.407619 n kernel: Bluetooth: hci0: Opcode 0x0c52 failed: -110
Aug 22 11:19:22.407630 n kernel: hci0: 
Aug 22 11:19:22.407639 n kernel: hci0: err 0x6e
Aug 22 11:19:22.407648 n kernel: hci0: Opcode 0x0c24
Aug 22 11:19:22.407673 n kernel: hci0: opcode 0x0c24 plen 3
Aug 22 11:19:22.407690 n kernel: hci0 cmd_cnt 1 cmd queued 1
Aug 22 11:19:22.407699 n kernel: hci0: skb 000000003eeb543a
Aug 22 11:19:22.407713 n kernel: hci0: skb len 6
Aug 22 11:19:22.407731 n kernel: hci0: length 1
Aug 22 11:19:22.407749 n kernel: hci0 cmd_cnt 0 cmd queued 1
Aug 22 11:19:24.319579 n kernel: hci0 cmd_cnt 0 cmd queued 2
Aug 22 11:19:24.455496 n kernel: Bluetooth: hci0: command 0x0406 tx timeout
Aug 22 11:19:24.455562 n kernel: hci0: err 0x6e
Aug 22 11:19:24.455584 n kernel: hci0 cmd_cnt 1 cmd queued 2
Aug 22 11:19:24.455602 n kernel: hci0: skb 00000000f716e220
Aug 22 11:19:24.455620 n kernel: hci0: end: err -110
Aug 22 11:19:24.455632 n kernel: Bluetooth: hci0: Opcode 0x0c24 failed: -110
Aug 22 11:19:24.455649 n kernel: hci0: entry 0000000063803ce7
Aug 22 11:19:24.455672 n kernel: hci0: 
Aug 22 11:19:24.455698 n kernel: hci0: Opcode 0x0c24
Aug 22 11:19:24.455715 n kernel: hci0: opcode 0x0c24 plen 3
Aug 22 11:19:24.455730 n kernel: hci0: skb len 6
Aug 22 11:19:24.455745 n kernel: hci0: length 1
Aug 22 11:19:24.455769 n kernel: hci0 cmd_cnt 0 cmd queued 2
Aug 22 11:19:26.504495 n kernel: Bluetooth: hci0: command 0x0406 tx timeout
Aug 22 11:19:26.504575 n kernel: hci0: err 0x6e
Aug 22 11:19:26.504605 n kernel: hci0 cmd_cnt 1 cmd queued 2
Aug 22 11:19:26.504628 n kernel: hci0: skb 0000000014830ee3
Aug 22 11:19:26.504643 n kernel: hci0: end: err -110
Aug 22 11:19:26.504657 n kernel: Bluetooth: hci0: Opcode 0x0c24 failed: -110
Aug 22 11:19:26.504669 n kernel: hci0: 
Aug 22 11:19:26.504730 n kernel: hci0: 
Aug 22 11:19:26.504738 n kernel: hci0: entry 000000006ef00b3e
Aug 22 11:19:26.504756 n kernel: hci0: 
Aug 22 11:19:26.504769 n kernel: hci0: Opcode 0x0c24
Aug 22 11:19:26.504790 n kernel: hci0: opcode 0x0c24 plen 3
Aug 22 11:19:26.504806 n kernel: hci0: skb len 6
Aug 22 11:19:26.504851 n kernel: hci0: length 1
Aug 22 11:19:26.504869 n kernel: hci0 cmd_cnt 0 cmd queued 2
Aug 22 11:19:28.551496 n kernel: hci0: end: err -110
Aug 22 11:19:28.551550 n kernel: Bluetooth: hci0: Opcode 0x0c24 failed: -110
Aug 22 11:19:28.551592 n kernel: Bluetooth: hci0: command 0x0406 tx timeout
Aug 22 11:19:28.551624 n kernel: hci0: err 0x6e
Aug 22 11:19:28.551666 n kernel: hci0 cmd_cnt 1 cmd queued 2
Aug 22 11:19:28.551693 n kernel: hci0: skb 00000000d0fffede
Aug 22 11:19:28.551828 n kernel: hci0: 
Aug 22 11:19:28.551841 n kernel: hci0: entry 00000000daaba863
Aug 22 11:19:28.551867 n kernel: hci0: 
Aug 22 11:19:28.551888 n kernel: hci0: Opcode 0x0c24
Aug 22 11:19:28.551906 n kernel: hci0: opcode 0x0c24 plen 3
Aug 22 11:19:28.551925 n kernel: hci0: skb len 6
Aug 22 11:19:28.551947 n kernel: hci0: length 1
Aug 22 11:19:28.551975 n kernel: hci0 cmd_cnt 0 cmd queued 2
Aug 22 11:19:30.599490 n kernel: hci0: end: err -110
Aug 22 11:19:30.599538 n kernel: Bluetooth: hci0: command 0x0406 tx timeout
Aug 22 11:19:30.599569 n kernel: hci0: err 0x6e
Aug 22 11:19:30.599592 n kernel: Bluetooth: hci0: Opcode 0x0c24 failed: -110
Aug 22 11:19:30.599631 n kernel: hci0 cmd_cnt 1 cmd queued 2
Aug 22 11:19:30.599649 n kernel: hci0: skb 000000000935b1d8
Aug 22 11:19:30.599722 n kernel: hci0: 
Aug 22 11:19:30.599741 n kernel: hci0: entry 000000005f1940d1
Aug 22 11:19:30.599759 n kernel: hci0: 
Aug 22 11:19:30.599776 n kernel: hci0: Opcode 0x0c24
Aug 22 11:19:30.599812 n kernel: hci0: opcode 0x0c24 plen 3
Aug 22 11:19:30.599831 n kernel: hci0: skb len 6
Aug 22 11:19:30.599848 n kernel: hci0: length 1
Aug 22 11:19:30.599867 n kernel: hci0 cmd_cnt 0 cmd queued 2
Aug 22 11:19:32.647714 n kernel: hci0: end: err -110
Aug 22 11:19:32.647776 n kernel: Bluetooth: hci0: command 0x0406 tx timeout
Aug 22 11:19:32.647796 n kernel: Bluetooth: hci0: Opcode 0x0c24 failed: -110
Aug 22 11:19:32.647824 n kernel: hci0: err 0x6e
Aug 22 11:19:32.647859 n kernel: hci0 cmd_cnt 1 cmd queued 2
Aug 22 11:19:32.647885 n kernel: hci0: skb 00000000a91e9100
Aug 22 11:19:32.647956 n kernel: hci0: 
Aug 22 11:19:32.647976 n kernel: hci0: entry 00000000a69dd006
Aug 22 11:19:32.648003 n kernel: hci0: 
Aug 22 11:19:32.648013 n kernel: hci0: Opcode 0x0c24
Aug 22 11:19:32.648024 n kernel: hci0: opcode 0x0c24 plen 3
Aug 22 11:19:32.648034 n kernel: hci0: skb len 6
Aug 22 11:19:32.648046 n kernel: hci0: length 1
Aug 22 11:19:32.648060 n kernel: hci0 cmd_cnt 0 cmd queued 2
Aug 22 11:19:34.695490 n kernel: hci0: end: err -110
Aug 22 11:19:34.695570 n kernel: Bluetooth: hci0: Opcode 0x0c24 failed: -110
Aug 22 11:19:34.695600 n kernel: Bluetooth: hci0: command 0x0406 tx timeout
Aug 22 11:19:34.695626 n kernel: hci0: err 0x6e
Aug 22 11:19:34.695646 n kernel: hci0 cmd_cnt 1 cmd queued 2
Aug 22 11:19:34.695672 n kernel: hci0: skb 0000000073a345c2
Aug 22 11:19:34.695760 n kernel: hci0: 
Aug 22 11:19:34.695777 n kernel: hci0: entry 0000000080800d38
Aug 22 11:19:34.695810 n kernel: hci0: 
Aug 22 11:19:34.695827 n kernel: hci0: Opcode 0x0c24
Aug 22 11:19:34.695852 n kernel: hci0: opcode 0x0c24 plen 3
Aug 22 11:19:34.695866 n kernel: hci0: skb len 6
Aug 22 11:19:34.695878 n kernel: hci0: length 1
Aug 22 11:19:34.695890 n kernel: hci0 cmd_cnt 0 cmd queued 2
Aug 22 11:19:35.047604 n kernel: hci0 cmd_cnt 0 cmd queued 3
Aug 22 11:19:36.058561 n kernel: hci0 000000006130c661
Aug 22 11:19:36.743517 n kernel: hci0: end: err -110
Aug 22 11:19:36.743602 n kernel: Bluetooth: hci0: command 0x0406 tx timeout
Aug 22 11:19:36.743665 n kernel: hci0: err 0x6e
Aug 22 11:19:36.743688 n kernel: hci0 cmd_cnt 1 cmd queued 3
Aug 22 11:19:36.743734 n kernel: Bluetooth: hci0: Opcode 0x0c24 failed: -110
Aug 22 11:19:36.743762 n kernel: hci0: skb 000000006dd62d7e
Aug 22 11:19:36.743794 n kernel: hci0: 
Aug 22 11:19:36.743848 n kernel: hci0: 
Aug 22 11:19:36.743859 n kernel: hci0: entry 000000002040ecf6
Aug 22 11:19:36.747491 n kernel: hci0: err 0x13
Aug 22 11:19:36.747592 n kernel: hci0: cancelling interleave scan
Aug 22 11:19:36.747680 n kernel: hdev hci0
Aug 22 11:19:36.747770 n kernel: hci0 hcon 000000003076311f chan 00000000bdc99b19
Aug 22 11:19:36.747840 n kernel: hci0: handle 0x03 reason 0x13
Aug 22 11:19:36.760494 n kernel: hci0 hcon 000000003076311f handle 3
Aug 22 11:19:36.760559 n kernel: hci0: hcon 000000003076311f
Aug 22 11:19:36.770772 n kernel: hci0 evt 2
Aug 22 11:19:36.770863 n kernel: hci0
Aug 22 11:19:36.770913 n kernel: hci0: err 0x02
Aug 22 11:19:36.770950 n kernel: hci0: err 0x02
Aug 22 11:19:36.770987 n kernel: hci0: err 0x02
Aug 22 11:19:36.771021 n kernel: hci0: err 0x02
Aug 22 11:19:36.771065 n kernel: hci0: err 0x02
Aug 22 11:19:36.771097 n kernel: hci0: err 0x02
Aug 22 11:19:36.771116 n kernel: hci0: err 0x02
Aug 22 11:19:36.771147 n kernel: hci0: err 0x02
Aug 22 11:19:36.771177 n kernel: hci0: err 0x02
Aug 22 11:19:36.771194 n kernel: hci0: err 0x02
Aug 22 11:19:36.771225 n kernel: hci0: err 0x02
Aug 22 11:19:36.771246 n kernel: hci0: err 0x02
Aug 22 11:19:36.771263 n kernel: hci0: err 0x02
Aug 22 11:19:36.771307 n kernel: hci0: err 0x02
Aug 22 11:19:36.771349 n kernel: hci0: err 0x02
Aug 22 11:19:36.771391 n kernel: hci0: err 0x02
Aug 22 11:19:36.771422 n kernel: hci0: err 0x02
Aug 22 11:19:36.771461 n kernel: hci0: err 0x02
Aug 22 11:19:36.771521 n kernel: hci0: err 0x02
Aug 22 11:19:36.771564 n kernel: hci0: err 0x02
Aug 22 11:19:36.771615 n kernel: hci0: err 0x02
Aug 22 11:19:36.771647 n kernel: hci0: err 0x02
Aug 22 11:19:36.772480 n kernel: hci0: err 0x02
Aug 22 11:19:36.772508 n kernel: hci0: err 0x02
Aug 22 11:19:36.772518 n kernel: hci0: err 0x02
Aug 22 11:19:36.772543 n kernel: hci0: err 0x02
Aug 22 11:19:36.772564 n kernel: hci0: err 0x02
Aug 22 11:19:36.772581 n kernel: hci0: err 0x02
Aug 22 11:19:36.772591 n kernel: hci0: err 0x02
Aug 22 11:19:36.772600 n kernel: hci0: err 0x02
Aug 22 11:19:36.772615 n kernel: hci0: err 0x02
Aug 22 11:19:36.772625 n kernel: hci0: err 0x02
Aug 22 11:19:36.772633 n kernel: hci0: err 0x02
Aug 22 11:19:36.772642 n kernel: hci0: err 0x02
Aug 22 11:19:36.772661 n kernel: hci0: err 0x02
Aug 22 11:19:36.772672 n kernel: hci0
Aug 22 11:19:36.773497 n kernel: hci0: 
Aug 22 11:19:36.773517 n kernel: hci0: 
Aug 22 11:19:36.773533 n kernel: hci0: 
Aug 22 11:19:36.773561 n kernel: hci0: 
Aug 22 11:19:36.773570 n kernel: hci0: entry 00000000909216a6
Aug 22 11:19:36.773580 n kernel: hci0: 
Aug 22 11:19:36.773594 n kernel: hci0: 
Aug 22 11:19:36.773616 n kernel: hci0: 
Aug 22 11:19:36.773625 n kernel: hci0: entry 00000000e062e4b6
Aug 22 11:19:36.773641 n kernel: hci0: 
Aug 22 11:19:36.773656 n kernel: hci0: 
Aug 22 11:19:36.773679 n kernel: hci0: 
Aug 22 11:19:36.773686 n kernel: hci0: entry 000000003f688071
Aug 22 11:19:36.773705 n kernel: hci0: 
Aug 22 11:19:36.773714 n kernel: hci0: 
Aug 22 11:19:36.773749 n kernel: hci0: 
Aug 22 11:19:36.773760 n kernel: hci0: entry 000000009b804189
Aug 22 11:19:36.773778 n kernel: hci0: 
Aug 22 11:19:36.773791 n kernel: hci0: 
Aug 22 11:19:36.773818 n kernel: hci0: 
Aug 22 11:19:36.773828 n kernel: hci0: entry 0000000081485258
Aug 22 11:19:36.773838 n kernel: hci0: 
Aug 22 11:19:36.773848 n kernel: hci0: 
Aug 22 11:19:36.773942 n kernel: hci0 key for AA:BB:CC:00:00:01 type 4
Aug 22 11:19:36.773958 n kernel: hci0 key for AA:BB:CC:00:00:02 type 4
Aug 22 11:19:36.773970 n kernel: hci0 key for AA:BB:CC:00:00:03 type 4
Aug 22 11:19:36.773986 n kernel: hci0 key for AA:BB:CC:00:00:04 type 4
Aug 22 11:19:36.773995 n kernel: hci0 key for AA:BB:CC:00:00:05 type 4
Aug 22 11:19:36.774089 n kernel: hci0: 
Aug 22 11:19:36.774106 n kernel: hci0: entry 00000000756daed0
Aug 22 11:19:36.774119 n kernel: hci0: 
Aug 22 11:19:36.774129 n kernel: hci0: 
Aug 22 11:19:36.774183 n kernel: hci0: 
Aug 22 11:19:36.774190 n kernel: hci0: entry 000000001e73fa39
Aug 22 11:19:36.774202 n kernel: hci0: 
Aug 22 11:19:36.774211 n kernel: hci0: 
Aug 22 11:19:36.774229 n kernel: hci0: 
Aug 22 11:19:36.774243 n kernel: hci0: entry 00000000562d60ce
Aug 22 11:19:36.774256 n kernel: hci0: 
Aug 22 11:19:36.774278 n kernel: hci0: 
Aug 22 11:19:36.774301 n kernel: hci0: 
Aug 22 11:19:36.774310 n kernel: hci0: entry 00000000c59bee5c
Aug 22 11:19:36.774320 n kernel: hci0: 
Aug 22 11:19:36.774329 n kernel: hci0: 
Aug 22 11:19:36.774347 n kernel: hci0: 
Aug 22 11:19:36.774356 n kernel: hci0: entry 00000000db55d0b4
Aug 22 11:19:36.774367 n kernel: hci0: 
Aug 22 11:19:36.774376 n kernel: hci0: 
Aug 22 11:19:39.776637 n kernel: hci0 000000006130c661
Aug 22 11:19:39.776655 n kernel: hci0: 
Aug 22 11:19:39.776674 n kernel: hci0
Aug 22 11:19:39.776692 n kernel: hci0
Aug 22 11:19:39.776703 n kernel: hci0
Aug 22 11:19:39.776714 n kernel: hci0
Aug 22 11:19:39.776723 n kernel: hci0: 
Aug 22 11:19:39.776733 n kernel: hci0: 
Aug 22 11:19:39.776745 n kernel: hci0: Opcode 0x0c03
Aug 22 11:19:39.776759 n kernel: hci0: opcode 0x0c03 plen 0
Aug 22 11:19:39.776783 n kernel: hci0: skb len 3
Aug 22 11:19:39.776798 n kernel: hci0: length 1
Aug 22 11:19:39.776819 n kernel: hci0 cmd_cnt 1 cmd queued 1
Aug 22 11:19:39.776835 n kernel: hci0: skb 00000000a6410ab1
Aug 22 11:19:41.798693 n kernel: hci0: end: err -110
Aug 22 11:19:41.798866 n kernel: Bluetooth: hci0: Opcode 0x0c03 failed: -110
Aug 22 11:19:41.798936 n kernel: hci0
Aug 22 11:19:41.798964 n kernel: hci0: err 0x02
Aug 22 11:19:41.798997 n kernel: hci0
Aug 22 11:20:37.533411 n kernel: usbcore: deregistering interface driver btusb
Aug 22 11:20:37.533519 n kernel: 000000006130c661 name hci0 bus 1
Aug 22 11:20:37.533537 n kernel: hci0 000000006130c661
Aug 22 11:20:37.533556 n kernel: hci0: 
Aug 22 11:20:37.542547 n kernel: hci0: err 0x13
Aug 22 11:20:37.542577 n kernel: hci0: cancelling interleave scan
Aug 22 11:20:45.713098 n kernel: 00000000089df007 name hci0 bus 1
Aug 22 11:20:45.713120 n kernel: hci0
Aug 22 11:20:45.713147 n kernel: hci0 00000000089df007
Aug 22 11:20:45.713179 n kernel: hci0: 
Aug 22 11:20:45.713215 n kernel: hci0
Aug 22 11:20:45.713229 n kernel: hci0
Aug 22 11:20:45.713253 n kernel: usbcore: registered new interface driver btusb
Aug 22 11:20:45.713300 n kernel: hci0
Aug 22 11:20:45.713317 n kernel: hci0
Aug 22 11:20:45.713342 n kernel: hci0: 
Aug 22 11:20:45.713365 n kernel: hci0: 
Aug 22 11:20:45.713378 n kernel: hci0: 
Aug 22 11:20:45.713398 n kernel: hci0: Opcode 0x0c03
Aug 22 11:20:45.713417 n kernel: hci0: opcode 0x0c03 plen 0
Aug 22 11:20:45.713437 n kernel: hci0: skb len 3
Aug 22 11:20:45.713458 n kernel: hci0: length 1
Aug 22 11:20:45.713500 n kernel: 00000000089df007 name hci0 blocked 0
Aug 22 11:20:45.713529 n kernel: hci0 cmd_cnt 1 cmd queued 1
Aug 22 11:20:45.713552 n kernel: hci0: skb 00000000defd5d3b
Aug 22 11:20:45.713580 n kernel: hci0
Aug 22 11:20:45.732507 n kernel: 00000000089df007 name hci0 blocked 0
Aug 22 11:20:47.718628 n kernel: hci0: end: err -110
Aug 22 11:20:47.718775 n kernel: Bluetooth: hci0: Opcode 0x0c03 failed: -110
Aug 22 11:20:47.718820 n kernel: hci0
Aug 22 11:20:47.718854 n kernel: hci0 urb 00000000272dcbee status -2 count 0
Aug 22 11:20:47.718881 n kernel: hci0: err 0x02
Aug 22 11:20:47.718903 n kernel: hci0
Aug 22 11:20:47.718917 n kernel: hci0 urb 0000000050969fb3 status -2 count 0
Aug 22 11:20:47.718939 n kernel: hci0 urb 0000000000db5c28 status -2 count 0
Aug 22 11:20:47.718957 n kernel: hci0 urb 000000003c23dc32 status -2 count 0
