Sep 22 15:47:51.985956 n kernel: hci0: dst AA:BB:CC:00:00:01
Sep 22 15:47:51.985982 n kernel: hci0: dst AA:BB:CC:00:00:01 handle 0x0f00
Sep 22 15:47:51.986005 n kernel: hci0: parent 00000000fb692f04 hcon 00000000a4bd82ae
Sep 22 15:47:51.986045 n kernel: hci0 opcode 0x0804 plen 2
Sep 22 15:47:51.986075 n kernel: hci0: skb len 5
Sep 22 15:47:51.986112 n kernel: hci0 cmd_cnt 1 cmd queued 1
Sep 22 15:47:51.986143 n kernel: hci0: skb 00000000f760243f
Sep 22 15:47:52.358938 n kernel: hci0: hcon 00000000a4bd82ae
Sep 22 15:47:52.358972 n kernel: hci0 opcode 0x0428 plen 17
Sep 22 15:47:52.359016 n kernel: hci0: skb len 20
Sep 22 15:47:52.359042 n kernel: hci0 cmd_cnt 1 cmd queued 1
Sep 22 15:47:52.359062 n kernel: hci0: skb 00000000fa1701ad
Sep 22 15:47:52.376801 n kernel: hci0: hcon 00000000a4bd82ae handle 0x000f
Sep 22 15:47:52.376902 n kernel: hci0 evt 5
Sep 22 15:47:52.381802 n kernel: hci0
Sep 22 15:47:52.381916 n kernel: hci0
Sep 22 15:49:03.990788 n kernel: usb 3-3: usbfs: USBDEVFS_CONTROL failed cmd tcpdump rqt 128 rq 6 len 18 ret -110
Sep 22 15:49:09.110795 n kernel: usb 3-3: usbfs: USBDEVFS_CONTROL failed cmd tcpdump rqt 128 rq 6 len 9 ret -110
Sep 22 15:50:45.204817 n kernel: hci0: handle 0x0f reason 0x13
Sep 22 15:50:45.204828 n kernel: hci0: 
Sep 22 15:50:45.204850 n kernel: hci0: entry 0000000050a33cc5
Sep 22 15:50:45.204860 n kernel: hci0: Opcode 0x0406
Sep 22 15:50:45.204879 n kernel: hci0: opcode 0x0406 plen 3
Sep 22 15:50:45.204890 n kernel: hci0: skb len 6
Sep 22 15:50:45.204908 n kernel: hci0: length 1
Sep 22 15:50:45.204938 n kernel: hci0 cmd_cnt 1 cmd queued 1
Sep 22 15:50:45.204951 n kernel: hci0: skb 00000000e466ffa4
Sep 22 15:50:47.222823 n kernel: hci0: end: err -110
Sep 22 15:50:47.222950 n kernel: Bluetooth: hci0: command 0x0406 tx timeout
Sep 22 15:50:47.223015 n kernel: hci0: err 0x6e
Sep 22 15:50:47.223040 n kernel: hci0: status 0x13
Sep 22 15:50:47.223066 n kernel: hci0 cmd_cnt 1 cmd queued 0
Sep 22 15:50:47.223091 n kernel: hci0 hcon 00000000a4bd82ae handle 15
Sep 22 15:50:47.223117 n kernel: hci0: hcon 00000000a4bd82ae
Sep 22 15:50:47.238984 n kernel: hci0 evt 6
Sep 22 15:50:52.536851 n kernel: Bluetooth: hci0: setting interface failed (110)
Sep 22 15:50:56.898960 n kernel: hci0: dst AA:BB:CC:00:00:01
Sep 22 15:50:56.898980 n kernel: hci0: dst AA:BB:CC:00:00:01 handle 0x0f00
Sep 22 15:50:56.898993 n kernel: hci0: parent 00000000fb692f04 hcon 00000000e3373e3b
Sep 22 15:50:56.899025 n kernel: hci0: hcon 00000000e3373e3b
Sep 22 15:50:56.899035 n kernel: hci0 opcode 0x0428 plen 17
Sep 22 15:50:56.899046 n kernel: hci0: skb len 20
Sep 22 15:50:56.899056 n kernel: hci0 cmd_cnt 1 cmd queued 1
Sep 22 15:50:56.899075 n kernel: hci0: skb 000000004ea37ff0
Sep 22 15:50:58.934836 n kernel: Bluetooth: hci0: command 0x0406 tx timeout
Sep 22 15:50:58.934939 n kernel: hci0: err 0x6e
Sep 22 15:50:58.934956 n kernel: hci0 cmd_cnt 1 cmd queued 0
Sep 22 15:51:19.186046 n kernel: hci0: handle 0xf00 reason 0x13
Sep 22 15:51:19.186095 n kernel: hci0: 
Sep 22 15:51:19.186134 n kernel: hci0: entry 000000002d387bc4
Sep 22 15:51:19.186161 n kernel: hci0: Opcode 0x0408
Sep 22 15:51:19.186191 n kernel: hci0: opcode 0x0408 plen 6
Sep 22 15:51:19.186219 n kernel: hci0: skb len 9
Sep 22 15:51:19.186250 n kernel: hci0: length 1
Sep 22 15:51:19.186289 n kernel: hci0 cmd_cnt 1 cmd queued 1
Sep 22 15:51:19.186315 n kernel: hci0: skb 0000000081da38b1
Sep 22 15:51:21.206807 n kernel: Bluetooth: hci0: command 0x0406 tx timeout
Sep 22 15:51:21.206986 n kernel: hci0: err 0x6e
Sep 22 15:51:21.207025 n kernel: hci0: end: err -110
Sep 22 15:51:21.207043 n kernel: hci0 cmd_cnt 1 cmd queued 0
Sep 22 15:51:21.207074 n kernel: hci0: status 0x13
Sep 22 15:51:21.207110 n kernel: hci0 hcon 00000000e3373e3b handle 3840
Sep 22 15:51:21.207142 n kernel: hci0: hcon 00000000e3373e3b
Sep 22 15:51:21.229926 n kernel: hci0 evt 6
Sep 22 15:54:33.695957 n kernel: hci0: dst AA:BB:CC:00:00:01
Sep 22 15:54:33.696013 n kernel: hci0: dst AA:BB:CC:00:00:01 handle 0x0f00
Sep 22 15:54:33.696040 n kernel: hci0: parent 00000000fb692f04 hcon 00000000dfbb2563
Sep 22 15:54:33.696099 n kernel: hci0: hcon 00000000dfbb2563
Sep 22 15:54:33.696124 n kernel: hci0 opcode 0x0428 plen 17
Sep 22 15:54:33.696146 n kernel: hci0: skb len 20
Sep 22 15:54:33.696163 n kernel: hci0 cmd_cnt 1 cmd queued 1
Sep 22 15:54:33.696191 n kernel: hci0: skb 00000000ecb70a57
Sep 22 15:54:35.702822 n kernel: Bluetooth: hci0: command 0x0406 tx timeout
Sep 22 15:54:35.702946 n kernel: hci0: err 0x6e
Sep 22 15:54:35.702976 n kernel: hci0 cmd_cnt 1 cmd queued 0
Sep 22 15:54:55.900882 n kernel: hci0: handle 0xf00 reason 0x13
Sep 22 15:54:55.900910 n kernel: hci0: 
Sep 22 15:54:55.900940 n kernel: hci0: entry 0000000007b24f59
Sep 22 15:54:55.900959 n kernel: hci0: Opcode 0x0408
Sep 22 15:54:55.900972 n kernel: hci0: opcode 0x0408 plen 6
Sep 22 15:54:55.900989 n kernel: hci0: skb len 9
Sep 22 15:54:55.901011 n kernel: hci0: length 1
Sep 22 15:54:55.901035 n kernel: hci0 cmd_cnt 1 cmd queued 1
Sep 22 15:54:55.901050 n kernel: hci0: skb 000000001c82259f
Sep 22 15:54:57.910809 n kernel: hci0: end: err -110
Sep 22 15:54:57.910936 n kernel: Bluetooth: hci0: command 0x0406 tx timeout
Sep 22 15:54:57.910998 n kernel: hci0: status 0x13
Sep 22 15:54:57.911030 n kernel: hci0: err 0x6e
Sep 22 15:54:57.911064 n kernel: hci0 hcon 00000000dfbb2563 handle 3840
Sep 22 15:54:57.911100 n kernel: hci0: hcon 00000000dfbb2563
Sep 22 15:54:57.911131 n kernel: hci0 cmd_cnt 1 cmd queued 0
Sep 22 15:54:57.930925 n kernel: hci0 evt 6
Sep 22 15:55:03.188035 n kernel: hci0: dst AA:BB:CC:00:00:01
Sep 22 15:55:03.188071 n kernel: hci0: dst AA:BB:CC:00:00:01 handle 0x0f00
Sep 22 15:55:03.188087 n kernel: hci0: parent 00000000fb692f04 hcon 00000000dfbb2563
Sep 22 15:55:03.188127 n kernel: hci0: hcon 00000000dfbb2563
Sep 22 15:55:03.188146 n kernel: hci0 opcode 0x0428 plen 17
Sep 22 15:55:03.188169 n kernel: hci0: skb len 20
Sep 22 15:55:03.188180 n kernel: hci0 cmd_cnt 1 cmd queued 1
Sep 22 15:55:03.188196 n kernel: hci0: skb 00000000d2b62b4f
Sep 22 15:55:05.206814 n kernel: Bluetooth: hci0: command 0x0406 tx timeout
Sep 22 15:55:05.206925 n kernel: hci0: err 0x6e
Sep 22 15:55:05.206947 n kernel: hci0 cmd_cnt 1 cmd queued 0
Sep 22 15:55:46.422886 n kernel: hci0: handle 0xf00 reason 0x13
Sep 22 15:55:46.422911 n kernel: hci0: 
Sep 22 15:55:46.422937 n kernel: hci0: entry 000000007b6f17b0
Sep 22 15:55:46.422959 n kernel: hci0: Opcode 0x0408
Sep 22 15:55:46.422972 n kernel: hci0: opcode 0x0408 plen 6
Sep 22 15:55:46.422984 n kernel: hci0: skb len 9
Sep 22 15:55:46.423003 n kernel: hci0: length 1
Sep 22 15:55:46.423028 n kernel: hci0 cmd_cnt 1 cmd queued 1
Sep 22 15:55:46.423040 n kernel: hci0: skb 00000000cb8e05cd
Sep 22 15:55:48.470817 n kernel: hci0: end: err -110
Sep 22 15:55:48.470935 n kernel: Bluetooth: hci0: command 0x0406 tx timeout
Sep 22 15:55:48.470975 n kernel: hci0: err 0x6e
Sep 22 15:55:48.470999 n kernel: hci0: status 0x13
Sep 22 15:55:48.471015 n kernel: hci0 cmd_cnt 1 cmd queued 0
Sep 22 15:55:48.471035 n kernel: hci0 hcon 00000000dfbb2563 handle 3840
Sep 22 15:55:48.471051 n kernel: hci0: hcon 00000000dfbb2563
Sep 22 15:55:48.499895 n kernel: hci0 evt 6
Sep 22 15:55:51.429973 n kernel: hci0: dst AA:BB:CC:00:00:01
Sep 22 15:55:51.430010 n kernel: hci0: dst AA:BB:CC:00:00:01 handle 0x0f00
Sep 22 15:55:51.430025 n kernel: hci0: parent 00000000fb692f04 hcon 000000005d79a2fa
Sep 22 15:55:51.430064 n kernel: hci0: hcon 000000005d79a2fa
Sep 22 15:55:51.430087 n kernel: hci0 opcode 0x0428 plen 17
Sep 22 15:55:51.430103 n kernel: hci0: skb len 20
Sep 22 15:55:51.430121 n kernel: hci0 cmd_cnt 1 cmd queued 1
Sep 22 15:55:51.430135 n kernel: hci0: skb 00000000a6b97ae5
Sep 22 15:55:53.462822 n kernel: Bluetooth: hci0: command 0x0406 tx timeout
Sep 22 15:55:53.462911 n kernel: hci0: err 0x6e
Sep 22 15:55:53.462947 n kernel: hci0 cmd_cnt 1 cmd queued 0
Sep 22 15:55:57.352906 n kernel: hci0: handle 0xf00 reason 0x13
Sep 22 15:55:57.352934 n kernel: hci0: 
Sep 22 15:55:57.352972 n kernel: hci0: entry 00000000fa5b0023
Sep 22 15:55:57.352996 n kernel: hci0: Opcode 0x0408
Sep 22 15:55:57.353014 n kernel: hci0: opcode 0x0408 plen 6
Sep 22 15:55:57.353031 n kernel: hci0: skb len 9
Sep 22 15:55:57.353054 n kernel: hci0: length 1
Sep 22 15:55:57.353077 n kernel: hci0 cmd_cnt 1 cmd queued 1
Sep 22 15:55:57.353093 n kernel: hci0: skb 00000000f74ca6ee
Sep 22 15:55:59.414796 n kernel: Bluetooth: hci0: command 0x0406 tx timeout
Sep 22 15:55:59.414888 n kernel: hci0: err 0x6e
Sep 22 15:55:59.414926 n kernel: hci0 cmd_cnt 1 cmd queued 0
Sep 22 15:55:59.414945 n kernel: hci0: end: err -110
Sep 22 15:55:59.414964 n kernel: hci0: status 0x13
Sep 22 15:55:59.414975 n kernel: hci0 hcon 000000005d79a2fa handle 3840
Sep 22 15:55:59.415002 n kernel: hci0: hcon 000000005d79a2fa
Sep 22 15:55:59.426969 n kernel: hci0 evt 6
Sep 22 15:58:41.049015 n kernel: hci0: dst AA:BB:CC:00:00:01
Sep 22 15:58:41.049047 n kernel: hci0: dst AA:BB:CC:00:00:01 handle 0x0f00
Sep 22 15:58:41.049070 n kernel: hci0: parent 00000000fb692f04 hcon 00000000c9d3d692
Sep 22 15:58:41.049123 n kernel: hci0: hcon 00000000c9d3d692
Sep 22 15:58:41.049145 n kernel: hci0 opcode 0x0428 plen 17
Sep 22 15:58:41.049165 n kernel: hci0: skb len 20
Sep 22 15:58:41.049181 n kernel: hci0 cmd_cnt 1 cmd queued 1
Sep 22 15:58:41.049213 n kernel: hci0: skb 00000000d9c1b988
Sep 22 15:58:43.062804 n kernel: Bluetooth: hci0: command 0x0406 tx timeout
Sep 22 15:58:43.062963 n kernel: hci0: err 0x6e
Sep 22 15:58:43.062995 n kernel: hci0 cmd_cnt 1 cmd queued 0
Sep 22 15:59:23.515231 n kernel: hci0: handle 0xf00 reason 0x13
Sep 22 15:59:23.515275 n kernel: hci0: 
Sep 22 15:59:23.515309 n kernel: hci0: entry 00000000ac6954b5
Sep 22 15:59:23.515348 n kernel: hci0: Opcode 0x0408
Sep 22 15:59:23.515378 n kernel: hci0: opcode 0x0408 plen 6
Sep 22 15:59:23.515399 n kernel: hci0: skb len 9
Sep 22 15:59:23.515431 n kernel: hci0: length 1
Sep 22 15:59:23.515465 n kernel: hci0 cmd_cnt 1 cmd queued 1
Sep 22 15:59:23.515494 n kernel: hci0: skb 0000000010f7c927
Sep 22 15:59:25.558804 n kernel: Bluetooth: hci0: command 0x0406 tx timeout
Sep 22 15:59:25.558926 n kernel: hci0: err 0x6e
Sep 22 15:59:25.558949 n kernel: hci0 cmd_cnt 1 cmd queued 0
Sep 22 15:59:25.558976 n kernel: hci0: end: err -110
Sep 22 15:59:25.558986 n kernel: hci0: status 0x13
Sep 22 15:59:25.559000 n kernel: hci0 hcon 00000000c9d3d692 handle 3840
Sep 22 15:59:25.559020 n kernel: hci0: hcon 00000000c9d3d692
Sep 22 15:59:25.586938 n kernel: hci0 evt 6
Sep 22 16:00:24.959005 n kernel: hci0: dst AA:BB:CC:00:00:01
Sep 22 16:00:24.959047 n kernel: hci0: dst AA:BB:CC:00:00:01 handle 0x0f00
Sep 22 16:00:24.959066 n kernel: hci0: parent 00000000fb692f04 hcon 00000000de8d1d2a
Sep 22 16:00:24.959112 n kernel: hci0: hcon 00000000de8d1d2a
Sep 22 16:00:24.959136 n kernel: hci0 opcode 0x0428 plen 17
Sep 22 16:00:24.959156 n kernel: hci0: skb len 20
Sep 22 16:00:24.959172 n kernel: hci0 cmd_cnt 1 cmd queued 1
Sep 22 16:00:24.959191 n kernel: hci0: skb 000000008397d345
Sep 22 16:00:26.998802 n kernel: Bluetooth: hci0: command 0x0406 tx timeout
Sep 22 16:00:26.998962 n kernel: hci0: err 0x6e
Sep 22 16:00:26.998993 n kernel: hci0 cmd_cnt 1 cmd queued 0
Sep 22 16:00:40.013896 n kernel: hci0: handle 0xf00 reason 0x13
Sep 22 16:00:40.013926 n kernel: hci0: 
Sep 22 16:00:40.013954 n kernel: hci0: entry 00000000bb3acbca
Sep 22 16:00:40.013975 n kernel: hci0: Opcode 0x0408
Sep 22 16:00:40.013988 n kernel: hci0: opcode 0x0408 plen 6
Sep 22 16:00:40.014001 n kernel: hci0: skb len 9
Sep 22 16:00:40.014023 n kernel: hci0: length 1
Sep 22 16:00:40.014039 n kernel: hci0 cmd_cnt 1 cmd queued 1
Sep 22 16:00:40.014061 n kernel: hci0: skb 000000007eaea882
Sep 22 16:00:42.038840 n kernel: hci0: end: err -110
Sep 22 16:00:42.039000 n kernel: hci0: status 0x13
Sep 22 16:00:42.039036 n kernel: Bluetooth: hci0: command 0x0406 tx timeout
Sep 22 16:00:42.039084 n kernel: hci0 hcon 00000000de8d1d2a handle 3840
Sep 22 16:00:42.039128 n kernel: hci0: hcon 00000000de8d1d2a
Sep 22 16:00:42.039154 n kernel: hci0: err 0x6e
Sep 22 16:00:42.039172 n kernel: hci0 cmd_cnt 1 cmd queued 0
Sep 22 16:00:42.057006 n kernel: hci0 evt 6
Sep 22 16:10:06.175956 n kernel: hci0: dst AA:BB:CC:00:00:01
Sep 22 16:10:06.175990 n kernel: hci0: dst AA:BB:CC:00:00:01 handle 0x0f00
Sep 22 16:10:06.176014 n kernel: hci0: parent 00000000fb692f04 hcon 000000007058345f
Sep 22 16:10:06.176058 n kernel: hci0: hcon 000000007058345f
Sep 22 16:10:06.176087 n kernel: hci0 opcode 0x0428 plen 17
Sep 22 16:10:06.176106 n kernel: hci0: skb len 20
Sep 22 16:10:06.176124 n kernel: hci0 cmd_cnt 1 cmd queued 1
Sep 22 16:10:06.176149 n kernel: hci0: skb 000000002e30ed0c
Sep 22 16:10:08.182811 n kernel: Bluetooth: hci0: command 0x0406 tx timeout
Sep 22 16:10:08.182962 n kernel: hci0: err 0x6e
Sep 22 16:10:08.182994 n kernel: hci0 cmd_cnt 1 cmd queued 0
Sep 22 16:10:47.547462 n kernel: hci0: handle 0xf00 reason 0x13
Sep 22 16:10:47.547500 n kernel: hci0: 
Sep 22 16:10:47.547531 n kernel: hci0: entry 000000000a5856a9
Sep 22 16:10:47.547549 n kernel: hci0: Opcode 0x0408
Sep 22 16:10:47.547561 n kernel: hci0: opcode 0x0408 plen 6
Sep 22 16:10:47.547573 n kernel: hci0: skb len 9
Sep 22 16:10:47.547595 n kernel: hci0: length 1
Sep 22 16:10:47.547618 n kernel: hci0 cmd_cnt 1 cmd queued 1
Sep 22 16:10:47.547643 n kernel: hci0: skb 000000003959cc5e
Sep 22 16:10:49.590797 n kernel: hci0: end: err -110
Sep 22 16:10:49.590892 n kernel: hci0: status 0x13
Sep 22 16:10:49.590911 n kernel: Bluetooth: hci0: command 0x0406 tx timeout
Sep 22 16:10:49.590942 n kernel: hci0 hcon 000000007058345f handle 3840
Sep 22 16:10:49.590969 n kernel: hci0: hcon 000000007058345f
Sep 22 16:10:49.590985 n kernel: hci0: err 0x6e
Sep 22 16:10:49.591009 n kernel: hci0 cmd_cnt 1 cmd queued 0
Sep 22 16:10:49.606909 n kernel: hci0 evt 6
Sep 22 16:17:02.414934 n kernel: hci0: dst AA:BB:CC:00:00:01
Sep 22 16:17:02.414959 n kernel: hci0: dst AA:BB:CC:00:00:01 handle 0x0f00
Sep 22 16:17:02.414982 n kernel: hci0: parent 00000000fb692f04 hcon 00000000dfbb2563
Sep 22 16:17:02.415026 n kernel: hci0: hcon 00000000dfbb2563
Sep 22 16:17:02.415039 n kernel: hci0 opcode 0x0428 plen 17
Sep 22 16:17:02.415052 n kernel: hci0: skb len 20
Sep 22 16:17:02.415068 n kernel: hci0 cmd_cnt 1 cmd queued 1
Sep 22 16:17:02.415087 n kernel: hci0: skb 00000000c0edbbd0
Sep 22 16:17:04.438806 n kernel: Bluetooth: hci0: command 0x0406 tx timeout
Sep 22 16:17:04.438971 n kernel: hci0: err 0x6e
Sep 22 16:17:04.439007 n kernel: hci0 cmd_cnt 1 cmd queued 0
Sep 22 16:17:17.427889 n kernel: hci0: handle 0xf00 reason 0x13
Sep 22 16:17:17.427910 n kernel: hci0: 
Sep 22 16:17:17.427938 n kernel: hci0: entry 000000000a5856a9
Sep 22 16:17:17.427954 n kernel: hci0: Opcode 0x0408
Sep 22 16:17:17.427967 n kernel: hci0: opcode 0x0408 plen 6
Sep 22 16:17:17.427984 n kernel: hci0: skb len 9
Sep 22 16:17:17.428002 n kernel: hci0: length 1
Sep 22 16:17:17.428027 n kernel: hci0 cmd_cnt 1 cmd queued 1
Sep 22 16:17:17.428045 n kernel: hci0: skb 00000000fe089e31
Sep 22 16:17:19.478826 n kernel: Bluetooth: hci0: command 0x0406 tx timeout
Sep 22 16:17:19.478970 n kernel: hci0: err 0x6e
Sep 22 16:17:19.479013 n kernel: hci0 cmd_cnt 1 cmd queued 0
Sep 22 16:17:19.479045 n kernel: hci0: end: err -110
Sep 22 16:17:19.479073 n kernel: hci0: status 0x13
Sep 22 16:17:19.479094 n kernel: hci0 hcon 00000000dfbb2563 handle 3840
Sep 22 16:17:19.479122 n kernel: hci0: hcon 00000000dfbb2563
Sep 22 16:17:19.491052 n kernel: hci0 evt 6
Sep 22 18:22:18.056023 n kernel: hci0: dst AA:BB:CC:00:00:01
Sep 22 18:22:18.056056 n kernel: hci0: dst AA:BB:CC:00:00:01 handle 0x0f00
Sep 22 18:22:18.056074 n kernel: hci0: parent 00000000fb692f04 hcon 000000004cc7d3b9
Sep 22 18:22:18.056141 n kernel: hci0: hcon 000000004cc7d3b9
Sep 22 18:22:18.056169 n kernel: hci0 opcode 0x0428 plen 17
Sep 22 18:22:18.056193 n kernel: hci0: skb len 20
Sep 22 18:22:18.056212 n kernel: hci0 cmd_cnt 1 cmd queued 1
Sep 22 18:22:18.056235 n kernel: hci0: skb 000000004623bb9b
Sep 22 18:22:20.086850 n kernel: Bluetooth: hci0: command 0x0406 tx timeout
Sep 22 18:22:20.086974 n kernel: hci0: err 0x6e
Sep 22 18:22:20.086999 n kernel: hci0 cmd_cnt 1 cmd queued 0
Sep 22 18:22:33.492886 n kernel: hci0: handle 0xf00 reason 0x13
Sep 22 18:22:33.492922 n kernel: hci0: 
Sep 22 18:22:33.492951 n kernel: hci0: entry 000000000a5856a9
Sep 22 18:22:33.492988 n kernel: hci0: Opcode 0x0408
Sep 22 18:22:33.493004 n kernel: hci0: opcode 0x0408 plen 6
Sep 22 18:22:33.493018 n kernel: hci0: skb len 9
Sep 22 18:22:33.493045 n kernel: hci0: length 1
Sep 22 18:22:33.493067 n kernel: hci0 cmd_cnt 1 cmd queued 1
Sep 22 18:22:33.493084 n kernel: hci0: skb 00000000e162a76d
Sep 22 18:22:35.510836 n kernel: Bluetooth: hci0: command 0x0406 tx timeout
Sep 22 18:22:35.516698 n kernel: hci0: err 0x6e
Sep 22 18:22:35.516766 n kernel: hci0 cmd_cnt 1 cmd queued 0
Sep 22 18:22:35.516811 n kernel: hci0: end: err -110
Sep 22 18:22:35.516871 n kernel: hci0: status 0x13
Sep 22 18:22:35.516923 n kernel: hci0 hcon 000000004cc7d3b9 handle 3840
Sep 22 18:22:35.516957 n kernel: hci0: hcon 000000004cc7d3b9
Sep 22 18:22:35.528950 n kernel: hci0 evt 6
Sep 22 18:22:37.568045 n kernel: hci0: dst AA:BB:CC:00:00:01
Sep 22 18:22:37.568103 n kernel: hci0: dst AA:BB:CC:00:00:01 handle 0x0f00
Sep 22 18:22:37.568136 n kernel: hci0: parent 00000000fb692f04 hcon 00000000fc30db7a
Sep 22 18:22:37.568234 n kernel: hci0: hcon 00000000fc30db7a
Sep 22 18:22:37.568269 n kernel: hci0 opcode 0x0428 plen 17
Sep 22 18:22:37.568287 n kernel: hci0: skb len 20
Sep 22 18:22:37.568301 n kernel: hci0 cmd_cnt 1 cmd queued 1
Sep 22 18:22:37.568318 n kernel: hci0: skb 000000009b4a161a
Sep 22 18:22:39.606805 n kernel: Bluetooth: hci0: command 0x0406 tx timeout
Sep 22 18:22:39.607008 n kernel: hci0: err 0x6e
Sep 22 18:22:39.607046 n kernel: hci0 cmd_cnt 1 cmd queued 0
Sep 22 18:22:47.102882 n kernel: hci0: handle 0xf00 reason 0x13
Sep 22 18:22:47.102917 n kernel: hci0: 
Sep 22 18:22:47.102947 n kernel: hci0: entry 00000000b2d7556b
Sep 22 18:22:47.102962 n kernel: hci0: Opcode 0x0408
Sep 22 18:22:47.102977 n kernel: hci0: opcode 0x0408 plen 6
Sep 22 18:22:47.102997 n kernel: hci0: skb len 9
Sep 22 18:22:47.103016 n kernel: hci0: length 1
Sep 22 18:22:47.103032 n kernel: hci0 cmd_cnt 1 cmd queued 1
Sep 22 18:22:47.103048 n kernel: hci0: skb 00000000053ff830
Sep 22 18:22:49.142844 n kernel: Bluetooth: hci0: command 0x0406 tx timeout
Sep 22 18:22:49.142998 n kernel: hci0: err 0x6e
Sep 22 18:22:49.143055 n kernel: hci0 cmd_cnt 1 cmd queued 0
Sep 22 18:22:49.143096 n kernel: hci0: end: err -110
Sep 22 18:22:49.143140 n kernel: hci0: status 0x13
Sep 22 18:22:49.143172 n kernel: hci0 hcon 00000000fc30db7a handle 3840
Sep 22 18:22:49.143199 n kernel: hci0: hcon 00000000fc30db7a
Sep 22 18:22:49.158967 n kernel: hci0 evt 6
Sep 22 18:22:54.356935 n kernel: hci0: dst AA:BB:CC:00:00:01
Sep 22 18:22:54.356956 n kernel: hci0: dst AA:BB:CC:00:00:01 handle 0x0f00
Sep 22 18:22:54.356968 n kernel: hci0: parent 00000000fb692f04 hcon 00000000a50d8d6d
Sep 22 18:22:54.357007 n kernel: hci0: hcon 00000000a50d8d6d
Sep 22 18:22:54.357025 n kernel: hci0 opcode 0x0428 plen 17
Sep 22 18:22:54.357041 n kernel: hci0: skb len 20
Sep 22 18:22:54.357060 n kernel: hci0 cmd_cnt 1 cmd queued 1
Sep 22 18:22:54.357070 n kernel: hci0: skb 000000000b3eff8d
Sep 22 18:22:56.375830 n kernel: Bluetooth: hci0: command 0x0406 tx timeout
Sep 22 18:22:56.375930 n kernel: hci0: err 0x6e
Sep 22 18:22:56.375992 n kernel: hci0 cmd_cnt 1 cmd queued 0
Sep 22 18:23:38.358863 n kernel: hci0: handle 0xf00 reason 0x13
Sep 22 18:23:38.358897 n kernel: hci0: 
Sep 22 18:23:38.358931 n kernel: hci0: entry 000000000a5856a9
Sep 22 18:23:38.358952 n kernel: hci0: Opcode 0x0408
Sep 22 18:23:38.358965 n kernel: hci0: opcode 0x0408 plen 6
Sep 22 18:23:38.358978 n kernel: hci0: skb len 9
Sep 22 18:23:38.358998 n kernel: hci0: length 1
Sep 22 18:23:38.359016 n kernel: hci0 cmd_cnt 1 cmd queued 1
Sep 22 18:23:38.359035 n kernel: hci0: skb 000000001ad9301e
Sep 22 18:23:40.406822 n kernel: hci0: end: err -110
Sep 22 18:23:40.406944 n kernel: hci0: status 0x13
Sep 22 18:23:40.406963 n kernel: hci0 hcon 00000000a50d8d6d handle 3840
Sep 22 18:23:40.406996 n kernel: hci0: hcon 00000000a50d8d6d
Sep 22 18:23:40.407017 n kernel: Bluetooth: hci0: command 0x0406 tx timeout
Sep 22 18:23:40.407045 n kernel: hci0: err 0x6e
Sep 22 18:23:40.407063 n kernel: hci0 cmd_cnt 1 cmd queued 0
Sep 22 18:23:40.415950 n kernel: hci0 evt 6
Sep 22 18:24:05.081961 n kernel: hci0: dst AA:BB:CC:00:00:01
Sep 22 18:24:05.081985 n kernel: hci0: dst AA:BB:CC:00:00:01 handle 0x0f00
Sep 22 18:24:05.082006 n kernel: hci0: parent 00000000fb692f04 hcon 0000000014532b0b
Sep 22 18:24:05.082052 n kernel: hci0: hcon 0000000014532b0b
Sep 22 18:24:05.082065 n kernel: hci0 opcode 0x0428 plen 17
Sep 22 18:24:05.082080 n kernel: hci0: skb len 20
Sep 22 18:24:05.082093 n kernel: hci0 cmd_cnt 1 cmd queued 1
Sep 22 18:24:05.082105 n kernel: hci0: skb 0000000008a5b9ee
Sep 22 18:24:07.094812 n kernel: Bluetooth: hci0: command 0x0406 tx timeout
Sep 22 18:24:07.094928 n kernel: hci0: err 0x6e
Sep 22 18:24:07.094951 n kernel: hci0 cmd_cnt 1 cmd queued 0
Sep 22 18:24:29.200906 n kernel: hci0: handle 0xf00 reason 0x13
Sep 22 18:24:29.200948 n kernel: hci0: 
Sep 22 18:24:29.200978 n kernel: hci0: entry 00000000ac6954b5
Sep 22 18:24:29.200995 n kernel: hci0: Opcode 0x0408
Sep 22 18:24:29.201012 n kernel: hci0: opcode 0x0408 plen 6
Sep 22 18:24:29.201035 n kernel: hci0: skb len 9
Sep 22 18:24:29.201054 n kernel: hci0: length 1
Sep 22 18:24:29.201076 n kernel: hci0 cmd_cnt 1 cmd queued 1
Sep 22 18:24:29.201095 n kernel: hci0: skb 00000000af87313a
Sep 22 18:24:31.222820 n kernel: hci0: end: err -110
Sep 22 18:24:31.222940 n kernel: hci0: status 0x13
Sep 22 18:24:31.222963 n kernel: Bluetooth: hci0: command 0x0406 tx timeout
Sep 22 18:24:31.223004 n kernel: hci0 hcon 0000000014532b0b handle 3840
Sep 22 18:24:31.223043 n kernel: hci0: hcon 0000000014532b0b
Sep 22 18:24:31.223066 n kernel: hci0: err 0x6e
Sep 22 18:24:31.223092 n kernel: hci0 cmd_cnt 1 cmd queued 0
Sep 22 18:24:31.231951 n kernel: hci0 evt 6
Sep 22 18:30:36.795010 n kernel: hci0: dst AA:BB:CC:00:00:01
Sep 22 18:30:36.795042 n kernel: hci0: dst AA:BB:CC:00:00:01 handle 0x0f00
Sep 22 18:30:36.795069 n kernel: hci0: parent 00000000fb692f04 hcon 00000000fc30db7a
Sep 22 18:30:36.795113 n kernel: hci0: hcon 00000000fc30db7a
Sep 22 18:30:36.795140 n kernel: hci0 opcode 0x0428 plen 17
Sep 22 18:30:36.795160 n kernel: hci0: skb len 20
Sep 22 18:30:36.795180 n kernel: hci0 cmd_cnt 1 cmd queued 1
Sep 22 18:30:36.795201 n kernel: hci0: skb 00000000ce0dfff2
Sep 22 18:30:38.838806 n kernel: Bluetooth: hci0: command 0x0406 tx timeout
Sep 22 18:30:38.838954 n kernel: hci0: err 0x6e
Sep 22 18:30:38.838991 n kernel: hci0 cmd_cnt 1 cmd queued 0
Sep 22 18:31:17.115934 n kernel: hci0: handle 0xf00 reason 0x13
Sep 22 18:31:17.115964 n kernel: hci0: 
Sep 22 18:31:17.115991 n kernel: hci0: entry 00000000ac6954b5
Sep 22 18:31:17.116013 n kernel: hci0: Opcode 0x0408
Sep 22 18:31:17.116031 n kernel: hci0: opcode 0x0408 plen 6
Sep 22 18:31:17.116044 n kernel: hci0: skb len 9
Sep 22 18:31:17.116063 n kernel: hci0: length 1
Sep 22 18:31:17.116084 n kernel: hci0 cmd_cnt 1 cmd queued 1
Sep 22 18:31:17.116099 n kernel: hci0: skb 00000000f7815c6a
Sep 22 18:31:19.158849 n kernel: hci0: end: err -110
Sep 22 18:31:19.159028 n kernel: hci0: status 0x13
Sep 22 18:31:19.159048 n kernel: hci0 hcon 00000000fc30db7a handle 3840
Sep 22 18:31:19.159089 n kernel: Bluetooth: hci0: command 0x0406 tx timeout
Sep 22 18:31:19.159133 n kernel: hci0: hcon 00000000fc30db7a
Sep 22 18:31:19.159151 n kernel: hci0: err 0x6e
Sep 22 18:31:19.159168 n kernel: hci0 cmd_cnt 1 cmd queued 0
Sep 22 18:31:19.171945 n kernel: hci0 evt 6
Sep 22 18:31:39.412957 n kernel: hci0: dst AA:BB:CC:00:00:01
Sep 22 18:31:39.412977 n kernel: hci0: dst AA:BB:CC:00:00:01 handle 0x0f00
Sep 22 18:31:39.412994 n kernel: hci0: parent 00000000fb692f04 hcon 000000001eb1e143
Sep 22 18:31:39.413035 n kernel: hci0: hcon 000000001eb1e143
Sep 22 18:31:39.413054 n kernel: hci0 opcode 0x0428 plen 17
Sep 22 18:31:39.413081 n kernel: hci0: skb len 20
Sep 22 18:31:39.413096 n kernel: hci0 cmd_cnt 1 cmd queued 1
Sep 22 18:31:39.413121 n kernel: hci0: skb 00000000bf8e5c5e
Sep 22 18:31:41.430854 n kernel: Bluetooth: hci0: command 0x0406 tx timeout
Sep 22 18:31:41.431007 n kernel: hci0: err 0x6e
Sep 22 18:31:41.431076 n kernel: hci0 cmd_cnt 1 cmd queued 0
Sep 22 18:32:22.647595 n kernel: hci0: handle 0xf00 reason 0x13
Sep 22 18:32:22.647620 n kernel: hci0: 
Sep 22 18:32:22.647644 n kernel: hci0: entry 00000000b2d7556b
Sep 22 18:32:22.647658 n kernel: hci0: Opcode 0x0408
Sep 22 18:32:22.647676 n kernel: hci0: opcode 0x0408 plen 6
Sep 22 18:32:22.647690 n kernel: hci0: skb len 9
Sep 22 18:32:22.647710 n kernel: hci0: length 1
Sep 22 18:32:22.647741 n kernel: hci0 cmd_cnt 1 cmd queued 1
Sep 22 18:32:22.647756 n kernel: hci0: skb 0000000094ac4e9e
Sep 22 18:32:24.694821 n kernel: hci0: end: err -110
Sep 22 18:32:24.694951 n kernel: hci0: status 0x13
Sep 22 18:32:24.694979 n kernel: Bluetooth: hci0: command 0x0406 tx timeout
Sep 22 18:32:24.695010 n kernel: hci0 hcon 000000001eb1e143 handle 3840
Sep 22 18:32:24.695039 n kernel: hci0: hcon 000000001eb1e143
Sep 22 18:32:24.695061 n kernel: hci0: err 0x6e
Sep 22 18:32:24.695082 n kernel: hci0 cmd_cnt 1 cmd queued 0
Sep 22 18:32:24.709889 n kernel: hci0 evt 6
Sep 22 18:32:49.436913 n kernel: hci0: dst AA:BB:CC:00:00:01
Sep 22 18:32:49.436943 n kernel: hci0: dst AA:BB:CC:00:00:01 handle 0x0f00
Sep 22 18:32:49.436962 n kernel: hci0: parent 00000000fb692f04 hcon 00000000fc30db7a
Sep 22 18:32:49.437006 n kernel: hci0: hcon 00000000fc30db7a
Sep 22 18:32:49.437021 n kernel: hci0 opcode 0x0428 plen 17
Sep 22 18:32:49.437037 n kernel: hci0: skb len 20
Sep 22 18:32:49.437050 n kernel: hci0 cmd_cnt 1 cmd queued 1
Sep 22 18:32:49.437071 n kernel: hci0: skb 000000001b72ad7d
Sep 22 18:32:51.446819 n kernel: Bluetooth: hci0: command 0x0406 tx timeout
Sep 22 18:32:51.446934 n kernel: hci0: err 0x6e
Sep 22 18:32:51.446965 n kernel: hci0 cmd_cnt 1 cmd queued 0
Sep 22 18:33:32.283734 n kernel: hci0: handle 0xf00 reason 0x13
Sep 22 18:33:32.283769 n kernel: hci0: 
Sep 22 18:33:32.283841 n kernel: hci0: entry 0000000017edcc84
Sep 22 18:33:32.283879 n kernel: hci0: Opcode 0x0408
Sep 22 18:33:32.283903 n kernel: hci0: opcode 0x0408 plen 6
Sep 22 18:33:32.283924 n kernel: hci0: skb len 9
Sep 22 18:33:32.283960 n kernel: hci0: length 1
Sep 22 18:33:32.283996 n kernel: hci0 cmd_cnt 1 cmd queued 1
Sep 22 18:33:32.284032 n kernel: hci0: skb 00000000014ee682
Sep 22 18:33:34.326803 n kernel: Bluetooth: hci0: command 0x0406 tx timeout
Sep 22 18:33:34.326949 n kernel: hci0: err 0x6e
Sep 22 18:33:34.326983 n kernel: hci0 cmd_cnt 1 cmd queued 0
Sep 22 18:33:34.327010 n kernel: hci0: end: err -110
Sep 22 18:33:34.327041 n kernel: hci0: status 0x13
Sep 22 18:33:34.327073 n kernel: hci0 hcon 00000000fc30db7a handle 3840
Sep 22 18:33:34.327098 n kernel: hci0: hcon 00000000fc30db7a
Sep 22 18:33:34.343919 n kernel: hci0 evt 6
Sep 22 18:33:54.231945 n kernel: hci0: dst AA:BB:CC:00:00:01
Sep 22 18:33:54.231966 n kernel: hci0: dst AA:BB:CC:00:00:01 handle 0x0f00
Sep 22 18:33:54.231983 n kernel: hci0: parent 00000000fb692f04 hcon 00000000a4bd82ae
Sep 22 18:33:54.232026 n kernel: hci0: hcon 00000000a4bd82ae
Sep 22 18:33:54.232047 n kernel: hci0 opcode 0x0428 plen 17
Sep 22 18:33:54.232079 n kernel: hci0: skb len 20
Sep 22 18:33:54.232098 n kernel: hci0 cmd_cnt 1 cmd queued 1
Sep 22 18:33:54.232116 n kernel: hci0: skb 000000007e99ca7c
Sep 22 18:33:56.278825 n kernel: Bluetooth: hci0: command 0x0406 tx timeout
Sep 22 18:33:56.278990 n kernel: hci0: err 0x6e
Sep 22 18:33:56.279028 n kernel: hci0 cmd_cnt 1 cmd queued 0
Sep 22 18:34:37.814956 n kernel: hci0: handle 0xf00 reason 0x13
Sep 22 18:34:37.815016 n kernel: hci0: 
Sep 22 18:34:37.815062 n kernel: hci0: entry 00000000bfcdcc23
Sep 22 18:34:37.815099 n kernel: hci0: Opcode 0x0408
Sep 22 18:34:37.815134 n kernel: hci0: opcode 0x0408 plen 6
Sep 22 18:34:37.815158 n kernel: hci0: skb len 9
Sep 22 18:34:37.815212 n kernel: hci0: length 1
Sep 22 18:34:37.815266 n kernel: hci0 cmd_cnt 1 cmd queued 1
Sep 22 18:34:37.815298 n kernel: hci0: skb 00000000bb8baa72
Sep 22 18:34:39.862855 n kernel: hci0: end: err -110
Sep 22 18:34:39.863018 n kernel: Bluetooth: hci0: command 0x0406 tx timeout
Sep 22 18:34:39.863089 n kernel: hci0: err 0x6e
Sep 22 18:34:39.863139 n kernel: hci0: status 0x13
Sep 22 18:34:39.863166 n kernel: hci0 cmd_cnt 1 cmd queued 0
Sep 22 18:34:39.863196 n kernel: hci0 hcon 00000000a4bd82ae handle 3840
Sep 22 18:34:39.863230 n kernel: hci0: hcon 00000000a4bd82ae
Sep 22 18:34:39.888134 n kernel: hci0 evt 6
Sep 22 18:40:54.141874 n kernel: hci0: dst AA:BB:CC:00:00:01
Sep 22 18:40:54.141896 n kernel: hci0: dst AA:BB:CC:00:00:01 handle 0x0f00
Sep 22 18:40:54.141915 n kernel: hci0: parent 00000000fb692f04 hcon 000000005bbde16a
Sep 22 18:40:54.141956 n kernel: hci0: hcon 000000005bbde16a
Sep 22 18:40:54.141968 n kernel: hci0 opcode 0x0428 plen 17
Sep 22 18:40:54.141986 n kernel: hci0: skb len 20
Sep 22 18:40:54.141998 n kernel: hci0 cmd_cnt 1 cmd queued 1
Sep 22 18:40:54.142010 n kernel: hci0: skb 000000007d043c34
Sep 22 18:40:56.182824 n kernel: Bluetooth: hci0: command 0x0406 tx timeout
Sep 22 18:40:56.182962 n kernel: hci0: err 0x6e
Sep 22 18:40:56.182985 n kernel: hci0 cmd_cnt 1 cmd queued 0
Sep 22 18:41:35.607274 n kernel: hci0: handle 0xf00 reason 0x13
Sep 22 18:41:35.607307 n kernel: hci0: 
Sep 22 18:41:35.607334 n kernel: hci0: entry 00000000bfcdcc23
Sep 22 18:41:35.607349 n kernel: hci0: Opcode 0x0408
Sep 22 18:41:35.607361 n kernel: hci0: opcode 0x0408 plen 6
Sep 22 18:41:35.607382 n kernel: hci0: skb len 9
Sep 22 18:41:35.607417 n kernel: hci0: length 1
Sep 22 18:41:35.607435 n kernel: hci0 cmd_cnt 1 cmd queued 1
Sep 22 18:41:35.607451 n kernel: hci0: skb 00000000ddb9c876
Sep 22 18:41:37.654836 n kernel: hci0: end: err -110
Sep 22 18:41:37.654977 n kernel: Bluetooth: hci0: command 0x0406 tx timeout
Sep 22 18:41:37.655032 n kernel: hci0: status 0x13
Sep 22 18:41:37.655074 n kernel: hci0 hcon 000000005bbde16a handle 3840
Sep 22 18:41:37.655104 n kernel: hci0: err 0x6e
Sep 22 18:41:37.655141 n kernel: hci0: hcon 000000005bbde16a
Sep 22 18:41:37.655175 n kernel: hci0 cmd_cnt 1 cmd queued 0
Sep 22 18:41:37.666902 n kernel: hci0 evt 6
Sep 22 18:47:29.506926 n kernel: hci0: dst AA:BB:CC:00:00:01
Sep 22 18:47:29.506952 n kernel: hci0: dst AA:BB:CC:00:00:01 handle 0x0f00
Sep 22 18:47:29.506967 n kernel: hci0: parent 00000000fb692f04 hcon 0000000033b1ac1a
Sep 22 18:47:29.507004 n kernel: hci0: hcon 0000000033b1ac1a
Sep 22 18:47:29.507020 n kernel: hci0 opcode 0x0428 plen 17
Sep 22 18:47:29.507040 n kernel: hci0: skb len 20
Sep 22 18:47:29.507050 n kernel: hci0 cmd_cnt 1 cmd queued 1
Sep 22 18:47:29.507065 n kernel: hci0: skb 000000006590c5a0
Sep 22 18:47:31.510854 n kernel: Bluetooth: hci0: command 0x0406 tx timeout
Sep 22 18:47:31.511052 n kernel: hci0: err 0x6e
Sep 22 18:47:31.511102 n kernel: hci0 cmd_cnt 1 cmd queued 0
Sep 22 18:47:57.245868 n kernel: hci0: handle 0xf00 reason 0x13
Sep 22 18:47:57.245897 n kernel: hci0: 
Sep 22 18:47:57.245948 n kernel: hci0: entry 00000000b2d7556b
Sep 22 18:47:57.245966 n kernel: hci0: Opcode 0x0408
Sep 22 18:47:57.245988 n kernel: hci0: opcode 0x0408 plen 6
Sep 22 18:47:57.246001 n kernel: hci0: skb len 9
Sep 22 18:47:57.246038 n kernel: hci0: length 1
Sep 22 18:47:57.246061 n kernel: hci0 cmd_cnt 1 cmd queued 1
Sep 22 18:47:57.246074 n kernel: hci0: skb 0000000066101e96
Sep 22 18:47:59.286826 n kernel: Bluetooth: hci0: command 0x0406 tx timeout
Sep 22 18:47:59.286995 n kernel: hci0: err 0x6e
Sep 22 18:47:59.287037 n kernel: hci0: end: err -110
Sep 22 18:47:59.287070 n kernel: hci0 cmd_cnt 1 cmd queued 0
Sep 22 18:47:59.287110 n kernel: hci0: status 0x13
Sep 22 18:47:59.287139 n kernel: hci0 hcon 0000000033b1ac1a handle 3840
Sep 22 18:47:59.287169 n kernel: hci0: hcon 0000000033b1ac1a
Sep 22 18:47:59.295856 n kernel: hci0 evt 6
Sep 22 18:47:59.927902 n kernel: hci0: 
Sep 22 18:47:59.927927 n kernel: hci0: entry 000000002f4af553
Sep 22 18:47:59.927956 n kernel: hci0: handle 0x0d reason 0x13
Sep 22 18:47:59.927973 n kernel: hci0: Opcode 0x0406
Sep 22 18:47:59.928000 n kernel: hci0: opcode 0x0406 plen 3
Sep 22 18:47:59.928012 n kernel: hci0: skb len 6
Sep 22 18:47:59.928034 n kernel: hci0: length 1
Sep 22 18:47:59.928046 n kernel: hci0 cmd_cnt 1 cmd queued 1
Sep 22 18:47:59.928059 n kernel: hci0: skb 00000000a1b465c4
Sep 22 18:48:01.974797 n kernel: Bluetooth: hci0: command 0x0406 tx timeout
Sep 22 18:48:01.974830 n kernel: hci0: end: err -110
Sep 22 18:48:01.974846 n kernel: hci0: status 0x13
Sep 22 18:48:01.974866 n kernel: hci0: err 0x6e
Sep 22 18:48:01.974886 n kernel: hci0 cmd_cnt 1 cmd queued 0
Sep 22 18:48:01.974902 n kernel: hci0 hcon 00000000fb692f04 chan 0000000080ec1009
Sep 22 18:48:01.982791 n kernel: hci0 hcon 00000000fb692f04 handle 13
Sep 22 18:48:01.982874 n kernel: hci0: hcon 00000000fb692f04
Sep 22 18:48:01.990817 n kernel: hci0 evt 2
Sep 22 18:48:03.328819 n kernel: hci0: 
Sep 22 18:48:03.328847 n kernel: hci0: entry 00000000214ce232
Sep 22 18:48:03.328878 n kernel: hci0: ADV monitoring is off
Sep 22 18:48:03.328910 n kernel: hci0: stopping background scanning
Sep 22 18:48:03.328945 n kernel: hci0: 
Sep 22 18:48:03.328968 n kernel: hci0: entry 0000000063101624
Sep 22 18:48:03.329001 n kernel: hci0: Opcode 0x0c3a
Sep 22 18:48:03.329013 n kernel: hci0: opcode 0x0c3a plen 4
Sep 22 18:48:03.329024 n kernel: hci0: skb len 7
Sep 22 18:48:03.329036 n kernel: hci0: length 1
Sep 22 18:48:03.329051 n kernel: hci0 cmd_cnt 1 cmd queued 1
Sep 22 18:48:03.329073 n kernel: hci0: skb 0000000066e27616
Sep 22 18:48:05.366792 n kernel: Bluetooth: hci0: command 0x0406 tx timeout
Sep 22 18:48:05.366819 n kernel: hci0: err 0x6e
Sep 22 18:48:05.366836 n kernel: hci0: end: err -110
Sep 22 18:48:05.366852 n kernel: hci0 cmd_cnt 1 cmd queued 0
Sep 22 18:48:05.366875 n kernel: Bluetooth: hci0: Opcode 0x0c3a failed: -110
Sep 22 18:48:05.366927 n kernel: hci0: state 0 -> 1
Sep 22 18:48:05.366942 n kernel: hci0: 
Sep 22 18:48:05.366960 n kernel: hci0: entry 000000005492ba02
Sep 22 18:48:05.366980 n kernel: hci0: type 7
Sep 22 18:48:05.366996 n kernel: hci0: 
Sep 22 18:48:05.367005 n kernel: hci0: cancelling interleave scan
Sep 22 18:48:05.367018 n kernel: hci0: Opcode 0x2005
Sep 22 18:48:05.367033 n kernel: hci0: opcode 0x2005 plen 6
Sep 22 18:48:05.367050 n kernel: hci0: skb len 9
Sep 22 18:48:05.367070 n kernel: hci0: length 1
Sep 22 18:48:05.367085 n kernel: hci0 cmd_cnt 1 cmd queued 1
Sep 22 18:48:05.367107 n kernel: hci0: skb 0000000031727d77
Sep 22 18:48:06.061878 n kernel: hci0: dst AA:BB:CC:00:00:01
Sep 22 18:48:06.061939 n kernel: hci0: dst AA:BB:CC:00:00:01 handle 0x0f00
Sep 22 18:48:06.061961 n kernel: hci0 evt 1
Sep 22 18:48:06.061995 n kernel: hci0 hcon 00000000f26e3dec
Sep 22 18:48:07.414820 n kernel: hci0: end: err -110
Sep 22 18:48:07.415027 n kernel: Bluetooth: hci0: command 0x0406 tx timeout
Sep 22 18:48:07.415075 n kernel: hci0: err 0x6e
Sep 22 18:48:07.415106 n kernel: Bluetooth: hci0: Opcode 0x2005 failed: -110
Sep 22 18:48:07.415153 n kernel: hci0 cmd_cnt 1 cmd queued 0
Sep 22 18:48:07.415177 n kernel: hci0: Opcode 0x200b
Sep 22 18:48:07.415204 n kernel: hci0: opcode 0x200b plen 7
Sep 22 18:48:07.415220 n kernel: hci0: skb len 10
Sep 22 18:48:07.415250 n kernel: hci0: length 1
Sep 22 18:48:07.415270 n kernel: hci0 cmd_cnt 1 cmd queued 1
Sep 22 18:48:07.415285 n kernel: hci0: skb 00000000d3059fda
Sep 22 18:48:09.462918 n kernel: Bluetooth: hci0: command 0x0406 tx timeout
Sep 22 18:48:09.462969 n kernel: hci0: err 0x6e
Sep 22 18:48:09.463007 n kernel: hci0: end: err -110
Sep 22 18:48:09.463050 n kernel: hci0 cmd_cnt 1 cmd queued 0
Sep 22 18:48:09.463079 n kernel: Bluetooth: hci0: Opcode 0x200b failed: -110
Sep 22 18:48:09.463102 n kernel: hci0: state 1 -> 0
Sep 22 18:48:09.463123 n kernel: hci0: entry 000000005b0fa2f8
Sep 22 18:48:09.463163 n kernel: hci0: Opcode 0x0405
Sep 22 18:48:09.463182 n kernel: hci0: opcode 0x0405 plen 13
Sep 22 18:48:09.463197 n kernel: hci0: skb len 16
Sep 22 18:48:09.463216 n kernel: hci0: length 1
Sep 22 18:48:09.463229 n kernel: hci0 cmd_cnt 1 cmd queued 1
Sep 22 18:48:09.463242 n kernel: hci0: skb 000000001ece446a
Sep 22 18:48:11.510823 n kernel: Bluetooth: hci0: command 0x0406 tx timeout
Sep 22 18:48:11.510979 n kernel: hci0: err 0x6e
Sep 22 18:48:11.511012 n kernel: hci0 cmd_cnt 1 cmd queued 0
Sep 22 18:48:11.511054 n kernel: hci0: end: err -110
Sep 22 18:48:11.511086 n kernel: hci0: entry 00000000699c5ffb
Sep 22 18:48:11.511133 n kernel: hci0: ADV monitoring is off
Sep 22 18:48:11.511172 n kernel: hci0: stopping background scanning
Sep 22 18:48:11.511202 n kernel: hci0: 
Sep 22 18:48:15.078308 n kernel: hci0: 
Sep 22 18:48:15.078323 n kernel: hci0: entry 00000000bf0ecaa3
Sep 22 18:48:15.078346 n kernel: hci0: ADV monitoring is off
Sep 22 18:48:15.078363 n kernel: hci0: stopping background scanning
Sep 22 18:48:18.914872 n kernel: hci0: 
Sep 22 18:48:18.914890 n kernel: hci0: entry 00000000d099dab9
Sep 22 18:48:18.914912 n kernel: hci0: ADV monitoring is off
Sep 22 18:48:18.914926 n kernel: hci0: stopping background scanning
Sep 22 18:48:18.914950 n kernel: hci0: 
Sep 22 18:48:18.914965 n kernel: hci0: entry 00000000fc1c7b85
Sep 22 18:48:18.914998 n kernel: hci0: Opcode 0x0c3a
Sep 22 18:48:18.915018 n kernel: hci0: opcode 0x0c3a plen 4
Sep 22 18:48:18.915029 n kernel: hci0: skb len 7
Sep 22 18:48:18.915041 n kernel: hci0: length 1
Sep 22 18:48:18.915052 n kernel: hci0 cmd_cnt 1 cmd queued 1
Sep 22 18:48:18.915069 n kernel: hci0: skb 0000000096a5d9c3
Sep 22 18:48:20.918886 n kernel: Bluetooth: hci0: command 0x0406 tx timeout
Sep 22 18:48:20.918932 n kernel: hci0: end: err -110
Sep 22 18:48:20.919006 n kernel: hci0: err 0x6e
Sep 22 18:48:20.919049 n kernel: hci0 cmd_cnt 1 cmd queued 0
Sep 22 18:48:20.919086 n kernel: Bluetooth: hci0: Opcode 0x0c3a failed: -110
Sep 22 18:48:20.919173 n kernel: hci0: state 0 -> 1
Sep 22 18:48:20.919213 n kernel: hci0: 
Sep 22 18:48:20.919238 n kernel: hci0: entry 00000000ae038189
Sep 22 18:48:20.919262 n kernel: hci0: type 7
Sep 22 18:48:20.919294 n kernel: hci0: 
Sep 22 18:48:20.919317 n kernel: hci0: cancelling interleave scan
Sep 22 18:48:20.919347 n kernel: hci0: Opcode 0x2005
Sep 22 18:48:20.919383 n kernel: hci0: opcode 0x2005 plen 6
Sep 22 18:48:20.919400 n kernel: hci0: skb len 9
Sep 22 18:48:20.919425 n kernel: hci0: length 1
Sep 22 18:48:20.919455 n kernel: hci0 cmd_cnt 1 cmd queued 1
Sep 22 18:48:20.919478 n kernel: hci0: skb 0000000057ab29f9
Sep 22 18:48:22.966835 n kernel: Bluetooth: hci0: command 0x0406 tx timeout
Sep 22 18:48:22.966995 n kernel: hci0: err 0x6e
Sep 22 18:48:22.967030 n kernel: hci0 cmd_cnt 1 cmd queued 0
Sep 22 18:48:22.967051 n kernel: hci0: end: err -110
Sep 22 18:48:22.967076 n kernel: Bluetooth: hci0: Opcode 0x2005 failed: -110
Sep 22 18:48:22.967087 n kernel: hci0: Opcode 0x200b
Sep 22 18:48:22.967096 n kernel: hci0: opcode 0x200b plen 7
Sep 22 18:48:22.967105 n kernel: hci0: skb len 10
Sep 22 18:48:22.967119 n kernel: hci0: length 1
Sep 22 18:48:22.967135 n kernel: hci0 cmd_cnt 1 cmd queued 1
Sep 22 18:48:22.967147 n kernel: hci0: skb 000000004968a828
Sep 22 18:48:25.014801 n kernel: hci0: end: err -110
Sep 22 18:48:25.014836 n kernel: Bluetooth: hci0: command 0x0406 tx timeout
Sep 22 18:48:25.014865 n kernel: hci0: err 0x6e
Sep 22 18:48:25.014879 n kernel: hci0 cmd_cnt 1 cmd queued 0
Sep 22 18:48:25.014893 n kernel: Bluetooth: hci0: Opcode 0x200b failed: -110
Sep 22 18:48:25.014901 n kernel: hci0: state 1 -> 0
Sep 22 18:48:25.014920 n kernel: hci0: entry 00000000b28d6146
Sep 22 18:48:25.014942 n kernel: hci0: ADV monitoring is off
Sep 22 18:48:25.014953 n kernel: hci0: stopping background scanning
Sep 22 18:48:25.014961 n kernel: hci0: 
Sep 22 18:48:35.044821 n kernel: hci0: 
Sep 22 18:48:35.044836 n kernel: hci0: entry 00000000fc19745c
Sep 22 18:48:35.044852 n kernel: hci0: ADV monitoring is off
Sep 22 18:48:35.044864 n kernel: hci0: stopping background scanning
Sep 22 18:48:43.295881 n kernel: hci0: dst AA:BB:CC:00:00:02
Sep 22 18:48:43.295922 n kernel: hci0: dst AA:BB:CC:00:00:02 handle 0x0f01
Sep 22 18:48:43.295947 n kernel: hci0 evt 1
Sep 22 18:48:43.295969 n kernel: hci0 hcon 00000000a50d8d6d
Sep 22 18:48:43.295990 n kernel: hci0: 
Sep 22 18:48:43.296021 n kernel: hci0: entry 00000000d477ae24
Sep 22 18:48:43.296056 n kernel: hci0: Opcode 0x0405
Sep 22 18:48:43.296083 n kernel: hci0: opcode 0x0405 plen 13
Sep 22 18:48:43.296103 n kernel: hci0: skb len 16
Sep 22 18:48:43.296115 n kernel: hci0: length 1
Sep 22 18:48:43.296135 n kernel: hci0 cmd_cnt 1 cmd queued 1
Sep 22 18:48:43.296155 n kernel: hci0: skb 000000009b4a1536
Sep 22 18:48:45.302863 n kernel: Bluetooth: hci0: command 0x0406 tx timeout
Sep 22 18:48:45.303077 n kernel: hci0: err 0x6e
Sep 22 18:48:45.303133 n kernel: hci0 cmd_cnt 1 cmd queued 0
Sep 22 18:48:45.303167 n kernel: hci0: end: err -110
Sep 22 18:48:46.793821 n kernel: hci0: 
Sep 22 18:48:46.793837 n kernel: hci0: entry 000000009497ae54
Sep 22 18:48:46.793870 n kernel: hci0: ADV monitoring is off
Sep 22 18:48:46.793890 n kernel: hci0: stopping background scanning
Sep 22 18:48:46.793918 n kernel: hci0: 
Sep 22 18:48:46.793934 n kernel: hci0: entry 00000000270df5cf
Sep 22 18:48:46.793953 n kernel: hci0: Opcode 0x0c3a
Sep 22 18:48:46.793964 n kernel: hci0: opcode 0x0c3a plen 4
Sep 22 18:48:46.793980 n kernel: hci0: skb len 7
Sep 22 18:48:46.793994 n kernel: hci0: length 1
Sep 22 18:48:46.794004 n kernel: hci0 cmd_cnt 1 cmd queued 1
Sep 22 18:48:46.794023 n kernel: hci0: skb 0000000012cb53b0
Sep 22 18:48:48.822806 n kernel: hci0: end: err -110
Sep 22 18:48:48.822873 n kernel: Bluetooth: hci0: Opcode 0x0c3a failed: -110
Sep 22 18:48:48.822899 n kernel: Bluetooth: hci0: command 0x0406 tx timeout
Sep 22 18:48:48.822921 n kernel: hci0: err 0x6e
Sep 22 18:48:48.822940 n kernel: hci0 cmd_cnt 1 cmd queued 0
Sep 22 18:48:48.822984 n kernel: hci0: state 0 -> 1
Sep 22 18:48:48.823000 n kernel: hci0: 
Sep 22 18:48:48.823014 n kernel: hci0: entry 00000000da3f1358
Sep 22 18:48:48.823038 n kernel: hci0: type 7
Sep 22 18:48:48.823057 n kernel: hci0: 
Sep 22 18:48:48.823070 n kernel: hci0: cancelling interleave scan
Sep 22 18:48:48.823085 n kernel: hci0: Opcode 0x2005
Sep 22 18:48:48.823103 n kernel: hci0: opcode 0x2005 plen 6
Sep 22 18:48:48.823117 n kernel: hci0: skb len 9
Sep 22 18:48:48.823138 n kernel: hci0: length 1
Sep 22 18:48:48.823153 n kernel: hci0 cmd_cnt 1 cmd queued 1
Sep 22 18:48:48.823167 n kernel: hci0: skb 00000000791ef32a
Sep 22 18:48:49.782954 n kernel: hci0: handle 0xf00 reason 0x13
Sep 22 18:48:50.870838 n kernel: hci0: end: err -110
Sep 22 18:48:50.870882 n kernel: Bluetooth: hci0: Opcode 0x2005 failed: -110
Sep 22 18:48:50.870901 n kernel: hci0: Opcode 0x200b
Sep 22 18:48:50.870918 n kernel: hci0: opcode 0x200b plen 7
Sep 22 18:48:50.870938 n kernel: hci0: skb len 10
Sep 22 18:48:50.870964 n kernel: hci0: length 1
Sep 22 18:48:50.870985 n kernel: Bluetooth: hci0: command 0x0406 tx timeout
Sep 22 18:48:50.870997 n kernel: hci0: err 0x6e
Sep 22 18:48:50.871012 n kernel: hci0 cmd_cnt 1 cmd queued 1
Sep 22 18:48:50.871022 n kernel: hci0: skb 00000000ce3b7913
Sep 22 18:48:50.871043 n kernel: hci0: end: err -110
Sep 22 18:48:50.871060 n kernel: Bluetooth: hci0: Opcode 0x200b failed: -110
Sep 22 18:48:50.871078 n kernel: hci0: state 1 -> 0
Sep 22 18:48:50.871090 n kernel: hci0: entry 00000000bb3acbca
Sep 22 18:48:50.871102 n kernel: hci0: Opcode 0x0408
Sep 22 18:48:50.871116 n kernel: hci0: opcode 0x0408 plen 6
Sep 22 18:48:50.871131 n kernel: hci0: skb len 9
Sep 22 18:48:50.871145 n kernel: hci0: length 1
Sep 22 18:48:50.871169 n kernel: hci0 cmd_cnt 0 cmd queued 1
Sep 22 18:48:52.918936 n kernel: hci0: end: err -110
Sep 22 18:48:52.919016 n kernel: Bluetooth: hci0: command 0x0406 tx timeout
Sep 22 18:48:52.919042 n kernel: hci0: err 0x6e
Sep 22 18:48:52.919061 n kernel: hci0 cmd_cnt 1 cmd queued 1
Sep 22 18:48:52.919091 n kernel: hci0: status 0x13
Sep 22 18:48:52.919108 n kernel: hci0: skb 0000000089256a88
Sep 22 18:48:52.919137 n kernel: hci0 hcon 00000000f26e3dec chan 00000000bc793b1f
Sep 22 18:48:52.923828 n kernel: hci0 hcon 00000000f26e3dec handle 3840
Sep 22 18:48:52.923921 n kernel: hci0: hcon 00000000f26e3dec
Sep 22 18:48:52.934907 n kernel: hci0 evt 2
Sep 22 18:48:52.934945 n kernel: hci0: entry 000000006edd6d72
Sep 22 18:48:52.934970 n kernel: hci0: ADV monitoring is off
Sep 22 18:48:52.934998 n kernel: hci0: stopping background scanning
Sep 22 18:48:52.935019 n kernel: hci0: 
Sep 22 18:48:53.878840 n kernel: hci0: dst AA:BB:CC:00:00:01
Sep 22 18:48:53.878871 n kernel: hci0: dst AA:BB:CC:00:00:01 handle 0x0f00
Sep 22 18:48:53.878883 n kernel: hci0 evt 1
Sep 22 18:48:53.878902 n kernel: hci0 hcon 0000000033b1ac1a
Sep 22 18:48:53.878917 n kernel: hci0: 
Sep 22 18:48:53.878930 n kernel: hci0: entry 00000000f30cf222
Sep 22 18:48:53.878976 n kernel: hci0: Opcode 0x0405
Sep 22 18:48:53.878986 n kernel: hci0: opcode 0x0405 plen 13
Sep 22 18:48:53.879004 n kernel: hci0: skb len 16
Sep 22 18:48:53.879015 n kernel: hci0: length 1
Sep 22 18:48:53.879025 n kernel: hci0 cmd_cnt 0 cmd queued 1
Sep 22 18:48:54.967804 n kernel: Bluetooth: hci0: command 0x0406 tx timeout
Sep 22 18:48:54.967910 n kernel: hci0: err 0x6e
Sep 22 18:48:54.967944 n kernel: hci0 cmd_cnt 1 cmd queued 1
Sep 22 18:48:54.967990 n kernel: hci0: skb 00000000e170874d
Sep 22 18:48:54.968020 n kernel: hci0: end: err -110
Sep 22 18:48:57.014816 n kernel: Bluetooth: hci0: command 0x0406 tx timeout
Sep 22 18:48:57.014910 n kernel: hci0: err 0x6e
Sep 22 18:48:57.014944 n kernel: hci0 cmd_cnt 1 cmd queued 0
Sep 22 18:49:09.567834 n kernel: hci0: 
Sep 22 18:49:09.567847 n kernel: hci0: entry 0000000028fdc4b9
Sep 22 18:49:09.567869 n kernel: hci0: ADV monitoring is off
Sep 22 18:49:09.567887 n kernel: hci0: stopping background scanning
Sep 22 18:49:26.646917 n kernel: hci0: handle 0xf01 reason 0x13
Sep 22 18:49:26.646954 n kernel: hci0: 
Sep 22 18:49:26.646994 n kernel: hci0: entry 0000000017edcc84
Sep 22 18:49:26.647009 n kernel: hci0: Opcode 0x0408
Sep 22 18:49:26.647033 n kernel: hci0: opcode 0x0408 plen 6
Sep 22 18:49:26.647053 n kernel: hci0: skb len 9
Sep 22 18:49:26.647081 n kernel: hci0: length 1
Sep 22 18:49:26.647101 n kernel: hci0 cmd_cnt 1 cmd queued 1
Sep 22 18:49:26.647123 n kernel: hci0: skb 0000000069aa761c
Sep 22 18:49:28.694859 n kernel: hci0: end: err -110
Sep 22 18:49:28.694921 n kernel: hci0: status 0x13
Sep 22 18:49:28.694945 n kernel: Bluetooth: hci0: command 0x0406 tx timeout
Sep 22 18:49:28.694964 n kernel: hci0: err 0x6e
Sep 22 18:49:28.694978 n kernel: hci0 cmd_cnt 1 cmd queued 0
Sep 22 18:49:28.694993 n kernel: hci0 hcon 00000000a50d8d6d chan 0000000041c4bca5
Sep 22 18:49:28.702790 n kernel: hci0 hcon 00000000a50d8d6d handle 3841
Sep 22 18:49:28.702823 n kernel: hci0: hcon 00000000a50d8d6d
Sep 22 18:49:28.717883 n kernel: hci0 evt 2
Sep 22 18:49:30.926715 n kernel: hci0: dst AA:BB:CC:00:00:02
Sep 22 18:49:30.926749 n kernel: hci0: dst AA:BB:CC:00:00:02 handle 0x0f01
Sep 22 18:49:30.926770 n kernel: hci0 evt 1
Sep 22 18:49:30.926809 n kernel: hci0 hcon 00000000ac05e844
Sep 22 18:49:30.926846 n kernel: hci0: 
Sep 22 18:49:30.926875 n kernel: hci0: entry 000000000f92ca08
Sep 22 18:49:30.926915 n kernel: hci0: Opcode 0x0405
Sep 22 18:49:30.926948 n kernel: hci0: opcode 0x0405 plen 13
Sep 22 18:49:30.926963 n kernel: hci0: skb len 16
Sep 22 18:49:30.926977 n kernel: hci0: length 1
Sep 22 18:49:30.926992 n kernel: hci0 cmd_cnt 1 cmd queued 1
Sep 22 18:49:30.927006 n kernel: hci0: skb 00000000b84341bb
Sep 22 18:49:32.982827 n kernel: Bluetooth: hci0: command 0x0406 tx timeout
Sep 22 18:49:32.982914 n kernel: hci0: err 0x6e
Sep 22 18:49:32.982927 n kernel: hci0 cmd_cnt 1 cmd queued 0
Sep 22 18:49:32.982943 n kernel: hci0: end: err -110
Sep 22 18:49:38.934822 n kernel: hci0: handle 0xf00 reason 0x13
Sep 22 18:49:38.934847 n kernel: hci0: 
Sep 22 18:49:38.934870 n kernel: hci0: entry 00000000b2d7556b
Sep 22 18:49:38.934888 n kernel: hci0: Opcode 0x0408
Sep 22 18:49:38.934904 n kernel: hci0: opcode 0x0408 plen 6
Sep 22 18:49:38.934916 n kernel: hci0: skb len 9
Sep 22 18:49:38.934937 n kernel: hci0: length 1
Sep 22 18:49:38.934951 n kernel: hci0 cmd_cnt 1 cmd queued 1
Sep 22 18:49:38.934964 n kernel: hci0: skb 00000000d575c816
Sep 22 18:49:40.982939 n kernel: hci0: end: err -110
Sep 22 18:49:40.982979 n kernel: hci0: status 0x13
Sep 22 18:49:40.983009 n kernel: Bluetooth: hci0: command 0x0406 tx timeout
Sep 22 18:49:40.983044 n kernel: hci0: err 0x6e
Sep 22 18:49:40.983077 n kernel: hci0 cmd_cnt 1 cmd queued 0
Sep 22 18:49:40.983108 n kernel: hci0 hcon 0000000033b1ac1a chan 000000008181bd9e
Sep 22 18:49:40.986805 n kernel: hci0 hcon 0000000033b1ac1a handle 3840
Sep 22 18:49:40.986908 n kernel: hci0: hcon 0000000033b1ac1a
Sep 22 18:49:40.998875 n kernel: hci0 evt 2
Sep 22 18:50:11.703057 n kernel: hci0: handle 0xf01 reason 0x13
Sep 22 18:50:11.703115 n kernel: hci0: 
Sep 22 18:50:11.703160 n kernel: hci0: entry 00000000b2d7556b
Sep 22 18:50:11.703207 n kernel: hci0: Opcode 0x0408
Sep 22 18:50:11.703237 n kernel: hci0: opcode 0x0408 plen 6
Sep 22 18:50:11.703258 n kernel: hci0: skb len 9
Sep 22 18:50:11.703294 n kernel: hci0: length 1
Sep 22 18:50:11.703335 n kernel: hci0 cmd_cnt 1 cmd queued 1
Sep 22 18:50:11.703368 n kernel: hci0: skb 000000004509d5a6
Sep 22 18:50:13.750792 n kernel: hci0: end: err -110
Sep 22 18:50:13.750828 n kernel: Bluetooth: hci0: command 0x0406 tx timeout
Sep 22 18:50:13.750859 n kernel: hci0: err 0x6e
Sep 22 18:50:13.750885 n kernel: hci0 cmd_cnt 1 cmd queued 0
Sep 22 18:50:13.750907 n kernel: hci0: status 0x13
Sep 22 18:50:13.750920 n kernel: hci0 hcon 00000000ac05e844 chan 000000000a472b69
Sep 22 18:50:13.760807 n kernel: hci0 hcon 00000000ac05e844 handle 3841
Sep 22 18:50:13.760848 n kernel: hci0: hcon 00000000ac05e844
Sep 22 18:50:13.772976 n kernel: hci0 evt 2
Sep 23 00:22:32.689823 n kernel: hci0: 
Sep 23 00:22:32.689847 n kernel: hci0: entry 00000000e733ecf7
Sep 23 00:22:32.689876 n kernel: hci0: ADV monitoring is off
Sep 23 00:22:32.689938 n kernel: hci0: stopping background scanning
Sep 23 00:22:32.689966 n kernel: hci0: 
Sep 23 00:22:32.689978 n kernel: hci0: entry 000000005e580d08
Sep 23 00:22:32.689996 n kernel: hci0: Opcode 0x0c3a
Sep 23 00:22:32.690011 n kernel: hci0: opcode 0x0c3a plen 4
Sep 23 00:22:32.690026 n kernel: hci0: skb len 7
Sep 23 00:22:32.690037 n kernel: hci0: length 1
Sep 23 00:22:32.690051 n kernel: hci0 cmd_cnt 1 cmd queued 1
Sep 23 00:22:32.690071 n kernel: hci0: skb 0000000013cbed12
Sep 23 00:22:34.742793 n kernel: Bluetooth: hci0: command 0x0406 tx timeout
Sep 23 00:22:34.742848 n kernel: hci0: err 0x6e
Sep 23 00:22:34.742861 n kernel: hci0 cmd_cnt 1 cmd queued 0
Sep 23 00:22:34.742879 n kernel: hci0: end: err -110
Sep 23 00:22:34.742907 n kernel: Bluetooth: hci0: Opcode 0x0c3a failed: -110
Sep 23 00:22:34.742950 n kernel: hci0: state 0 -> 1
Sep 23 00:22:34.742976 n kernel: hci0: 
Sep 23 00:22:34.742990 n kernel: hci0: entry 000000004c3197c3
Sep 23 00:22:34.743007 n kernel: hci0: type 7
Sep 23 00:22:34.743034 n kernel: hci0: 
Sep 23 00:22:34.743050 n kernel: hci0: cancelling interleave scan
Sep 23 00:22:34.743065 n kernel: hci0: Opcode 0x2005
Sep 23 00:22:34.743079 n kernel: hci0: opcode 0x2005 plen 6
Sep 23 00:22:34.743091 n kernel: hci0: skb len 9
Sep 23 00:22:34.743117 n kernel: hci0: length 1
Sep 23 00:22:34.743128 n kernel: hci0 cmd_cnt 1 cmd queued 1
Sep 23 00:22:34.743140 n kernel: hci0: skb 00000000cabe89a3
Sep 23 00:22:36.790802 n kernel: Bluetooth: hci0: command 0x0406 tx timeout
Sep 23 00:22:36.790883 n kernel: hci0: end: err -110
Sep 23 00:22:36.790895 n kernel: hci0: err 0x6e
Sep 23 00:22:36.790921 n kernel: Bluetooth: hci0: Opcode 0x2005 failed: -110
Sep 23 00:22:36.790937 n kernel: hci0 cmd_cnt 1 cmd queued 0
Sep 23 00:22:36.790962 n kernel: hci0: Opcode 0x200b
Sep 23 00:22:36.790983 n kernel: hci0: opcode 0x200b plen 7
Sep 23 00:22:36.790999 n kernel: hci0: skb len 10
Sep 23 00:22:36.791030 n kernel: hci0: length 1
Sep 23 00:22:36.791043 n kernel: hci0 cmd_cnt 1 cmd queued 1
Sep 23 00:22:36.791056 n kernel: hci0: skb 00000000f8b4404a
Sep 23 00:22:38.838806 n kernel: Bluetooth: hci0: command 0x0406 tx timeout
Sep 23 00:22:38.838854 n kernel: hci0: end: err -110
Sep 23 00:22:38.838866 n kernel: Bluetooth: hci0: Opcode 0x200b failed: -110
Sep 23 00:22:38.838892 n kernel: hci0: err 0x6e
Sep 23 00:22:38.838907 n kernel: hci0 cmd_cnt 1 cmd queued 0
Sep 23 00:22:38.838923 n kernel: hci0: state 1 -> 0
Sep 23 00:22:38.838938 n kernel: hci0: entry 00000000607a3a3f
Sep 23 00:22:38.838954 n kernel: hci0: ADV monitoring is off
Sep 23 00:22:38.838963 n kernel: hci0: stopping background scanning
Sep 23 00:22:38.838987 n kernel: hci0: 
Sep 23 00:22:38.844825 n kernel: hci0: 
Sep 23 00:22:38.844844 n kernel: hci0: entry 00000000890b9861
Sep 23 00:22:38.844861 n kernel: hci0: ADV monitoring is off
Sep 23 00:22:38.844879 n kernel: hci0: stopping background scanning
Sep 23 00:45:27.238816 n kernel: hci0: 
Sep 23 00:45:27.238838 n kernel: hci0: entry 0000000052b86462
Sep 23 00:45:27.238853 n kernel: hci0: ADV monitoring is off
Sep 23 00:45:27.238875 n kernel: hci0: stopping background scanning
Sep 23 00:45:27.238906 n kernel: hci0: 
Sep 23 00:45:27.238925 n kernel: hci0: entry 00000000d177296a
Sep 23 00:45:27.238946 n kernel: hci0: Opcode 0x0c3a
Sep 23 00:45:27.238957 n kernel: hci0: opcode 0x0c3a plen 4
Sep 23 00:45:27.238967 n kernel: hci0: skb len 7
Sep 23 00:45:27.238977 n kernel: hci0: length 1
Sep 23 00:45:27.238990 n kernel: hci0 cmd_cnt 1 cmd queued 1
Sep 23 00:45:27.239002 n kernel: hci0: skb 000000003985ad8c
Sep 23 00:45:29.270800 n kernel: hci0: end: err -110
Sep 23 00:45:29.270846 n kernel: Bluetooth: hci0: command 0x0406 tx timeout
Sep 23 00:45:29.270875 n kernel: Bluetooth: hci0: Opcode 0x0c3a failed: -110
Sep 23 00:45:29.270893 n kernel: hci0: err 0x6e
Sep 23 00:45:29.270915 n kernel: hci0 cmd_cnt 1 cmd queued 0
Sep 23 00:45:29.270973 n kernel: hci0: state 0 -> 1
Sep 23 00:45:29.270994 n kernel: hci0: 
Sep 23 00:45:29.271019 n kernel: hci0: entry 00000000442a938d
Sep 23 00:45:29.271052 n kernel: hci0: type 7
Sep 23 00:45:29.271093 n kernel: hci0: 
Sep 23 00:45:29.271120 n kernel: hci0: cancelling interleave scan
Sep 23 00:45:29.271137 n kernel: hci0: Opcode 0x2005
Sep 23 00:45:29.271147 n kernel: hci0: opcode 0x2005 plen 6
Sep 23 00:45:29.271160 n kernel: hci0: skb len 9
Sep 23 00:45:29.271183 n kernel: hci0: length 1
Sep 23 00:45:29.271192 n kernel: hci0 cmd_cnt 1 cmd queued 1
Sep 23 00:45:29.271203 n kernel: hci0: skb 00000000b658554a
Sep 23 00:45:31.318799 n kernel: hci0: end: err -110
Sep 23 00:45:31.318876 n kernel: Bluetooth: hci0: command 0x0406 tx timeout
Sep 23 00:45:31.318893 n kernel: Bluetooth: hci0: Opcode 0x2005 failed: -110
Sep 23 00:45:31.318911 n kernel: hci0: err 0x6e
Sep 23 00:45:31.318939 n kernel: hci0: Opcode 0x200b
Sep 23 00:45:31.318996 n kernel: hci0 cmd_cnt 1 cmd queued 0
Sep 23 00:45:31.319014 n kernel: hci0: opcode 0x200b plen 7
Sep 23 00:45:31.319026 n kernel: hci0: skb len 10
Sep 23 00:45:31.319065 n kernel: hci0: length 1
Sep 23 00:45:31.319097 n kernel: hci0 cmd_cnt 1 cmd queued 1
Sep 23 00:45:31.319120 n kernel: hci0: skb 00000000ff0c876e
Sep 23 00:45:33.366793 n kernel: hci0: end: err -110
Sep 23 00:45:33.366821 n kernel: Bluetooth: hci0: command 0x0406 tx timeout
Sep 23 00:45:33.366848 n kernel: hci0: err 0x6e
Sep 23 00:45:33.366868 n kernel: Bluetooth: hci0: Opcode 0x200b failed: -110
Sep 23 00:45:33.366886 n kernel: hci0 cmd_cnt 1 cmd queued 0
Sep 23 00:45:33.366912 n kernel: hci0: state 1 -> 0
Sep 23 00:45:33.366932 n kernel: hci0: entry 00000000a97f62f1
Sep 23 00:45:33.366965 n kernel: hci0: ADV monitoring is off
Sep 23 00:45:33.366990 n kernel: hci0: stopping background scanning
Sep 23 00:45:33.367007 n kernel: hci0: 
