Aug 18 18:24:32.162470 n kernel: hci0: dst AA:BB:CC:00:00:01
Aug 18 18:24:32.162499 n kernel: hci0: dst AA:BB:CC:00:00:01 handle 0x0f00
Aug 18 18:24:32.162515 n kernel: hci0: parent 000000007d8eb026 hcon 000000008928b303
Aug 18 18:24:32.162568 n kernel: hci0: 
Aug 18 18:24:32.162594 n kernel: hci0: entry 000000002f3dfb52
Aug 18 18:24:32.162625 n kernel: hci0: hcon 000000008928b303
Aug 18 18:24:32.162650 n kernel: hci0 opcode 0x043d plen 59
Aug 18 18:24:32.162671 n kernel: hci0: skb len 62
Aug 18 18:24:32.162700 n kernel: hci0 cmd_cnt 1 cmd queued 1
Aug 18 18:24:32.162731 n kernel: hci0: skb 00000000e39fc0df
Aug 18 18:24:32.227348 n kernel: hci0: hcon 000000008928b303 handle 0x0008
Aug 18 18:24:32.227453 n kernel: hci0 evt 5
Aug 18 18:24:32.230330 n kernel: hci0
Aug 18 18:24:32.230406 n kernel: hci0
Aug 18 18:24:32.240341 n kernel: Bluetooth: hci0: corrupted SCO packet
Aug 18 18:24:33.750327 n kernel: hci0 opcode 0x0804 plen 2
Aug 18 18:24:33.750363 n kernel: hci0: skb len 5
Aug 18 18:24:33.750393 n kernel: hci0 cmd_cnt 1 cmd queued 1
Aug 18 18:24:33.750413 n kernel: hci0: skb 000000008bbbaaf8
Aug 18 18:24:37.473503 n kernel: hci0: handle 0x08 reason 0x13
Aug 18 18:24:37.473553 n kernel: hci0: 
Aug 18 18:24:37.473592 n kernel: hci0: entry 000000006e2a3564
Aug 18 18:24:37.473620 n kernel: hci0: Opcode 0x0406
Aug 18 18:24:37.473659 n kernel: hci0: opcode 0x0406 plen 3
Aug 18 18:24:37.473683 n kernel: hci0: skb len 6
Aug 18 18:24:37.473727 n kernel: hci0: length 1
Aug 18 18:24:37.473750 n kernel: hci0 cmd_cnt 1 cmd queued 1
Aug 18 18:24:37.473781 n kernel: hci0: skb 00000000d08e8118
Aug 18 18:24:37.481449 n kernel: hci0 hcon 000000008928b303 handle 8
Aug 18 18:24:37.481473 n kernel: hci0: hcon 000000008928b303
Aug 18 18:24:37.489356 n kernel: Bluetooth: hci0: corrupted SCO packet
Aug 18 18:24:37.497480 n kernel: hci0 evt 6
Aug 18 18:24:37.497513 n kernel: hci0: result 0x00
Aug 18 18:24:37.497536 n kernel: hci0: end: err 0
Aug 18 18:41:48.460362 n kernel: hci0: 
Aug 18 18:41:48.460384 n kernel: hci0: entry 000000001df8a8cb
Aug 18 18:41:48.460414 n kernel: hci0: ADV monitoring is off
Aug 18 18:41:48.460440 n kernel: hci0: stopping background scanning
Aug 18 18:41:48.460473 n kernel: hci0: 
Aug 18 18:41:48.460483 n kernel: hci0: entry 000000004e1370d5
Aug 18 18:41:48.460501 n kernel: hci0: Opcode 0x0c3a
Aug 18 18:41:48.460518 n kernel: hci0: opcode 0x0c3a plen 4
Aug 18 18:41:48.460533 n kernel: hci0: skb len 7
Aug 18 18:41:48.460549 n kernel: hci0: length 1
Aug 18 18:41:48.460582 n kernel: hci0 cmd_cnt 1 cmd queued 1
Aug 18 18:41:48.460600 n kernel: hci0: skb 00000000b1f94b09
Aug 18 18:41:48.463377 n kernel: hci0: result 0x00
Aug 18 18:41:48.463406 n kernel: hci0: end: err 0
Aug 18 18:41:48.463423 n kernel: hci0: Opcode 0x0c1a
Aug 18 18:41:48.463447 n kernel: hci0: opcode 0x0c1a plen 1
Aug 18 18:41:48.463458 n kernel: hci0: skb len 4
Aug 18 18:41:48.463477 n kernel: hci0: length 1
Aug 18 18:41:48.463490 n kernel: hci0 cmd_cnt 1 cmd queued 1
Aug 18 18:41:48.463498 n kernel: hci0: skb 000000000885eeba
Aug 18 18:41:48.467376 n kernel: hci0: result 0x00
Aug 18 18:41:48.467387 n kernel: hci0: end: err 0
Aug 18 18:41:48.467401 n kernel: hci0: 
Aug 18 18:41:48.467441 n kernel: hci0: state 0 -> 1
Aug 18 18:41:48.467459 n kernel: hci0: 
Aug 18 18:41:48.467477 n kernel: hci0: entry 0000000011dd07b7
Aug 18 18:41:48.467496 n kernel: hci0: type 7
Aug 18 18:41:48.467511 n kernel: hci0: 
Aug 18 18:41:48.467523 n kernel: hci0: cancelling interleave scan
Aug 18 18:41:48.467552 n kernel: hci0: Opcode 0x2005
Aug 18 18:41:48.467568 n kernel: hci0: opcode 0x2005 plen 6
Aug 18 18:41:48.467583 n kernel: hci0: skb len 9
Aug 18 18:41:48.467595 n kernel: hci0: length 1
Aug 18 18:41:48.467607 n kernel: hci0 cmd_cnt 1 cmd queued 1
Aug 18 18:41:48.467621 n kernel: hci0: skb 00000000ccabd0f8
Aug 18 18:41:48.470402 n kernel: hci0: result 0x00
Aug 18 18:41:48.470417 n kernel: hci0: end: err 0
Aug 18 18:41:48.470429 n kernel: hci0: Opcode 0x200b
Aug 18 18:41:48.470440 n kernel: hci0: opcode 0x200b plen 7
Aug 18 18:41:48.470457 n kernel: hci0: skb len 10
Aug 18 18:41:48.470480 n kernel: hci0: length 1
Aug 18 18:41:48.470489 n kernel: hci0 cmd_cnt 1 cmd queued 1
Aug 18 18:41:48.470513 n kernel: hci0: skb 0000000003df1c90
Aug 18 18:41:48.473380 n kernel: hci0: result 0x00
Aug 18 18:41:48.473405 n kernel: hci0: end: err 0
Aug 18 18:41:48.473421 n kernel: hci0: Opcode 0x200c
Aug 18 18:41:48.473458 n kernel: hci0: opcode 0x200c plen 2
Aug 18 18:41:48.473484 n kernel: hci0: skb len 5
Aug 18 18:41:48.473516 n kernel: hci0: length 1
Aug 18 18:41:48.473547 n kernel: hci0 cmd_cnt 1 cmd queued 1
Aug 18 18:41:48.473579 n kernel: hci0: skb 00000000406af44c
Aug 18 18:41:48.476330 n kernel: hci0: state 1 -> 2
Aug 18 18:41:48.476407 n kernel: hci0: result 0x00
Aug 18 18:41:48.476423 n kernel: hci0: end: err 0
Aug 18 18:41:48.476443 n kernel: hci0: timeout 5120 ms
Aug 18 18:41:53.694343 n kernel: hci0: 
Aug 18 18:41:53.694440 n kernel: hci0: 
Aug 18 18:41:53.694466 n kernel: hci0: entry 00000000ff757ab7
Aug 18 18:41:53.694494 n kernel: hci0: Opcode 0x200c
Aug 18 18:41:53.694526 n kernel: hci0: opcode 0x200c plen 2
Aug 18 18:41:53.694546 n kernel: hci0: skb len 5
Aug 18 18:41:53.694561 n kernel: hci0: length 1
Aug 18 18:41:53.694586 n kernel: hci0 cmd_cnt 1 cmd queued 1
Aug 18 18:41:53.694611 n kernel: hci0: skb 000000009fcd36c4
Aug 18 18:41:53.697398 n kernel: hci0: result 0x00
Aug 18 18:41:53.697438 n kernel: hci0: 
Aug 18 18:41:53.697453 n kernel: hci0: end: err 0
Aug 18 18:41:53.697472 n kernel: hci0: entry 000000006e80496f
Aug 18 18:41:53.697506 n kernel: hci0: 
Aug 18 18:41:53.697532 n kernel: hci0: Opcode 0x0401
Aug 18 18:41:53.697573 n kernel: hci0: opcode 0x0401 plen 5
Aug 18 18:41:53.697597 n kernel: hci0: skb len 8
Aug 18 18:41:53.697671 n kernel: hci0: length 1
Aug 18 18:41:53.697691 n kernel: hci0 cmd_cnt 1 cmd queued 1
Aug 18 18:41:53.697704 n kernel: hci0: skb 00000000f8d2da34
Aug 18 18:41:53.700372 n kernel: hci0: result 0x00
Aug 18 18:41:53.700389 n kernel: hci0: end: err 0
Aug 18 18:41:53.700403 n kernel: hci0: entry 00000000eaae267f
Aug 18 18:41:53.700430 n kernel: hci0: 
Aug 18 18:41:53.700444 n kernel: hci0: 
Aug 18 18:41:55.817385 n kernel: hci0: 
Aug 18 18:41:55.817426 n kernel: hci0: entry 00000000d3619e6b
Aug 18 18:41:56.421343 n kernel: hci0: 
Aug 18 18:41:56.421368 n kernel: hci0: entry 000000005fb4ba1a
Aug 18 18:41:56.421390 n kernel: hci0 hcon 000000007d8eb026 chan 000000008214585a
Aug 18 18:41:56.427486 n kernel: hci0 hcon 000000007d8eb026 handle 7
Aug 18 18:41:56.427523 n kernel: hci0: hcon 000000007d8eb026
Aug 18 18:41:56.444369 n kernel: hci0 evt 2
Aug 18 18:41:56.444399 n kernel: hci0 removing AA:BB:CC:00:00:01
Aug 18 18:41:58.822338 n kernel: hci0: 
Aug 18 18:41:58.822394 n kernel: hci0: state 2 -> 0
Aug 18 18:41:58.822414 n kernel: hci0: entry 00000000435e7fcb
Aug 18 18:41:58.822451 n kernel: hci0: ADV monitoring is off
Aug 18 18:41:58.822472 n kernel: hci0: stopping background scanning
Aug 18 18:42:04.272347 n kernel: hci0: state 0 -> 1
Aug 18 18:42:04.272364 n kernel: hci0: 
Aug 18 18:42:04.272378 n kernel: hci0: entry 0000000042e7728d
Aug 18 18:42:04.272392 n kernel: hci0: type 7
Aug 18 18:42:04.272404 n kernel: hci0: 
Aug 18 18:42:04.272418 n kernel: hci0: cancelling interleave scan
Aug 18 18:42:04.272439 n kernel: hci0: Opcode 0x2005
Aug 18 18:42:04.272447 n kernel: hci0: opcode 0x2005 plen 6
Aug 18 18:42:04.272455 n kernel: hci0: skb len 9
Aug 18 18:42:04.272467 n kernel: hci0: length 1
Aug 18 18:42:04.272478 n kernel: hci0 cmd_cnt 1 cmd queued 1
Aug 18 18:42:04.272486 n kernel: hci0: skb 000000001574d76f
Aug 18 18:42:04.371483 n kernel: hci0
Aug 18 18:42:04.371512 n kernel: hci0
Aug 18 18:42:04.371531 n kernel: hci0
Aug 18 18:42:04.375374 n kernel: hci0: result 0x00
Aug 18 18:42:04.375391 n kernel: hci0: end: err 0
Aug 18 18:42:04.375406 n kernel: hci0: Opcode 0x200b
Aug 18 18:42:04.375418 n kernel: hci0: opcode 0x200b plen 7
Aug 18 18:42:04.375432 n kernel: hci0: skb len 10
Aug 18 18:42:04.375464 n kernel: hci0: length 1
Aug 18 18:42:04.375483 n kernel: hci0 cmd_cnt 1 cmd queued 1
Aug 18 18:42:04.375518 n kernel: hci0: skb 00000000e34ec741
Aug 18 18:42:04.378386 n kernel: hci0: result 0x00
Aug 18 18:42:04.378410 n kernel: hci0: end: err 0
Aug 18 18:42:04.378442 n kernel: hci0: Opcode 0x200c
Aug 18 18:42:04.378460 n kernel: hci0: opcode 0x200c plen 2
Aug 18 18:42:04.378489 n kernel: hci0: skb len 5
Aug 18 18:42:04.378503 n kernel: hci0: length 1
Aug 18 18:42:04.378530 n kernel: hci0 cmd_cnt 1 cmd queued 1
Aug 18 18:42:04.378559 n kernel: hci0: skb 00000000f9f8cad2
Aug 18 18:42:04.381327 n kernel: hci0: state 1 -> 2
Aug 18 18:42:04.381402 n kernel: hci0: result 0x00
Aug 18 18:42:04.381423 n kernel: hci0: end: err 0
Aug 18 18:42:04.381433 n kernel: hci0: timeout 5120 ms
Aug 18 18:42:09.566344 n kernel: hci0: 
Aug 18 18:42:09.566445 n kernel: hci0: 
Aug 18 18:42:09.566472 n kernel: hci0: entry 00000000f88ae64a
Aug 18 18:42:09.566523 n kernel: hci0: Opcode 0x200c
Aug 18 18:42:09.566553 n kernel: hci0: opcode 0x200c plen 2
Aug 18 18:42:09.566567 n kernel: hci0: skb len 5
Aug 18 18:42:09.566588 n kernel: hci0: length 1
Aug 18 18:42:09.566602 n kernel: hci0 cmd_cnt 1 cmd queued 1
Aug 18 18:42:09.566623 n kernel: hci0: skb 00000000e49f2021
Aug 18 18:42:09.568348 n kernel: hci0: result 0x00
Aug 18 18:42:09.568366 n kernel: hci0: 
Aug 18 18:42:09.568387 n kernel: hci0: end: err 0
Aug 18 18:42:09.568399 n kernel: hci0: entry 000000005116789d
Aug 18 18:42:09.568417 n kernel: hci0: 
Aug 18 18:42:09.568432 n kernel: hci0: Opcode 0x0401
Aug 18 18:42:09.568451 n kernel: hci0: opcode 0x0401 plen 5
Aug 18 18:42:09.568467 n kernel: hci0: skb len 8
Aug 18 18:42:09.568487 n kernel: hci0: length 1
Aug 18 18:42:09.568511 n kernel: hci0 cmd_cnt 1 cmd queued 1
Aug 18 18:42:09.568531 n kernel: hci0: skb 00000000aee45869
Aug 18 18:42:09.571353 n kernel: hci0: result 0x00
Aug 18 18:42:09.571372 n kernel: hci0: end: err 0
Aug 18 18:42:09.571391 n kernel: hci0: entry 000000008b9adf0c
Aug 18 18:42:09.571409 n kernel: hci0: 
Aug 18 18:42:09.571423 n kernel: hci0: 
Aug 18 18:42:14.693720 n kernel: hci0: state 2 -> 0
Aug 18 18:42:14.693744 n kernel: hci0: 
Aug 18 18:42:14.693754 n kernel: hci0: entry 00000000e302fb20
Aug 18 18:42:14.693781 n kernel: hci0: ADV monitoring is off
Aug 18 18:42:14.693791 n kernel: hci0: stopping background scanning
Aug 18 18:42:20.274124 n kernel: hci0: state 0 -> 1
Aug 18 18:42:20.274164 n kernel: hci0: 
Aug 18 18:42:20.274200 n kernel: hci0: entry 00000000cdb3a906
Aug 18 18:42:20.274236 n kernel: hci0: type 7
Aug 18 18:42:20.274261 n kernel: hci0: 
Aug 18 18:42:20.274286 n kernel: hci0: cancelling interleave scan
Aug 18 18:42:20.274301 n kernel: hci0: Opcode 0x2005
Aug 18 18:42:20.274314 n kernel: hci0: opcode 0x2005 plen 6
Aug 18 18:42:20.274336 n kernel: hci0: skb len 9
Aug 18 18:42:20.274358 n kernel: hci0: length 1
Aug 18 18:42:20.274381 n kernel: hci0 cmd_cnt 1 cmd queued 1
Aug 18 18:42:20.274393 n kernel: hci0: skb 00000000b4a4e953
Aug 18 18:42:20.371501 n kernel: hci0
Aug 18 18:42:20.371537 n kernel: hci0
Aug 18 18:42:20.371557 n kernel: hci0
Aug 18 18:42:20.375407 n kernel: hci0: result 0x00
Aug 18 18:42:20.375443 n kernel: hci0: end: err 0
Aug 18 18:42:20.375469 n kernel: hci0: Opcode 0x200b
Aug 18 18:42:20.375501 n kernel: hci0: opcode 0x200b plen 7
Aug 18 18:42:20.375531 n kernel: hci0: skb len 10
Aug 18 18:42:20.375563 n kernel: hci0: length 1
Aug 18 18:42:20.375589 n kernel: hci0 cmd_cnt 1 cmd queued 1
Aug 18 18:42:20.375611 n kernel: hci0: skb 0000000014de1073
Aug 18 18:42:20.378410 n kernel: hci0: result 0x00
Aug 18 18:42:20.378433 n kernel: hci0: end: err 0
Aug 18 18:42:20.378462 n kernel: hci0: Opcode 0x200c
Aug 18 18:42:20.378487 n kernel: hci0: opcode 0x200c plen 2
Aug 18 18:42:20.378518 n kernel: hci0: skb len 5
Aug 18 18:42:20.378552 n kernel: hci0: length 1
Aug 18 18:42:20.378573 n kernel: hci0 cmd_cnt 1 cmd queued 1
Aug 18 18:42:20.378586 n kernel: hci0: skb 000000007c32bd2d
Aug 18 18:42:20.381351 n kernel: hci0: state 1 -> 2
Aug 18 18:42:20.381415 n kernel: hci0: result 0x00
Aug 18 18:42:20.381432 n kernel: hci0: end: err 0
Aug 18 18:42:20.381449 n kernel: hci0: timeout 5120 ms
Aug 18 18:42:25.950333 n kernel: hci0: 
Aug 18 18:42:25.950428 n kernel: hci0: 
Aug 18 18:42:25.950451 n kernel: hci0: entry 00000000f88ae64a
Aug 18 18:42:25.950474 n kernel: hci0: Opcode 0x200c
Aug 18 18:42:25.950482 n kernel: hci0: opcode 0x200c plen 2
Aug 18 18:42:25.950501 n kernel: hci0: skb len 5
Aug 18 18:42:25.950514 n kernel: hci0: length 1
Aug 18 18:42:25.950526 n kernel: hci0 cmd_cnt 1 cmd queued 1
Aug 18 18:42:25.950539 n kernel: hci0: skb 00000000dbf4a92d
Aug 18 18:42:25.952381 n kernel: hci0: result 0x00
Aug 18 18:42:25.952399 n kernel: hci0: 
Aug 18 18:42:25.952414 n kernel: hci0: end: err 0
Aug 18 18:42:25.952435 n kernel: hci0: entry 000000005116789d
Aug 18 18:42:25.952450 n kernel: hci0: 
Aug 18 18:42:25.952463 n kernel: hci0: Opcode 0x0401
Aug 18 18:42:25.952489 n kernel: hci0: opcode 0x0401 plen 5
Aug 18 18:42:25.952503 n kernel: hci0: skb len 8
Aug 18 18:42:25.952519 n kernel: hci0: length 1
Aug 18 18:42:25.952531 n kernel: hci0 cmd_cnt 1 cmd queued 1
Aug 18 18:42:25.952545 n kernel: hci0: skb 00000000190443d5
Aug 18 18:42:25.955372 n kernel: hci0: result 0x00
Aug 18 18:42:25.955387 n kernel: hci0: end: err 0
Aug 18 18:42:25.955400 n kernel: hci0: entry 00000000d9d6a865
Aug 18 18:42:25.955421 n kernel: hci0: 
Aug 18 18:42:25.955438 n kernel: hci0: 
Aug 18 18:42:31.077378 n kernel: hci0: state 2 -> 0
Aug 18 18:42:31.077409 n kernel: hci0: 
Aug 18 18:42:31.077419 n kernel: hci0: entry 00000000ec94f708
Aug 18 18:42:31.077435 n kernel: hci0: ADV monitoring is off
Aug 18 18:42:31.077453 n kernel: hci0: stopping background scanning
Aug 18 18:42:36.272370 n kernel: hci0: state 0 -> 1
Aug 18 18:42:36.272386 n kernel: hci0: 
Aug 18 18:42:36.272398 n kernel: hci0: entry 000000002f3dfb52
Aug 18 18:42:36.272421 n kernel: hci0: type 7
Aug 18 18:42:36.272442 n kernel: hci0: 
Aug 18 18:42:36.272457 n kernel: hci0: cancelling interleave scan
Aug 18 18:42:36.272471 n kernel: hci0: Opcode 0x2005
Aug 18 18:42:36.272484 n kernel: hci0: opcode 0x2005 plen 6
Aug 18 18:42:36.272511 n kernel: hci0: skb len 9
Aug 18 18:42:36.272525 n kernel: hci0: length 1
Aug 18 18:42:36.272540 n kernel: hci0 cmd_cnt 1 cmd queued 1
Aug 18 18:42:36.272561 n kernel: hci0: skb 00000000513d1aab
Aug 18 18:42:36.372499 n kernel: hci0
Aug 18 18:42:36.372536 n kernel: hci0
Aug 18 18:42:36.372545 n kernel: hci0
Aug 18 18:42:36.376455 n kernel: hci0: result 0x00
Aug 18 18:42:36.376471 n kernel: hci0: end: err 0
Aug 18 18:42:36.376484 n kernel: hci0: Opcode 0x200b
Aug 18 18:42:36.376499 n kernel: hci0: opcode 0x200b plen 7
Aug 18 18:42:36.376513 n kernel: hci0: skb len 10
Aug 18 18:42:36.376528 n kernel: hci0: length 1
Aug 18 18:42:36.376543 n kernel: hci0 cmd_cnt 1 cmd queued 1
Aug 18 18:42:36.376558 n kernel: hci0: skb 000000003356a8a0
Aug 18 18:42:36.379396 n kernel: hci0: result 0x00
Aug 18 18:42:36.379415 n kernel: hci0: end: err 0
Aug 18 18:42:36.379436 n kernel: hci0: Opcode 0x200c
Aug 18 18:42:36.379447 n kernel: hci0: opcode 0x200c plen 2
Aug 18 18:42:36.379460 n kernel: hci0: skb len 5
Aug 18 18:42:36.379474 n kernel: hci0: length 1
Aug 18 18:42:36.379486 n kernel: hci0 cmd_cnt 1 cmd queued 1
Aug 18 18:42:36.379500 n kernel: hci0: skb 000000002437f298
Aug 18 18:42:36.382333 n kernel: hci0: state 1 -> 2
Aug 18 18:42:36.382402 n kernel: hci0: result 0x00
Aug 18 18:42:36.382413 n kernel: hci0: end: err 0
Aug 18 18:42:36.382429 n kernel: hci0: timeout 5120 ms
Aug 18 18:42:41.822335 n kernel: hci0: 
Aug 18 18:42:41.822430 n kernel: hci0: 
Aug 18 18:42:41.822454 n kernel: hci0: entry 000000008daadb20
Aug 18 18:42:41.822478 n kernel: hci0: Opcode 0x200c
Aug 18 18:42:41.822493 n kernel: hci0: opcode 0x200c plen 2
Aug 18 18:42:41.822513 n kernel: hci0: skb len 5
Aug 18 18:42:41.822529 n kernel: hci0: length 1
Aug 18 18:42:41.822543 n kernel: hci0 cmd_cnt 1 cmd queued 1
Aug 18 18:42:41.822552 n kernel: hci0: skb 000000000a146641
Aug 18 18:42:41.824380 n kernel: hci0: result 0x00
Aug 18 18:42:41.824400 n kernel: hci0: 
Aug 18 18:42:41.824431 n kernel: hci0: end: err 0
Aug 18 18:42:41.824452 n kernel: hci0: entry 000000005116789d
Aug 18 18:42:41.824481 n kernel: hci0: 
Aug 18 18:42:41.824499 n kernel: hci0: Opcode 0x0401
Aug 18 18:42:41.824519 n kernel: hci0: opcode 0x0401 plen 5
Aug 18 18:42:41.824537 n kernel: hci0: skb len 8
Aug 18 18:42:41.824564 n kernel: hci0: length 1
Aug 18 18:42:41.824590 n kernel: hci0 cmd_cnt 1 cmd queued 1
Aug 18 18:42:41.824617 n kernel: hci0: skb 0000000066b9a3d9
Aug 18 18:42:41.827360 n kernel: hci0: result 0x00
Aug 18 18:42:41.827371 n kernel: hci0: end: err 0
Aug 18 18:42:41.827392 n kernel: hci0: entry 000000008ab37fcd
Aug 18 18:42:41.827417 n kernel: hci0: 
Aug 18 18:42:41.827435 n kernel: hci0: 
Aug 18 18:42:46.948338 n kernel: hci0: state 2 -> 0
Aug 18 18:42:46.948378 n kernel: hci0: 
Aug 18 18:42:46.948394 n kernel: hci0: entry 000000001e4419d2
Aug 18 18:42:46.948424 n kernel: hci0: ADV monitoring is off
Aug 18 18:42:46.948443 n kernel: hci0: stopping background scanning
Aug 18 18:42:52.272393 n kernel: hci0: state 0 -> 1
Aug 18 18:42:52.272422 n kernel: hci0: 
Aug 18 18:42:52.272454 n kernel: hci0: entry 00000000bd51c792
Aug 18 18:42:52.272479 n kernel: hci0: type 7
Aug 18 18:42:52.272497 n kernel: hci0: 
Aug 18 18:42:52.272511 n kernel: hci0: cancelling interleave scan
Aug 18 18:42:52.272528 n kernel: hci0: Opcode 0x2005
Aug 18 18:42:52.272539 n kernel: hci0: opcode 0x2005 plen 6
Aug 18 18:42:52.272558 n kernel: hci0: skb len 9
Aug 18 18:42:52.272575 n kernel: hci0: length 1
Aug 18 18:42:52.272604 n kernel: hci0 cmd_cnt 1 cmd queued 1
Aug 18 18:42:52.272620 n kernel: hci0: skb 00000000d97ef7dd
Aug 18 18:42:52.371496 n kernel: hci0
Aug 18 18:42:52.371544 n kernel: hci0
Aug 18 18:42:52.371581 n kernel: hci0
Aug 18 18:42:52.375430 n kernel: hci0: result 0x00
Aug 18 18:42:52.375464 n kernel: hci0: end: err 0
Aug 18 18:42:52.375483 n kernel: hci0: Opcode 0x200b
Aug 18 18:42:52.375500 n kernel: hci0: opcode 0x200b plen 7
Aug 18 18:42:52.375516 n kernel: hci0: skb len 10
Aug 18 18:42:52.375538 n kernel: hci0: length 1
Aug 18 18:42:52.375561 n kernel: hci0 cmd_cnt 1 cmd queued 1
Aug 18 18:42:52.375575 n kernel: hci0: skb 0000000061efe0b9
Aug 18 18:42:52.378373 n kernel: hci0: result 0x00
Aug 18 18:42:52.378392 n kernel: hci0: end: err 0
Aug 18 18:42:52.378411 n kernel: hci0: Opcode 0x200c
Aug 18 18:42:52.378440 n kernel: hci0: opcode 0x200c plen 2
Aug 18 18:42:52.378467 n kernel: hci0: skb len 5
Aug 18 18:42:52.378497 n kernel: hci0: length 1
Aug 18 18:42:52.378513 n kernel: hci0 cmd_cnt 1 cmd queued 1
Aug 18 18:42:52.378529 n kernel: hci0: skb 0000000005b59d30
Aug 18 18:42:52.381327 n kernel: hci0: state 1 -> 2
Aug 18 18:42:52.381384 n kernel: hci0: result 0x00
Aug 18 18:42:52.381397 n kernel: hci0: end: err 0
Aug 18 18:42:52.381410 n kernel: hci0: timeout 5120 ms
Aug 18 18:42:57.694337 n kernel: hci0: 
Aug 18 18:42:57.694420 n kernel: hci0: 
Aug 18 18:42:57.694437 n kernel: hci0: entry 00000000d78e9117
Aug 18 18:42:57.694473 n kernel: hci0: Opcode 0x200c
Aug 18 18:42:57.694490 n kernel: hci0: opcode 0x200c plen 2
Aug 18 18:42:57.694501 n kernel: hci0: skb len 5
Aug 18 18:42:57.694518 n kernel: hci0: length 1
Aug 18 18:42:57.694539 n kernel: hci0 cmd_cnt 1 cmd queued 1
Aug 18 18:42:57.694554 n kernel: hci0: skb 000000000cd3baa8
Aug 18 18:42:57.697384 n kernel: hci0: result 0x00
Aug 18 18:42:57.697397 n kernel: hci0: 
Aug 18 18:42:57.697415 n kernel: hci0: end: err 0
Aug 18 18:42:57.697442 n kernel: hci0: entry 000000005113d73b
Aug 18 18:42:57.697484 n kernel: hci0: 
Aug 18 18:42:57.697499 n kernel: hci0: Opcode 0x0401
Aug 18 18:42:57.697535 n kernel: hci0: opcode 0x0401 plen 5
Aug 18 18:42:57.697552 n kernel: hci0: skb len 8
Aug 18 18:42:57.697578 n kernel: hci0: length 1
Aug 18 18:42:57.697602 n kernel: hci0 cmd_cnt 1 cmd queued 1
Aug 18 18:42:57.697622 n kernel: hci0: skb 00000000c7b1cf6a
Aug 18 18:42:57.700366 n kernel: hci0: result 0x00
Aug 18 18:42:57.700381 n kernel: hci0: end: err 0
Aug 18 18:42:57.700396 n kernel: hci0: entry 00000000c0bde387
Aug 18 18:42:57.700424 n kernel: hci0: 
Aug 18 18:42:57.700444 n kernel: hci0: 
Aug 18 18:43:02.822330 n kernel: hci0: state 2 -> 0
Aug 18 18:43:02.822370 n kernel: hci0: 
Aug 18 18:43:02.822385 n kernel: hci0: entry 00000000404ea813
Aug 18 18:43:02.822401 n kernel: hci0: ADV monitoring is off
Aug 18 18:43:02.822424 n kernel: hci0: stopping background scanning
Aug 18 18:43:08.272397 n kernel: hci0: state 0 -> 1
Aug 18 18:43:08.272420 n kernel: hci0: 
Aug 18 18:43:08.272439 n kernel: hci0: entry 00000000745ede7d
Aug 18 18:43:08.272474 n kernel: hci0: type 7
Aug 18 18:43:08.272483 n kernel: hci0: 
Aug 18 18:43:08.272504 n kernel: hci0: cancelling interleave scan
Aug 18 18:43:08.272521 n kernel: hci0: Opcode 0x2005
Aug 18 18:43:08.272538 n kernel: hci0: opcode 0x2005 plen 6
Aug 18 18:43:08.272557 n kernel: hci0: skb len 9
Aug 18 18:43:08.272578 n kernel: hci0: length 1
Aug 18 18:43:08.272596 n kernel: hci0 cmd_cnt 1 cmd queued 1
Aug 18 18:43:08.272610 n kernel: hci0: skb 000000005d1b6f67
Aug 18 18:43:08.370438 n kernel: hci0
Aug 18 18:43:08.370463 n kernel: hci0
Aug 18 18:43:08.370479 n kernel: hci0
Aug 18 18:43:08.374367 n kernel: hci0: result 0x00
Aug 18 18:43:08.374390 n kernel: hci0: end: err 0
Aug 18 18:43:08.374406 n kernel: hci0: Opcode 0x200b
Aug 18 18:43:08.374415 n kernel: hci0: opcode 0x200b plen 7
Aug 18 18:43:08.374427 n kernel: hci0: skb len 10
Aug 18 18:43:08.374444 n kernel: hci0: length 1
Aug 18 18:43:08.374472 n kernel: hci0 cmd_cnt 1 cmd queued 1
Aug 18 18:43:08.374489 n kernel: hci0: skb 000000007b05ae04
Aug 18 18:43:08.377352 n kernel: hci0: result 0x00
Aug 18 18:43:08.377363 n kernel: hci0: end: err 0
Aug 18 18:43:08.377376 n kernel: hci0: Opcode 0x200c
Aug 18 18:43:08.377391 n kernel: hci0: opcode 0x200c plen 2
Aug 18 18:43:08.377405 n kernel: hci0: skb len 5
Aug 18 18:43:08.377422 n kernel: hci0: length 1
Aug 18 18:43:08.377434 n kernel: hci0 cmd_cnt 1 cmd queued 1
Aug 18 18:43:08.377446 n kernel: hci0: skb 0000000055af3e1b
Aug 18 18:43:08.380326 n kernel: hci0: state 1 -> 2
Aug 18 18:43:08.380378 n kernel: hci0: result 0x00
Aug 18 18:43:08.380392 n kernel: hci0: end: err 0
Aug 18 18:43:08.380425 n kernel: hci0: timeout 5120 ms
Aug 18 18:43:13.567345 n kernel: hci0: 
Aug 18 18:43:13.567461 n kernel: hci0: 
Aug 18 18:43:13.567492 n kernel: hci0: entry 0000000076c3c942
Aug 18 18:43:13.567530 n kernel: hci0: Opcode 0x200c
Aug 18 18:43:13.567555 n kernel: hci0: opcode 0x200c plen 2
Aug 18 18:43:13.567578 n kernel: hci0: skb len 5
Aug 18 18:43:13.567596 n kernel: hci0: length 1
Aug 18 18:43:13.567614 n kernel: hci0 cmd_cnt 1 cmd queued 1
Aug 18 18:43:13.567629 n kernel: hci0: skb 00000000c6ffc9cb
Aug 18 18:43:13.569376 n kernel: hci0: result 0x00
Aug 18 18:43:13.569394 n kernel: hci0: 
Aug 18 18:43:13.569403 n kernel: hci0: end: err 0
Aug 18 18:43:13.569416 n kernel: hci0: entry 0000000053a732ce
Aug 18 18:43:13.569447 n kernel: hci0: 
Aug 18 18:43:13.569463 n kernel: hci0: Opcode 0x0401
Aug 18 18:43:13.569485 n kernel: hci0: opcode 0x0401 plen 5
Aug 18 18:43:13.569514 n kernel: hci0: skb len 8
Aug 18 18:43:13.569531 n kernel: hci0: length 1
Aug 18 18:43:13.569547 n kernel: hci0 cmd_cnt 1 cmd queued 1
Aug 18 18:43:13.569563 n kernel: hci0: skb 0000000006b02513
Aug 18 18:43:13.572363 n kernel: hci0: result 0x00
Aug 18 18:43:13.572379 n kernel: hci0: end: err 0
Aug 18 18:43:13.572395 n kernel: hci0: entry 00000000c0bde387
Aug 18 18:43:13.572418 n kernel: hci0: 
Aug 18 18:43:13.572427 n kernel: hci0: 
Aug 18 18:43:18.694522 n kernel: hci0: 
Aug 18 18:43:18.694566 n kernel: hci0: state 2 -> 0
Aug 18 18:43:18.694584 n kernel: hci0: entry 00000000404ea813
Aug 18 18:43:18.694604 n kernel: hci0: ADV monitoring is off
Aug 18 18:43:18.694614 n kernel: hci0: stopping background scanning
Aug 18 18:43:24.268384 n kernel: hci0: state 0 -> 1
Aug 18 18:43:24.268401 n kernel: hci0: 
Aug 18 18:43:24.268418 n kernel: hci0: entry 0000000011937529
Aug 18 18:43:24.268434 n kernel: hci0: type 7
Aug 18 18:43:24.268450 n kernel: hci0: 
Aug 18 18:43:24.268466 n kernel: hci0: cancelling interleave scan
Aug 18 18:43:24.268489 n kernel: hci0: Opcode 0x2005
Aug 18 18:43:24.268497 n kernel: hci0: opcode 0x2005 plen 6
Aug 18 18:43:24.268521 n kernel: hci0: skb len 9
Aug 18 18:43:24.268554 n kernel: hci0: length 1
Aug 18 18:43:24.268576 n kernel: hci0 cmd_cnt 1 cmd queued 1
Aug 18 18:43:24.268585 n kernel: hci0: skb 00000000eb231ce7
Aug 18 18:43:24.366493 n kernel: hci0
Aug 18 18:43:24.366516 n kernel: hci0
Aug 18 18:43:24.366543 n kernel: hci0
Aug 18 18:43:24.370363 n kernel: hci0: result 0x00
Aug 18 18:43:24.370388 n kernel: hci0: end: err 0
Aug 18 18:43:24.370410 n kernel: hci0: Opcode 0x200b
Aug 18 18:43:24.370418 n kernel: hci0: opcode 0x200b plen 7
Aug 18 18:43:24.370430 n kernel: hci0: skb len 10
Aug 18 18:43:24.370438 n kernel: hci0: length 1
Aug 18 18:43:24.370452 n kernel: hci0 cmd_cnt 1 cmd queued 1
Aug 18 18:43:24.370467 n kernel: hci0: skb 0000000008dc01c1
Aug 18 18:43:24.373393 n kernel: hci0: result 0x00
Aug 18 18:43:24.373431 n kernel: hci0: end: err 0
Aug 18 18:43:24.373458 n kernel: hci0: Opcode 0x200c
Aug 18 18:43:24.373486 n kernel: hci0: opcode 0x200c plen 2
Aug 18 18:43:24.373515 n kernel: hci0: skb len 5
Aug 18 18:43:24.373534 n kernel: hci0: length 1
Aug 18 18:43:24.373554 n kernel: hci0 cmd_cnt 1 cmd queued 1
Aug 18 18:43:24.373574 n kernel: hci0: skb 00000000ebb2c149
Aug 18 18:43:24.376510 n kernel: hci0: state 1 -> 2
Aug 18 18:43:24.376570 n kernel: hci0: result 0x00
Aug 18 18:43:24.376594 n kernel: hci0: end: err 0
Aug 18 18:43:24.376616 n kernel: hci0: timeout 5120 ms
Aug 18 18:43:29.950341 n kernel: hci0: 
Aug 18 18:43:29.950467 n kernel: hci0: 
Aug 18 18:43:29.950499 n kernel: hci0: entry 0000000057f9d5b0
Aug 18 18:43:29.950539 n kernel: hci0: Opcode 0x200c
Aug 18 18:43:29.950571 n kernel: hci0: opcode 0x200c plen 2
Aug 18 18:43:29.950618 n kernel: hci0: skb len 5
Aug 18 18:43:29.950651 n kernel: hci0: length 1
Aug 18 18:43:29.950683 n kernel: hci0 cmd_cnt 1 cmd queued 1
Aug 18 18:43:29.950697 n kernel: hci0: skb 0000000058279040
Aug 18 18:43:29.952364 n kernel: hci0: result 0x00
Aug 18 18:43:29.952419 n kernel: hci0: 
Aug 18 18:43:29.952434 n kernel: hci0: end: err 0
Aug 18 18:43:29.952450 n kernel: hci0: entry 000000006e80496f
Aug 18 18:43:29.952469 n kernel: hci0: 
Aug 18 18:43:29.952482 n kernel: hci0: Opcode 0x0401
Aug 18 18:43:29.952505 n kernel: hci0: opcode 0x0401 plen 5
Aug 18 18:43:29.952516 n kernel: hci0: skb len 8
Aug 18 18:43:29.952535 n kernel: hci0: length 1
Aug 18 18:43:29.952544 n kernel: hci0 cmd_cnt 1 cmd queued 1
Aug 18 18:43:29.952554 n kernel: hci0: skb 000000008d62cae0
Aug 18 18:43:29.955357 n kernel: hci0: result 0x00
Aug 18 18:43:29.955374 n kernel: hci0: end: err 0
Aug 18 18:43:29.955387 n kernel: hci0: entry 0000000023f67fec
Aug 18 18:43:29.955414 n kernel: hci0: 
Aug 18 18:43:29.955433 n kernel: hci0: 
Aug 18 18:43:35.077383 n kernel: hci0: 
Aug 18 18:43:35.077411 n kernel: hci0: state 2 -> 0
Aug 18 18:43:35.077430 n kernel: hci0: entry 000000001461cd33
Aug 18 18:43:35.077451 n kernel: hci0: ADV monitoring is off
Aug 18 18:43:35.077480 n kernel: hci0: stopping background scanning
Aug 18 18:43:40.272373 n kernel: hci0: state 0 -> 1
Aug 18 18:43:40.272397 n kernel: hci0: 
Aug 18 18:43:40.272412 n kernel: hci0: entry 000000000d8e1bdf
Aug 18 18:43:40.272439 n kernel: hci0: type 7
Aug 18 18:43:40.272457 n kernel: hci0: 
Aug 18 18:43:40.272470 n kernel: hci0: cancelling interleave scan
Aug 18 18:43:40.272494 n kernel: hci0: Opcode 0x2005
Aug 18 18:43:40.272509 n kernel: hci0: opcode 0x2005 plen 6
Aug 18 18:43:40.272523 n kernel: hci0: skb len 9
Aug 18 18:43:40.272543 n kernel: hci0: length 1
Aug 18 18:43:40.272563 n kernel: hci0 cmd_cnt 1 cmd queued 1
Aug 18 18:43:40.272581 n kernel: hci0: skb 00000000b3295315
Aug 18 18:43:40.370457 n kernel: hci0
Aug 18 18:43:40.370482 n kernel: hci0
Aug 18 18:43:40.370505 n kernel: hci0
Aug 18 18:43:40.374469 n kernel: hci0: result 0x00
Aug 18 18:43:40.374506 n kernel: hci0: end: err 0
Aug 18 18:43:40.374537 n kernel: hci0: Opcode 0x200b
Aug 18 18:43:40.374565 n kernel: hci0: opcode 0x200b plen 7
Aug 18 18:43:40.374583 n kernel: hci0: skb len 10
Aug 18 18:43:40.374606 n kernel: hci0: length 1
Aug 18 18:43:40.374627 n kernel: hci0 cmd_cnt 1 cmd queued 1
Aug 18 18:43:40.374653 n kernel: hci0: skb 00000000d3a00e65
Aug 18 18:43:40.377417 n kernel: hci0: result 0x00
Aug 18 18:43:40.377437 n kernel: hci0: end: err 0
Aug 18 18:43:40.377453 n kernel: hci0: Opcode 0x200c
Aug 18 18:43:40.377463 n kernel: hci0: opcode 0x200c plen 2
Aug 18 18:43:40.377487 n kernel: hci0: skb len 5
Aug 18 18:43:40.377498 n kernel: hci0: length 1
Aug 18 18:43:40.377514 n kernel: hci0 cmd_cnt 1 cmd queued 1
Aug 18 18:43:40.377534 n kernel: hci0: skb 000000008f3bea0b
Aug 18 18:43:40.380328 n kernel: hci0: state 1 -> 2
Aug 18 18:43:40.380384 n kernel: hci0: result 0x00
Aug 18 18:43:40.380398 n kernel: hci0: end: err 0
Aug 18 18:43:40.380412 n kernel: hci0: timeout 5120 ms
Aug 18 18:43:45.822338 n kernel: hci0: 
Aug 18 18:43:45.822437 n kernel: hci0: 
Aug 18 18:43:45.822461 n kernel: hci0: entry 000000009e326484
Aug 18 18:43:45.822490 n kernel: hci0: Opcode 0x200c
Aug 18 18:43:45.822514 n kernel: hci0: opcode 0x200c plen 2
Aug 18 18:43:45.822560 n kernel: hci0: skb len 5
Aug 18 18:43:45.822606 n kernel: hci0: length 1
Aug 18 18:43:45.822633 n kernel: hci0 cmd_cnt 1 cmd queued 1
Aug 18 18:43:45.822650 n kernel: hci0: skb 0000000030f2f1f5
Aug 18 18:43:45.824384 n kernel: hci0: result 0x00
Aug 18 18:43:45.824410 n kernel: hci0: 
Aug 18 18:43:45.824430 n kernel: hci0: end: err 0
Aug 18 18:43:45.824448 n kernel: hci0: entry 00000000efbc38bc
Aug 18 18:43:45.824492 n kernel: hci0: 
Aug 18 18:43:45.824522 n kernel: hci0: Opcode 0x0401
Aug 18 18:43:45.824535 n kernel: hci0: opcode 0x0401 plen 5
Aug 18 18:43:45.824554 n kernel: hci0: skb len 8
Aug 18 18:43:45.824584 n kernel: hci0: length 1
Aug 18 18:43:45.824595 n kernel: hci0 cmd_cnt 1 cmd queued 1
Aug 18 18:43:45.824615 n kernel: hci0: skb 00000000fd957feb
Aug 18 18:43:45.827399 n kernel: hci0: result 0x00
Aug 18 18:43:45.827430 n kernel: hci0: end: err 0
Aug 18 18:43:45.827476 n kernel: hci0: entry 000000008ab37fcd
Aug 18 18:43:45.827527 n kernel: hci0: 
Aug 18 18:43:45.827568 n kernel: hci0: 
Aug 18 18:43:50.949330 n kernel: hci0: state 2 -> 0
Aug 18 18:43:50.949358 n kernel: hci0: 
Aug 18 18:43:50.949369 n kernel: hci0: entry 0000000000e3283f
Aug 18 18:43:50.949403 n kernel: hci0: ADV monitoring is off
Aug 18 18:43:50.949418 n kernel: hci0: stopping background scanning
Aug 18 18:43:56.272363 n kernel: hci0: state 0 -> 1
Aug 18 18:43:56.272375 n kernel: hci0: 
Aug 18 18:43:56.272387 n kernel: hci0: entry 00000000c3480322
Aug 18 18:43:56.272406 n kernel: hci0: type 7
Aug 18 18:43:56.272420 n kernel: hci0: 
Aug 18 18:43:56.272432 n kernel: hci0: cancelling interleave scan
Aug 18 18:43:56.272449 n kernel: hci0: Opcode 0x2005
Aug 18 18:43:56.272464 n kernel: hci0: opcode 0x2005 plen 6
Aug 18 18:43:56.272480 n kernel: hci0: skb len 9
Aug 18 18:43:56.272495 n kernel: hci0: length 1
Aug 18 18:43:56.272506 n kernel: hci0 cmd_cnt 1 cmd queued 1
Aug 18 18:43:56.272518 n kernel: hci0: skb 00000000e4900b42
Aug 18 18:43:56.370460 n kernel: hci0
Aug 18 18:43:56.370491 n kernel: hci0
Aug 18 18:43:56.370511 n kernel: hci0
Aug 18 18:43:56.374394 n kernel: hci0: result 0x00
Aug 18 18:43:56.374417 n kernel: hci0: end: err 0
Aug 18 18:43:56.374435 n kernel: hci0: Opcode 0x200b
Aug 18 18:43:56.374449 n kernel: hci0: opcode 0x200b plen 7
Aug 18 18:43:56.374479 n kernel: hci0: skb len 10
Aug 18 18:43:56.374509 n kernel: hci0: length 1
Aug 18 18:43:56.374535 n kernel: hci0 cmd_cnt 1 cmd queued 1
Aug 18 18:43:56.374555 n kernel: hci0: skb 00000000b2e85110
Aug 18 18:43:56.377394 n kernel: hci0: result 0x00
Aug 18 18:43:56.377427 n kernel: hci0: end: err 0
Aug 18 18:43:56.377456 n kernel: hci0: Opcode 0x200c
Aug 18 18:43:56.377476 n kernel: hci0: opcode 0x200c plen 2
Aug 18 18:43:56.377503 n kernel: hci0: skb len 5
Aug 18 18:43:56.377529 n kernel: hci0: length 1
Aug 18 18:43:56.377548 n kernel: hci0 cmd_cnt 1 cmd queued 1
Aug 18 18:43:56.377566 n kernel: hci0: skb 000000005e9c94d2
Aug 18 18:43:56.380331 n kernel: hci0: state 1 -> 2
Aug 18 18:43:56.380415 n kernel: hci0: result 0x00
Aug 18 18:43:56.380432 n kernel: hci0: end: err 0
Aug 18 18:43:56.380454 n kernel: hci0: timeout 5120 ms
Aug 18 18:44:01.694338 n kernel: hci0: 
Aug 18 18:44:01.694458 n kernel: hci0: 
Aug 18 18:44:01.694488 n kernel: hci0: entry 00000000b14000ab
Aug 18 18:44:01.694529 n kernel: hci0: Opcode 0x200c
Aug 18 18:44:01.694569 n kernel: hci0: opcode 0x200c plen 2
Aug 18 18:44:01.694594 n kernel: hci0: skb len 5
Aug 18 18:44:01.694638 n kernel: hci0: length 1
Aug 18 18:44:01.694668 n kernel: hci0 cmd_cnt 1 cmd queued 1
Aug 18 18:44:01.694690 n kernel: hci0: skb 00000000f1640bbf
Aug 18 18:44:01.697420 n kernel: hci0: result 0x00
Aug 18 18:44:01.697458 n kernel: hci0: 
Aug 18 18:44:01.697479 n kernel: hci0: end: err 0
Aug 18 18:44:01.697504 n kernel: hci0: entry 0000000032311f2e
Aug 18 18:44:01.697530 n kernel: hci0: 
Aug 18 18:44:01.697543 n kernel: hci0: Opcode 0x0401
Aug 18 18:44:01.697572 n kernel: hci0: opcode 0x0401 plen 5
Aug 18 18:44:01.697597 n kernel: hci0: skb len 8
Aug 18 18:44:01.697626 n kernel: hci0: length 1
Aug 18 18:44:01.697656 n kernel: hci0 cmd_cnt 1 cmd queued 1
Aug 18 18:44:01.697695 n kernel: hci0: skb 00000000ad19e6ad
Aug 18 18:44:01.700383 n kernel: hci0: result 0x00
Aug 18 18:44:01.700403 n kernel: hci0: end: err 0
Aug 18 18:44:01.700421 n kernel: hci0: entry 00000000869257a5
Aug 18 18:44:01.700458 n kernel: hci0: 
Aug 18 18:44:01.700479 n kernel: hci0: 
Aug 18 18:44:03.846460 n kernel: hci0 cmd_cnt 1 cmd queued 1
Aug 18 18:44:03.846481 n kernel: hci0: skb 00000000a10b4d38
Aug 18 18:44:03.864440 n kernel: hci0 cmd_cnt 1 cmd queued 1
Aug 18 18:44:03.864457 n kernel: hci0: skb 00000000b3335d68
Aug 18 18:44:03.867394 n kernel: hci0 cmd_cnt 1 cmd queued 1
Aug 18 18:44:03.867418 n kernel: hci0: skb 000000001b5b6e44
Aug 18 18:44:06.821326 n kernel: hci0: 
Aug 18 18:44:06.821361 n kernel: hci0: state 2 -> 0
Aug 18 18:44:06.821384 n kernel: hci0: entry 0000000077aae622
Aug 18 18:44:06.821403 n kernel: hci0: ADV monitoring is off
Aug 18 18:44:06.821422 n kernel: hci0: stopping background scanning
Aug 18 18:44:12.272770 n kernel: hci0: state 0 -> 1
Aug 18 18:44:12.272808 n kernel: hci0: 
Aug 18 18:44:12.272832 n kernel: hci0: entry 00000000d68b30f8
Aug 18 18:44:12.272873 n kernel: hci0: type 7
Aug 18 18:44:12.272902 n kernel: hci0: 
Aug 18 18:44:12.272925 n kernel: hci0: cancelling interleave scan
Aug 18 18:44:12.272951 n kernel: hci0: Opcode 0x2005
Aug 18 18:44:12.272973 n kernel: hci0: opcode 0x2005 plen 6
Aug 18 18:44:12.273008 n kernel: hci0: skb len 9
Aug 18 18:44:12.273033 n kernel: hci0: length 1
Aug 18 18:44:12.273057 n kernel: hci0 cmd_cnt 1 cmd queued 1
Aug 18 18:44:12.273080 n kernel: hci0: skb 00000000b7296683
Aug 18 18:44:12.371451 n kernel: hci0
Aug 18 18:44:12.371483 n kernel: hci0
Aug 18 18:44:12.371497 n kernel: hci0
Aug 18 18:44:12.375373 n kernel: hci0: result 0x00
Aug 18 18:44:12.375396 n kernel: hci0: end: err 0
Aug 18 18:44:12.375412 n kernel: hci0: Opcode 0x200b
Aug 18 18:44:12.375428 n kernel: hci0: opcode 0x200b plen 7
Aug 18 18:44:12.375437 n kernel: hci0: skb len 10
Aug 18 18:44:12.375452 n kernel: hci0: length 1
Aug 18 18:44:12.375466 n kernel: hci0 cmd_cnt 1 cmd queued 1
Aug 18 18:44:12.375484 n kernel: hci0: skb 0000000089efb437
Aug 18 18:44:12.379408 n kernel: hci0: result 0x00
Aug 18 18:44:12.379420 n kernel: hci0: end: err 0
Aug 18 18:44:12.379435 n kernel: hci0: Opcode 0x200c
Aug 18 18:44:12.379451 n kernel: hci0: opcode 0x200c plen 2
Aug 18 18:44:12.379463 n kernel: hci0: skb len 5
Aug 18 18:44:12.379481 n kernel: hci0: length 1
Aug 18 18:44:12.379499 n kernel: hci0 cmd_cnt 1 cmd queued 1
Aug 18 18:44:12.379515 n kernel: hci0: skb 0000000072e4e1f8
Aug 18 18:44:12.383325 n kernel: hci0: state 1 -> 2
Aug 18 18:44:12.383362 n kernel: hci0: result 0x00
Aug 18 18:44:12.383372 n kernel: hci0: end: err 0
Aug 18 18:44:12.383386 n kernel: hci0: timeout 5120 ms
