HCI non-response -> USB loss: how long, and what ended the observation?
──────────────────────────────────────────────────────────────

  boot 111111111111   first HCI timeout 2026-08-01T10:00:00.000000+02:00
      +    50.00s  usb: USB disconnect                                   <-- NATURAL
      HCI-nonresponse window: 50.00s (50s)  NATURAL

──────────────────────────────────────────────────────────────
  boots with HCI non-response   1
    ended naturally             1   <- uncensored untreated transitions
    ended by positive intervention 0
    ended by kernel treatment reset 0
    ended by unknown-origin reset   0
    ended by shutdown           0
    still running               0

  longest uncensored HCI-to-USB-loss window   50.00s (50s)
  longest window of any kind       50.00s (50s, NATURAL)

  ⚠ 1 boot(s) had no enumeration line naming 13d3:3503, so their
    USB-layer events were classified WITHOUT a device filter —
    a disconnect from any USB device could have terminated those
    windows. Treat their classification as weaker.
