HCI non-response -> USB loss: how long, and what ended the observation?
──────────────────────────────────────────────────────────────

  boot 333333333333   first HCI timeout 2026-08-31T23:59:00.000000+02:00
      HCI-nonresponse window: 720.00s (12m 0s)  ongoing
      RIGHT-CENSORED — true survival time is longer than this

──────────────────────────────────────────────────────────────
  boots with HCI non-response   1
    ended naturally             0   <- uncensored untreated transitions
    ended by positive intervention 0
    ended by kernel treatment reset 0
    ended by unknown-origin reset   0
    ended by shutdown           0
    still running               1

  No uncensored HCI-nonresponse-to-USB-loss transition was observed.
  Every HCI-nonresponse window was ended by intervention, a reset of
  known treatment or unknown origin, or shutdown. Therefore
  the fault's untreated trajectory is UNKNOWN — not 45-66s, not
  indefinite. The experiment that settles it is a boot left
  strictly alone after BT-1 until the device leaves the bus.
  longest window of any kind       720.00s (12m 0s, ongoing)
