Sep 13 05:19:52.912177 n bluetoothd[2804]: src/shared/mgmt.c:can_read_data() [0x0000] event 0x000b
Sep 13 05:19:52.912197 n bluetoothd[2804]: src/adapter.c:connected_callback() hci0 device AA:BB:CC:00:00:01 connected eir_len 17
Sep 13 05:19:53.195745 n bluetoothd[2804]: src/profile.c:ext_confirm() incoming connect from AA:BB:CC:00:00:01
Sep 13 05:19:53.195809 n bluetoothd[2804]: src/service.c:btd_service_ref() 0x61f2fcd42230: ref=2
Sep 13 05:19:53.195834 n bluetoothd[2804]: src/profile.c:ext_confirm() Hands-Free Voice gateway authorizing connection from AA:BB:CC:00:00:01
Sep 13 05:19:53.195888 n bluetoothd[2804]: src/profile.c:ext_auth() AA:BB:CC:00:00:01 authorized to connect to Hands-Free Voice gateway
Sep 13 05:19:53.195912 n bluetoothd[2804]: src/profile.c:ext_connect() Hands-Free Voice gateway connected to AA:BB:CC:00:00:01
Sep 13 05:19:53.195924 n bluetoothd[2804]: src/service.c:change_state() 0x61f2fcd42230: device AA:BB:CC:00:00:01 profile Hands-Free Voice gateway state changed: disconnected -> connecting (0)
Sep 13 05:19:53.196743 n bluetoothd[2804]: src/service.c:change_state() 0x61f2fcd42230: device AA:BB:CC:00:00:01 profile Hands-Free Voice gateway state changed: connecting -> connected (0)
Sep 13 05:19:53.196760 n bluetoothd[2804]: src/device.c:device_profile_connected() Hands-Free Voice gateway Success (0)
Sep 13 05:19:53.196773 n bluetoothd[2804]: src/service.c:btd_service_ref() 0x61f2fcd42230: ref=3
Sep 13 05:19:53.196788 n bluetoothd[2804]: plugins/policy.c:service_cb() Added Hands-Free Voice gateway reconnect 0
Sep 13 05:19:53.415925 n bluetoothd[2804]: src/battery.c:register_battery_provider() register battery provider path = /org/freedesktop/pipewire/battery
Sep 13 05:19:53.416675 n bluetoothd[2804]: src/battery.c:btd_battery_register() path = /org/bluez/hci0/dev_AA:BB:CC:00:00:01
Sep 13 05:19:53.416688 n bluetoothd[2804]: src/battery.c:btd_battery_register() registered Battery object: /org/bluez/hci0/dev_AA:BB:CC:00:00:01
Sep 13 05:19:53.416698 n bluetoothd[2804]: src/battery.c:provided_battery_added_cb() provided battery added /org/freedesktop/pipewire/battery/org/bluez/hci0/dev_AA:BB:CC:00:00:01
Sep 13 05:19:53.416706 n bluetoothd[2804]: src/battery.c:btd_battery_update() path = /org/bluez/hci0/dev_AA:BB:CC:00:00:01
Sep 13 05:19:53.500761 n bluetoothd[2804]: profiles/audio/a2dp.c:confirm_cb() AVDTP: incoming connect from AA:BB:CC:00:00:01
Sep 13 05:19:53.510657 n bluetoothd[2804]: profiles/audio/sink.c:sink_set_state() State changed /org/bluez/hci0/dev_AA:BB:CC:00:00:01: SINK_STATE_DISCONNECTED -> SINK_STATE_CONNECTING
Sep 13 05:19:53.510749 n bluetoothd[2804]: profiles/audio/avdtp.c:avdtp_connect_cb() AVDTP: connected signaling channel to AA:BB:CC:00:00:01
Sep 13 05:19:53.510758 n bluetoothd[2804]: profiles/audio/avdtp.c:avdtp_connect_cb() AVDTP imtu=672, omtu=895
Sep 13 05:19:53.510824 n bluetoothd[2804]: profiles/audio/avdtp.c:avdtp_register_remote_sep() seid 7 type 1 media 0 delay_reporting false
Sep 13 05:19:53.510846 n bluetoothd[2804]: profiles/audio/a2dp.c:register_remote_sep() Found remote SEP: /org/bluez/hci0/dev_AA:BB:CC:00:00:01/sep7
Sep 13 05:19:53.510856 n bluetoothd[2804]: profiles/audio/avdtp.c:avdtp_register_remote_sep() seid 6 type 1 media 0 delay_reporting false
Sep 13 05:19:53.510872 n bluetoothd[2804]: profiles/audio/a2dp.c:register_remote_sep() Found remote SEP: /org/bluez/hci0/dev_AA:BB:CC:00:00:01/sep6
Sep 13 05:19:53.510882 n bluetoothd[2804]: profiles/audio/avdtp.c:avdtp_register_remote_sep() seid 5 type 1 media 0 delay_reporting false
Sep 13 05:19:53.510895 n bluetoothd[2804]: profiles/audio/a2dp.c:register_remote_sep() Found remote SEP: /org/bluez/hci0/dev_AA:BB:CC:00:00:01/sep5
Sep 13 05:19:53.510904 n bluetoothd[2804]: profiles/audio/avdtp.c:avdtp_register_remote_sep() seid 4 type 1 media 0 delay_reporting false
Sep 13 05:19:53.510917 n bluetoothd[2804]: profiles/audio/a2dp.c:register_remote_sep() Found remote SEP: /org/bluez/hci0/dev_AA:BB:CC:00:00:01/sep4
Sep 13 05:19:53.510935 n bluetoothd[2804]: profiles/audio/avdtp.c:avdtp_register_remote_sep() seid 8 type 1 media 0 delay_reporting false
Sep 13 05:19:53.510949 n bluetoothd[2804]: profiles/audio/a2dp.c:register_remote_sep() Found remote SEP: /org/bluez/hci0/dev_AA:BB:CC:00:00:01/sep8
Sep 13 05:19:53.510958 n bluetoothd[2804]: profiles/audio/a2dp.c:load_remote_sep() LastUsed: lseid 3 rseid 7
Sep 13 05:19:53.510972 n bluetoothd[2804]: profiles/audio/avdtp.c:avdtp_ref() 0x61f2fcd49570: ref=1
Sep 13 05:19:53.510980 n bluetoothd[2804]: profiles/audio/avdtp.c:set_disconnect_timer() timeout 1
Sep 13 05:19:53.571680 n bluetoothd[2804]: profiles/audio/avdtp.c:session_cb()
Sep 13 05:19:53.571699 n bluetoothd[2804]: profiles/audio/avdtp.c:avdtp_parse_cmd() Received DISCOVER_CMD
Sep 13 05:19:53.571755 n bluetoothd[2804]: profiles/audio/avctp.c:avctp_confirm_cb() AVCTP: incoming connect from AA:BB:CC:00:00:01
Sep 13 05:19:53.571773 n bluetoothd[2804]: profiles/audio/avctp.c:avctp_set_state() AVCTP Connecting
Sep 13 05:19:53.583621 n bluetoothd[2804]: profiles/audio/avdtp.c:session_cb()
Sep 13 05:19:53.583643 n bluetoothd[2804]: profiles/audio/avdtp.c:avdtp_parse_cmd() Received  GET_CAPABILITIES_CMD
Sep 13 05:19:53.583657 n bluetoothd[2804]: profiles/audio/a2dp.c:endpoint_getcap_ind() Source 0x61f2fcd2e860: Get_Capability_Ind
Sep 13 05:19:53.590659 n bluetoothd[2804]: profiles/audio/avctp.c:avctp_connect_cb() AVCTP: connected to AA:BB:CC:00:00:01
Sep 13 05:19:53.590971 n bluetoothd[2804]: profiles/audio/avctp.c:init_uinput() AVRCP: uinput initialized for MOMENTUM 4
Sep 13 05:19:53.590999 n bluetoothd[2804]: profiles/audio/avrcp.c:controller_init() 0x61f2fcd4f690 version 0x0106
Sep 13 05:19:53.591011 n bluetoothd[2804]: src/service.c:change_state() 0x61f2fcd2a3a0: device AA:BB:CC:00:00:01 profile audio-avrcp-target state changed: disconnected -> connected (0)
Sep 13 05:19:53.591053 n bluetoothd[2804]: profiles/audio/player.c:media_player_controller_create() /org/bluez/hci0/dev_AA:BB:CC:00:00:01/player0
Sep 13 05:19:53.591070 n bluetoothd[2804]: profiles/audio/avrcp.c:target_init() 0x61f2fcd22bb0 version 0x0106
Sep 13 05:19:53.591079 n bluetoothd[2804]: src/service.c:change_state() 0x61f2fcd2a2e0: device AA:BB:CC:00:00:01 profile avrcp-controller state changed: disconnected -> connected (0)
Sep 13 05:19:53.591089 n bluetoothd[2804]: profiles/audio/avctp.c:avctp_set_state() AVCTP Connected
Sep 13 05:19:53.591115 n bluetoothd[2804]: profiles/audio/avdtp.c:session_cb()
Sep 13 05:19:53.591127 n bluetoothd[2804]: profiles/audio/avdtp.c:avdtp_parse_cmd() Received  GET_CAPABILITIES_CMD
Sep 13 05:19:53.591138 n bluetoothd[2804]: profiles/audio/a2dp.c:endpoint_getcap_ind() Sink 0x61f2fcd42950: Get_Capability_Ind
Sep 13 05:19:53.626668 n bluetoothd[2804]: profiles/audio/avdtp.c:session_cb()
Sep 13 05:19:53.626693 n bluetoothd[2804]: profiles/audio/avdtp.c:avdtp_parse_cmd() Received  GET_CAPABILITIES_CMD
Sep 13 05:19:53.626707 n bluetoothd[2804]: profiles/audio/a2dp.c:endpoint_getcap_ind() Source 0x61f2fcd3aec0: Get_Capability_Ind
Sep 13 05:19:53.626738 n bluetoothd[2804]: profiles/audio/avrcp.c:handle_vendordep_pdu() AVRCP PDU 0x31, company 0x001958 len 0x0005
Sep 13 05:19:53.645694 n bluetoothd[2804]: profiles/audio/avdtp.c:session_cb()
Sep 13 05:19:53.645722 n bluetoothd[2804]: profiles/audio/avdtp.c:avdtp_parse_cmd() Received  GET_CAPABILITIES_CMD
Sep 13 05:19:53.645739 n bluetoothd[2804]: profiles/audio/a2dp.c:endpoint_getcap_ind() Sink 0x61f2fcd381e0: Get_Capability_Ind
Sep 13 05:19:53.696650 n bluetoothd[2804]: profiles/audio/avdtp.c:session_cb()
Sep 13 05:19:53.696675 n bluetoothd[2804]: profiles/audio/avdtp.c:avdtp_parse_cmd() Received  GET_CAPABILITIES_CMD
Sep 13 05:19:53.696690 n bluetoothd[2804]: profiles/audio/a2dp.c:endpoint_getcap_ind() Source 0x61f2fcd2b3b0: Get_Capability_Ind
Sep 13 05:19:53.720627 n bluetoothd[2804]: profiles/audio/avdtp.c:session_cb()
Sep 13 05:19:53.720647 n bluetoothd[2804]: profiles/audio/avdtp.c:avdtp_parse_cmd() Received  GET_CAPABILITIES_CMD
Sep 13 05:19:53.720660 n bluetoothd[2804]: profiles/audio/a2dp.c:endpoint_getcap_ind() Sink 0x61f2fcd42760: Get_Capability_Ind
Sep 13 05:19:53.770639 n bluetoothd[2804]: profiles/audio/avdtp.c:session_cb()
Sep 13 05:19:53.770659 n bluetoothd[2804]: profiles/audio/avdtp.c:avdtp_parse_cmd() Received  GET_CAPABILITIES_CMD
Sep 13 05:19:53.770671 n bluetoothd[2804]: profiles/audio/a2dp.c:endpoint_getcap_ind() Source 0x61f2fcd359e0: Get_Capability_Ind
Sep 13 05:19:53.800659 n bluetoothd[2804]: profiles/audio/avdtp.c:session_cb()
Sep 13 05:19:53.800682 n bluetoothd[2804]: profiles/audio/avdtp.c:avdtp_parse_cmd() Received  GET_CAPABILITIES_CMD
Sep 13 05:19:53.800693 n bluetoothd[2804]: profiles/audio/a2dp.c:endpoint_getcap_ind() Sink 0x61f2fcd431f0: Get_Capability_Ind
Sep 13 05:19:53.820650 n bluetoothd[2804]: profiles/audio/avdtp.c:session_cb()
Sep 13 05:19:53.820666 n bluetoothd[2804]: profiles/audio/avdtp.c:avdtp_parse_cmd() Received  GET_CAPABILITIES_CMD
Sep 13 05:19:53.820674 n bluetoothd[2804]: profiles/audio/a2dp.c:endpoint_getcap_ind() Source 0x61f2fcd39260: Get_Capability_Ind
Sep 13 05:19:53.871656 n bluetoothd[2804]: profiles/audio/avdtp.c:session_cb()
Sep 13 05:19:53.871681 n bluetoothd[2804]: profiles/audio/avdtp.c:avdtp_parse_cmd() Received  GET_CAPABILITIES_CMD
Sep 13 05:19:53.871693 n bluetoothd[2804]: profiles/audio/a2dp.c:endpoint_getcap_ind() Source 0x61f2fcd3c4e0: Get_Capability_Ind
Sep 13 05:19:53.895695 n bluetoothd[2804]: profiles/audio/avdtp.c:session_cb()
Sep 13 05:19:53.895718 n bluetoothd[2804]: profiles/audio/avdtp.c:avdtp_parse_cmd() Received  GET_CAPABILITIES_CMD
Sep 13 05:19:53.895729 n bluetoothd[2804]: profiles/audio/a2dp.c:endpoint_getcap_ind() Source 0x61f2fcd3d3f0: Get_Capability_Ind
Sep 13 05:19:53.920646 n bluetoothd[2804]: profiles/audio/avdtp.c:session_cb()
Sep 13 05:19:53.920662 n bluetoothd[2804]: profiles/audio/avdtp.c:avdtp_parse_cmd() Received  GET_CAPABILITIES_CMD
Sep 13 05:19:53.920671 n bluetoothd[2804]: profiles/audio/a2dp.c:endpoint_getcap_ind() Source 0x61f2fcd3ec80: Get_Capability_Ind
Sep 13 05:19:53.945653 n bluetoothd[2804]: profiles/audio/avdtp.c:session_cb()
Sep 13 05:19:53.945671 n bluetoothd[2804]: profiles/audio/avdtp.c:avdtp_parse_cmd() Received  GET_CAPABILITIES_CMD
Sep 13 05:19:53.945682 n bluetoothd[2804]: profiles/audio/a2dp.c:endpoint_getcap_ind() Source 0x61f2fcd3a7c0: Get_Capability_Ind
Sep 13 05:19:53.971662 n bluetoothd[2804]: profiles/audio/avdtp.c:session_cb()
Sep 13 05:19:53.971683 n bluetoothd[2804]: profiles/audio/avdtp.c:avdtp_parse_cmd() Received  GET_CAPABILITIES_CMD
Sep 13 05:19:53.971694 n bluetoothd[2804]: profiles/audio/a2dp.c:endpoint_getcap_ind() Source 0x61f2fcd3f2f0: Get_Capability_Ind
Sep 13 05:19:53.995672 n bluetoothd[2804]: profiles/audio/avdtp.c:session_cb()
Sep 13 05:19:53.995688 n bluetoothd[2804]: profiles/audio/avdtp.c:avdtp_parse_cmd() Received  GET_CAPABILITIES_CMD
Sep 13 05:19:53.995698 n bluetoothd[2804]: profiles/audio/a2dp.c:endpoint_getcap_ind() Source 0x61f2fcd344b0: Get_Capability_Ind
Sep 13 05:19:54.020659 n bluetoothd[2804]: profiles/audio/avdtp.c:session_cb()
Sep 13 05:19:54.020677 n bluetoothd[2804]: profiles/audio/avdtp.c:avdtp_parse_cmd() Received  GET_CAPABILITIES_CMD
Sep 13 05:19:54.020690 n bluetoothd[2804]: profiles/audio/a2dp.c:endpoint_getcap_ind() Sink 0x61f2fcd45cd0: Get_Capability_Ind
Sep 13 05:19:54.045653 n bluetoothd[2804]: profiles/audio/avdtp.c:session_cb()
Sep 13 05:19:54.045672 n bluetoothd[2804]: profiles/audio/avdtp.c:avdtp_parse_cmd() Received  GET_CAPABILITIES_CMD
Sep 13 05:19:54.045683 n bluetoothd[2804]: profiles/audio/a2dp.c:endpoint_getcap_ind() Source 0x61f2fcd468a0: Get_Capability_Ind
Sep 13 05:19:54.071648 n bluetoothd[2804]: profiles/audio/avdtp.c:session_cb()
Sep 13 05:19:54.071668 n bluetoothd[2804]: profiles/audio/avdtp.c:avdtp_parse_cmd() Received  GET_CAPABILITIES_CMD
Sep 13 05:19:54.071679 n bluetoothd[2804]: profiles/audio/a2dp.c:endpoint_getcap_ind() Sink 0x61f2fcd48420: Get_Capability_Ind
Sep 13 05:19:54.095626 n bluetoothd[2804]: profiles/audio/avdtp.c:session_cb()
Sep 13 05:19:54.095645 n bluetoothd[2804]: profiles/audio/avdtp.c:avdtp_parse_cmd() Received  GET_CAPABILITIES_CMD
Sep 13 05:19:54.095657 n bluetoothd[2804]: profiles/audio/a2dp.c:endpoint_getcap_ind() Source 0x61f2fcd49050: Get_Capability_Ind
Sep 13 05:19:54.121623 n bluetoothd[2804]: profiles/audio/avdtp.c:session_cb()
Sep 13 05:19:54.121643 n bluetoothd[2804]: profiles/audio/avdtp.c:avdtp_parse_cmd() Received  GET_CAPABILITIES_CMD
Sep 13 05:19:54.121656 n bluetoothd[2804]: profiles/audio/a2dp.c:endpoint_getcap_ind() Source 0x61f2fcd2e860: Get_Capability_Ind
Sep 13 05:19:54.145632 n bluetoothd[2804]: profiles/audio/avdtp.c:session_cb()
Sep 13 05:19:54.145661 n bluetoothd[2804]: profiles/audio/avdtp.c:avdtp_parse_cmd() Received  GET_CAPABILITIES_CMD
Sep 13 05:19:54.145670 n bluetoothd[2804]: profiles/audio/a2dp.c:endpoint_getcap_ind() Source 0x61f2fcd3aec0: Get_Capability_Ind
Sep 13 05:19:54.170653 n bluetoothd[2804]: profiles/audio/avdtp.c:session_cb()
Sep 13 05:19:54.170672 n bluetoothd[2804]: profiles/audio/avdtp.c:avdtp_parse_cmd() Received SET_CONFIGURATION_CMD
Sep 13 05:19:54.170687 n bluetoothd[2804]: profiles/audio/a2dp.c:endpoint_setconf_ind() Source 0x61f2fcd3aec0: Set_Configuration_Ind
Sep 13 05:19:54.170696 n bluetoothd[2804]: profiles/audio/avdtp.c:avdtp_ref() 0x61f2fcd49570: ref=2
Sep 13 05:19:54.170705 n bluetoothd[2804]: profiles/audio/avdtp.c:avdtp_unref() 0x61f2fcd49570: ref=1
Sep 13 05:19:54.170713 n bluetoothd[2804]: profiles/audio/a2dp.c:setup_ref() 0x61f2fcd51420: ref=1
Sep 13 05:19:54.170722 n bluetoothd[2804]: profiles/audio/a2dp.c:setup_ref() 0x61f2fcd51420: ref=2
Sep 13 05:19:54.170820 n bluetoothd[2804]: profiles/audio/media.c:media_endpoint_async_call() Calling SetConfiguration: name = :1.84 path = /MediaEndpoint/A2DPSource/aptx_hd
Sep 13 05:19:54.173095 n bluetoothd[2804]: profiles/audio/avdtp.c:avdtp_ref() 0x61f2fcd49570: ref=2
Sep 13 05:19:54.173112 n bluetoothd[2804]: profiles/audio/avdtp.c:avdtp_sep_set_state() stream state changed: IDLE -> CONFIGURED
Sep 13 05:19:54.173119 n bluetoothd[2804]: profiles/audio/a2dp.c:setup_unref() 0x61f2fcd51420: ref=1
Sep 13 05:19:54.173126 n bluetoothd[2804]: profiles/audio/a2dp.c:setup_unref() 0x61f2fcd51420: ref=0
Sep 13 05:19:54.173133 n bluetoothd[2804]: profiles/audio/a2dp.c:setup_free() 0x61f2fcd51420
Sep 13 05:19:54.173140 n bluetoothd[2804]: profiles/audio/avdtp.c:avdtp_unref() 0x61f2fcd49570: ref=1
Sep 13 05:19:54.208632 n bluetoothd[2804]: profiles/audio/avdtp.c:session_cb()
Sep 13 05:19:54.208651 n bluetoothd[2804]: profiles/audio/avdtp.c:avdtp_parse_cmd() Received OPEN_CMD
Sep 13 05:19:54.208666 n bluetoothd[2804]: profiles/audio/a2dp.c:open_ind() Source 0x61f2fcd3aec0: Open_Ind
Sep 13 05:19:54.208679 n bluetoothd[2804]: profiles/audio/avdtp.c:avdtp_ref() 0x61f2fcd49570: ref=2
Sep 13 05:19:54.208692 n bluetoothd[2804]: profiles/audio/a2dp.c:setup_ref() 0x61f2fcd51420: ref=1
Sep 13 05:19:54.245763 n bluetoothd[2804]: profiles/audio/a2dp.c:confirm_cb() AVDTP: incoming connect from AA:BB:CC:00:00:01
Sep 13 05:19:54.254690 n bluetoothd[2804]: profiles/audio/avdtp.c:handle_transport_connect() Flushable packets enabled
Sep 13 05:19:54.254707 n bluetoothd[2804]: profiles/audio/avdtp.c:handle_transport_connect() sk 31, omtu 895, send buffer size 106496
Sep 13 05:19:54.254721 n bluetoothd[2804]: profiles/audio/avdtp.c:avdtp_sep_set_state() stream state changed: CONFIGURED -> OPEN
Sep 13 05:19:54.254740 n bluetoothd[2804]: src/service.c:change_state() 0x61f2fcd2a3e0: device AA:BB:CC:00:00:01 profile a2dp-sink state changed: disconnected -> connected (0)
Sep 13 05:19:54.254760 n bluetoothd[2804]: src/service.c:btd_service_ref() 0x61f2fcd2a3e0: ref=3
Sep 13 05:19:54.254791 n bluetoothd[2804]: plugins/policy.c:service_cb() Added a2dp-sink reconnect 1
Sep 13 05:19:54.254803 n bluetoothd[2804]: profiles/audio/sink.c:sink_set_state() State changed /org/bluez/hci0/dev_AA:BB:CC:00:00:01: SINK_STATE_CONNECTING -> SINK_STATE_CONNECTED
Sep 13 05:19:54.254817 n bluetoothd[2804]: profiles/audio/transport.c:transport_update_playing() /org/bluez/hci0/dev_AA:BB:CC:00:00:01/fd0 State=TRANSPORT_STATE_IDLE Playing=0
Sep 13 05:19:54.254835 n bluetoothd[2804]: profiles/audio/a2dp.c:setup_unref() 0x61f2fcd51420: ref=0
Sep 13 05:19:54.254852 n bluetoothd[2804]: profiles/audio/a2dp.c:setup_free() 0x61f2fcd51420
Sep 13 05:19:54.254866 n bluetoothd[2804]: profiles/audio/avdtp.c:avdtp_unref() 0x61f2fcd49570: ref=1
Sep 13 05:20:03.422614 n bluetoothd[2804]: profiles/audio/avctp.c:req_timeout() transaction 1 retry true
Sep 13 05:20:13.423624 n bluetoothd[2804]: profiles/audio/avctp.c:req_timeout() transaction 1 retry false
Sep 13 05:20:23.423621 n bluetoothd[2804]: profiles/audio/avctp.c:req_timeout() transaction 2 retry true
Sep 13 05:20:27.794277 n bluetoothd[2804]: profiles/audio/transport.c:media_owner_create() Owner created: sender=:1.84
Sep 13 05:20:27.794296 n bluetoothd[2804]: profiles/audio/transport.c:media_transport_resume() Transport /org/bluez/hci0/dev_AA:BB:CC:00:00:01/fd0 Owner :1.84
Sep 13 05:20:27.794305 n bluetoothd[2804]: profiles/audio/avdtp.c:avdtp_ref() 0x61f2fcd49570: ref=2
Sep 13 05:20:27.794311 n bluetoothd[2804]: profiles/audio/a2dp.c:a2dp_sep_lock() SEP 0x61f2fcd3aec0 locked
Sep 13 05:20:27.794318 n bluetoothd[2804]: profiles/audio/avdtp.c:avdtp_ref() 0x61f2fcd49570: ref=3
Sep 13 05:20:27.794325 n bluetoothd[2804]: profiles/audio/a2dp.c:setup_ref() 0x61f2fcd51720: ref=1
Sep 13 05:20:27.794333 n bluetoothd[2804]: profiles/audio/transport.c:transport_set_state() State changed /org/bluez/hci0/dev_AA:BB:CC:00:00:01/fd0: TRANSPORT_STATE_IDLE -> TRANSPORT_STATE_REQUESTING
Sep 13 05:20:27.794340 n bluetoothd[2804]: profiles/audio/transport.c:media_request_create() Request created: method=Acquire id=1
Sep 13 05:20:27.794346 n bluetoothd[2804]: profiles/audio/transport.c:media_owner_add() Owner :1.84 Request Acquire
Sep 13 05:20:27.794353 n bluetoothd[2804]: profiles/audio/transport.c:media_transport_set_owner() Transport /org/bluez/hci0/dev_AA:BB:CC:00:00:01/fd0 Owner :1.84
Sep 13 05:20:33.418422 n bluetoothd[2804]: profiles/audio/avctp.c:req_timeout() transaction 2 retry false
Sep 13 05:20:35.414666 n bluetoothd[2804]: profiles/audio/avdtp.c:cancel_request() Start: Connection timed out (110)
Sep 13 05:20:35.414705 n bluetoothd[2804]: profiles/audio/a2dp.c:start_cfm() Source 0x61f2fcd3aec0: Start_Cfm
Sep 13 05:20:35.414719 n bluetoothd[2804]: profiles/audio/transport.c:media_transport_remove_owner() Transport /org/bluez/hci0/dev_AA:BB:CC:00:00:01/fd0 Owner :1.84
Sep 13 05:20:35.414733 n bluetoothd[2804]: profiles/audio/transport.c:media_request_reply() Request Acquire Reply Input/output error
Sep 13 05:20:35.414803 n bluetoothd[2804]: profiles/audio/transport.c:media_owner_free() Owner :1.84
Sep 13 05:20:35.414814 n bluetoothd[2804]: profiles/audio/transport.c:media_owner_remove() Owner :1.84 Request Acquire
Sep 13 05:20:35.414825 n bluetoothd[2804]: profiles/audio/transport.c:media_transport_suspend() Transport /org/bluez/hci0/dev_AA:BB:CC:00:00:01/fd0 Owner
Sep 13 05:20:35.414839 n bluetoothd[2804]: profiles/audio/transport.c:transport_set_state() State changed /org/bluez/hci0/dev_AA:BB:CC:00:00:01/fd0: TRANSPORT_STATE_REQUESTING -> TRANSPORT_STATE_IDLE
Sep 13 05:20:35.414850 n bluetoothd[2804]: profiles/audio/a2dp.c:a2dp_sep_unlock() SEP 0x61f2fcd3aec0 unlocked
Sep 13 05:20:35.414863 n bluetoothd[2804]: profiles/audio/a2dp.c:setup_unref() 0x61f2fcd51720: ref=0
Sep 13 05:20:35.414874 n bluetoothd[2804]: profiles/audio/a2dp.c:setup_free() 0x61f2fcd51720
Sep 13 05:20:35.414884 n bluetoothd[2804]: profiles/audio/avdtp.c:avdtp_unref() 0x61f2fcd49570: ref=2
Sep 13 05:20:37.416411 n bluetoothd[2804]: profiles/audio/avdtp.c:cancel_request() Abort: Connection timed out (110)
Sep 13 05:20:37.416444 n bluetoothd[2804]: profiles/audio/avdtp.c:avdtp_ref() 0x61f2fcd49570: ref=3
Sep 13 05:20:37.416459 n bluetoothd[2804]: profiles/audio/avdtp.c:connection_lost() Disconnected from AA:BB:CC:00:00:01
Sep 13 05:20:37.416471 n bluetoothd[2804]: profiles/audio/a2dp.c:abort_cfm() Source 0x61f2fcd3aec0: Abort_Cfm
Sep 13 05:20:37.416483 n bluetoothd[2804]: profiles/audio/avdtp.c:avdtp_sep_set_state() stream state changed: OPEN -> IDLE
Sep 13 05:20:37.416547 n bluetoothd[2804]: profiles/audio/avdtp.c:avdtp_unref() 0x61f2fcd49570: ref=2
Sep 13 05:20:37.416627 n bluetoothd[2804]: src/service.c:change_state() 0x61f2fcd2a3e0: device AA:BB:CC:00:00:01 profile a2dp-sink state changed: connected -> disconnected (0)
Sep 13 05:20:37.416643 n bluetoothd[2804]: plugins/policy.c:policy_disconnect() /org/bluez/hci0/dev_AA:BB:CC:00:00:01 profile avrcp-controller
Sep 13 05:20:37.416654 n bluetoothd[2804]: src/service.c:change_state() 0x61f2fcd2a2e0: device AA:BB:CC:00:00:01 profile avrcp-controller state changed: connected -> disconnecting (0)
Sep 13 05:20:37.416674 n bluetoothd[2804]: profiles/audio/avrcp.c:avrcp_disconnect() path /org/bluez/hci0/dev_AA:BB:CC:00:00:01
Sep 13 05:20:37.416688 n bluetoothd[2804]: src/service.c:change_state() 0x61f2fcd2a3a0: device AA:BB:CC:00:00:01 profile audio-avrcp-target state changed: connected -> disconnected (0)
Sep 13 05:20:37.416704 n bluetoothd[2804]: src/service.c:change_state() 0x61f2fcd2a2e0: device AA:BB:CC:00:00:01 profile avrcp-controller state changed: disconnecting -> disconnected (0)
Sep 13 05:20:37.416715 n bluetoothd[2804]: profiles/audio/avrcp.c:controller_destroy() 0x61f2fcd4f690
Sep 13 05:20:37.416731 n bluetoothd[2804]: profiles/audio/player.c:media_player_destroy() /org/bluez/hci0/dev_AA:BB:CC:00:00:01/player0
Sep 13 05:20:37.416774 n bluetoothd[2804]: profiles/audio/avrcp.c:target_destroy() 0x61f2fcd22bb0
Sep 13 05:20:37.416792 n bluetoothd[2804]: profiles/audio/avctp.c:avctp_set_state() AVCTP Disconnected
Sep 13 05:20:37.416835 n bluetoothd[2804]: profiles/audio/avctp.c:avctp_disconnected() AVCTP: closing uinput for AA:BB:CC:00:00:01
Sep 13 05:20:37.441709 n bluetoothd[2804]: profiles/audio/avdtp.c:avdtp_unref() 0x61f2fcd49570: ref=1
Sep 13 05:20:37.441765 n bluetoothd[2804]: profiles/audio/sink.c:sink_set_state() State changed /org/bluez/hci0/dev_AA:BB:CC:00:00:01: SINK_STATE_CONNECTED -> SINK_STATE_DISCONNECTED
Sep 13 05:20:37.441777 n bluetoothd[2804]: profiles/audio/a2dp.c:channel_remove() chan 0x61f2fcd4d850
Sep 13 05:20:37.441916 n bluetoothd[2804]: profiles/audio/avdtp.c:avdtp_unref() 0x61f2fcd49570: ref=0
Sep 13 05:20:37.441931 n bluetoothd[2804]: profiles/audio/avdtp.c:avdtp_free() 0x61f2fcd49570
Sep 13 05:49:40.022938 n bluetoothd[2804]: src/agent.c:add_default_agent() Default agent set to :1.126 /org/gnome/bluetooth/settings
Sep 13 05:49:40.022959 n bluetoothd[2804]: src/adapter.c:set_mode() sending set mode command for index 0
Sep 13 05:49:40.022974 n bluetoothd[2804]: src/agent.c:agent_ref() 0x61f2fcd4fe80: ref=1
Sep 13 05:49:40.022984 n bluetoothd[2804]: src/agent.c:register_agent() agent :1.126
Sep 13 05:49:40.023042 n bluetoothd[2804]: src/shared/mgmt.c:send_request() [0x0000] command 0x0009
Sep 13 05:49:40.023063 n bluetoothd[2804]: src/shared/mgmt.c:can_read_data() [0x0000] command 0x0009 complete: 0x00
Sep 13 05:49:40.023074 n bluetoothd[2804]: src/adapter.c:new_settings_callback() Settings: 0x00000ad1
Sep 13 05:49:40.023083 n bluetoothd[2804]: src/adapter.c:settings_changed() Changed settings: 0x00000010
Sep 13 05:49:40.023096 n bluetoothd[2804]: src/adapter.c:settings_changed() Pending settings: 0x00000000
Sep 13 05:49:40.023133 n bluetoothd[2804]: src/shared/mgmt.c:send_request() [0x0000] command 0x0018
Sep 13 05:49:40.023154 n bluetoothd[2804]: src/shared/mgmt.c:can_read_data() [0x0000] command 0x0018 complete: 0x00
Sep 13 05:49:40.024269 n bluetoothd[2804]: src/adapter.c:set_discovery_filter() sender :1.126
Sep 13 05:49:40.024287 n bluetoothd[2804]: src/adapter.c:parse_discovery_filter_dict() filtered discovery params: transport: 7 rssi: 32767 pathloss: 32767  duplicate data: false discoverable true pattern (null)
Sep 13 05:49:40.024299 n bluetoothd[2804]: src/adapter.c:set_discovery_filter() successfully pre-set filter
Sep 13 05:49:40.024612 n bluetoothd[2804]: src/adapter.c:start_discovery() sender :1.126
Sep 13 05:49:40.024622 n bluetoothd[2804]: src/adapter.c:update_discovery_filter()
Sep 13 05:49:40.024628 n bluetoothd[2804]: src/adapter.c:discovery_filter_to_mgmt_cp()
Sep 13 05:49:40.024635 n bluetoothd[2804]: src/adapter.c:set_discoverable() sending set mode command for index 0
Sep 13 05:49:40.024641 n bluetoothd[2804]: src/adapter.c:set_mode() sending set mode command for index 0
Sep 13 05:49:40.024649 n bluetoothd[2804]: src/adapter.c:trigger_start_discovery()
Sep 13 05:49:40.024654 n bluetoothd[2804]: src/adapter.c:cancel_passive_scanning()
Sep 13 05:49:40.024681 n bluetoothd[2804]: src/shared/mgmt.c:send_request() [0x0000] command 0x0007
Sep 13 05:49:40.024692 n bluetoothd[2804]: src/adapter.c:start_discovery_timeout()
Sep 13 05:49:40.024697 n bluetoothd[2804]: src/adapter.c:start_discovery_timeout() adapter->current_discovery_filter == 0
Sep 13 05:49:40.041404 n bluetoothd[2804]: src/profile.c:register_profile() sender :1.127
Sep 13 05:49:40.041429 n bluetoothd[2804]: src/profile.c:create_ext() Created "Message Notification"
Sep 13 05:49:40.041438 n bluetoothd[2804]: src/profile.c:ext_adapter_probe() "Message Notification" probed
Sep 13 05:49:40.041486 n bluetoothd[2804]: src/profile.c:ext_start_servers() Message Notification listening on PSM 4097
Sep 13 05:49:40.041511 n bluetoothd[2804]: src/profile.c:ext_start_servers() Message Notification listening on chan 17
Sep 13 05:49:40.041547 n bluetoothd[2804]: src/adapter.c:adapter_service_add() /org/bluez/hci0
Sep 13 05:49:40.041562 n bluetoothd[2804]: src/sdpd-service.c:add_record_to_server() Adding record with handle 0x1000a
Sep 13 05:49:40.041569 n bluetoothd[2804]: src/sdpd-service.c:add_record_to_server() Record pattern UUID 00000003-0000-1000-8000-00805f9
Sep 13 05:49:40.041575 n bluetoothd[2804]: src/sdpd-service.c:add_record_to_server() Record pattern UUID 00000008-0000-1000-8000-00805f9
Sep 13 05:49:40.041580 n bluetoothd[2804]: src/sdpd-service.c:add_record_to_server() Record pattern UUID 00000100-0000-1000-8000-00805f9
Sep 13 05:49:40.041585 n bluetoothd[2804]: src/sdpd-service.c:add_record_to_server() Record pattern UUID 00001002-0000-1000-8000-00805f9
Sep 13 05:49:40.041590 n bluetoothd[2804]: src/sdpd-service.c:add_record_to_server() Record pattern UUID 00001133-0000-1000-8000-00805f9
Sep 13 05:49:40.041596 n bluetoothd[2804]: src/sdpd-service.c:add_record_to_server() Record pattern UUID 00001134-0000-1000-8000-00805f9
Sep 13 05:49:40.041602 n bluetoothd[2804]: src/adapter.c:adapter_service_insert() /org/bluez/hci0
Sep 13 05:49:40.041609 n bluetoothd[2804]: src/adapter.c:add_uuid() sending add uuid command for index 0
Sep 13 05:49:40.041734 n bluetoothd[2804]: src/profile.c:register_profile() sender :1.127
Sep 13 05:49:40.041747 n bluetoothd[2804]: src/profile.c:create_ext() Created "Message Access"
Sep 13 05:49:40.041754 n bluetoothd[2804]: src/profile.c:ext_adapter_probe() "Message Access" probed
Sep 13 05:49:40.041789 n bluetoothd[2804]: src/profile.c:ext_start_servers() Message Access listening on PSM 4099
Sep 13 05:49:40.041805 n bluetoothd[2804]: src/profile.c:ext_start_servers() Message Access listening on chan 16
Sep 13 05:49:40.041828 n bluetoothd[2804]: src/adapter.c:adapter_service_add() /org/bluez/hci0
Sep 13 05:49:40.041835 n bluetoothd[2804]: src/sdpd-service.c:add_record_to_server() Adding record with handle 0x1000b
Sep 13 05:49:40.041841 n bluetoothd[2804]: src/sdpd-service.c:add_record_to_server() Record pattern UUID 00000003-0000-1000-8000-00805f9
Sep 13 05:49:40.041846 n bluetoothd[2804]: src/sdpd-service.c:add_record_to_server() Record pattern UUID 00000008-0000-1000-8000-00805f9
Sep 13 05:49:40.041851 n bluetoothd[2804]: src/sdpd-service.c:add_record_to_server() Record pattern UUID 00000100-0000-1000-8000-00805f9
Sep 13 05:49:40.041855 n bluetoothd[2804]: src/sdpd-service.c:add_record_to_server() Record pattern UUID 00001002-0000-1000-8000-00805f9
Sep 13 05:49:40.041861 n bluetoothd[2804]: src/sdpd-service.c:add_record_to_server() Record pattern UUID 00001132-0000-1000-8000-00805f9
Sep 13 05:49:40.041865 n bluetoothd[2804]: src/sdpd-service.c:add_record_to_server() Record pattern UUID 00001134-0000-1000-8000-00805f9
Sep 13 05:49:40.041871 n bluetoothd[2804]: src/adapter.c:adapter_service_insert() /org/bluez/hci0
Sep 13 05:49:40.041877 n bluetoothd[2804]: src/adapter.c:add_uuid() sending add uuid command for index 0
Sep 13 05:49:40.041901 n bluetoothd[2804]: src/profile.c:register_profile() sender :1.127
Sep 13 05:49:40.041912 n bluetoothd[2804]: src/profile.c:create_ext() Created "Phone Book Access"
Sep 13 05:49:40.041919 n bluetoothd[2804]: src/profile.c:ext_adapter_probe() "Phone Book Access" probed
Sep 13 05:49:40.041947 n bluetoothd[2804]: src/profile.c:ext_start_servers() Phone Book Access listening on PSM 4101
Sep 13 05:49:40.041969 n bluetoothd[2804]: src/profile.c:ext_start_servers() Phone Book Access listening on chan 15
Sep 13 05:49:40.041999 n bluetoothd[2804]: src/adapter.c:adapter_service_add() /org/bluez/hci0
Sep 13 05:49:40.042008 n bluetoothd[2804]: src/sdpd-service.c:add_record_to_server() Adding record with handle 0x1000c
Sep 13 05:49:40.042016 n bluetoothd[2804]: src/sdpd-service.c:add_record_to_server() Record pattern UUID 00000003-0000-1000-8000-00805f9
Sep 13 05:49:40.042021 n bluetoothd[2804]: src/sdpd-service.c:add_record_to_server() Record pattern UUID 00000008-0000-1000-8000-00805f9
Sep 13 05:49:40.042026 n bluetoothd[2804]: src/sdpd-service.c:add_record_to_server() Record pattern UUID 00000100-0000-1000-8000-00805f9
Sep 13 05:49:40.042030 n bluetoothd[2804]: src/sdpd-service.c:add_record_to_server() Record pattern UUID 00001002-0000-1000-8000-00805f9
Sep 13 05:49:40.042035 n bluetoothd[2804]: src/sdpd-service.c:add_record_to_server() Record pattern UUID 0000112f-0000-1000-8000-00805f9
Sep 13 05:49:40.042040 n bluetoothd[2804]: src/sdpd-service.c:add_record_to_server() Record pattern UUID 00001130-0000-1000-8000-00805f9
Sep 13 05:49:40.042045 n bluetoothd[2804]: src/adapter.c:adapter_service_insert() /org/bluez/hci0
Sep 13 05:49:40.042051 n bluetoothd[2804]: src/adapter.c:add_uuid() sending add uuid command for index 0
Sep 13 05:49:40.042073 n bluetoothd[2804]: src/profile.c:register_profile() sender :1.127
Sep 13 05:49:40.042084 n bluetoothd[2804]: src/profile.c:create_ext() Created "Synchronization"
Sep 13 05:49:40.042091 n bluetoothd[2804]: src/profile.c:ext_adapter_probe() "Synchronization" probed
Sep 13 05:49:40.042114 n bluetoothd[2804]: src/profile.c:ext_start_servers() Synchronization listening on chan 14
Sep 13 05:49:40.042134 n bluetoothd[2804]: src/adapter.c:adapter_service_add() /org/bluez/hci0
Sep 13 05:49:40.042140 n bluetoothd[2804]: src/sdpd-service.c:add_record_to_server() Adding record with handle 0x1000d
Sep 13 05:49:40.042146 n bluetoothd[2804]: src/sdpd-service.c:add_record_to_server() Record pattern UUID 00000003-0000-1000-8000-00805f9
Sep 13 05:49:40.042151 n bluetoothd[2804]: src/sdpd-service.c:add_record_to_server() Record pattern UUID 00000008-0000-1000-8000-00805f9
Sep 13 05:49:40.042156 n bluetoothd[2804]: src/sdpd-service.c:add_record_to_server() Record pattern UUID 00000100-0000-1000-8000-00805f9
Sep 13 05:49:40.042161 n bluetoothd[2804]: src/sdpd-service.c:add_record_to_server() Record pattern UUID 00001002-0000-1000-8000-00805f9
Sep 13 05:49:40.042165 n bluetoothd[2804]: src/sdpd-service.c:add_record_to_server() Record pattern UUID 00001104-0000-1000-8000-00805f9
Sep 13 05:49:40.042170 n bluetoothd[2804]: src/adapter.c:adapter_service_insert() /org/bluez/hci0
Sep 13 05:49:40.042177 n bluetoothd[2804]: src/adapter.c:add_uuid() sending add uuid command for index 0
Sep 13 05:49:40.042200 n bluetoothd[2804]: src/profile.c:register_profile() sender :1.127
Sep 13 05:49:40.042211 n bluetoothd[2804]: src/profile.c:create_ext() Created "File Transfer"
Sep 13 05:49:40.042220 n bluetoothd[2804]: src/profile.c:ext_adapter_probe() "File Transfer" probed
Sep 13 05:49:40.042251 n bluetoothd[2804]: src/profile.c:ext_start_servers() File Transfer listening on PSM 4103
Sep 13 05:49:40.042267 n bluetoothd[2804]: src/profile.c:ext_start_servers() File Transfer listening on chan 10
Sep 13 05:49:40.042287 n bluetoothd[2804]: src/adapter.c:adapter_service_add() /org/bluez/hci0
Sep 13 05:49:40.042293 n bluetoothd[2804]: src/sdpd-service.c:add_record_to_server() Adding record with handle 0x1000e
Sep 13 05:49:40.042299 n bluetoothd[2804]: src/sdpd-service.c:add_record_to_server() Record pattern UUID 00000003-0000-1000-8000-00805f9
Sep 13 05:49:40.042304 n bluetoothd[2804]: src/sdpd-service.c:add_record_to_server() Record pattern UUID 00000008-0000-1000-8000-00805f9
Sep 13 05:49:40.042309 n bluetoothd[2804]: src/sdpd-service.c:add_record_to_server() Record pattern UUID 00000100-0000-1000-8000-00805f9
Sep 13 05:49:40.042313 n bluetoothd[2804]: src/sdpd-service.c:add_record_to_server() Record pattern UUID 00001002-0000-1000-8000-00805f9
Sep 13 05:49:40.042318 n bluetoothd[2804]: src/sdpd-service.c:add_record_to_server() Record pattern UUID 00001106-0000-1000-8000-00805f9
Sep 13 05:49:40.042323 n bluetoothd[2804]: src/adapter.c:adapter_service_insert() /org/bluez/hci0
Sep 13 05:49:40.042329 n bluetoothd[2804]: src/adapter.c:add_uuid() sending add uuid command for index 0
Sep 13 05:49:40.042351 n bluetoothd[2804]: src/profile.c:register_profile() sender :1.127
Sep 13 05:49:40.042362 n bluetoothd[2804]: src/profile.c:create_ext() Created "Object Push"
Sep 13 05:49:40.042371 n bluetoothd[2804]: src/profile.c:ext_adapter_probe() "Object Push" probed
Sep 13 05:49:40.042398 n bluetoothd[2804]: src/profile.c:ext_start_servers() Object Push listening on PSM 4105
Sep 13 05:49:40.042413 n bluetoothd[2804]: src/profile.c:ext_start_servers() Object Push listening on chan 9
Sep 13 05:49:40.042436 n bluetoothd[2804]: src/adapter.c:adapter_service_add() /org/bluez/hci0
Sep 13 05:49:40.042442 n bluetoothd[2804]: src/sdpd-service.c:add_record_to_server() Adding record with handle 0x1000f
Sep 13 05:49:40.042447 n bluetoothd[2804]: src/sdpd-service.c:add_record_to_server() Record pattern UUID 00000003-0000-1000-8000-00805f9
Sep 13 05:49:40.042452 n bluetoothd[2804]: src/sdpd-service.c:add_record_to_server() Record pattern UUID 00000008-0000-1000-8000-00805f9
Sep 13 05:49:40.042457 n bluetoothd[2804]: src/sdpd-service.c:add_record_to_server() Record pattern UUID 00000100-0000-1000-8000-00805f9
Sep 13 05:49:40.042461 n bluetoothd[2804]: src/sdpd-service.c:add_record_to_server() Record pattern UUID 00001002-0000-1000-8000-00805f9
Sep 13 05:49:40.042466 n bluetoothd[2804]: src/sdpd-service.c:add_record_to_server() Record pattern UUID 00001105-0000-1000-8000-00805f9
Sep 13 05:49:40.042472 n bluetoothd[2804]: src/adapter.c:adapter_service_insert() /org/bluez/hci0
Sep 13 05:49:40.042478 n bluetoothd[2804]: src/adapter.c:add_uuid() sending add uuid command for index 0
Sep 13 05:49:40.042500 n bluetoothd[2804]: src/profile.c:register_profile() sender :1.127
Sep 13 05:49:40.042514 n bluetoothd[2804]: src/profile.c:create_ext() Created ":1.127/org/bluez/obex/00005005_0000_1000_8000_0002ee000001/<UUID-01>"
Sep 13 05:49:40.042526 n bluetoothd[2804]: src/profile.c:ext_adapter_probe() ":1.127/org/bluez/obex/00005005_0000_1000_8000_0002ee000001/<UUID-01>" probed
Sep 13 05:49:40.042551 n bluetoothd[2804]: src/adapter.c:adapter_service_add() /org/bluez/hci0
Sep 13 05:49:40.042566 n bluetoothd[2804]: src/sdpd-service.c:add_record_to_server() Adding record with handle 0x10010
Sep 13 05:49:40.042571 n bluetoothd[2804]: src/sdpd-service.c:add_record_to_server() Record pattern UUID 00000003-0000-1000-8000-00805f9
Sep 13 05:49:40.042577 n bluetoothd[2804]: src/sdpd-service.c:add_record_to_server() Record pattern UUID 00000008-0000-1000-8000-00805f9
Sep 13 05:49:40.042582 n bluetoothd[2804]: src/sdpd-service.c:add_record_to_server() Record pattern UUID 00000100-0000-1000-8000-00805f9
Sep 13 05:49:40.042587 n bluetoothd[2804]: src/sdpd-service.c:add_record_to_server() Record pattern UUID 00001002-0000-1000-8000-00805f9
Sep 13 05:49:40.042591 n bluetoothd[2804]: src/sdpd-service.c:add_record_to_server() Record pattern UUID 00005005-0000-1000-8000-0002ee0
Sep 13 05:49:40.042596 n bluetoothd[2804]: src/adapter.c:adapter_service_insert() /org/bluez/hci0
Sep 13 05:49:40.042602 n bluetoothd[2804]: src/adapter.c:add_uuid() sending add uuid command for index 0
Sep 13 05:49:42.072063 n bluetoothd[2804]: src/shared/mgmt.c:can_read_data() [0x0000] command 0x07 status: 0x05
Sep 13 05:49:42.072090 n bluetoothd[2804]: Failed to set mode: Authentication Failed (0x05)
Sep 13 05:49:42.072136 n bluetoothd[2804]: src/shared/mgmt.c:send_request() [0x0000] command 0x0006
Sep 13 05:49:44.119680 n bluetoothd[2804]: src/shared/mgmt.c:can_read_data() [0x0000] command 0x06 status: 0x05
Sep 13 05:49:44.119697 n bluetoothd[2804]: Failed to set mode: Authentication Failed (0x05)
Sep 13 05:49:44.119746 n bluetoothd[2804]: src/shared/mgmt.c:send_request() [0x0000] command 0x0023
Sep 13 05:49:46.168094 n bluetoothd[2804]: src/shared/mgmt.c:can_read_data() [0x0000] command 0x0023 complete: 0x05
Sep 13 05:49:46.168112 n bluetoothd[2804]: src/adapter.c:start_discovery_complete() status 0x05
Sep 13 05:49:46.168145 n bluetoothd[2804]: src/adapter.c:discovery_remove() owner :1.126
Sep 13 05:49:46.168185 n bluetoothd[2804]: src/shared/mgmt.c:send_request() [0x0000] command 0x0010
Sep 13 05:49:48.216312 n bluetoothd[2804]: src/shared/mgmt.c:can_read_data() [0x0000] command 0x0010 complete: 0x05
Sep 13 05:49:48.216327 n bluetoothd[2804]: Failed to add UUID: Authentication Failed (0x05)
Sep 13 05:49:48.216367 n bluetoothd[2804]: src/shared/mgmt.c:send_request() [0x0000] command 0x0010
Sep 13 05:49:50.264323 n bluetoothd[2804]: src/shared/mgmt.c:can_read_data() [0x0000] command 0x0010 complete: 0x05
Sep 13 05:49:50.264338 n bluetoothd[2804]: Failed to add UUID: Authentication Failed (0x05)
Sep 13 05:49:50.264380 n bluetoothd[2804]: src/shared/mgmt.c:send_request() [0x0000] command 0x0010
Sep 13 05:49:52.312204 n bluetoothd[2804]: src/shared/mgmt.c:can_read_data() [0x0000] command 0x0010 complete: 0x05
Sep 13 05:49:52.312219 n bluetoothd[2804]: Failed to add UUID: Authentication Failed (0x05)
Sep 13 05:49:52.312263 n bluetoothd[2804]: src/shared/mgmt.c:send_request() [0x0000] command 0x0010
Sep 13 05:49:54.359704 n bluetoothd[2804]: src/shared/mgmt.c:can_read_data() [0x0000] command 0x0010 complete: 0x05
Sep 13 05:49:54.359718 n bluetoothd[2804]: Failed to add UUID: Authentication Failed (0x05)
Sep 13 05:49:54.359759 n bluetoothd[2804]: src/shared/mgmt.c:send_request() [0x0000] command 0x0010
Sep 13 05:49:56.408034 n bluetoothd[2804]: src/shared/mgmt.c:can_read_data() [0x0000] command 0x0010 complete: 0x05
Sep 13 05:49:56.408050 n bluetoothd[2804]: Failed to add UUID: Authentication Failed (0x05)
Sep 13 05:49:56.408091 n bluetoothd[2804]: src/shared/mgmt.c:send_request() [0x0000] command 0x0010
Sep 13 05:49:58.456051 n bluetoothd[2804]: src/shared/mgmt.c:can_read_data() [0x0000] command 0x0010 complete: 0x05
Sep 13 05:49:58.456065 n bluetoothd[2804]: Failed to add UUID: Authentication Failed (0x05)
Sep 13 05:49:58.456113 n bluetoothd[2804]: src/shared/mgmt.c:send_request() [0x0000] command 0x0010
Sep 13 05:50:00.504050 n bluetoothd[2804]: src/shared/mgmt.c:can_read_data() [0x0000] command 0x0010 complete: 0x05
Sep 13 05:50:00.504065 n bluetoothd[2804]: Failed to add UUID: Authentication Failed (0x05)
