Sep 13 05:19:52.534849 n kernel: hci0: dst AA:BB:CC:00:00:01
Sep 13 05:19:52.534882 n kernel: hci0: dst AA:BB:CC:00:00:01 handle 0x0f00
Sep 13 05:19:52.534907 n kernel: hci0 evt 1
Sep 13 05:19:52.534936 n kernel: hci0 opcode 0x0409 plen 7
Sep 13 05:19:52.534963 n kernel: hci0: skb len 10
Sep 13 05:19:52.534991 n kernel: hci0 cmd_cnt 1 cmd queued 1
Sep 13 05:19:52.535018 n kernel: hci0: skb 00000000b87a8570
Sep 13 05:19:52.800586 n kernel: hci0: hcon 000000005aafee78 handle 0x0001
Sep 13 05:19:52.800663 n kernel: hci0 opcode 0x041b plen 2
Sep 13 05:19:52.800708 n kernel: hci0: skb len 5
Sep 13 05:19:52.800742 n kernel: hci0: 
Sep 13 05:19:52.800772 n kernel: hci0: entry 00000000c3387a8f
Sep 13 05:19:52.800799 n kernel: hci0: Opcode 0x0c1a
Sep 13 05:19:52.800824 n kernel: hci0 cmd_cnt 1 cmd queued 1
Sep 13 05:19:52.800837 n kernel: hci0: opcode 0x0c1a plen 1
Sep 13 05:19:52.800863 n kernel: hci0: skb len 4
Sep 13 05:19:52.800879 n kernel: hci0: skb 00000000203e0076
Sep 13 05:19:52.800907 n kernel: hci0: length 1
Sep 13 05:19:52.800934 n kernel: hci0 cmd_cnt 0 cmd queued 1
Sep 13 05:19:52.811683 n kernel: hci0 cmd_cnt 1 cmd queued 1
Sep 13 05:19:52.811715 n kernel: hci0: skb 000000006de67101
Sep 13 05:19:52.817696 n kernel: hci0: result 0x00
Sep 13 05:19:52.817715 n kernel: hci0: end: err 0
Sep 13 05:19:52.819580 n kernel: hci0 opcode 0x041c plen 3
Sep 13 05:19:52.819659 n kernel: hci0: skb len 6
Sep 13 05:19:52.819676 n kernel: hci0 cmd_cnt 1 cmd queued 1
Sep 13 05:19:52.819687 n kernel: hci0: skb 0000000064500131
Sep 13 05:19:52.839663 n kernel: hci0 cmd_cnt 1 cmd queued 1
Sep 13 05:19:52.839681 n kernel: hci0: skb 000000004eb84fd8
Sep 13 05:19:52.859592 n kernel: hci0 opcode 0x0419 plen 10
Sep 13 05:19:52.859608 n kernel: hci0: skb len 13
Sep 13 05:19:52.859632 n kernel: hci0 hcon 000000005aafee78
Sep 13 05:19:52.859648 n kernel: hci0 cmd_cnt 1 cmd queued 1
Sep 13 05:19:52.859659 n kernel: hci0: skb 000000004eb84fd8
Sep 13 05:19:52.970567 n kernel: hci0 opcode 0x040b plen 22
Sep 13 05:19:52.970613 n kernel: hci0: skb len 25
Sep 13 05:19:52.970636 n kernel: hci0 cmd_cnt 1 cmd queued 1
Sep 13 05:19:52.970657 n kernel: hci0: skb 0000000056ca7066
Sep 13 05:19:53.095651 n kernel: hci0 opcode 0x1408 plen 2
Sep 13 05:19:53.095683 n kernel: hci0: skb len 5
Sep 13 05:19:53.095704 n kernel: hci0 cmd_cnt 1 cmd queued 1
Sep 13 05:19:53.095723 n kernel: hci0: skb 00000000943a1573
Sep 13 05:19:53.210674 n kernel: hci0 cmd_cnt 1 cmd queued 1
Sep 13 05:19:53.210698 n kernel: hci0: skb 00000000ff9e35e5
Sep 13 05:19:54.204676 n kernel: hci0: dst AA:BB:CC:00:00:01
Sep 13 05:19:54.204690 n kernel: hci0: dst AA:BB:CC:00:00:01 handle 0x0f00
Sep 13 05:19:54.204705 n kernel: hci0: parent 000000005aafee78 hcon 0000000070544097
Sep 13 05:19:54.204739 n kernel: hci0: hcon 0000000070544097
Sep 13 05:19:54.204759 n kernel: hci0 opcode 0x0428 plen 17
Sep 13 05:19:54.204773 n kernel: hci0: skb len 20
Sep 13 05:19:54.204789 n kernel: hci0 cmd_cnt 1 cmd queued 1
Sep 13 05:19:54.204801 n kernel: hci0: skb 0000000042f05205
Sep 13 05:19:54.296582 n kernel: hci0: hcon 0000000070544097 handle 0x0002
Sep 13 05:19:54.296694 n kernel: hci0 evt 5
Sep 13 05:19:54.299564 n kernel: hci0
Sep 13 05:19:54.299600 n kernel: hci0
Sep 13 05:19:54.330619 n kernel: hci0 cmd_cnt 1 cmd queued 1
Sep 13 05:19:54.330634 n kernel: hci0: skb 0000000029b06bb9
Sep 13 05:19:56.344602 n kernel: Bluetooth: hci0: command tx timeout
Sep 13 05:19:56.344697 n kernel: hci0 cmd_cnt 1 cmd queued 0
Sep 13 05:20:27.775594 n kernel: hci0: handle 0x02 reason 0x13
Sep 13 05:20:27.775604 n kernel: hci0: 
Sep 13 05:20:27.775627 n kernel: hci0: entry 000000001d8e2546
Sep 13 05:20:27.775636 n kernel: hci0: Opcode 0x0406
Sep 13 05:20:27.775643 n kernel: hci0: opcode 0x0406 plen 3
Sep 13 05:20:27.775651 n kernel: hci0: skb len 6
Sep 13 05:20:27.775677 n kernel: hci0: length 1
Sep 13 05:20:27.775693 n kernel: hci0 cmd_cnt 1 cmd queued 1
Sep 13 05:20:27.775701 n kernel: hci0: skb 000000001cecbc6d
Sep 13 05:20:29.816615 n kernel: Bluetooth: hci0: command 0x0406 tx timeout
Sep 13 05:20:29.816761 n kernel: hci0: end: err -110
Sep 13 05:20:29.816792 n kernel: hci0: status 0x13
Sep 13 05:20:29.816810 n kernel: hci0: err 0x6e
Sep 13 05:20:29.816826 n kernel: hci0 hcon 0000000070544097 handle 2
Sep 13 05:20:29.816844 n kernel: hci0: hcon 0000000070544097
Sep 13 05:20:29.816886 n kernel: hci0 cmd_cnt 1 cmd queued 0
Sep 13 05:20:29.837631 n kernel: hci0 evt 6
Sep 13 05:20:29.872666 n kernel: hci0 cmd_cnt 1 cmd queued 1
Sep 13 05:20:29.872678 n kernel: hci0: skb 00000000ead5737f
Sep 13 05:20:31.928624 n kernel: Bluetooth: hci0: command 0x0406 tx timeout
Sep 13 05:20:31.928683 n kernel: hci0: err 0x6e
Sep 13 05:20:31.928765 n kernel: hci0 cmd_cnt 1 cmd queued 0
Sep 13 05:20:35.194635 n kernel: Bluetooth: hci0: setting interface failed (110)
Sep 13 05:23:20.376777 n kernel: hci0: dst AA:BB:CC:00:00:01
Sep 13 05:23:20.376803 n kernel: hci0: dst AA:BB:CC:00:00:01 handle 0x0f00
Sep 13 05:23:20.376817 n kernel: hci0: parent 000000005aafee78 hcon 00000000c63f5038
Sep 13 05:23:20.376856 n kernel: hci0: hcon 00000000c63f5038
Sep 13 05:23:20.376876 n kernel: hci0 opcode 0x0428 plen 17
Sep 13 05:23:20.376891 n kernel: hci0: skb len 20
Sep 13 05:23:20.376904 n kernel: hci0 cmd_cnt 1 cmd queued 1
Sep 13 05:23:20.376944 n kernel: hci0: skb 0000000058987270
Sep 13 05:23:22.424604 n kernel: Bluetooth: hci0: command 0x0406 tx timeout
Sep 13 05:23:22.424721 n kernel: hci0: err 0x6e
Sep 13 05:23:22.424740 n kernel: hci0 cmd_cnt 1 cmd queued 0
Sep 13 05:24:01.017774 n kernel: hci0: handle 0xf00 reason 0x13
Sep 13 05:24:01.017798 n kernel: hci0: 
Sep 13 05:24:01.017820 n kernel: hci0: entry 00000000c53d0ce0
Sep 13 05:24:01.017838 n kernel: hci0: Opcode 0x0408
Sep 13 05:24:01.017850 n kernel: hci0: opcode 0x0408 plen 6
Sep 13 05:24:01.017870 n kernel: hci0: skb len 9
Sep 13 05:24:01.017885 n kernel: hci0: length 1
Sep 13 05:24:01.017902 n kernel: hci0 cmd_cnt 1 cmd queued 1
Sep 13 05:24:01.017917 n kernel: hci0: skb 00000000fdf68595
Sep 13 05:24:03.064606 n kernel: Bluetooth: hci0: command 0x0406 tx timeout
Sep 13 05:24:03.064773 n kernel: hci0: err 0x6e
Sep 13 05:24:03.064807 n kernel: hci0: end: err -110
Sep 13 05:24:03.064833 n kernel: hci0 cmd_cnt 1 cmd queued 0
Sep 13 05:24:03.064868 n kernel: hci0: status 0x13
Sep 13 05:24:03.064887 n kernel: hci0 hcon 00000000c63f5038 handle 3840
Sep 13 05:24:03.064918 n kernel: hci0: hcon 00000000c63f5038
Sep 13 05:24:03.080680 n kernel: hci0 evt 6
Sep 13 05:25:08.178736 n kernel: hci0: dst AA:BB:CC:00:00:01
Sep 13 05:25:08.178766 n kernel: hci0: dst AA:BB:CC:00:00:01 handle 0x0f00
Sep 13 05:25:08.178780 n kernel: hci0: parent 000000005aafee78 hcon 000000002f03cd12
Sep 13 05:25:08.178829 n kernel: hci0: hcon 000000002f03cd12
Sep 13 05:25:08.178848 n kernel: hci0 opcode 0x0428 plen 17
Sep 13 05:25:08.178868 n kernel: hci0: skb len 20
Sep 13 05:25:08.178889 n kernel: hci0 cmd_cnt 1 cmd queued 1
Sep 13 05:25:08.178934 n kernel: hci0: skb 00000000c45295e7
Sep 13 05:25:10.200595 n kernel: Bluetooth: hci0: command 0x0406 tx timeout
Sep 13 05:25:10.200735 n kernel: hci0: err 0x6e
Sep 13 05:25:10.200751 n kernel: hci0 cmd_cnt 1 cmd queued 0
Sep 13 05:25:23.224682 n kernel: hci0: handle 0xf00 reason 0x13
Sep 13 05:25:23.224699 n kernel: hci0: 
Sep 13 05:25:23.224721 n kernel: hci0: entry 0000000033624874
Sep 13 05:25:23.224738 n kernel: hci0: Opcode 0x0408
Sep 13 05:25:23.224749 n kernel: hci0: opcode 0x0408 plen 6
Sep 13 05:25:23.224762 n kernel: hci0: skb len 9
Sep 13 05:25:23.224780 n kernel: hci0: length 1
Sep 13 05:25:23.224794 n kernel: hci0 cmd_cnt 1 cmd queued 1
Sep 13 05:25:23.224803 n kernel: hci0: skb 000000009cf45017
Sep 13 05:25:25.240623 n kernel: Bluetooth: hci0: command 0x0406 tx timeout
Sep 13 05:25:25.240811 n kernel: hci0: end: err -110
Sep 13 05:25:25.240831 n kernel: hci0: err 0x6e
Sep 13 05:25:25.240849 n kernel: hci0 cmd_cnt 1 cmd queued 0
Sep 13 05:25:25.240865 n kernel: hci0: status 0x13
Sep 13 05:25:25.240879 n kernel: hci0 hcon 000000002f03cd12 handle 3840
Sep 13 05:25:25.240896 n kernel: hci0: hcon 000000002f03cd12
Sep 13 05:25:25.248775 n kernel: hci0 evt 6
Sep 13 05:49:40.025593 n kernel: hci0: 
Sep 13 05:49:40.025609 n kernel: hci0: entry 000000001d8e2546
Sep 13 05:49:40.025626 n kernel: hci0: Opcode 0x0c1a
Sep 13 05:49:40.025639 n kernel: hci0: opcode 0x0c1a plen 1
Sep 13 05:49:40.025649 n kernel: hci0: skb len 4
Sep 13 05:49:40.025658 n kernel: hci0: length 1
Sep 13 05:49:40.025722 n kernel: hci0 cmd_cnt 1 cmd queued 1
Sep 13 05:49:40.025736 n kernel: hci0: skb 00000000d8cb3efa
Sep 13 05:49:42.072580 n kernel: Bluetooth: hci0: command 0x0406 tx timeout
Sep 13 05:49:42.072632 n kernel: hci0: err 0x6e
Sep 13 05:49:42.072647 n kernel: hci0 cmd_cnt 1 cmd queued 0
Sep 13 05:49:42.072663 n kernel: hci0: end: err -110
Sep 13 05:49:42.072680 n kernel: Bluetooth: hci0: Opcode 0x0c1a failed: -110
Sep 13 05:49:42.072724 n kernel: hci0: 
Sep 13 05:49:42.072736 n kernel: hci0: entry 00000000a937e392
Sep 13 05:49:42.072754 n kernel: hci0: Opcode 0x0c3a
Sep 13 05:49:42.072773 n kernel: hci0: opcode 0x0c3a plen 4
Sep 13 05:49:42.072785 n kernel: hci0: skb len 7
Sep 13 05:49:42.072796 n kernel: hci0: length 1
Sep 13 05:49:42.072808 n kernel: hci0 cmd_cnt 1 cmd queued 1
Sep 13 05:49:42.072818 n kernel: hci0: skb 00000000447054d8
Sep 13 05:49:44.120580 n kernel: hci0: end: err -110
Sep 13 05:49:44.120662 n kernel: Bluetooth: hci0: Opcode 0x0c3a failed: -110
Sep 13 05:49:44.120691 n kernel: Bluetooth: hci0: command 0x0406 tx timeout
Sep 13 05:49:44.120706 n kernel: hci0: err 0x6e
Sep 13 05:49:44.120727 n kernel: hci0 cmd_cnt 1 cmd queued 0
Sep 13 05:49:44.120771 n kernel: hci0: state 0 -> 1
Sep 13 05:49:44.120783 n kernel: hci0: 
Sep 13 05:49:44.120798 n kernel: hci0: entry 00000000e0ba8201
Sep 13 05:49:44.120812 n kernel: hci0: type 7
Sep 13 05:49:44.120838 n kernel: hci0: 
Sep 13 05:49:44.120852 n kernel: hci0: cancelling interleave scan
Sep 13 05:49:44.120863 n kernel: hci0: Opcode 0x2005
Sep 13 05:49:44.120888 n kernel: hci0: opcode 0x2005 plen 6
Sep 13 05:49:44.120904 n kernel: hci0: skb len 9
Sep 13 05:49:44.120923 n kernel: hci0: length 1
Sep 13 05:49:44.120935 n kernel: hci0 cmd_cnt 1 cmd queued 1
Sep 13 05:49:44.120944 n kernel: hci0: skb 000000007eb25cfc
Sep 13 05:49:46.168620 n kernel: hci0: end: err -110
Sep 13 05:49:46.168648 n kernel: Bluetooth: hci0: Opcode 0x2005 failed: -110
Sep 13 05:49:46.168677 n kernel: hci0: Opcode 0x200b
Sep 13 05:49:46.168692 n kernel: hci0: opcode 0x200b plen 7
Sep 13 05:49:46.168723 n kernel: hci0: skb len 10
Sep 13 05:49:46.168733 n kernel: hci0: length 1
Sep 13 05:49:46.168744 n kernel: Bluetooth: hci0: command 0x0406 tx timeout
Sep 13 05:49:46.168753 n kernel: hci0: err 0x6e
Sep 13 05:49:46.168774 n kernel: hci0 cmd_cnt 1 cmd queued 1
Sep 13 05:49:46.168788 n kernel: hci0: skb 00000000c5c26664
Sep 13 05:49:46.168800 n kernel: hci0: end: err -110
Sep 13 05:49:46.168813 n kernel: Bluetooth: hci0: Opcode 0x200b failed: -110
Sep 13 05:49:46.168830 n kernel: hci0: state 1 -> 0
Sep 13 05:49:46.168847 n kernel: hci0: entry 00000000016baf8e
Sep 13 05:49:46.168858 n kernel: hci0: ADV monitoring is off
Sep 13 05:49:46.168876 n kernel: hci0: stopping background scanning
Sep 13 05:49:46.168890 n kernel: hci0: 
Sep 13 05:49:46.168916 n kernel: hci0: 
Sep 13 05:49:46.168927 n kernel: hci0: entry 000000004ec8bca6
Sep 13 05:49:46.168943 n kernel: hci0: 
Sep 13 05:49:46.168951 n kernel: hci0: 
Sep 13 05:49:46.168963 n kernel: hci0: Opcode 0x0c52
Sep 13 05:49:46.168980 n kernel: hci0: opcode 0x0c52 plen 241
Sep 13 05:49:46.168989 n kernel: hci0: skb len 244
Sep 13 05:49:46.169004 n kernel: hci0: length 1
Sep 13 05:49:46.169023 n kernel: hci0 cmd_cnt 0 cmd queued 1
Sep 13 05:49:48.216703 n kernel: Bluetooth: hci0: command 0x0406 tx timeout
Sep 13 05:49:48.216740 n kernel: hci0: end: err -110
Sep 13 05:49:48.216757 n kernel: Bluetooth: hci0: Opcode 0x0c52 failed: -110
Sep 13 05:49:48.216784 n kernel: hci0: err 0x6e
Sep 13 05:49:48.216794 n kernel: hci0 cmd_cnt 1 cmd queued 1
Sep 13 05:49:48.216809 n kernel: hci0: skb 0000000050abe066
Sep 13 05:49:48.216851 n kernel: hci0: 
Sep 13 05:49:48.216864 n kernel: hci0: entry 000000008db91b5a
Sep 13 05:49:48.216882 n kernel: hci0: 
Sep 13 05:49:48.216890 n kernel: hci0: 
Sep 13 05:49:48.216905 n kernel: hci0: Opcode 0x0c52
Sep 13 05:49:48.216918 n kernel: hci0: opcode 0x0c52 plen 241
Sep 13 05:49:48.216927 n kernel: hci0: skb len 244
Sep 13 05:49:48.216936 n kernel: hci0: length 1
Sep 13 05:49:48.216952 n kernel: hci0 cmd_cnt 0 cmd queued 1
Sep 13 05:49:50.264896 n kernel: hci0: end: err -110
Sep 13 05:49:50.264959 n kernel: Bluetooth: hci0: Opcode 0x0c52 failed: -110
Sep 13 05:49:50.264970 n kernel: Bluetooth: hci0: command 0x0406 tx timeout
Sep 13 05:49:50.264985 n kernel: hci0: err 0x6e
Sep 13 05:49:50.264993 n kernel: hci0 cmd_cnt 1 cmd queued 1
Sep 13 05:49:50.265011 n kernel: hci0: skb 0000000081234d6e
Sep 13 05:49:50.265046 n kernel: hci0: 
Sep 13 05:49:50.265058 n kernel: hci0: entry 000000009640c515
Sep 13 05:49:50.265077 n kernel: hci0: 
Sep 13 05:49:50.265093 n kernel: hci0: Opcode 0x0c24
Sep 13 05:49:50.265108 n kernel: hci0: opcode 0x0c24 plen 3
Sep 13 05:49:50.265125 n kernel: hci0: skb len 6
Sep 13 05:49:50.265133 n kernel: hci0: length 1
Sep 13 05:49:50.265153 n kernel: hci0 cmd_cnt 0 cmd queued 1
Sep 13 05:49:52.312592 n kernel: Bluetooth: hci0: command 0x0406 tx timeout
Sep 13 05:49:52.312613 n kernel: hci0: end: err -110
Sep 13 05:49:52.312640 n kernel: Bluetooth: hci0: Opcode 0x0c24 failed: -110
Sep 13 05:49:52.312666 n kernel: hci0: err 0x6e
Sep 13 05:49:52.312676 n kernel: hci0 cmd_cnt 1 cmd queued 1
Sep 13 05:49:52.312696 n kernel: hci0: skb 00000000b93f48b5
Sep 13 05:49:52.312736 n kernel: hci0: 
Sep 13 05:49:52.312751 n kernel: hci0: entry 00000000f58fa1f0
Sep 13 05:49:52.312770 n kernel: hci0: 
Sep 13 05:49:52.312781 n kernel: hci0: Opcode 0x0c24
Sep 13 05:49:52.312790 n kernel: hci0: opcode 0x0c24 plen 3
Sep 13 05:49:52.312804 n kernel: hci0: skb len 6
Sep 13 05:49:52.312819 n kernel: hci0: length 1
Sep 13 05:49:52.312829 n kernel: hci0 cmd_cnt 0 cmd queued 1
Sep 13 05:49:54.360573 n kernel: hci0: end: err -110
Sep 13 05:49:54.360623 n kernel: Bluetooth: hci0: Opcode 0x0c24 failed: -110
Sep 13 05:49:54.360634 n kernel: Bluetooth: hci0: command 0x0406 tx timeout
Sep 13 05:49:54.360645 n kernel: hci0: err 0x6e
Sep 13 05:49:54.360656 n kernel: hci0 cmd_cnt 1 cmd queued 1
Sep 13 05:49:54.360666 n kernel: hci0: skb 00000000630a7ed2
Sep 13 05:49:54.360698 n kernel: hci0: 
Sep 13 05:49:54.360709 n kernel: hci0: entry 0000000071fb3c07
Sep 13 05:49:54.360723 n kernel: hci0: 
Sep 13 05:49:54.360733 n kernel: hci0: Opcode 0x0c24
Sep 13 05:49:54.360750 n kernel: hci0: opcode 0x0c24 plen 3
Sep 13 05:49:54.360768 n kernel: hci0: skb len 6
Sep 13 05:49:54.360783 n kernel: hci0: length 1
Sep 13 05:49:54.360796 n kernel: hci0 cmd_cnt 0 cmd queued 1
Sep 13 05:49:56.408582 n kernel: hci0: end: err -110
Sep 13 05:49:56.408626 n kernel: Bluetooth: hci0: Opcode 0x0c24 failed: -110
Sep 13 05:49:56.408647 n kernel: Bluetooth: hci0: command 0x0406 tx timeout
Sep 13 05:49:56.408665 n kernel: hci0: err 0x6e
Sep 13 05:49:56.408680 n kernel: hci0 cmd_cnt 1 cmd queued 1
Sep 13 05:49:56.408693 n kernel: hci0: skb 000000007531263c
Sep 13 05:49:56.408727 n kernel: hci0: 
Sep 13 05:49:56.408742 n kernel: hci0: entry 00000000bf47f3f2
Sep 13 05:49:56.408755 n kernel: hci0: 
Sep 13 05:49:56.408770 n kernel: hci0: Opcode 0x0c24
Sep 13 05:49:56.408785 n kernel: hci0: opcode 0x0c24 plen 3
Sep 13 05:49:56.408799 n kernel: hci0: skb len 6
Sep 13 05:49:56.408811 n kernel: hci0: length 1
Sep 13 05:49:56.408820 n kernel: hci0 cmd_cnt 0 cmd queued 1
Sep 13 05:49:58.460038 n kernel: Bluetooth: hci0: command 0x0406 tx timeout
Sep 13 05:49:58.460080 n kernel: hci0: err 0x6e
Sep 13 05:49:58.460096 n kernel: hci0 cmd_cnt 1 cmd queued 1
Sep 13 05:49:58.460106 n kernel: hci0: skb 00000000930f4654
Sep 13 05:49:58.460120 n kernel: hci0: end: err -110
Sep 13 05:49:58.460135 n kernel: Bluetooth: hci0: Opcode 0x0c24 failed: -110
Sep 13 05:49:58.460168 n kernel: hci0: 
Sep 13 05:49:58.460180 n kernel: hci0: entry 0000000069c5f10f
Sep 13 05:49:58.460195 n kernel: hci0: 
Sep 13 05:49:58.460204 n kernel: hci0: Opcode 0x0c24
Sep 13 05:49:58.460214 n kernel: hci0: opcode 0x0c24 plen 3
Sep 13 05:49:58.460228 n kernel: hci0: skb len 6
Sep 13 05:49:58.460242 n kernel: hci0: length 1
Sep 13 05:49:58.460258 n kernel: hci0 cmd_cnt 0 cmd queued 1
Sep 13 05:50:00.504603 n kernel: Bluetooth: hci0: command 0x0406 tx timeout
Sep 13 05:50:00.504638 n kernel: hci0: err 0x6e
Sep 13 05:50:00.504673 n kernel: hci0 cmd_cnt 1 cmd queued 1
Sep 13 05:50:00.504693 n kernel: hci0: skb 000000009dca1d49
Sep 13 05:50:00.504708 n kernel: hci0: end: err -110
Sep 13 05:50:00.504721 n kernel: Bluetooth: hci0: Opcode 0x0c24 failed: -110
Sep 13 05:50:02.552951 n kernel: Bluetooth: hci0: command 0x0406 tx timeout
Sep 13 05:50:02.553039 n kernel: hci0: err 0x6e
Sep 13 05:50:02.553060 n kernel: hci0 cmd_cnt 1 cmd queued 0
