Aug 10 07:23:37.436738 n kernel: Bluetooth: hci0: unexpected event for opcode 0x2005
Aug 10 07:23:53.245731 n kernel: Bluetooth: hci0: unexpected event for opcode 0x2005
Aug 10 07:24:27.556725 n kernel: Bluetooth: hci0: unexpected event for opcode 0x2005
Aug 10 07:24:39.758757 n kernel: Bluetooth: hci0: unexpected event for opcode 0x2005
Aug 10 07:24:45.268752 n kernel: Bluetooth: hci0: command tx timeout
Aug 10 07:25:05.236800 n kernel: Bluetooth: hci0: command 0x200c tx timeout
Aug 10 07:25:05.236887 n kernel: Bluetooth: hci0: Opcode 0x200c failed: -110
Aug 10 07:25:05.236911 n kernel: Bluetooth: hci0: Unable to disable scanning: -110
Aug 10 07:25:05.236963 n kernel: Bluetooth: hci0: disable scanning failed: -110
Aug 10 07:25:05.236991 n kernel: Bluetooth: hci0: start background scanning failed: -110
Aug 10 07:25:07.284729 n kernel: Bluetooth: hci0: command 0x200c tx timeout
Aug 10 07:25:07.284848 n kernel: Bluetooth: hci0: Opcode 0x0c3a failed: -110
Aug 10 07:25:09.332766 n kernel: Bluetooth: hci0: Opcode 0x200c failed: -110
Aug 10 07:25:09.332899 n kernel: Bluetooth: hci0: command 0x200c tx timeout
Aug 10 07:25:09.332908 n kernel: Bluetooth: hci0: Unable to disable scanning: -110
Aug 10 07:25:09.332941 n kernel: Bluetooth: hci0: Unable to disable scanning: -110
Aug 10 07:25:11.380779 n kernel: Bluetooth: hci0: Opcode 0x200c failed: -110
Aug 10 07:25:11.381002 n kernel: Bluetooth: hci0: command 0x200c tx timeout
Aug 10 07:25:11.381032 n kernel: Bluetooth: hci0: Unable to disable scanning: -110
Aug 10 07:25:11.381059 n kernel: Bluetooth: hci0: disable scanning failed: -110
Aug 10 07:25:11.381102 n kernel: Bluetooth: hci0: start background scanning failed: -110
Aug 10 07:25:13.428733 n kernel: Bluetooth: hci0: Opcode 0x0c1a failed: -110
Aug 10 07:25:13.428784 n kernel: Bluetooth: hci0: command 0x200c tx timeout
Aug 10 07:25:14.710799 n kernel: Bluetooth: hci0: setting interface failed (110)
Aug 10 07:25:15.476750 n kernel: Bluetooth: hci0: command 0x200c tx timeout
Aug 10 07:25:17.524905 n kernel: Bluetooth: hci0: command 0x200c tx timeout
Aug 10 07:25:17.524938 n kernel: Bluetooth: hci0: Opcode 0x200c failed: -110
Aug 10 07:25:17.524961 n kernel: Bluetooth: hci0: Unable to disable scanning: -110
Aug 10 07:25:17.524972 n kernel: Bluetooth: hci0: stop background scanning failed: -110
Aug 10 07:25:23.018197 n kernel: usb 3-3: reset full-speed USB device number 2 using xhci_hcd
Aug 10 07:25:38.372771 n kernel: usb 3-3: device descriptor read/64, error -110
Aug 10 07:25:54.245049 n kernel: usb 3-3: device descriptor read/64, error -110
Aug 10 07:25:54.460753 n kernel: usb 3-3: reset full-speed USB device number 2 using xhci_hcd
Aug 10 07:26:10.116756 n kernel: usb 3-3: device descriptor read/64, error -110
Aug 10 07:26:25.988783 n kernel: usb 3-3: device descriptor read/64, error -110
Aug 10 07:26:26.204756 n kernel: usb 3-3: reset full-speed USB device number 2 using xhci_hcd
Aug 10 07:26:31.508762 n kernel: xhci_hcd 0000:03:00.4: Timeout while waiting for setup device command
Aug 10 07:26:37.140749 n kernel: xhci_hcd 0000:03:00.4: Timeout while waiting for setup device command
Aug 10 07:26:37.348750 n kernel: usb 3-3: device not accepting address 2, error -62
Aug 10 07:26:37.460781 n kernel: usb 3-3: reset full-speed USB device number 2 using xhci_hcd
Aug 10 07:26:42.772802 n kernel: xhci_hcd 0000:03:00.4: Timeout while waiting for setup device command
Aug 10 07:26:48.404763 n kernel: xhci_hcd 0000:03:00.4: Timeout while waiting for setup device command
Aug 10 07:26:48.612733 n kernel: usb 3-3: device not accepting address 2, error -62
Aug 10 07:26:48.614726 n kernel: usb 3-3: USB disconnect, device number 2
Aug 10 07:26:48.726727 n kernel: usb 3-3: new full-speed USB device number 4 using xhci_hcd
Aug 10 07:27:04.388772 n kernel: usb 3-3: device descriptor read/64, error -110
Aug 10 07:27:20.260750 n kernel: usb 3-3: device descriptor read/64, error -110
Aug 10 07:27:20.476773 n kernel: usb 3-3: new full-speed USB device number 5 using xhci_hcd
Aug 10 07:27:36.133765 n kernel: usb 3-3: device descriptor read/64, error -110
Aug 10 07:27:52.005474 n kernel: usb 3-3: device descriptor read/64, error -110
Aug 10 07:27:52.487743 n kernel: usb 3-3: new full-speed USB device number 6 using xhci_hcd
Aug 10 07:27:57.524751 n kernel: xhci_hcd 0000:03:00.4: Timeout while waiting for setup device command
Aug 10 07:28:03.156766 n kernel: xhci_hcd 0000:03:00.4: Timeout while waiting for setup device command
Aug 10 07:28:03.364756 n kernel: usb 3-3: device not accepting address 6, error -62
Aug 10 07:28:03.364867 n kernel: usb 3-3: WARN: invalid context state for evaluate context command.
Aug 10 07:28:03.476747 n kernel: usb 3-3: new full-speed USB device number 7 using xhci_hcd
