Aug 10 07:24:45.270820 n bt-hang-watchdog[7761]: signal: Bluetooth: hci0: command tx timeout
Aug 10 07:24:45.270820 n bt-hang-watchdog[7761]:   window: 1/3 hit(s) in last 60s
Aug 10 07:25:05.594026 n bt-hang-watchdog[7761]: signal: Bluetooth: hci0: command 0x200c tx timeout
Aug 10 07:25:05.594026 n bt-hang-watchdog[7761]:   window: 2/3 hit(s) in last 60s
Aug 10 07:25:05.595214 n bt-hang-watchdog[7761]: signal: Bluetooth: hci0: Opcode 0x200c failed: -110
Aug 10 07:25:05.595214 n bt-hang-watchdog[7761]:   window: 3/3 hit(s) in last 60s
Aug 10 07:25:05.595289 n bt-hang-watchdog[7761]: Detected 3 controller timeouts within 60s — intervening.
Aug 10 07:25:05.597078 n bt-hang-watchdog[7761]: Recovering Bluetooth controller at 3-3 ...
Aug 10 07:26:48.692567 n bt-hang-watchdog[7761]:   USBDEVFS_RESET failed
Aug 10 07:26:54.695695 n bt-hang-watchdog[7761]:   escalating to USB unbind/bind
Aug 10 07:27:06.708082 n bt-hang-watchdog[7761]:   RECOVERY FAILED — controller still unresponsive
Aug 10 07:27:06.708082 n bt-hang-watchdog[7761]: consecutive failed recoveries: 1/3
Aug 10 07:27:06.709449 n bt-hang-watchdog[7761]: signal: Bluetooth: hci0: disable scanning failed: -110
Aug 10 07:27:06.709449 n bt-hang-watchdog[7761]:   window: 1/3 hit(s) in last 60s
Aug 10 07:27:06.710585 n bt-hang-watchdog[7761]: signal: Bluetooth: hci0: start background scanning failed: -110
Aug 10 07:27:06.710585 n bt-hang-watchdog[7761]:   window: 2/3 hit(s) in last 60s
Aug 10 07:27:06.711808 n bt-hang-watchdog[7761]: signal: Bluetooth: hci0: command 0x200c tx timeout
Aug 10 07:27:06.711808 n bt-hang-watchdog[7761]:   window: 3/3 hit(s) in last 60s
Aug 10 07:27:06.711861 n bt-hang-watchdog[7761]: threshold reached (3/3) but suppressed by cooldown (59s remaining)
Aug 10 07:27:06.713002 n bt-hang-watchdog[7761]: signal: Bluetooth: hci0: Opcode 0x0c3a failed: -110
Aug 10 07:27:06.713002 n bt-hang-watchdog[7761]:   window: 4/3 hit(s) in last 60s
Aug 10 07:27:06.713062 n bt-hang-watchdog[7761]: threshold reached (4/3) but suppressed by cooldown (59s remaining)
Aug 10 07:27:06.714151 n bt-hang-watchdog[7761]: signal: Bluetooth: hci0: Opcode 0x200c failed: -110
Aug 10 07:27:06.714151 n bt-hang-watchdog[7761]:   window: 5/3 hit(s) in last 60s
Aug 10 07:27:06.714217 n bt-hang-watchdog[7761]: threshold reached (5/3) but suppressed by cooldown (59s remaining)
Aug 10 07:27:06.715159 n bt-hang-watchdog[7761]: signal: Bluetooth: hci0: command 0x200c tx timeout
Aug 10 07:27:06.715182 n bt-hang-watchdog[7761]:   window: 6/3 hit(s) in last 60s
Aug 10 07:27:06.715182 n bt-hang-watchdog[7761]: threshold reached (6/3) but suppressed by cooldown (59s remaining)
Aug 10 07:27:06.716407 n bt-hang-watchdog[7761]: signal: Bluetooth: hci0: Opcode 0x200c failed: -110
Aug 10 07:27:06.716428 n bt-hang-watchdog[7761]:   window: 7/3 hit(s) in last 60s
Aug 10 07:27:06.716456 n bt-hang-watchdog[7761]: threshold reached (7/3) but suppressed by cooldown (59s remaining)
Aug 10 07:27:06.717561 n bt-hang-watchdog[7761]: signal: Bluetooth: hci0: command 0x200c tx timeout
Aug 10 07:27:06.717588 n bt-hang-watchdog[7761]:   window: 8/3 hit(s) in last 60s
Aug 10 07:27:06.717617 n bt-hang-watchdog[7761]: threshold reached (8/3) but suppressed by cooldown (59s remaining)
Aug 10 07:27:06.718699 n bt-hang-watchdog[7761]: signal: Bluetooth: hci0: disable scanning failed: -110
Aug 10 07:27:06.718735 n bt-hang-watchdog[7761]:   window: 9/3 hit(s) in last 60s
Aug 10 07:27:06.718735 n bt-hang-watchdog[7761]: threshold reached (9/3) but suppressed by cooldown (59s remaining)
Aug 10 07:27:06.719900 n bt-hang-watchdog[7761]: signal: Bluetooth: hci0: start background scanning failed: -110
Aug 10 07:27:06.719920 n bt-hang-watchdog[7761]:   window: 10/3 hit(s) in last 60s
Aug 10 07:27:06.719943 n bt-hang-watchdog[7761]: threshold reached (10/3) but suppressed by cooldown (59s remaining)
Aug 10 07:27:06.721048 n bt-hang-watchdog[7761]: signal: Bluetooth: hci0: Opcode 0x0c1a failed: -110
Aug 10 07:27:06.721076 n bt-hang-watchdog[7761]:   window: 11/3 hit(s) in last 60s
Aug 10 07:27:06.721076 n bt-hang-watchdog[7761]: threshold reached (11/3) but suppressed by cooldown (59s remaining)
Aug 10 07:27:06.722021 n bt-hang-watchdog[7761]: signal: Bluetooth: hci0: command 0x200c tx timeout
Aug 10 07:27:06.722041 n bt-hang-watchdog[7761]:   window: 12/3 hit(s) in last 60s
Aug 10 07:27:06.722066 n bt-hang-watchdog[7761]: threshold reached (12/3) but suppressed by cooldown (59s remaining)
Aug 10 07:27:06.723003 n bt-hang-watchdog[7761]: signal: Bluetooth: hci0: setting interface failed (110)
Aug 10 07:27:06.723029 n bt-hang-watchdog[7761]:   window: 13/3 hit(s) in last 60s
Aug 10 07:27:06.723029 n bt-hang-watchdog[7761]: threshold reached (13/3) but suppressed by cooldown (59s remaining)
Aug 10 07:27:06.724137 n bt-hang-watchdog[7761]: signal: Bluetooth: hci0: command 0x200c tx timeout
Aug 10 07:27:06.724159 n bt-hang-watchdog[7761]:   window: 14/3 hit(s) in last 60s
Aug 10 07:27:06.724159 n bt-hang-watchdog[7761]: threshold reached (14/3) but suppressed by cooldown (59s remaining)
Aug 10 07:27:06.725259 n bt-hang-watchdog[7761]: signal: Bluetooth: hci0: command 0x200c tx timeout
Aug 10 07:27:06.725281 n bt-hang-watchdog[7761]:   window: 15/3 hit(s) in last 60s
Aug 10 07:27:06.725281 n bt-hang-watchdog[7761]: threshold reached (15/3) but suppressed by cooldown (59s remaining)
Aug 10 07:27:06.726409 n bt-hang-watchdog[7761]: signal: Bluetooth: hci0: Opcode 0x200c failed: -110
Aug 10 07:27:06.726430 n bt-hang-watchdog[7761]:   window: 16/3 hit(s) in last 60s
Aug 10 07:27:06.726430 n bt-hang-watchdog[7761]: threshold reached (16/3) but suppressed by cooldown (59s remaining)
Aug 10 07:27:06.727592 n bt-hang-watchdog[7761]: signal: Bluetooth: hci0: stop background scanning failed: -110
Aug 10 07:27:06.727619 n bt-hang-watchdog[7761]:   window: 17/3 hit(s) in last 60s
Aug 10 07:27:06.727619 n bt-hang-watchdog[7761]: threshold reached (17/3) but suppressed by cooldown (59s remaining)
