Aug 11 19:49:23.069772 n kernel: xhci_hcd 0000:03:00.3: xHCI Host Controller
Aug 11 19:49:23.069897 n kernel: xhci_hcd 0000:03:00.3: new USB bus registered, assigned bus number 1
Aug 11 19:49:23.070015 n kernel: xhci_hcd 0000:03:00.3: hcc params 0x0268ffe5 hci version 0x110 quirks 0x0000020000000010
Aug 11 19:49:23.070150 n kernel: xhci_hcd 0000:03:00.3: xHCI Host Controller
Aug 11 19:49:23.070281 n kernel: xhci_hcd 0000:03:00.3: new USB bus registered, assigned bus number 2
Aug 11 19:49:23.070398 n kernel: xhci_hcd 0000:03:00.3: Host supports USB 3.1 Enhanced SuperSpeed
Aug 11 19:49:23.070844 n kernel: usb usb1: Product: xHCI Host Controller
Aug 11 19:49:23.070984 n kernel: usb usb1: Manufacturer: Linux 7.0.0-28-generic xhci-hcd
Aug 11 19:49:23.072031 n kernel: usb usb2: Product: xHCI Host Controller
Aug 11 19:49:23.072175 n kernel: usb usb2: Manufacturer: Linux 7.0.0-28-generic xhci-hcd
Aug 11 19:49:23.072767 n kernel: xhci_hcd 0000:03:00.4: xHCI Host Controller
Aug 11 19:49:23.072887 n kernel: xhci_hcd 0000:03:00.4: new USB bus registered, assigned bus number 3
Aug 11 19:49:23.073006 n kernel: xhci_hcd 0000:03:00.4: hcc params 0x0268ffe5 hci version 0x110 quirks 0x0000020000000010
Aug 11 19:49:23.073124 n kernel: xhci_hcd 0000:03:00.4: xHCI Host Controller
Aug 11 19:49:23.073252 n kernel: xhci_hcd 0000:03:00.4: new USB bus registered, assigned bus number 4
Aug 11 19:49:23.073416 n kernel: xhci_hcd 0000:03:00.4: Host supports USB 3.1 Enhanced SuperSpeed
Aug 11 19:49:23.073860 n kernel: usb usb3: Product: xHCI Host Controller
Aug 11 19:49:23.074007 n kernel: usb usb3: Manufacturer: Linux 7.0.0-28-generic xhci-hcd
Aug 11 19:49:23.075047 n kernel: usb usb4: Product: xHCI Host Controller
Aug 11 19:49:23.075189 n kernel: usb usb4: Manufacturer: Linux 7.0.0-28-generic xhci-hcd
Aug 11 19:49:23.077142 n kernel: usb 1-2: new full-speed USB device number 2 using xhci_hcd
Aug 11 19:49:23.077320 n kernel: usb 3-3: new full-speed USB device number 2 using xhci_hcd
Aug 11 19:49:23.077482 n kernel: usb 3-3: New USB device found, idVendor=13d3, idProduct=3503, bcdDevice= 0.01
Aug 11 19:49:23.077627 n kernel: usb 3-3: New USB device strings: Mfr=0, Product=0, SerialNumber=0
Aug 11 19:49:23.077780 n kernel: usb 1-2: New USB device found, idVendor=32c2, idProduct=0066, bcdDevice=42.8a
Aug 11 19:49:23.077925 n kernel: usb 1-2: New USB device strings: Mfr=0, Product=1, SerialNumber=0
Aug 11 19:49:23.078068 n kernel: usb 1-2: Product: 2.4G Wireless
Aug 11 19:49:23.078244 n kernel: usb 3-4: new full-speed USB device number 3 using xhci_hcd
Aug 11 19:49:23.078425 n kernel: usb 1-3: new high-speed USB device number 3 using xhci_hcd
Aug 11 19:49:23.079465 n kernel: usb 1-3: New USB device found, idVendor=0bda, idProduct=0129, bcdDevice=39.60
Aug 11 19:49:23.079662 n kernel: usb 1-3: New USB device strings: Mfr=1, Product=2, SerialNumber=3
Aug 11 19:49:23.079818 n kernel: usb 1-3: Product: USB2.0-CRW
Aug 11 19:49:23.079966 n kernel: usb 1-3: Manufacturer: Generic
Aug 11 19:49:23.080115 n kernel: usb 1-3: SerialNumber: 20100201396000000
Aug 11 19:49:23.080278 n kernel: usb 3-4: New USB device found, idVendor=2808, idProduct=c652, bcdDevice=20.03
Aug 11 19:49:23.080421 n kernel: usb 3-4: New USB device strings: Mfr=1, Product=2, SerialNumber=0
Aug 11 19:49:23.080580 n kernel: usb 3-4: Product: FocalTech Fingerprint Device
Aug 11 19:49:23.080726 n kernel: usb 3-4: Manufacturer: FocalTech
Aug 11 19:49:23.080886 n kernel: usb 1-4: new high-speed USB device number 4 using xhci_hcd
Aug 11 19:49:23.081055 n kernel: usb 1-4: New USB device found, idVendor=32e6, idProduct=9211, bcdDevice= 0.00
Aug 11 19:49:23.081200 n kernel: usb 1-4: New USB device strings: Mfr=1, Product=2, SerialNumber=3
Aug 11 19:49:23.081382 n kernel: usb 1-4: Product: icspring camera
Aug 11 19:49:23.081531 n kernel: usb 1-4: Manufacturer: icSpring
Aug 11 19:49:23.081681 n kernel: usb 1-4: SerialNumber: 241112113001
Aug 11 19:49:23.442233 n kernel: Bluetooth: Core ver 2.22
Aug 11 19:49:23.443226 n kernel: NET: Registered PF_BLUETOOTH protocol family
Aug 11 19:49:23.443273 n kernel: Bluetooth: HCI device and connection manager initialized
Aug 11 19:49:23.443293 n kernel: Bluetooth: HCI socket layer initialized
Aug 11 19:49:23.443311 n kernel: Bluetooth: L2CAP socket layer initialized
Aug 11 19:49:23.443333 n kernel: Bluetooth: SCO socket layer initialized
Aug 11 19:49:23.512227 n kernel: usbcore: registered new interface driver btusb
Aug 11 19:49:26.338704 n kernel: Bluetooth: BNEP (Ethernet Emulation) ver 1.3
Aug 11 19:49:26.338782 n kernel: Bluetooth: BNEP filters: protocol multicast
Aug 11 19:49:26.338819 n kernel: Bluetooth: BNEP socket layer initialized
Aug 11 19:49:26.342240 n kernel: Bluetooth: MGMT ver 1.23
Aug 11 19:49:27.801243 n kernel: Bluetooth: RFCOMM TTY layer initialized
Aug 11 19:49:27.801331 n kernel: Bluetooth: RFCOMM socket layer initialized
Aug 11 19:49:27.801346 n kernel: Bluetooth: RFCOMM ver 1.11
Aug 11 19:51:20.107217 n kernel: Bluetooth: hci0: command tx timeout
Aug 11 19:51:33.995169 n kernel: Bluetooth: hci0: command tx timeout
Aug 11 19:51:36.043212 n kernel: Bluetooth: hci0: command 0x0406 tx timeout
Aug 11 19:51:38.091431 n kernel: Bluetooth: hci0: command 0x0406 tx timeout
Aug 11 19:51:38.091477 n kernel: Bluetooth: hci0: Opcode 0x0c1a failed: -110
Aug 11 19:51:40.139168 n kernel: Bluetooth: hci0: command 0x0406 tx timeout
Aug 11 19:51:40.973165 n kernel: Bluetooth: hci0: setting interface failed (110)
Aug 11 19:51:42.187174 n kernel: Bluetooth: hci0: command 0x0406 tx timeout
Aug 11 19:51:48.653173 n kernel: Bluetooth: hci0: command 0x0406 tx timeout
Aug 11 19:51:53.889204 n kernel: usb 3-3: reset full-speed USB device number 2 using xhci_hcd
Aug 11 19:52:09.243190 n kernel: usb 3-3: device descriptor read/64, error -110
Aug 11 19:52:25.115175 n kernel: usb 3-3: device descriptor read/64, error -110
Aug 11 19:52:25.331204 n kernel: usb 3-3: reset full-speed USB device number 2 using xhci_hcd
Aug 11 19:52:40.987193 n kernel: usb 3-3: device descriptor read/64, error -110
Aug 11 19:52:56.859227 n kernel: usb 3-3: device descriptor read/64, error -110
Aug 11 19:52:57.075171 n kernel: usb 3-3: reset full-speed USB device number 2 using xhci_hcd
Aug 11 19:53:02.379219 n kernel: xhci_hcd 0000:03:00.4: Timeout while waiting for setup device command
Aug 11 19:53:08.014185 n kernel: xhci_hcd 0000:03:00.4: Timeout while waiting for setup device command
Aug 11 19:53:08.219178 n kernel: usb 3-3: device not accepting address 2, error -62
Aug 11 19:53:08.331207 n kernel: usb 3-3: reset full-speed USB device number 2 using xhci_hcd
Aug 11 19:53:13.643176 n kernel: xhci_hcd 0000:03:00.4: Timeout while waiting for setup device command
Aug 11 19:53:19.275172 n kernel: xhci_hcd 0000:03:00.4: Timeout while waiting for setup device command
Aug 11 19:53:19.483460 n kernel: usb 3-3: device not accepting address 2, error -62
Aug 11 19:53:19.483847 n kernel: usb 3-3: USB disconnect, device number 2
Aug 11 19:53:19.596161 n kernel: usb 3-3: new full-speed USB device number 4 using xhci_hcd
Aug 11 19:53:35.259178 n kernel: usb 3-3: device descriptor read/64, error -110
Aug 11 19:53:51.133208 n kernel: usb 3-3: device descriptor read/64, error -110
Aug 11 19:53:51.347181 n kernel: usb 3-3: new full-speed USB device number 5 using xhci_hcd
Aug 11 19:54:07.003181 n kernel: usb 3-3: device descriptor read/64, error -110
Aug 11 19:54:22.876177 n kernel: usb 3-3: device descriptor read/64, error -110
Aug 11 19:54:23.359205 n kernel: usb 3-3: new full-speed USB device number 6 using xhci_hcd
Aug 11 19:54:28.395222 n kernel: xhci_hcd 0000:03:00.4: Timeout while waiting for setup device command
Aug 11 19:54:34.027185 n kernel: xhci_hcd 0000:03:00.4: Timeout while waiting for setup device command
Aug 11 19:54:34.235219 n kernel: usb 3-3: device not accepting address 6, error -62
Aug 11 19:54:34.235399 n kernel: usb 3-3: WARN: invalid context state for evaluate context command.
Aug 11 19:54:34.347217 n kernel: usb 3-3: new full-speed USB device number 7 using xhci_hcd
Aug 11 19:54:39.659190 n kernel: xhci_hcd 0000:03:00.4: Timeout while waiting for setup device command
Aug 11 19:54:45.291215 n kernel: xhci_hcd 0000:03:00.4: Timeout while waiting for setup device command
Aug 11 19:54:45.499209 n kernel: usb 3-3: device not accepting address 7, error -62
Aug 11 19:54:45.499375 n kernel: usb 3-3: WARN: invalid context state for evaluate context command.
