== BlueZ series (patches/bluez/checkpatch-check.sh, BlueZ .checkpatch.conf)
── 0001-emulator-Free-hooks-in-btdev_destroy.patch
   /root/exp/qca9377-bt-hang/tmp/bt9-repro/bluez-series/0001-emulator-Free-hooks-in-btdev_destroy.patch total: 0 errors, 0 warnings, 17 lines checked
   
   /root/exp/qca9377-bt-hang/tmp/bt9-repro/bluez-series/0001-emulator-Free-hooks-in-btdev_destroy.patch has no obvious style problems and is ready for submission.
   
   NOTE: Ignored message types: COMMIT_MESSAGE COMPLEX_MACRO CONST_STRUCT FILE_PATH_CHANGES MISSING_SIGN_OFF PREFER_PACKED SPDX_LICENSE_TAG SPLIT_STRING SSCANF_TO_KSTRTO
   0001-emulator-Free-hooks-in-btdev_destroy.patch: 0 error(s), 0 warning(s), 0 check(s)
── 0002-emulator-Add-btdev_send_event.patch
   /root/exp/qca9377-bt-hang/tmp/bt9-repro/bluez-series/0002-emulator-Add-btdev_send_event.patch total: 0 errors, 0 warnings, 20 lines checked
   
   /root/exp/qca9377-bt-hang/tmp/bt9-repro/bluez-series/0002-emulator-Add-btdev_send_event.patch has no obvious style problems and is ready for submission.
   
   NOTE: Ignored message types: COMMIT_MESSAGE COMPLEX_MACRO CONST_STRUCT FILE_PATH_CHANGES MISSING_SIGN_OFF PREFER_PACKED SPDX_LICENSE_TAG SPLIT_STRING SSCANF_TO_KSTRTO
   0002-emulator-Add-btdev_send_event.patch: 0 error(s), 0 warning(s), 0 check(s)
── 0003-emulator-vhci-Add-vhci_set_quirk_simultaneous_discov.patch
   /root/exp/qca9377-bt-hang/tmp/bt9-repro/bluez-series/0003-emulator-vhci-Add-vhci_set_quirk_simultaneous_discov.patch total: 0 errors, 0 warnings, 23 lines checked
   
   /root/exp/qca9377-bt-hang/tmp/bt9-repro/bluez-series/0003-emulator-vhci-Add-vhci_set_quirk_simultaneous_discov.patch has no obvious style problems and is ready for submission.
   
   NOTE: Ignored message types: COMMIT_MESSAGE COMPLEX_MACRO CONST_STRUCT FILE_PATH_CHANGES MISSING_SIGN_OFF PREFER_PACKED SPDX_LICENSE_TAG SPLIT_STRING SSCANF_TO_KSTRTO
   0003-emulator-vhci-Add-vhci_set_quirk_simultaneous_discov.patch: 0 error(s), 0 warning(s), 0 check(s)
── 0004-mgmt-tester-Add-simultaneous-discovery-stop-tests.patch
   /root/exp/qca9377-bt-hang/tmp/bt9-repro/bluez-series/0004-mgmt-tester-Add-simultaneous-discovery-stop-tests.patch total: 0 errors, 0 warnings, 266 lines checked
   
   /root/exp/qca9377-bt-hang/tmp/bt9-repro/bluez-series/0004-mgmt-tester-Add-simultaneous-discovery-stop-tests.patch has no obvious style problems and is ready for submission.
   
   NOTE: Ignored message types: COMMIT_MESSAGE COMPLEX_MACRO CONST_STRUCT FILE_PATH_CHANGES MISSING_SIGN_OFF PREFER_PACKED SPDX_LICENSE_TAG SPLIT_STRING SSCANF_TO_KSTRTO
   0004-mgmt-tester-Add-simultaneous-discovery-stop-tests.patch: 0 error(s), 0 warning(s), 0 check(s)
   rc=0
== /root/exp/qca9377-bt-hang/tmp/bt9-repro/backport-6.1.189/0001-Bluetooth-hci_event-fix-simultaneous-discovery-stuck.patch (checkpatch --strict, run in cache/bt9-worktree)
ERROR: Please use git commit description style 'commit <12+ chars of sha1> ("<title line>")' - ie: 'commit 96d006ae6445 ("Bluetooth: hci_event: fix simultaneous discovery stuck in FINDING")'
#7: 
[ Upstream commit 96d006ae6445679436b945593950fd465eba7e76 ]

total: 1 errors, 0 warnings, 0 checks, 13 lines checked

NOTE: For some of the reported defects, checkpatch may be able to
      mechanically convert to the typical style using --fix or --fix-inplace.

/root/exp/qca9377-bt-hang/tmp/bt9-repro/backport-6.1.189/0001-Bluetooth-hci_event-fix-simultaneous-discovery-stuck.patch has style problems, please review.

NOTE: If any of the errors are false positives, please report
      them to the maintainer, see CHECKPATCH in MAINTAINERS.
   rc=1
== /root/exp/qca9377-bt-hang/tmp/bt9-repro/backport-6.12.112/0001-Bluetooth-hci_event-fix-simultaneous-discovery-stuck.patch (checkpatch --strict, run in cache/bt9-worktree)
ERROR: Please use git commit description style 'commit <12+ chars of sha1> ("<title line>")' - ie: 'commit 96d006ae6445 ("Bluetooth: hci_event: fix simultaneous discovery stuck in FINDING")'
#7: 
[ Upstream commit 96d006ae6445679436b945593950fd465eba7e76 ]

total: 1 errors, 0 warnings, 0 checks, 13 lines checked

NOTE: For some of the reported defects, checkpatch may be able to
      mechanically convert to the typical style using --fix or --fix-inplace.

/root/exp/qca9377-bt-hang/tmp/bt9-repro/backport-6.12.112/0001-Bluetooth-hci_event-fix-simultaneous-discovery-stuck.patch has style problems, please review.

NOTE: If any of the errors are false positives, please report
      them to the maintainer, see CHECKPATCH in MAINTAINERS.
   rc=1
== /root/exp/qca9377-bt-hang/tmp/bt9-repro/backport-6.6.158/0001-Bluetooth-hci_event-fix-simultaneous-discovery-stuck.patch (checkpatch --strict, run in cache/bt9-worktree)
ERROR: Please use git commit description style 'commit <12+ chars of sha1> ("<title line>")' - ie: 'commit 96d006ae6445 ("Bluetooth: hci_event: fix simultaneous discovery stuck in FINDING")'
#7: 
[ Upstream commit 96d006ae6445679436b945593950fd465eba7e76 ]

total: 1 errors, 0 warnings, 0 checks, 13 lines checked

NOTE: For some of the reported defects, checkpatch may be able to
      mechanically convert to the typical style using --fix or --fix-inplace.

/root/exp/qca9377-bt-hang/tmp/bt9-repro/backport-6.6.158/0001-Bluetooth-hci_event-fix-simultaneous-discovery-stuck.patch has style problems, please review.

NOTE: If any of the errors are false positives, please report
      them to the maintainer, see CHECKPATCH in MAINTAINERS.
   rc=1
== /root/exp/qca9377-bt-hang/tmp/bt9-repro/kernel-test-only/0001-TEST-ONLY-Revert-Bluetooth-hci_event-fix-simultaneou.patch (checkpatch --strict, run in cache/bt9-worktree)
total: 0 errors, 0 warnings, 0 checks, 13 lines checked

/root/exp/qca9377-bt-hang/tmp/bt9-repro/kernel-test-only/0001-TEST-ONLY-Revert-Bluetooth-hci_event-fix-simultaneou.patch has no obvious style problems and is ready for submission.
   rc=0
