== lint-round.sh r5 20261010T020056Z 2026-10-10 02:00:59 UTC
== checkpatch (BlueZ .checkpatch.conf): leak-fix-r5
── 0001-emulator-Free-hooks-in-btdev_destroy.patch
   /root/exp/qca9377-bt-hang/tmp/bt9-repro/bluez-v2/leak-fix-r5/0001-emulator-Free-hooks-in-btdev_destroy.patch total: 0 errors, 0 warnings, 17 lines checked
   
   /root/exp/qca9377-bt-hang/tmp/bt9-repro/bluez-v2/leak-fix-r5/0001-emulator-Free-hooks-in-btdev_destroy.patch has no obvious style problems and is ready for submission.
   
   NOTE: Ignored message types: COMMIT_MESSAGE COMPLEX_MACRO CONST_STRUCT FILE_PATH_CHANGES MISSING_SIGN_OFF PREFER_PACKED SPDX_LICENSE_TAG SPLIT_STRING SSCANF_TO_KSTRTO
   0001-emulator-Free-hooks-in-btdev_destroy.patch: 0 error(s), 0 warning(s), 0 check(s)
   rc=0
== checkpatch (BlueZ .checkpatch.conf): test-series-r5
── 0000-cover-letter.patch
   /root/exp/qca9377-bt-hang/tmp/bt9-repro/bluez-v2/test-series-r5/0000-cover-letter.patch total: 0 errors, 0 warnings, 0 lines checked
   
   /root/exp/qca9377-bt-hang/tmp/bt9-repro/bluez-v2/test-series-r5/0000-cover-letter.patch has no obvious style problems and is ready for submission.
   
   NOTE: Ignored message types: COMMIT_MESSAGE COMPLEX_MACRO CONST_STRUCT FILE_PATH_CHANGES MISSING_SIGN_OFF PREFER_PACKED SPDX_LICENSE_TAG SPLIT_STRING SSCANF_TO_KSTRTO
   0000-cover-letter.patch: 0 error(s), 0 warning(s), 0 check(s)
── 0001-emulator-Add-btdev_send_event.patch
   /root/exp/qca9377-bt-hang/tmp/bt9-repro/bluez-v2/test-series-r5/0001-emulator-Add-btdev_send_event.patch total: 0 errors, 0 warnings, 20 lines checked
   
   /root/exp/qca9377-bt-hang/tmp/bt9-repro/bluez-v2/test-series-r5/0001-emulator-Add-btdev_send_event.patch has no obvious style problems and is ready for submission.
   
   NOTE: Ignored message types: COMMIT_MESSAGE COMPLEX_MACRO CONST_STRUCT FILE_PATH_CHANGES MISSING_SIGN_OFF PREFER_PACKED SPDX_LICENSE_TAG SPLIT_STRING SSCANF_TO_KSTRTO
   0001-emulator-Add-btdev_send_event.patch: 0 error(s), 0 warning(s), 0 check(s)
── 0002-emulator-vhci-Add-vhci_set_quirk_simultaneous_discov.patch
   /root/exp/qca9377-bt-hang/tmp/bt9-repro/bluez-v2/test-series-r5/0002-emulator-vhci-Add-vhci_set_quirk_simultaneous_discov.patch total: 0 errors, 0 warnings, 40 lines checked
   
   /root/exp/qca9377-bt-hang/tmp/bt9-repro/bluez-v2/test-series-r5/0002-emulator-vhci-Add-vhci_set_quirk_simultaneous_discov.patch has no obvious style problems and is ready for submission.
   
   NOTE: Ignored message types: COMMIT_MESSAGE COMPLEX_MACRO CONST_STRUCT FILE_PATH_CHANGES MISSING_SIGN_OFF PREFER_PACKED SPDX_LICENSE_TAG SPLIT_STRING SSCANF_TO_KSTRTO
   0002-emulator-vhci-Add-vhci_set_quirk_simultaneous_discov.patch: 0 error(s), 0 warning(s), 0 check(s)
── 0003-mgmt-tester-Add-simultaneous-discovery-stop-tests.patch
   /root/exp/qca9377-bt-hang/tmp/bt9-repro/bluez-v2/test-series-r5/0003-mgmt-tester-Add-simultaneous-discovery-stop-tests.patch total: 0 errors, 0 warnings, 429 lines checked
   
   /root/exp/qca9377-bt-hang/tmp/bt9-repro/bluez-v2/test-series-r5/0003-mgmt-tester-Add-simultaneous-discovery-stop-tests.patch has no obvious style problems and is ready for submission.
   
   NOTE: Ignored message types: COMMIT_MESSAGE COMPLEX_MACRO CONST_STRUCT FILE_PATH_CHANGES MISSING_SIGN_OFF PREFER_PACKED SPDX_LICENSE_TAG SPLIT_STRING SSCANF_TO_KSTRTO
   0003-mgmt-tester-Add-simultaneous-discovery-stop-tests.patch: 0 error(s), 0 warning(s), 0 check(s)
   rc=0
== gitlint per commit (message from git, BlueZ .gitlint)
gitlint, version 0.19.1
-- 0c8fd283823aad56796907fc88f670010de02ae9 emulator: Free hooks in btdev_destroy
   gitlint rc=0
-- 6ced4586834d8dcb45bca19d3d7d93fca4d2696c emulator: Add btdev_send_event
   gitlint rc=0
-- aaf900261f278ed33695fcb5ac04b31b2b15cc61 emulator/vhci: Add vhci_set_quirk_simultaneous_discovery
   gitlint rc=0
-- 9577fc9b2422ce1fce79f06a6bc66f5c10f5d27f mgmt-tester: Add simultaneous discovery stop tests
   gitlint rc=0
-- cover letter (branch description of bt9/mgmt-tester-simult-discovery-20261010T020056Z)
   gitlint rc=0
== scripts/gitlint-check.sh on the patch files (first Subject line only; reads a cover-letter file whole)
gitlint, version 0.19.1
── 0001-emulator-Free-hooks-in-btdev_destroy.patch
   PASS  no violations
── 0000-cover-letter.patch
49: B2 Line has trailing whitespace: "-- "
   FAIL  1 violation(s)
── 0001-emulator-Add-btdev_send_event.patch
   PASS  no violations
── 0002-emulator-vhci-Add-vhci_set_quirk_simultaneous_discov.patch
   PASS  no violations
── 0003-mgmt-tester-Add-simultaneous-discovery-stop-tests.patch
   PASS  no violations
   rc=1
== trailer, author and address checks
   Signed-off-by lines: 0
/root/exp/qca9377-bt-hang/tmp/bt9-repro/bluez-v2/leak-fix-r5/0001-emulator-Free-hooks-in-btdev_destroy.patch:From: Iaroslav Voitovych <yaroslav.voytovych@gmail.com>
/root/exp/qca9377-bt-hang/tmp/bt9-repro/bluez-v2/test-series-r5/0000-cover-letter.patch:From: Iaroslav Voitovych <yaroslav.voytovych@gmail.com>
/root/exp/qca9377-bt-hang/tmp/bt9-repro/bluez-v2/test-series-r5/0001-emulator-Add-btdev_send_event.patch:From: Iaroslav Voitovych <yaroslav.voytovych@gmail.com>
/root/exp/qca9377-bt-hang/tmp/bt9-repro/bluez-v2/test-series-r5/0002-emulator-vhci-Add-vhci_set_quirk_simultaneous_discov.patch:From: Iaroslav Voitovych <yaroslav.voytovych@gmail.com>
/root/exp/qca9377-bt-hang/tmp/bt9-repro/bluez-v2/test-series-r5/0003-mgmt-tester-Add-simultaneous-discovery-stop-tests.patch:From: Iaroslav Voitovych <yaroslav.voytovych@gmail.com>
   lines with an @ address other than From:
   longest commit message body line per patch (blank line after the headers up to ---):
   0001-emulator-Free-hooks-in-btdev_destroy.patch: 78
   0000-cover-letter.patch: 72
   0001-emulator-Add-btdev_send_event.patch: 71
   0002-emulator-vhci-Add-vhci_set_quirk_simultaneous_discov.patch: 69
   0003-mgmt-tester-Add-simultaneous-discovery-stop-tests.patch: 70
== git am checks in /root/exp/qca9377-bt-hang/cache/bluez-v2-am-check
   leak fix on master: applied, tree 8170dfcfdb112314938ddaea8df01a15551928f2 branch tree 8170dfcfdb112314938ddaea8df01a15551928f2
   test series on master + leak fix: applied, tree 459066a9e31c695db2526660ddaf8183d8b2f615 combined branch tree 459066a9e31c695db2526660ddaf8183d8b2f615
   test series on master: applied, tree 5d0834c0a7309ea5c3c44150727627dc157cfd5c branch tree 5d0834c0a7309ea5c3c44150727627dc157cfd5c
   leak fix on master + test series: applied, tree 459066a9e31c695db2526660ddaf8183d8b2f615
   throwaway worktree removed
== end 2026-10-10 02:01:02 UTC
