Aug 25 17:07:03.254053 n bluetoothd[196730]: src/shared/mgmt.c:can_read_data() [0x0000] event 0x0013
Aug 25 17:07:03.254066 n bluetoothd[196730]: src/adapter.c:discovering_callback() hci0 type 7 discovering 0 method 0
Aug 25 17:07:03.254073 n bluetoothd[196730]: src/adapter.c:trigger_start_discovery()
Aug 25 17:07:03.254079 n bluetoothd[196730]: src/adapter.c:cancel_passive_scanning()
Aug 25 17:07:08.935884 n bluetoothd[196730]: src/adapter.c:start_discovery_timeout()
Aug 25 17:07:08.935907 n bluetoothd[196730]: src/adapter.c:start_discovery_timeout() adapter->current_discovery_filter == 0
Aug 25 17:07:08.935970 n bluetoothd[196730]: src/shared/mgmt.c:send_request() [0x0000] command 0x0023
Aug 25 17:07:08.945031 n bluetoothd[196730]: src/shared/mgmt.c:can_read_data() [0x0000] event 0x0013
Aug 25 17:07:08.945051 n bluetoothd[196730]: src/adapter.c:discovering_callback() hci0 type 7 discovering 1 method 0
Aug 25 17:07:08.945084 n bluetoothd[196730]: src/shared/mgmt.c:can_read_data() [0x0000] command 0x0023 complete: 0x00
Aug 25 17:07:08.945095 n bluetoothd[196730]: src/adapter.c:start_discovery_complete() status 0x00
Aug 25 17:07:08.989063 n bluetoothd[196730]: src/shared/mgmt.c:can_read_data() [0x0000] event 0x0012
Aug 25 17:07:08.989090 n bluetoothd[196730]: src/adapter.c:device_found_callback() hci0 addr AA:BB:CC:00:00:01, rssi -77 flags 0x0004 eir_len 35
Aug 25 17:07:09.148049 n bluetoothd[196730]: src/shared/mgmt.c:can_read_data() [0x0000] event 0x0012
Aug 25 17:07:09.148064 n bluetoothd[196730]: src/adapter.c:device_found_callback() hci0 addr AA:BB:CC:00:00:02, rssi -68 flags 0x0000 eir_len 29
Aug 25 17:07:09.148085 n bluetoothd[196730]: src/device.c:device_set_legacy() legacy 0
Aug 25 17:07:09.148098 n bluetoothd[196730]: src/device.c:device_set_flags() flags 2
Aug 25 17:07:10.413082 n bluetoothd[196730]: src/shared/mgmt.c:can_read_data() [0x0000] event 0x0012
Aug 25 17:07:10.413111 n bluetoothd[196730]: src/adapter.c:device_found_callback() hci0 addr AA:BB:CC:00:00:03, rssi -80 flags 0x0000 eir_len 14
Aug 25 17:07:10.413144 n bluetoothd[196730]: src/device.c:device_store_cached_name() Can't store name for private addressed device /org/bluez/hci0/dev_AA:BB:CC:00:00:03
Aug 25 17:07:10.413155 n bluetoothd[196730]: src/device.c:device_set_legacy() legacy 0
Aug 25 17:07:10.413175 n bluetoothd[196730]: src/device.c:device_set_flags() flags 2
Aug 25 17:07:10.983142 n bluetoothd[196730]: src/shared/mgmt.c:can_read_data() [0x0000] event 0x0012
Aug 25 17:07:10.983173 n bluetoothd[196730]: src/adapter.c:device_found_callback() hci0 addr AA:BB:CC:00:00:02, rssi -66 flags 0x0000 eir_len 29
Aug 25 17:07:10.983213 n bluetoothd[196730]: src/device.c:device_set_legacy() legacy 0
Aug 25 17:07:10.983231 n bluetoothd[196730]: src/device.c:device_set_rssi_with_delta() rssi -66 delta 8
Aug 25 17:07:10.983264 n bluetoothd[196730]: src/device.c:device_set_flags() flags 2
Aug 25 17:07:10.983308 n bluetoothd[196730]: src/shared/mgmt.c:can_read_data() [0x0000] event 0x0012
Aug 25 17:07:10.983324 n bluetoothd[196730]: src/adapter.c:device_found_callback() hci0 addr AA:BB:CC:00:00:03, rssi -74 flags 0x0020 eir_len 21
Aug 25 17:07:14.066150 n bluetoothd[196730]: src/shared/mgmt.c:can_read_data() [0x0000] event 0x0012
Aug 25 17:07:14.066180 n bluetoothd[196730]: src/adapter.c:device_found_callback() hci0 addr AA:BB:CC:00:00:04, rssi -89 flags 0x0004 eir_len 8
Aug 25 17:07:14.277066 n bluetoothd[196730]: src/shared/mgmt.c:can_read_data() [0x0000] event 0x0012
Aug 25 17:07:14.277087 n bluetoothd[196730]: src/adapter.c:device_found_callback() hci0 addr AA:BB:CC:00:00:05, rssi -82 flags 0x0004 eir_len 31
Aug 25 17:07:19.639181 n bluetoothd[196730]: src/shared/mgmt.c:can_read_data() [0x0000] event 0x0013
Aug 25 17:07:19.639207 n bluetoothd[196730]: src/adapter.c:discovering_callback() hci0 type 7 discovering 0 method 0
Aug 25 17:07:19.639223 n bluetoothd[196730]: src/adapter.c:trigger_start_discovery()
Aug 25 17:07:19.639235 n bluetoothd[196730]: src/adapter.c:cancel_passive_scanning()
Aug 25 17:07:21.539044 n bluetoothd[196730]: src/shared/mgmt.c:can_read_data() [0x0000] event 0x000b
Aug 25 17:07:21.539058 n bluetoothd[196730]: src/adapter.c:connected_callback() hci0 device AA:BB:CC:00:00:06 connected eir_len 17
Aug 25 17:07:21.539067 n bluetoothd[196730]: src/device.c:device_create() dst AA:BB:CC:00:00:06
Aug 25 17:07:21.539073 n bluetoothd[196730]: src/device.c:device_new() address AA:BB:CC:00:00:06
Aug 25 17:07:21.539085 n bluetoothd[196730]: src/device.c:device_new() Creating device /org/bluez/hci0/dev_AA:BB:CC:00:00:06
Aug 25 17:07:21.539151 n bluetoothd[196730]: src/device.c:device_set_class() /org/bluez/hci0/dev_AA:BB:CC:00:00:06 0x240404
Aug 25 17:07:24.148092 n bluetoothd[196730]: src/shared/mgmt.c:can_read_data() [0x0000] event 0x000c
Aug 25 17:07:24.148113 n bluetoothd[196730]: src/adapter.c:dev_disconnected() Device AA:BB:CC:00:00:06 disconnected, reason 3
Aug 25 17:07:24.148125 n bluetoothd[196730]: src/adapter.c:adapter_remove_connection()
Aug 25 17:07:24.148147 n bluetoothd[196730]: plugins/policy.c:disconnect_cb() reason 3
Aug 25 17:07:24.148159 n bluetoothd[196730]: src/adapter.c:bonding_attempt_complete() hci0 bdaddr AA:BB:CC:00:00:06 type 0 status 0xe
Aug 25 17:07:24.148170 n bluetoothd[196730]: src/device.c:device_bonding_complete() bonding (nil) status 0x0e
Aug 25 17:07:24.148180 n bluetoothd[196730]: src/device.c:device_bonding_failed() status 14
Aug 25 17:07:24.148189 n bluetoothd[196730]: src/adapter.c:resume_discovery()
Aug 25 17:07:24.148199 n bluetoothd[196730]: src/adapter.c:trigger_start_discovery()
Aug 25 17:07:24.148208 n bluetoothd[196730]: src/adapter.c:cancel_passive_scanning()
Aug 25 17:07:28.933906 n bluetoothd[196730]: src/adapter.c:start_discovery_timeout()
Aug 25 17:07:28.933935 n bluetoothd[196730]: src/adapter.c:start_discovery_timeout() adapter->current_discovery_filter == 0
Aug 25 17:07:28.934004 n bluetoothd[196730]: src/shared/mgmt.c:send_request() [0x0000] command 0x0023
Aug 25 17:07:28.944048 n bluetoothd[196730]: src/shared/mgmt.c:can_read_data() [0x0000] event 0x0013
Aug 25 17:07:28.944062 n bluetoothd[196730]: src/adapter.c:discovering_callback() hci0 type 7 discovering 1 method 0
Aug 25 17:07:28.944137 n bluetoothd[196730]: src/shared/mgmt.c:can_read_data() [0x0000] command 0x0023 complete: 0x00
Aug 25 17:07:28.944146 n bluetoothd[196730]: src/adapter.c:start_discovery_complete() status 0x00
Aug 25 17:07:28.979066 n bluetoothd[196730]: src/shared/mgmt.c:can_read_data() [0x0000] event 0x0012
Aug 25 17:07:28.979082 n bluetoothd[196730]: src/adapter.c:device_found_callback() hci0 addr AA:BB:CC:00:00:06, rssi -54 flags 0x0000 eir_len 19
Aug 25 17:07:29.914096 n bluetoothd[196730]: src/shared/mgmt.c:can_read_data() [0x0000] event 0x0012
Aug 25 17:07:29.914113 n bluetoothd[196730]: src/adapter.c:device_found_callback() hci0 addr AA:BB:CC:00:00:02, rssi -68 flags 0x0000 eir_len 29
Aug 25 17:07:29.914136 n bluetoothd[196730]: src/device.c:device_set_legacy() legacy 0
Aug 25 17:07:29.914151 n bluetoothd[196730]: src/device.c:device_set_flags() flags 2
Aug 25 17:07:30.105114 n bluetoothd[196730]: src/shared/mgmt.c:can_read_data() [0x0000] event 0x0012
Aug 25 17:07:30.105132 n bluetoothd[196730]: src/adapter.c:device_found_callback() hci0 addr AA:BB:CC:00:00:06, rssi -47 flags 0x0000 eir_len 19
Aug 25 17:07:30.108087 n bluetoothd[196730]: src/shared/mgmt.c:can_read_data() [0x0000] event 0x0012
Aug 25 17:07:30.108109 n bluetoothd[196730]: src/adapter.c:device_found_callback() hci0 addr AA:BB:CC:00:00:03, rssi -76 flags 0x0000 eir_len 35
Aug 25 17:07:30.108137 n bluetoothd[196730]: src/device.c:device_store_cached_name() Can't store name for private addressed device /org/bluez/hci0/dev_AA:BB:CC:00:00:03
Aug 25 17:07:30.108152 n bluetoothd[196730]: src/device.c:device_set_legacy() legacy 0
Aug 25 17:07:30.108172 n bluetoothd[196730]: src/device.c:device_set_flags() flags 2
Aug 25 17:07:30.289154 n bluetoothd[196730]: src/shared/mgmt.c:can_read_data() [0x0000] event 0x0012
Aug 25 17:07:30.289181 n bluetoothd[196730]: src/adapter.c:device_found_callback() hci0 addr AA:BB:CC:00:00:06, rssi -47 flags 0x0000 eir_len 19
Aug 25 17:07:30.289304 n bluetoothd[196730]: src/shared/mgmt.c:can_read_data() [0x0000] event 0x0012
Aug 25 17:07:30.289320 n bluetoothd[196730]: src/adapter.c:device_found_callback() hci0 addr AA:BB:CC:00:00:02, rssi -69 flags 0x0020 eir_len 0
Aug 25 17:07:34.770169 n bluetoothd[196730]: src/shared/mgmt.c:can_read_data() [0x0000] event 0x0012
Aug 25 17:07:34.770194 n bluetoothd[196730]: src/adapter.c:device_found_callback() hci0 addr AA:BB:CC:00:00:06, rssi -48 flags 0x0000 eir_len 47
Aug 25 17:07:34.770293 n bluetoothd[196730]: src/device.c:device_set_legacy() legacy 0
Aug 25 17:07:34.770307 n bluetoothd[196730]: src/device.c:device_set_rssi_with_delta() rssi -48
Aug 25 17:07:34.770420 n bluetoothd[196730]: profiles/audio/avrcp.c:avrcp_controller_probe() path /org/bluez/hci0/dev_AA:BB:CC:00:00:06
Aug 25 17:07:34.770442 n bluetoothd[196730]: profiles/audio/control.c:control_init() Registered interface org.bluez.MediaControl1 on path /org/bluez/hci0/dev_AA:BB:CC:00:00:06
Aug 25 17:07:34.770455 n bluetoothd[196730]: src/service.c:btd_service_ref() 0x5f7e725b2520: ref=2
Aug 25 17:07:34.770468 n bluetoothd[196730]: src/service.c:change_state() 0x5f7e725b2520: device AA:BB:CC:00:00:06 profile avrcp-controller state changed: unavailable -> disconnected (0)
Aug 25 17:07:34.770499 n bluetoothd[196730]: profiles/audio/a2dp.c:a2dp_sink_probe() path /org/bluez/hci0/dev_AA:BB:CC:00:00:06
Aug 25 17:07:34.770513 n bluetoothd[196730]: profiles/audio/sink.c:sink_init() /org/bluez/hci0/dev_AA:BB:CC:00:00:06
Aug 25 17:07:34.770524 n bluetoothd[196730]: src/service.c:btd_service_ref() 0x5f7e725b5560: ref=2
Aug 25 17:07:34.770538 n bluetoothd[196730]: src/service.c:change_state() 0x5f7e725b5560: device AA:BB:CC:00:00:06 profile a2dp-sink state changed: unavailable -> disconnected (0)
Aug 25 17:07:34.770604 n bluetoothd[196730]: src/profile.c:ext_device_probe() Hands-Free Voice gateway probed with UUID <UUID-01>
Aug 25 17:07:34.770618 n bluetoothd[196730]: src/service.c:change_state() 0x5f7e725b2f00: device AA:BB:CC:00:00:06 profile Hands-Free Voice gateway state changed: unavailable -> disconnected (0)
Aug 25 17:07:39.604178 n bluetoothd[196730]: src/shared/mgmt.c:can_read_data() [0x0000] event 0x0013
Aug 25 17:07:39.604204 n bluetoothd[196730]: src/adapter.c:discovering_callback() hci0 type 7 discovering 0 method 0
Aug 25 17:07:39.604217 n bluetoothd[196730]: src/adapter.c:trigger_start_discovery()
Aug 25 17:07:39.604228 n bluetoothd[196730]: src/adapter.c:cancel_passive_scanning()
Aug 25 17:07:41.380267 n bluetoothd[196730]: src/adapter.c:stop_discovery() sender :1.291
Aug 25 17:07:41.380286 n bluetoothd[196730]: src/adapter.c:set_discoverable() sending set mode command for index 0
Aug 25 17:07:41.380294 n bluetoothd[196730]: src/adapter.c:set_mode() sending set mode command for index 0
Aug 25 17:07:41.380306 n bluetoothd[196730]: src/adapter.c:discovery_remove() owner :1.291
Aug 25 17:07:41.380318 n bluetoothd[196730]: src/device.c:device_set_rssi_with_delta() rssi 0
Aug 25 17:07:41.380329 n bluetoothd[196730]: src/device.c:device_set_rssi_with_delta() rssi 0
Aug 25 17:07:41.380340 n bluetoothd[196730]: src/device.c:device_set_rssi_with_delta() rssi 0
Aug 25 17:07:41.380352 n bluetoothd[196730]: src/adapter.c:trigger_passive_scanning()
Aug 25 17:07:41.380446 n bluetoothd[196730]: src/device.c:btd_device_set_temporary() temporary 0
Aug 25 17:07:41.380462 n bluetoothd[196730]: src/agent.c:agent_ref() 0x5f7e725b30a0: ref=2
Aug 25 17:07:41.380473 n bluetoothd[196730]: src/device.c:bonding_request_new() Requesting bonding for AA:BB:CC:00:00:06
Aug 25 17:07:41.380483 n bluetoothd[196730]: src/agent.c:agent_ref() 0x5f7e725b30a0: ref=3
Aug 25 17:07:41.380493 n bluetoothd[196730]: src/agent.c:agent_unref() 0x5f7e725b30a0: ref=2
Aug 25 17:07:41.380508 n bluetoothd[196730]: src/adapter.c:suspend_discovery()
Aug 25 17:07:41.380520 n bluetoothd[196730]: src/adapter.c:adapter_bonding_attempt() hci0 bdaddr AA:BB:CC:00:00:06 type 0 io_cap 0x01
Aug 25 17:07:41.380573 n bluetoothd[196730]: src/shared/mgmt.c:send_request() [0x0000] command 0x0007
Aug 25 17:07:41.383135 n bluetoothd[196730]: src/shared/mgmt.c:can_read_data() [0x0000] command 0x0007 complete: 0x00
Aug 25 17:07:41.383151 n bluetoothd[196730]: src/adapter.c:new_settings_callback() Settings: 0x00000ad1
Aug 25 17:07:41.383161 n bluetoothd[196730]: src/adapter.c:settings_changed() Changed settings: 0x0000000a
Aug 25 17:07:41.383170 n bluetoothd[196730]: src/adapter.c:settings_changed() Pending settings: 0x00000000
Aug 25 17:07:41.385693 n bluetoothd[196730]: src/shared/mgmt.c:send_request() [0x0000] command 0x0033
Aug 25 17:07:41.385739 n bluetoothd[196730]: src/shared/mgmt.c:can_read_data() [0x0000] event 0x002a
Aug 25 17:07:41.385768 n bluetoothd[196730]: src/shared/mgmt.c:can_read_data() [0x0000] command 0x0033 complete: 0x00
Aug 25 17:07:41.385779 n bluetoothd[196730]: src/adapter.c:add_accept_list_complete() AA:BB:CC:00:00:06 added to kernel accept list
Aug 25 17:07:41.385833 n bluetoothd[196730]: src/shared/mgmt.c:send_request() [0x0000] command 0x0019
Aug 25 17:07:41.598098 n bluetoothd[196730]: src/shared/mgmt.c:can_read_data() [0x0000] event 0x000b
Aug 25 17:07:41.598113 n bluetoothd[196730]: src/adapter.c:connected_callback() hci0 device AA:BB:CC:00:00:06 connected eir_len 17
Aug 25 17:07:42.598134 n bluetoothd[196730]: src/shared/mgmt.c:can_read_data() [0x0000] event 0x0009
Aug 25 17:07:42.598154 n bluetoothd[196730]: src/adapter.c:new_link_key_callback() hci0 new key for AA:BB:CC:00:00:06 type 4 pin_len 0 store_hint 1
Aug 25 17:07:42.604050 n bluetoothd[196730]: src/device.c:device_set_bonded() setting bonded for device to true
Aug 25 17:07:42.604070 n bluetoothd[196730]: src/device.c:device_bonding_complete() bonding 0x5f7e725b1b10 status 0x00
Aug 25 17:07:42.604077 n bluetoothd[196730]: src/device.c:device_bonding_complete() Proceeding with service discovery
Aug 25 17:07:42.604137 n bluetoothd[196730]: src/agent.c:agent_unref() 0x5f7e725b30a0: ref=1
Aug 25 17:07:42.604146 n bluetoothd[196730]: src/adapter.c:resume_discovery()
Aug 25 17:07:42.693127 n bluetoothd[196730]: src/shared/mgmt.c:can_read_data() [0x0000] command 0x0019 complete: 0x00
Aug 25 17:07:42.693141 n bluetoothd[196730]: src/adapter.c:pair_device_complete() Success (0x00)
Aug 25 17:07:42.693150 n bluetoothd[196730]: src/adapter.c:bonding_attempt_complete() hci0 bdaddr AA:BB:CC:00:00:06 type 0 status 0x0
Aug 25 17:07:42.693159 n bluetoothd[196730]: src/device.c:device_bonding_complete() bonding (nil) status 0x00
Aug 25 17:07:42.693166 n bluetoothd[196730]: src/adapter.c:resume_discovery()
Aug 25 17:07:42.817954 n bluetoothd[196730]: profiles/audio/avrcp.c:avrcp_target_probe() path /org/bluez/hci0/dev_AA:BB:CC:00:00:06
Aug 25 17:07:42.817971 n bluetoothd[196730]: src/service.c:btd_service_ref() 0x5f7e725dfe40: ref=2
Aug 25 17:07:42.817983 n bluetoothd[196730]: src/service.c:change_state() 0x5f7e725dfe40: device AA:BB:CC:00:00:06 profile audio-avrcp-target state changed: unavailable -> disconnected (0)
Aug 25 17:07:42.818046 n bluetoothd[196730]: src/device.c:device_svc_resolved() /org/bluez/hci0/dev_AA:BB:CC:00:00:06 err 0
Aug 25 17:07:42.820042 n bluetoothd[196730]: src/device.c:btd_device_set_trusted() trusted 1
Aug 25 17:07:42.820087 n bluetoothd[196730]: src/device.c:connect_profiles() /org/bluez/hci0/dev_AA:BB:CC:00:00:06 (all), client :1.291
Aug 25 17:07:42.820113 n bluetoothd[196730]: src/service.c:btd_service_ref() 0x5f7e725b2f00: ref=2
Aug 25 17:07:42.820124 n bluetoothd[196730]: src/service.c:change_state() 0x5f7e725b2f00: device AA:BB:CC:00:00:06 profile Hands-Free Voice gateway state changed: disconnected -> connecting (0)
Aug 25 17:07:42.915911 n bluetoothd[196730]: src/profile.c:ext_connect() Hands-Free Voice gateway connected to AA:BB:CC:00:00:06
Aug 25 17:07:42.916462 n bluetoothd[196730]: src/service.c:change_state() 0x5f7e725b2f00: device AA:BB:CC:00:00:06 profile Hands-Free Voice gateway state changed: connecting -> connected (0)
Aug 25 17:07:42.916477 n bluetoothd[196730]: src/device.c:device_profile_connected() Hands-Free Voice gateway Success (0)
Aug 25 17:07:42.916486 n bluetoothd[196730]: profiles/audio/a2dp.c:a2dp_sink_connect() path /org/bluez/hci0/dev_AA:BB:CC:00:00:06
Aug 25 17:07:42.916499 n bluetoothd[196730]: profiles/audio/avdtp.c:avdtp_ref() 0x5f7e725ded20: ref=1
Aug 25 17:07:42.916507 n bluetoothd[196730]: profiles/audio/avdtp.c:avdtp_ref() 0x5f7e725ded20: ref=2
Aug 25 17:07:42.916514 n bluetoothd[196730]: profiles/audio/a2dp.c:setup_ref() 0x5f7e725f3680: ref=1
Aug 25 17:07:42.916565 n bluetoothd[196730]: profiles/audio/sink.c:sink_set_state() State changed /org/bluez/hci0/dev_AA:BB:CC:00:00:06: SINK_STATE_DISCONNECTED -> SINK_STATE_CONNECTING
Aug 25 17:07:42.916573 n bluetoothd[196730]: profiles/audio/sink.c:sink_connect() stream creation in progress
Aug 25 17:07:42.916581 n bluetoothd[196730]: src/service.c:change_state() 0x5f7e725b5560: device AA:BB:CC:00:00:06 profile a2dp-sink state changed: disconnected -> connecting (0)
Aug 25 17:07:42.916590 n bluetoothd[196730]: plugins/policy.c:policy_connect() /org/bluez/hci0/dev_AA:BB:CC:00:00:06 profile a2dp-sink
Aug 25 17:07:42.916596 n bluetoothd[196730]: src/service.c:btd_service_ref() 0x5f7e725b2f00: ref=3
Aug 25 17:07:42.916611 n bluetoothd[196730]: plugins/policy.c:service_cb() Added Hands-Free Voice gateway reconnect 0
Aug 25 17:07:42.942918 n bluetoothd[196730]: profiles/audio/avdtp.c:avdtp_connect_cb() AVDTP: connected signaling channel to AA:BB:CC:00:00:06
Aug 25 17:07:42.942932 n bluetoothd[196730]: profiles/audio/avdtp.c:avdtp_connect_cb() AVDTP imtu=672, omtu=895
Aug 25 17:07:42.967868 n bluetoothd[196730]: profiles/audio/avdtp.c:session_cb()
Aug 25 17:07:42.967886 n bluetoothd[196730]: profiles/audio/avdtp.c:avdtp_parse_resp() DISCOVER request succeeded
Aug 25 17:07:42.967893 n bluetoothd[196730]: profiles/audio/avdtp.c:avdtp_discover_resp() seid 7 type 1 media 0 in use 0
Aug 25 17:07:42.967900 n bluetoothd[196730]: profiles/audio/avdtp.c:avdtp_discover_resp() seid 6 type 1 media 0 in use 0
Aug 25 17:07:42.967906 n bluetoothd[196730]: profiles/audio/avdtp.c:avdtp_discover_resp() seid 5 type 1 media 0 in use 0
Aug 25 17:07:42.967915 n bluetoothd[196730]: profiles/audio/avdtp.c:avdtp_discover_resp() seid 4 type 1 media 0 in use 0
Aug 25 17:07:42.967926 n bluetoothd[196730]: profiles/audio/avdtp.c:avdtp_discover_resp() seid 8 type 1 media 0 in use 0
Aug 25 17:07:42.986882 n bluetoothd[196730]: profiles/audio/avdtp.c:session_cb()
Aug 25 17:07:42.986899 n bluetoothd[196730]: profiles/audio/avdtp.c:avdtp_parse_resp() GET_ALL_CAPABILITIES request succeeded
Aug 25 17:07:42.986910 n bluetoothd[196730]: profiles/audio/avdtp.c:avdtp_get_capabilities_resp() seid 7 type 1 media 0
Aug 25 17:07:42.994871 n bluetoothd[196730]: profiles/audio/avdtp.c:session_cb()
Aug 25 17:07:42.994887 n bluetoothd[196730]: profiles/audio/avdtp.c:avdtp_parse_resp() GET_ALL_CAPABILITIES request succeeded
Aug 25 17:07:42.994899 n bluetoothd[196730]: profiles/audio/avdtp.c:avdtp_get_capabilities_resp() seid 6 type 1 media 0
Aug 25 17:07:43.001870 n bluetoothd[196730]: profiles/audio/avdtp.c:session_cb()
Aug 25 17:07:43.001893 n bluetoothd[196730]: profiles/audio/avdtp.c:avdtp_parse_resp() GET_ALL_CAPABILITIES request succeeded
Aug 25 17:07:43.001905 n bluetoothd[196730]: profiles/audio/avdtp.c:avdtp_get_capabilities_resp() seid 5 type 1 media 0
Aug 25 17:07:43.010867 n bluetoothd[196730]: profiles/audio/avdtp.c:session_cb()
Aug 25 17:07:43.010888 n bluetoothd[196730]: profiles/audio/avdtp.c:avdtp_parse_resp() GET_ALL_CAPABILITIES request succeeded
Aug 25 17:07:43.010898 n bluetoothd[196730]: profiles/audio/avdtp.c:avdtp_get_capabilities_resp() seid 4 type 1 media 0
Aug 25 17:07:43.015208 n bluetoothd[196730]: src/battery.c:btd_battery_register() path = /org/bluez/hci0/dev_AA:BB:CC:00:00:06
Aug 25 17:07:43.015226 n bluetoothd[196730]: src/battery.c:btd_battery_register() registered Battery object: /org/bluez/hci0/dev_AA:BB:CC:00:00:06
Aug 25 17:07:43.015235 n bluetoothd[196730]: src/battery.c:provided_battery_added_cb() provided battery added /org/freedesktop/pipewire/battery/org/bluez/hci0/dev_AA:BB:CC:00:00:06
Aug 25 17:07:43.015242 n bluetoothd[196730]: src/battery.c:btd_battery_update() path = /org/bluez/hci0/dev_AA:BB:CC:00:00:06
Aug 25 17:07:43.024870 n bluetoothd[196730]: profiles/audio/avdtp.c:session_cb()
Aug 25 17:07:43.024889 n bluetoothd[196730]: profiles/audio/avdtp.c:avdtp_parse_resp() GET_ALL_CAPABILITIES request succeeded
Aug 25 17:07:43.024897 n bluetoothd[196730]: profiles/audio/avdtp.c:avdtp_get_capabilities_resp() seid 8 type 1 media 0
Aug 25 17:07:43.024908 n bluetoothd[196730]: profiles/audio/a2dp.c:discover_cb() version 0x0103 err (nil)
Aug 25 17:07:43.024926 n bluetoothd[196730]: profiles/audio/a2dp.c:register_remote_sep() Found remote SEP: /org/bluez/hci0/dev_AA:BB:CC:00:00:06/sep7
Aug 25 17:07:43.024940 n bluetoothd[196730]: profiles/audio/a2dp.c:register_remote_sep() Found remote SEP: /org/bluez/hci0/dev_AA:BB:CC:00:00:06/sep6
Aug 25 17:07:43.024953 n bluetoothd[196730]: profiles/audio/a2dp.c:register_remote_sep() Found remote SEP: /org/bluez/hci0/dev_AA:BB:CC:00:00:06/sep5
Aug 25 17:07:43.024966 n bluetoothd[196730]: profiles/audio/a2dp.c:register_remote_sep() Found remote SEP: /org/bluez/hci0/dev_AA:BB:CC:00:00:06/sep4
Aug 25 17:07:43.024978 n bluetoothd[196730]: profiles/audio/a2dp.c:register_remote_sep() Found remote SEP: /org/bluez/hci0/dev_AA:BB:CC:00:00:06/sep8
Aug 25 17:07:43.030983 n bluetoothd[196730]: profiles/audio/sink.c:discovery_complete() Discovery complete
Aug 25 17:07:43.031005 n bluetoothd[196730]: profiles/audio/a2dp.c:endpoint_match_codec_ind() vendor 0x000000d7 codec 0x0024
Aug 25 17:07:43.031016 n bluetoothd[196730]: profiles/audio/a2dp.c:endpoint_match_codec_ind() vendor 0x0000004f codec 0x0001
Aug 25 17:07:43.031033 n bluetoothd[196730]: profiles/audio/a2dp.c:setup_ref() 0x5f7e725f3680: ref=2
Aug 25 17:07:43.031045 n bluetoothd[196730]: profiles/audio/a2dp.c:endpoint_match_codec_ind() vendor 0x000000d7 codec 0x0024
Aug 25 17:07:43.031055 n bluetoothd[196730]: profiles/audio/a2dp.c:setup_ref() 0x5f7e725f3680: ref=3
Aug 25 17:07:43.031209 n bluetoothd[196730]: profiles/audio/media.c:media_endpoint_async_call() Calling SelectConfiguration: name = :1.89 path = /MediaEndpoint/A2DPSource/aptx_hd
Aug 25 17:07:43.031222 n bluetoothd[196730]: profiles/audio/a2dp.c:setup_unref() 0x5f7e725f3680: ref=2
Aug 25 17:07:43.034635 n bluetoothd[196730]: profiles/audio/a2dp.c:a2dp_config() a2dp_config: selected SEP 0x5f7e725beaf0
Aug 25 17:07:43.034645 n bluetoothd[196730]: profiles/audio/a2dp.c:setup_ref() 0x5f7e725f3680: ref=3
Aug 25 17:07:43.034653 n bluetoothd[196730]: profiles/audio/a2dp.c:endpoint_match_codec_ind() vendor 0x000000d7 codec 0x0024
Aug 25 17:07:43.034659 n bluetoothd[196730]: profiles/audio/avdtp.c:avdtp_set_configuration() 0x5f7e725ded20: int_seid=3, acp_seid=7
Aug 25 17:07:43.034675 n bluetoothd[196730]: profiles/audio/a2dp.c:setup_unref() 0x5f7e725f3680: ref=2
Aug 25 17:07:43.034684 n bluetoothd[196730]: profiles/audio/a2dp.c:setup_unref() 0x5f7e725f3680: ref=1
Aug 25 17:07:43.041873 n bluetoothd[196730]: profiles/audio/avdtp.c:session_cb()
Aug 25 17:07:43.041890 n bluetoothd[196730]: profiles/audio/avdtp.c:avdtp_parse_resp() SET_CONFIGURATION request succeeded
Aug 25 17:07:43.041900 n bluetoothd[196730]: profiles/audio/a2dp.c:setconf_cfm() Source 0x5f7e725beaf0: Set_Configuration_Cfm
Aug 25 17:07:43.041909 n bluetoothd[196730]: profiles/audio/a2dp.c:setup_ref() 0x5f7e725f3680: ref=2
Aug 25 17:07:43.041996 n bluetoothd[196730]: profiles/audio/media.c:media_endpoint_async_call() Calling SetConfiguration: name = :1.89 path = /MediaEndpoint/A2DPSource/aptx_hd
Aug 25 17:07:43.042004 n bluetoothd[196730]: profiles/audio/avdtp.c:avdtp_sep_set_state() stream state changed: IDLE -> CONFIGURED
Aug 25 17:07:43.043912 n bluetoothd[196730]: profiles/audio/a2dp.c:setup_unref() 0x5f7e725f3680: ref=1
Aug 25 17:07:43.065904 n bluetoothd[196730]: profiles/audio/avdtp.c:session_cb()
Aug 25 17:07:43.065926 n bluetoothd[196730]: profiles/audio/avdtp.c:avdtp_parse_resp() OPEN request succeeded
Aug 25 17:07:43.097905 n bluetoothd[196730]: profiles/audio/avdtp.c:avdtp_connect_cb() AVDTP: connected transport channel to AA:BB:CC:00:00:06
Aug 25 17:07:43.097930 n bluetoothd[196730]: profiles/audio/avdtp.c:handle_transport_connect() Flushable packets enabled
Aug 25 17:07:43.097940 n bluetoothd[196730]: profiles/audio/avdtp.c:handle_transport_connect() sk 41, omtu 895, send buffer size 106496
Aug 25 17:07:43.097948 n bluetoothd[196730]: profiles/audio/a2dp.c:open_cfm() Source 0x5f7e725beaf0: Open_Cfm
Aug 25 17:07:43.100801 n bluetoothd[196730]: profiles/audio/a2dp.c:setup_unref() 0x5f7e725f3680: ref=0
Aug 25 17:07:43.100812 n bluetoothd[196730]: profiles/audio/a2dp.c:setup_free() 0x5f7e725f3680
Aug 25 17:07:43.100827 n bluetoothd[196730]: profiles/audio/avdtp.c:avdtp_unref() 0x5f7e725ded20: ref=1
Aug 25 17:07:43.100838 n bluetoothd[196730]: profiles/audio/avdtp.c:avdtp_sep_set_state() stream state changed: CONFIGURED -> OPEN
Aug 25 17:07:43.100849 n bluetoothd[196730]: src/service.c:change_state() 0x5f7e725b5560: device AA:BB:CC:00:00:06 profile a2dp-sink state changed: connecting -> connected (0)
Aug 25 17:07:43.100864 n bluetoothd[196730]: src/device.c:device_profile_connected() a2dp-sink Success (0)
Aug 25 17:07:43.100873 n bluetoothd[196730]: src/device.c:device_profile_connected() returning response to :1.291
Aug 25 17:07:43.100900 n bluetoothd[196730]: plugins/policy.c:policy_connect() /org/bluez/hci0/dev_AA:BB:CC:00:00:06 profile avrcp-controller
Aug 25 17:07:43.100908 n bluetoothd[196730]: profiles/audio/avrcp.c:avrcp_connect() path /org/bluez/hci0/dev_AA:BB:CC:00:00:06
Aug 25 17:07:43.100918 n bluetoothd[196730]: profiles/audio/avctp.c:avctp_set_state() AVCTP Connecting
Aug 25 17:07:43.100992 n bluetoothd[196730]: src/service.c:change_state() 0x5f7e725b2520: device AA:BB:CC:00:00:06 profile avrcp-controller state changed: disconnected -> connecting (0)
Aug 25 17:07:43.101018 n bluetoothd[196730]: src/service.c:btd_service_ref() 0x5f7e725b5560: ref=3
Aug 25 17:07:43.101040 n bluetoothd[196730]: plugins/policy.c:service_cb() Added a2dp-sink reconnect 1
Aug 25 17:07:43.101048 n bluetoothd[196730]: profiles/audio/sink.c:sink_set_state() State changed /org/bluez/hci0/dev_AA:BB:CC:00:00:06: SINK_STATE_CONNECTING -> SINK_STATE_CONNECTED
Aug 25 17:07:43.101055 n bluetoothd[196730]: profiles/audio/transport.c:transport_update_playing() /org/bluez/hci0/dev_AA:BB:CC:00:00:06/sep7/fd29 State=TRANSPORT_STATE_IDLE Playing=0
Aug 25 17:07:43.101387 n bluetoothd[196730]: src/adapter.c:set_discovery_filter() sender :1.291
Aug 25 17:07:43.101400 n bluetoothd[196730]: src/adapter.c:parse_discovery_filter_dict() filtered discovery params: transport: 7 rssi: 32767 pathloss: 32767  duplicate data: false discoverable true pattern (null)
Aug 25 17:07:43.101631 n bluetoothd[196730]: src/adapter.c:start_discovery() sender :1.291
Aug 25 17:07:43.101640 n bluetoothd[196730]: src/adapter.c:update_discovery_filter()
Aug 25 17:07:43.101647 n bluetoothd[196730]: src/adapter.c:discovery_filter_to_mgmt_cp()
Aug 25 17:07:43.101653 n bluetoothd[196730]: src/adapter.c:set_discoverable() sending set mode command for index 0
Aug 25 17:07:43.101661 n bluetoothd[196730]: src/adapter.c:set_mode() sending set mode command for index 0
Aug 25 17:07:43.101671 n bluetoothd[196730]: src/adapter.c:trigger_start_discovery()
Aug 25 17:07:43.101678 n bluetoothd[196730]: src/adapter.c:cancel_passive_scanning()
Aug 25 17:07:43.101711 n bluetoothd[196730]: src/shared/mgmt.c:send_request() [0x0000] command 0x0007
Aug 25 17:07:43.101726 n bluetoothd[196730]: src/adapter.c:start_discovery_timeout()
Aug 25 17:07:43.101732 n bluetoothd[196730]: src/adapter.c:start_discovery_timeout() adapter->current_discovery_filter == 0
Aug 25 17:07:43.101748 n bluetoothd[196730]: src/shared/mgmt.c:can_read_data() [0x0000] command 0x0007 complete: 0x00
Aug 25 17:07:43.101755 n bluetoothd[196730]: src/adapter.c:new_settings_callback() Settings: 0x00000ad3
Aug 25 17:07:43.101761 n bluetoothd[196730]: src/adapter.c:settings_changed() Changed settings: 0x00000002
Aug 25 17:07:43.101768 n bluetoothd[196730]: src/adapter.c:settings_changed() Pending settings: 0x00000000
Aug 25 17:07:43.101794 n bluetoothd[196730]: src/shared/mgmt.c:send_request() [0x0000] command 0x0006
Aug 25 17:07:43.107080 n bluetoothd[196730]: src/shared/mgmt.c:can_read_data() [0x0000] command 0x0006 complete: 0x00
Aug 25 17:07:43.107091 n bluetoothd[196730]: src/adapter.c:new_settings_callback() Settings: 0x00000adb
Aug 25 17:07:43.107098 n bluetoothd[196730]: src/adapter.c:settings_changed() Changed settings: 0x00000008
Aug 25 17:07:43.107104 n bluetoothd[196730]: src/adapter.c:settings_changed() Pending settings: 0x00000000
Aug 25 17:07:43.107140 n bluetoothd[196730]: src/shared/mgmt.c:send_request() [0x0000] command 0x0023
Aug 25 17:07:43.117070 n bluetoothd[196730]: src/shared/mgmt.c:can_read_data() [0x0000] event 0x0013
Aug 25 17:07:43.117083 n bluetoothd[196730]: src/adapter.c:discovering_callback() hci0 type 7 discovering 1 method 0
Aug 25 17:07:43.117105 n bluetoothd[196730]: src/shared/mgmt.c:can_read_data() [0x0000] command 0x0023 complete: 0x00
Aug 25 17:07:43.117114 n bluetoothd[196730]: src/adapter.c:start_discovery_complete() status 0x00
Aug 25 17:07:43.192121 n bluetoothd[196730]: src/shared/mgmt.c:can_read_data() [0x0000] event 0x0012
Aug 25 17:07:43.192139 n bluetoothd[196730]: src/adapter.c:device_found_callback() hci0 addr AA:BB:CC:00:00:06, rssi -49 flags 0x0000 eir_len 19
Aug 25 17:07:43.208078 n bluetoothd[196730]: src/shared/mgmt.c:can_read_data() [0x0000] event 0x0012
Aug 25 17:07:43.208092 n bluetoothd[196730]: src/adapter.c:device_found_callback() hci0 addr AA:BB:CC:00:00:02, rssi -66 flags 0x0000 eir_len 29
Aug 25 17:07:43.208110 n bluetoothd[196730]: src/device.c:device_set_legacy() legacy 0
Aug 25 17:07:43.208118 n bluetoothd[196730]: src/device.c:device_set_rssi_with_delta() rssi -66
Aug 25 17:07:43.208135 n bluetoothd[196730]: src/device.c:device_set_flags() flags 2
Aug 25 17:07:43.211878 n bluetoothd[196730]: profiles/audio/avctp.c:avctp_connect_cb() AVCTP: connected to AA:BB:CC:00:00:06
Aug 25 17:07:43.212110 n bluetoothd[196730]: profiles/audio/avctp.c:init_uinput() AVRCP: uinput initialized for MOMENTUM 4
Aug 25 17:07:43.212127 n bluetoothd[196730]: profiles/audio/avrcp.c:controller_init() 0x5f7e725b7b70 version 0x0106
Aug 25 17:07:43.212136 n bluetoothd[196730]: src/service.c:change_state() 0x5f7e725dfe40: device AA:BB:CC:00:00:06 profile audio-avrcp-target state changed: disconnected -> connected (0)
Aug 25 17:07:43.212164 n bluetoothd[196730]: profiles/audio/player.c:media_player_controller_create() /org/bluez/hci0/dev_AA:BB:CC:00:00:06/player0
Aug 25 17:07:43.212177 n bluetoothd[196730]: profiles/audio/avrcp.c:target_init() 0x5f7e725ad8f0 version 0x0106
Aug 25 17:07:43.212185 n bluetoothd[196730]: src/service.c:change_state() 0x5f7e725b2520: device AA:BB:CC:00:00:06 profile avrcp-controller state changed: connecting -> connected (0)
Aug 25 17:07:43.212194 n bluetoothd[196730]: src/device.c:device_profile_connected() avrcp-controller Success (0)
Aug 25 17:07:43.212204 n bluetoothd[196730]: profiles/audio/avctp.c:avctp_set_state() AVCTP Connected
Aug 25 17:07:43.282936 n bluetoothd[196730]: profiles/audio/avrcp.c:handle_vendordep_pdu() AVRCP PDU 0x31, company 0x001958 len 0x0005
Aug 25 17:07:44.210146 n bluetoothd[196730]: src/shared/mgmt.c:can_read_data() [0x0000] event 0x0012
Aug 25 17:07:44.210165 n bluetoothd[196730]: src/adapter.c:device_found_callback() hci0 addr AA:BB:CC:00:00:06, rssi -50 flags 0x0000 eir_len 19
Aug 25 17:07:44.318132 n bluetoothd[196730]: src/shared/mgmt.c:can_read_data() [0x0000] event 0x0012
Aug 25 17:07:44.318147 n bluetoothd[196730]: src/adapter.c:device_found_callback() hci0 addr AA:BB:CC:00:00:03, rssi -76 flags 0x0000 eir_len 14
Aug 25 17:07:44.318170 n bluetoothd[196730]: src/device.c:device_store_cached_name() Can't store name for private addressed device /org/bluez/hci0/dev_AA:BB:CC:00:00:03
Aug 25 17:07:44.318176 n bluetoothd[196730]: src/device.c:device_set_legacy() legacy 0
Aug 25 17:07:44.318182 n bluetoothd[196730]: src/device.c:device_set_rssi_with_delta() rssi -76
Aug 25 17:07:44.318199 n bluetoothd[196730]: src/device.c:device_set_flags() flags 2
Aug 25 17:07:45.143265 n bluetoothd[196730]: src/shared/mgmt.c:can_read_data() [0x0000] event 0x0012
Aug 25 17:07:45.143293 n bluetoothd[196730]: src/adapter.c:device_found_callback() hci0 addr AA:BB:CC:00:00:06, rssi -52 flags 0x0000 eir_len 19
Aug 25 17:07:45.143428 n bluetoothd[196730]: src/shared/mgmt.c:can_read_data() [0x0000] event 0x0012
Aug 25 17:07:45.143436 n bluetoothd[196730]: src/adapter.c:device_found_callback() hci0 addr AA:BB:CC:00:00:05, rssi -81 flags 0x0004 eir_len 31
Aug 25 17:07:45.213197 n bluetoothd[196730]: src/shared/mgmt.c:can_read_data() [0x0000] event 0x0012
Aug 25 17:07:45.213225 n bluetoothd[196730]: src/adapter.c:device_found_callback() hci0 addr AA:BB:CC:00:00:03, rssi -76 flags 0x0020 eir_len 21
Aug 25 17:07:45.599945 n bluetoothd[196730]: profiles/audio/player.c:media_player_set_status() stopped
Aug 25 17:07:53.429199 n bluetoothd[196730]: src/shared/mgmt.c:can_read_data() [0x0000] event 0x0013
Aug 25 17:07:53.429222 n bluetoothd[196730]: src/adapter.c:discovering_callback() hci0 type 7 discovering 0 method 0
Aug 25 17:07:53.429232 n bluetoothd[196730]: src/adapter.c:trigger_start_discovery()
Aug 25 17:07:53.429242 n bluetoothd[196730]: src/adapter.c:cancel_passive_scanning()
Aug 25 17:07:55.873231 n bluetoothd[196730]: src/agent.c:unregister_agent() agent :1.291
Aug 25 17:07:55.873253 n bluetoothd[196730]: src/agent.c:agent_disconnect() Agent :1.291 disconnected
Aug 25 17:07:55.873269 n bluetoothd[196730]: src/agent.c:remove_default_agent() Default agent cleared
Aug 25 17:07:55.873277 n bluetoothd[196730]: src/adapter.c:set_mode() sending set mode command for index 0
Aug 25 17:07:55.873288 n bluetoothd[196730]: src/agent.c:agent_destroy() agent :1.291
Aug 25 17:07:55.873296 n bluetoothd[196730]: src/agent.c:agent_unref() 0x5f7e725b30a0: ref=0
Aug 25 17:07:55.873346 n bluetoothd[196730]: src/shared/mgmt.c:send_request() [0x0000] command 0x0009
Aug 25 17:07:55.873365 n bluetoothd[196730]: src/shared/mgmt.c:can_read_data() [0x0000] command 0x0009 complete: 0x00
Aug 25 17:07:55.873371 n bluetoothd[196730]: src/adapter.c:new_settings_callback() Settings: 0x00000acb
Aug 25 17:07:55.873378 n bluetoothd[196730]: src/adapter.c:settings_changed() Changed settings: 0x00000010
Aug 25 17:07:55.873385 n bluetoothd[196730]: src/adapter.c:settings_changed() Pending settings: 0x00000000
Aug 25 17:07:55.874454 n bluetoothd[196730]: src/adapter.c:stop_discovery() sender :1.291
Aug 25 17:07:55.874465 n bluetoothd[196730]: src/adapter.c:set_discoverable() sending set mode command for index 0
Aug 25 17:07:55.874471 n bluetoothd[196730]: src/adapter.c:set_mode() sending set mode command for index 0
Aug 25 17:07:55.874479 n bluetoothd[196730]: src/adapter.c:discovery_remove() owner :1.291
Aug 25 17:07:55.874486 n bluetoothd[196730]: src/device.c:device_set_rssi_with_delta() rssi 0
Aug 25 17:07:55.874494 n bluetoothd[196730]: src/device.c:device_set_rssi_with_delta() rssi 0
Aug 25 17:07:55.874506 n bluetoothd[196730]: src/adapter.c:trigger_passive_scanning()
Aug 25 17:07:55.874578 n bluetoothd[196730]: src/shared/mgmt.c:send_request() [0x0000] command 0x0007
Aug 25 17:07:55.877134 n bluetoothd[196730]: src/shared/mgmt.c:can_read_data() [0x0000] command 0x0007 complete: 0x00
Aug 25 17:07:55.877144 n bluetoothd[196730]: src/adapter.c:new_settings_callback() Settings: 0x00000ac1
Aug 25 17:07:55.877153 n bluetoothd[196730]: src/adapter.c:settings_changed() Changed settings: 0x0000000a
Aug 25 17:07:55.877163 n bluetoothd[196730]: src/adapter.c:settings_changed() Pending settings: 0x00000000
Aug 25 17:08:04.273495 n bluetoothd[196730]: profiles/audio/transport.c:media_owner_create() Owner created: sender=:1.89
Aug 25 17:08:04.273515 n bluetoothd[196730]: profiles/audio/transport.c:media_transport_resume() Transport /org/bluez/hci0/dev_AA:BB:CC:00:00:06/sep7/fd29 Owner :1.89
Aug 25 17:08:04.273526 n bluetoothd[196730]: profiles/audio/avdtp.c:avdtp_ref() 0x5f7e725ded20: ref=2
Aug 25 17:08:04.273536 n bluetoothd[196730]: profiles/audio/a2dp.c:a2dp_sep_lock() SEP 0x5f7e725beaf0 locked
Aug 25 17:08:04.273544 n bluetoothd[196730]: profiles/audio/avdtp.c:avdtp_ref() 0x5f7e725ded20: ref=3
Aug 25 17:08:04.273557 n bluetoothd[196730]: profiles/audio/a2dp.c:setup_ref() 0x5f7e725b9c20: ref=1
Aug 25 17:08:04.273581 n bluetoothd[196730]: profiles/audio/transport.c:transport_set_state() State changed /org/bluez/hci0/dev_AA:BB:CC:00:00:06/sep7/fd29: TRANSPORT_STATE_IDLE -> TRANSPORT_STATE_REQUESTING
Aug 25 17:08:04.273594 n bluetoothd[196730]: profiles/audio/transport.c:media_request_create() Request created: method=Acquire id=55
Aug 25 17:08:04.273603 n bluetoothd[196730]: profiles/audio/transport.c:media_owner_add() Owner :1.89 Request Acquire
Aug 25 17:08:04.273612 n bluetoothd[196730]: profiles/audio/transport.c:media_transport_set_owner() Transport /org/bluez/hci0/dev_AA:BB:CC:00:00:06/sep7/fd29 Owner :1.89
Aug 25 17:08:04.524964 n bluetoothd[196730]: profiles/audio/avdtp.c:session_cb()
Aug 25 17:08:04.524999 n bluetoothd[196730]: profiles/audio/avdtp.c:avdtp_parse_resp() START request succeeded
Aug 25 17:08:04.525021 n bluetoothd[196730]: profiles/audio/a2dp.c:start_cfm() Source 0x5f7e725beaf0: Start_Cfm
Aug 25 17:08:04.525043 n bluetoothd[196730]: /org/bluez/hci0/dev_AA:BB:CC:00:00:06/sep7/fd29: fd(41) ready
Aug 25 17:08:04.525147 n bluetoothd[196730]: profiles/audio/transport.c:media_owner_remove() Owner :1.89 Request Acquire
Aug 25 17:08:04.525168 n bluetoothd[196730]: profiles/audio/transport.c:transport_set_state() State changed /org/bluez/hci0/dev_AA:BB:CC:00:00:06/sep7/fd29: TRANSPORT_STATE_REQUESTING -> TRANSPORT_STATE_ACTIVE
Aug 25 17:08:04.525192 n bluetoothd[196730]: profiles/audio/a2dp.c:setup_unref() 0x5f7e725b9c20: ref=0
Aug 25 17:08:04.525208 n bluetoothd[196730]: profiles/audio/a2dp.c:setup_free() 0x5f7e725b9c20
Aug 25 17:08:04.525222 n bluetoothd[196730]: profiles/audio/avdtp.c:avdtp_unref() 0x5f7e725ded20: ref=2
Aug 25 17:08:04.525236 n bluetoothd[196730]: profiles/audio/avdtp.c:avdtp_sep_set_state() stream state changed: OPEN -> STREAMING
Aug 25 17:08:04.525255 n bluetoothd[196730]: profiles/audio/sink.c:sink_set_state() State changed /org/bluez/hci0/dev_AA:BB:CC:00:00:06: SINK_STATE_CONNECTED -> SINK_STATE_PLAYING
Aug 25 17:08:04.525270 n bluetoothd[196730]: profiles/audio/transport.c:transport_update_playing() /org/bluez/hci0/dev_AA:BB:CC:00:00:06/sep7/fd29 State=TRANSPORT_STATE_ACTIVE Playing=1
Aug 25 17:08:08.497005 n bluetoothd[196730]: profiles/audio/transport.c:transport_set_state() State changed /org/bluez/hci0/dev_AA:BB:CC:00:00:06/sep7/fd29: TRANSPORT_STATE_ACTIVE -> TRANSPORT_STATE_SUSPENDING
Aug 25 17:08:08.497021 n bluetoothd[196730]: profiles/audio/transport.c:media_transport_suspend() Transport /org/bluez/hci0/dev_AA:BB:CC:00:00:06/sep7/fd29 Owner :1.89
Aug 25 17:08:08.497033 n bluetoothd[196730]: profiles/audio/avdtp.c:avdtp_ref() 0x5f7e725ded20: ref=3
Aug 25 17:08:08.497041 n bluetoothd[196730]: profiles/audio/a2dp.c:setup_ref() 0x5f7e725b9c20: ref=1
Aug 25 17:08:08.497055 n bluetoothd[196730]: profiles/audio/transport.c:media_request_create() Request created: method=Release id=56
Aug 25 17:08:08.497063 n bluetoothd[196730]: profiles/audio/transport.c:media_owner_add() Owner :1.89 Request Release
Aug 25 17:08:08.524916 n bluetoothd[196730]: profiles/audio/avdtp.c:session_cb()
Aug 25 17:08:08.524940 n bluetoothd[196730]: profiles/audio/avdtp.c:avdtp_parse_resp() SUSPEND request succeeded
Aug 25 17:08:08.524949 n bluetoothd[196730]: profiles/audio/avdtp.c:avdtp_sep_set_state() stream state changed: STREAMING -> OPEN
Aug 25 17:08:08.524959 n bluetoothd[196730]: profiles/audio/sink.c:sink_set_state() State changed /org/bluez/hci0/dev_AA:BB:CC:00:00:06: SINK_STATE_PLAYING -> SINK_STATE_CONNECTED
Aug 25 17:08:08.524968 n bluetoothd[196730]: profiles/audio/transport.c:transport_update_playing() /org/bluez/hci0/dev_AA:BB:CC:00:00:06/sep7/fd29 State=TRANSPORT_STATE_SUSPENDING Playing=0
Aug 25 17:08:08.524976 n bluetoothd[196730]: profiles/audio/a2dp.c:suspend_cfm() Source 0x5f7e725beaf0: Suspend_Cfm
Aug 25 17:08:08.524989 n bluetoothd[196730]: profiles/audio/transport.c:media_request_reply() Request Release Reply Success
Aug 25 17:08:08.525017 n bluetoothd[196730]: profiles/audio/transport.c:media_owner_remove() Owner :1.89 Request Release
Aug 25 17:08:08.525025 n bluetoothd[196730]: profiles/audio/a2dp.c:a2dp_sep_unlock() SEP 0x5f7e725beaf0 unlocked
Aug 25 17:08:08.525033 n bluetoothd[196730]: profiles/audio/transport.c:transport_set_state() State changed /org/bluez/hci0/dev_AA:BB:CC:00:00:06/sep7/fd29: TRANSPORT_STATE_SUSPENDING -> TRANSPORT_STATE_IDLE
Aug 25 17:08:08.525049 n bluetoothd[196730]: profiles/audio/transport.c:media_transport_remove_owner() Transport /org/bluez/hci0/dev_AA:BB:CC:00:00:06/sep7/fd29 Owner :1.89
Aug 25 17:08:08.525061 n bluetoothd[196730]: profiles/audio/transport.c:media_owner_free() Owner :1.89
Aug 25 17:08:08.525070 n bluetoothd[196730]: profiles/audio/a2dp.c:setup_unref() 0x5f7e725b9c20: ref=0
Aug 25 17:08:08.525076 n bluetoothd[196730]: profiles/audio/a2dp.c:setup_free() 0x5f7e725b9c20
Aug 25 17:08:08.525083 n bluetoothd[196730]: profiles/audio/avdtp.c:avdtp_unref() 0x5f7e725ded20: ref=2
Aug 25 17:08:13.936195 n bluetoothd[196730]: src/device.c:device_remove() Removing device /org/bluez/hci0/dev_AA:BB:CC:00:00:02
Aug 25 17:08:13.936275 n bluetoothd[196730]: src/device.c:btd_device_unref() Freeing device /org/bluez/hci0/dev_AA:BB:CC:00:00:02
Aug 25 17:08:13.936303 n bluetoothd[196730]: src/device.c:device_free() 0x5f7e725f14d0
Aug 25 17:08:15.932904 n bluetoothd[196730]: src/device.c:device_remove() Removing device /org/bluez/hci0/dev_AA:BB:CC:00:00:03
Aug 25 17:08:15.932986 n bluetoothd[196730]: src/device.c:btd_device_unref() Freeing device /org/bluez/hci0/dev_AA:BB:CC:00:00:03
Aug 25 17:08:15.933007 n bluetoothd[196730]: src/device.c:device_free() 0x5f7e725e92d0
Aug 25 17:08:19.965119 n bluetoothd[196730]: profiles/audio/transport.c:media_owner_create() Owner created: sender=:1.89
Aug 25 17:08:19.965138 n bluetoothd[196730]: profiles/audio/transport.c:media_transport_resume() Transport /org/bluez/hci0/dev_AA:BB:CC:00:00:06/sep7/fd29 Owner :1.89
Aug 25 17:08:19.965150 n bluetoothd[196730]: profiles/audio/a2dp.c:a2dp_sep_lock() SEP 0x5f7e725beaf0 locked
Aug 25 17:08:19.965159 n bluetoothd[196730]: profiles/audio/avdtp.c:avdtp_ref() 0x5f7e725ded20: ref=3
Aug 25 17:08:19.965168 n bluetoothd[196730]: profiles/audio/a2dp.c:setup_ref() 0x5f7e725d0eb0: ref=1
Aug 25 17:08:19.965187 n bluetoothd[196730]: profiles/audio/transport.c:transport_set_state() State changed /org/bluez/hci0/dev_AA:BB:CC:00:00:06/sep7/fd29: TRANSPORT_STATE_IDLE -> TRANSPORT_STATE_REQUESTING
Aug 25 17:08:19.965200 n bluetoothd[196730]: profiles/audio/transport.c:media_request_create() Request created: method=Acquire id=57
Aug 25 17:08:19.965209 n bluetoothd[196730]: profiles/audio/transport.c:media_owner_add() Owner :1.89 Request Acquire
Aug 25 17:08:19.965215 n bluetoothd[196730]: profiles/audio/transport.c:media_transport_set_owner() Transport /org/bluez/hci0/dev_AA:BB:CC:00:00:06/sep7/fd29 Owner :1.89
Aug 25 17:08:25.936907 n bluetoothd[196730]: profiles/audio/avdtp.c:cancel_request() Start: Connection timed out (110)
Aug 25 17:08:25.936936 n bluetoothd[196730]: profiles/audio/a2dp.c:start_cfm() Source 0x5f7e725beaf0: Start_Cfm
Aug 25 17:08:25.936949 n bluetoothd[196730]: profiles/audio/transport.c:media_transport_remove_owner() Transport /org/bluez/hci0/dev_AA:BB:CC:00:00:06/sep7/fd29 Owner :1.89
Aug 25 17:08:25.936961 n bluetoothd[196730]: profiles/audio/transport.c:media_request_reply() Request Acquire Reply Input/output error
Aug 25 17:08:25.937023 n bluetoothd[196730]: profiles/audio/transport.c:media_owner_free() Owner :1.89
Aug 25 17:08:25.937033 n bluetoothd[196730]: profiles/audio/transport.c:media_owner_remove() Owner :1.89 Request Acquire
Aug 25 17:08:25.937042 n bluetoothd[196730]: profiles/audio/transport.c:media_transport_suspend() Transport /org/bluez/hci0/dev_AA:BB:CC:00:00:06/sep7/fd29 Owner
Aug 25 17:08:25.937054 n bluetoothd[196730]: profiles/audio/transport.c:transport_set_state() State changed /org/bluez/hci0/dev_AA:BB:CC:00:00:06/sep7/fd29: TRANSPORT_STATE_REQUESTING -> TRANSPORT_STATE_IDLE
Aug 25 17:08:25.937065 n bluetoothd[196730]: profiles/audio/a2dp.c:a2dp_sep_unlock() SEP 0x5f7e725beaf0 unlocked
Aug 25 17:08:25.937074 n bluetoothd[196730]: profiles/audio/a2dp.c:setup_unref() 0x5f7e725d0eb0: ref=0
Aug 25 17:08:25.937084 n bluetoothd[196730]: profiles/audio/a2dp.c:setup_free() 0x5f7e725d0eb0
Aug 25 17:08:25.937093 n bluetoothd[196730]: profiles/audio/avdtp.c:avdtp_unref() 0x5f7e725ded20: ref=2
Aug 25 17:08:27.932979 n bluetoothd[196730]: profiles/audio/avdtp.c:cancel_request() Abort: Connection timed out (110)
Aug 25 17:08:27.933001 n bluetoothd[196730]: profiles/audio/avdtp.c:avdtp_ref() 0x5f7e725ded20: ref=3
Aug 25 17:08:27.933010 n bluetoothd[196730]: profiles/audio/avdtp.c:connection_lost() Disconnected from AA:BB:CC:00:00:06
Aug 25 17:08:27.933019 n bluetoothd[196730]: profiles/audio/a2dp.c:abort_cfm() Source 0x5f7e725beaf0: Abort_Cfm
Aug 25 17:08:27.933028 n bluetoothd[196730]: profiles/audio/avdtp.c:avdtp_sep_set_state() stream state changed: OPEN -> IDLE
Aug 25 17:08:27.933081 n bluetoothd[196730]: profiles/audio/avdtp.c:avdtp_unref() 0x5f7e725ded20: ref=2
Aug 25 17:08:27.933128 n bluetoothd[196730]: src/service.c:change_state() 0x5f7e725b5560: device AA:BB:CC:00:00:06 profile a2dp-sink state changed: connected -> disconnected (0)
Aug 25 17:08:27.933138 n bluetoothd[196730]: plugins/policy.c:policy_disconnect() /org/bluez/hci0/dev_AA:BB:CC:00:00:06 profile avrcp-controller
Aug 25 17:08:27.933145 n bluetoothd[196730]: src/service.c:change_state() 0x5f7e725b2520: device AA:BB:CC:00:00:06 profile avrcp-controller state changed: connected -> disconnecting (0)
Aug 25 17:08:27.933150 n bluetoothd[196730]: profiles/audio/avrcp.c:avrcp_disconnect() path /org/bluez/hci0/dev_AA:BB:CC:00:00:06
Aug 25 17:08:27.933161 n bluetoothd[196730]: src/service.c:change_state() 0x5f7e725dfe40: device AA:BB:CC:00:00:06 profile audio-avrcp-target state changed: connected -> disconnected (0)
Aug 25 17:08:27.933171 n bluetoothd[196730]: src/service.c:change_state() 0x5f7e725b2520: device AA:BB:CC:00:00:06 profile avrcp-controller state changed: disconnecting -> disconnected (0)
Aug 25 17:08:27.933179 n bluetoothd[196730]: profiles/audio/avrcp.c:controller_destroy() 0x5f7e725b7b70
Aug 25 17:08:27.933187 n bluetoothd[196730]: profiles/audio/player.c:media_player_destroy() /org/bluez/hci0/dev_AA:BB:CC:00:00:06/player0
Aug 25 17:08:27.933210 n bluetoothd[196730]: profiles/audio/avrcp.c:target_destroy() 0x5f7e725ad8f0
Aug 25 17:08:27.933223 n bluetoothd[196730]: profiles/audio/avctp.c:avctp_set_state() AVCTP Disconnected
Aug 25 17:08:27.933254 n bluetoothd[196730]: profiles/audio/avctp.c:avctp_disconnected() AVCTP: closing uinput for AA:BB:CC:00:00:06
Aug 25 17:08:27.950974 n bluetoothd[196730]: profiles/audio/avdtp.c:avdtp_unref() 0x5f7e725ded20: ref=1
Aug 25 17:08:27.951041 n bluetoothd[196730]: profiles/audio/sink.c:sink_set_state() State changed /org/bluez/hci0/dev_AA:BB:CC:00:00:06: SINK_STATE_CONNECTED -> SINK_STATE_DISCONNECTED
Aug 25 17:08:27.951053 n bluetoothd[196730]: profiles/audio/a2dp.c:channel_remove() chan 0x5f7e725f1db0
Aug 25 17:08:27.951205 n bluetoothd[196730]: profiles/audio/avdtp.c:avdtp_unref() 0x5f7e725ded20: ref=0
Aug 25 17:08:27.951215 n bluetoothd[196730]: profiles/audio/avdtp.c:avdtp_free() 0x5f7e725ded20
Aug 25 17:08:54.572617 n bluetoothd[196730]: src/agent.c:add_default_agent() Default agent set to :1.291 /org/gnome/bluetooth/settings
Aug 25 17:08:54.572639 n bluetoothd[196730]: src/adapter.c:set_mode() sending set mode command for index 0
Aug 25 17:08:54.572652 n bluetoothd[196730]: src/agent.c:agent_ref() 0x5f7e725d0ff0: ref=1
Aug 25 17:08:54.572658 n bluetoothd[196730]: src/agent.c:register_agent() agent :1.291
Aug 25 17:08:54.572707 n bluetoothd[196730]: src/shared/mgmt.c:send_request() [0x0000] command 0x0009
Aug 25 17:08:54.572726 n bluetoothd[196730]: src/shared/mgmt.c:can_read_data() [0x0000] command 0x0009 complete: 0x00
Aug 25 17:08:54.572732 n bluetoothd[196730]: src/adapter.c:new_settings_callback() Settings: 0x00000ad1
Aug 25 17:08:54.572739 n bluetoothd[196730]: src/adapter.c:settings_changed() Changed settings: 0x00000010
Aug 25 17:08:54.572745 n bluetoothd[196730]: src/adapter.c:settings_changed() Pending settings: 0x00000000
Aug 25 17:08:54.572773 n bluetoothd[196730]: src/shared/mgmt.c:send_request() [0x0000] command 0x0018
Aug 25 17:08:54.572788 n bluetoothd[196730]: src/shared/mgmt.c:can_read_data() [0x0000] command 0x0018 complete: 0x00
Aug 25 17:08:54.575052 n bluetoothd[196730]: src/adapter.c:set_discovery_filter() sender :1.291
Aug 25 17:08:54.575065 n bluetoothd[196730]: src/adapter.c:parse_discovery_filter_dict() filtered discovery params: transport: 7 rssi: 32767 pathloss: 32767  duplicate data: false discoverable true pattern (null)
Aug 25 17:08:54.575383 n bluetoothd[196730]: src/adapter.c:start_discovery() sender :1.291
Aug 25 17:08:54.575398 n bluetoothd[196730]: src/adapter.c:update_discovery_filter()
Aug 25 17:08:54.575408 n bluetoothd[196730]: src/adapter.c:discovery_filter_to_mgmt_cp()
Aug 25 17:08:54.575418 n bluetoothd[196730]: src/adapter.c:set_discoverable() sending set mode command for index 0
Aug 25 17:08:54.575430 n bluetoothd[196730]: src/adapter.c:set_mode() sending set mode command for index 0
Aug 25 17:08:54.575445 n bluetoothd[196730]: src/adapter.c:trigger_start_discovery()
Aug 25 17:08:54.575456 n bluetoothd[196730]: src/adapter.c:cancel_passive_scanning()
Aug 25 17:08:54.575506 n bluetoothd[196730]: src/shared/mgmt.c:send_request() [0x0000] command 0x0007
Aug 25 17:08:54.575531 n bluetoothd[196730]: src/adapter.c:start_discovery_timeout()
Aug 25 17:08:54.575539 n bluetoothd[196730]: src/adapter.c:start_discovery_timeout() adapter->current_discovery_filter == 0
Aug 25 17:08:54.575555 n bluetoothd[196730]: src/shared/mgmt.c:can_read_data() [0x0000] command 0x0007 complete: 0x00
Aug 25 17:08:54.575565 n bluetoothd[196730]: src/adapter.c:new_settings_callback() Settings: 0x00000ad3
Aug 25 17:08:54.575574 n bluetoothd[196730]: src/adapter.c:settings_changed() Changed settings: 0x00000002
Aug 25 17:08:54.575583 n bluetoothd[196730]: src/adapter.c:settings_changed() Pending settings: 0x00000000
Aug 25 17:08:54.575622 n bluetoothd[196730]: src/shared/mgmt.c:send_request() [0x0000] command 0x0006
Aug 25 17:08:56.589945 n bluetoothd[196730]: src/shared/mgmt.c:can_read_data() [0x0000] command 0x06 status: 0x05
Aug 25 17:08:56.589959 n bluetoothd[196730]: Failed to set mode: Authentication Failed (0x05)
Aug 25 17:08:56.589995 n bluetoothd[196730]: src/shared/mgmt.c:send_request() [0x0000] command 0x0023
Aug 25 17:09:00.685966 n bluetoothd[196730]: src/shared/mgmt.c:can_read_data() [0x0000] command 0x0023 complete: 0x05
Aug 25 17:09:00.685979 n bluetoothd[196730]: src/adapter.c:start_discovery_complete() status 0x05
Aug 25 17:09:00.686016 n bluetoothd[196730]: src/adapter.c:discovery_remove() owner :1.291
Aug 25 17:09:45.237963 n bluetoothd[196730]: src/shared/mgmt.c:can_read_data() [0x0000] event 0x0007
Aug 25 17:09:45.237991 n bluetoothd[196730]: src/adapter.c:dev_class_changed_callback() Class: 0x000000
Aug 25 17:09:45.238017 n bluetoothd[196730]: src/shared/mgmt.c:can_read_data() [0x0000] event 0x0006
Aug 25 17:09:45.238027 n bluetoothd[196730]: src/adapter.c:new_settings_callback() Settings: 0x00000ada
Aug 25 17:09:45.238034 n bluetoothd[196730]: src/adapter.c:settings_changed() Changed settings: 0x00000009
Aug 25 17:09:45.238042 n bluetoothd[196730]: src/adapter.c:settings_changed() Pending settings: 0x00000000
Aug 25 17:09:45.238053 n bluetoothd[196730]: src/adapter.c:cancel_passive_scanning()
Aug 25 17:09:45.238061 n bluetoothd[196730]: src/adapter.c:discovery_free() 0x5f7e725d42d0
Aug 25 17:09:45.238077 n bluetoothd[196730]: src/adapter.c:set_discoverable() sending set mode command for index 0
Aug 25 17:09:45.238086 n bluetoothd[196730]: src/adapter.c:set_mode() sending set mode command for index 0
Aug 25 17:09:45.238096 n bluetoothd[196730]: src/adapter.c:adapter_remove_connection()
Aug 25 17:09:45.238108 n bluetoothd[196730]: src/adapter.c:adapter_remove_connection()
Aug 25 17:09:45.238115 n bluetoothd[196730]: No matching connection for device
Aug 25 17:09:45.238129 n bluetoothd[196730]: src/adapter.c:adapter_stop() adapter /org/bluez/hci0 has been disabled
Aug 25 17:09:45.245029 n bluetoothd[196730]: src/profile.c:ext_io_disconnected() Unable to get io data for Hands-Free Voice gateway: getpeername: Transport endpoint is not connected (107)
Aug 25 17:09:45.245052 n bluetoothd[196730]: src/service.c:change_state() 0x5f7e725b2f00: device AA:BB:CC:00:00:06 profile Hands-Free Voice gateway state changed: connected -> disconnected (0)
Aug 25 17:09:45.245079 n bluetoothd[196730]: src/service.c:btd_service_unref() 0x5f7e725b2f00: ref=2
Aug 25 17:09:45.252008 n bluetoothd[196730]: src/shared/mgmt.c:send_request() [0x0000] command 0x0007
Aug 25 17:09:45.252064 n bluetoothd[196730]: src/shared/mgmt.c:can_read_data() [0x0000] command 0x0007 complete: 0x00
Aug 25 17:09:45.252084 n bluetoothd[196730]: src/adapter.c:new_settings_callback() Settings: 0x00000ad0
Aug 25 17:09:45.252099 n bluetoothd[196730]: src/adapter.c:settings_changed() Changed settings: 0x0000000a
Aug 25 17:09:45.252114 n bluetoothd[196730]: src/adapter.c:settings_changed() Pending settings: 0x00000000
Aug 25 17:09:45.254536 n bluetoothd[196730]: src/rfkill.c:rfkill_event() RFKILL event idx 0 type 2 op 2 soft 1 hard 0
Aug 25 17:09:45.254602 n bluetoothd[196730]: src/rfkill.c:rfkill_event() RFKILL unblock for hci0
Aug 25 17:09:45.254610 n bluetoothd[196730]: src/adapter.c:adapter_set_power_state() off-blocked
Aug 25 17:09:45.254686 n bluetoothd[196730]: src/battery.c:provided_battery_removed_cb() provided battery removed /org/freedesktop/pipewire/battery/org/bluez/hci0/dev_AA:BB:CC:00:00:06
Aug 25 17:09:45.254695 n bluetoothd[196730]: src/battery.c:btd_battery_unregister() path = /org/bluez/hci0/dev_AA:BB:CC:00:00:06
Aug 25 17:09:45.645961 n bluetoothd[196730]: src/rfkill.c:rfkill_event() RFKILL event idx 0 type 2 op 2 soft 0 hard 0
Aug 25 17:09:45.646012 n bluetoothd[196730]: src/rfkill.c:rfkill_event() RFKILL unblock for hci0
Aug 25 17:09:45.646054 n bluetoothd[196730]: src/adapter.c:adapter_set_power_state() off
Aug 25 17:09:45.646070 n bluetoothd[196730]: src/adapter.c:adapter_set_power_state() off-enabling
Aug 25 17:09:45.646079 n bluetoothd[196730]: src/adapter.c:set_mode() sending set mode command for index 0
Aug 25 17:09:45.646118 n bluetoothd[196730]: src/shared/mgmt.c:send_request() [0x0000] command 0x0005
Aug 25 17:09:47.662214 n bluetoothd[196730]: src/shared/mgmt.c:can_read_data() [0x0000] command 0x05 status: 0x05
Aug 25 17:09:47.662226 n bluetoothd[196730]: Failed to set mode: Authentication Failed (0x05)
Aug 25 17:09:47.662238 n bluetoothd[196730]: src/adapter.c:adapter_set_power_state() on
