Aug 25 17:07:03.254831 n kernel: hci0: 
Aug 25 17:07:03.254856 n kernel: hci0: state 2 -> 0
Aug 25 17:07:03.254872 n kernel: hci0: entry 00000000ef11746d
Aug 25 17:07:03.254885 n kernel: hci0: ADV monitoring is off
Aug 25 17:07:03.254907 n kernel: hci0: stopping background scanning
Aug 25 17:07:08.936871 n kernel: hci0: state 0 -> 1
Aug 25 17:07:08.936885 n kernel: hci0: 
Aug 25 17:07:08.936896 n kernel: hci0: entry 000000009f177b9b
Aug 25 17:07:08.936914 n kernel: hci0: type 7
Aug 25 17:07:08.936925 n kernel: hci0: 
Aug 25 17:07:08.936937 n kernel: hci0: cancelling interleave scan
Aug 25 17:07:08.936954 n kernel: hci0: Opcode 0x2005
Aug 25 17:07:08.936967 n kernel: hci0: opcode 0x2005 plen 6
Aug 25 17:07:08.936980 n kernel: hci0: skb len 9
Aug 25 17:07:08.936995 n kernel: hci0: length 1
Aug 25 17:07:08.937006 n kernel: hci0 cmd_cnt 1 cmd queued 1
Aug 25 17:07:08.937017 n kernel: hci0: skb 000000004b05de25
Aug 25 17:07:08.939965 n kernel: hci0: result 0x00
Aug 25 17:07:08.939987 n kernel: hci0: end: err 0
Aug 25 17:07:08.940004 n kernel: hci0: Opcode 0x200b
Aug 25 17:07:08.940033 n kernel: hci0: opcode 0x200b plen 7
Aug 25 17:07:08.940051 n kernel: hci0: skb len 10
Aug 25 17:07:08.940098 n kernel: hci0: length 1
Aug 25 17:07:08.940122 n kernel: hci0 cmd_cnt 1 cmd queued 1
Aug 25 17:07:08.940150 n kernel: hci0: skb 00000000eb4133e2
Aug 25 17:07:08.940187 n kernel: Bluetooth: hci0: unexpected event for opcode 0x2005
Aug 25 17:07:08.942854 n kernel: hci0: result 0x00
Aug 25 17:07:08.942864 n kernel: hci0: end: err 0
Aug 25 17:07:08.942880 n kernel: hci0: Opcode 0x200c
Aug 25 17:07:08.942892 n kernel: hci0: opcode 0x200c plen 2
Aug 25 17:07:08.942904 n kernel: hci0: skb len 5
Aug 25 17:07:08.942916 n kernel: hci0: length 1
Aug 25 17:07:08.942927 n kernel: hci0 cmd_cnt 1 cmd queued 1
Aug 25 17:07:08.942939 n kernel: hci0: skb 00000000f3b17b92
Aug 25 17:07:08.945835 n kernel: hci0: state 1 -> 2
Aug 25 17:07:08.945893 n kernel: hci0: result 0x00
Aug 25 17:07:08.945908 n kernel: hci0: end: err 0
Aug 25 17:07:08.945918 n kernel: hci0: timeout 5120 ms
Aug 25 17:07:14.511850 n kernel: hci0: 
Aug 25 17:07:14.511967 n kernel: hci0: 
Aug 25 17:07:14.512000 n kernel: hci0: entry 00000000073d3383
Aug 25 17:07:14.512028 n kernel: hci0: Opcode 0x200c
Aug 25 17:07:14.512051 n kernel: hci0: opcode 0x200c plen 2
Aug 25 17:07:14.512068 n kernel: hci0: skb len 5
Aug 25 17:07:14.512104 n kernel: hci0: length 1
Aug 25 17:07:14.512126 n kernel: hci0 cmd_cnt 1 cmd queued 1
Aug 25 17:07:14.512147 n kernel: hci0: skb 00000000a3420138
Aug 25 17:07:14.514876 n kernel: hci0: result 0x00
Aug 25 17:07:14.514897 n kernel: hci0: 
Aug 25 17:07:14.514914 n kernel: hci0: end: err 0
Aug 25 17:07:14.514931 n kernel: hci0: entry 000000009ecf852e
Aug 25 17:07:14.514974 n kernel: hci0: 
Aug 25 17:07:14.514991 n kernel: hci0: Opcode 0x0401
Aug 25 17:07:14.515005 n kernel: hci0: opcode 0x0401 plen 5
Aug 25 17:07:14.515033 n kernel: hci0: skb len 8
Aug 25 17:07:14.515050 n kernel: hci0: length 1
Aug 25 17:07:14.515066 n kernel: hci0 cmd_cnt 1 cmd queued 1
Aug 25 17:07:14.515082 n kernel: hci0: skb 00000000ed4a24cc
Aug 25 17:07:14.517856 n kernel: hci0: result 0x00
Aug 25 17:07:14.517878 n kernel: hci0: end: err 0
Aug 25 17:07:14.517895 n kernel: hci0: entry 00000000d6de52eb
Aug 25 17:07:14.517915 n kernel: hci0: 
Aug 25 17:07:14.517936 n kernel: hci0: 
Aug 25 17:07:19.639914 n kernel: hci0: state 2 -> 0
Aug 25 17:07:19.639942 n kernel: hci0: 
Aug 25 17:07:19.639965 n kernel: hci0: entry 00000000ef11746d
Aug 25 17:07:19.639982 n kernel: hci0: ADV monitoring is off
Aug 25 17:07:19.640003 n kernel: hci0: stopping background scanning
Aug 25 17:07:21.229001 n kernel: hci0: dst AA:BB:CC:00:00:01
Aug 25 17:07:21.229036 n kernel: hci0: dst AA:BB:CC:00:00:01 handle 0x0f00
Aug 25 17:07:21.229060 n kernel: hci0 evt 1
Aug 25 17:07:21.229094 n kernel: hci0 opcode 0x0409 plen 7
Aug 25 17:07:21.229133 n kernel: hci0: skb len 10
Aug 25 17:07:21.229154 n kernel: hci0 cmd_cnt 1 cmd queued 1
Aug 25 17:07:21.229175 n kernel: hci0: skb 00000000f75d5920
Aug 25 17:07:21.493855 n kernel: hci0: hcon 00000000faa937fd handle 0x0002
Aug 25 17:07:21.493928 n kernel: hci0 opcode 0x041b plen 2
Aug 25 17:07:21.493944 n kernel: hci0: skb len 5
Aug 25 17:07:21.493955 n kernel: hci0: 
Aug 25 17:07:21.493980 n kernel: hci0: entry 00000000507bfff2
Aug 25 17:07:21.493993 n kernel: hci0 cmd_cnt 1 cmd queued 1
Aug 25 17:07:21.494001 n kernel: hci0: skb 00000000e85925e0
Aug 25 17:07:21.510836 n kernel: hci0 opcode 0x041c plen 3
Aug 25 17:07:21.510874 n kernel: hci0: skb len 6
Aug 25 17:07:21.510899 n kernel: hci0 cmd_cnt 1 cmd queued 1
Aug 25 17:07:21.510915 n kernel: hci0: skb 000000001f73ebc6
Aug 25 17:07:21.516883 n kernel: hci0 opcode 0x0419 plen 10
Aug 25 17:07:21.516915 n kernel: hci0: skb len 13
Aug 25 17:07:21.516932 n kernel: hci0 hcon 00000000faa937fd
Aug 25 17:07:21.516958 n kernel: hci0 cmd_cnt 1 cmd queued 1
Aug 25 17:07:21.516972 n kernel: hci0: skb 000000001d562877
Aug 25 17:07:21.533924 n kernel: hci0 cmd_cnt 1 cmd queued 1
Aug 25 17:07:21.533941 n kernel: hci0: skb 00000000c7caeae6
Aug 25 17:07:21.617843 n kernel: hci0 opcode 0x040c plen 6
Aug 25 17:07:21.617925 n kernel: hci0: skb len 9
Aug 25 17:07:21.617942 n kernel: hci0 cmd_cnt 1 cmd queued 1
Aug 25 17:07:21.617957 n kernel: hci0: skb 0000000020ac3bf1
Aug 25 17:07:22.692836 n kernel: hci0 opcode 0x040c plen 6
Aug 25 17:07:22.692908 n kernel: hci0: skb len 9
Aug 25 17:07:22.692941 n kernel: hci0 cmd_cnt 1 cmd queued 1
Aug 25 17:07:22.692963 n kernel: hci0: skb 00000000e7381bf2
Aug 25 17:07:23.721842 n kernel: hci0 opcode 0x040c plen 6
Aug 25 17:07:23.721928 n kernel: hci0: skb len 9
Aug 25 17:07:23.721944 n kernel: hci0 cmd_cnt 1 cmd queued 1
Aug 25 17:07:23.721967 n kernel: hci0: skb 00000000d40daeb6
Aug 25 17:07:24.148846 n kernel: hci0: 
Aug 25 17:07:24.148878 n kernel: hci0 hcon 00000000faa937fd chan 000000000b70d4ce
Aug 25 17:07:24.148891 n kernel: hci0: entry 0000000077dafcde
Aug 25 17:07:24.164835 n kernel: hci0 hcon 00000000faa937fd handle 2
Aug 25 17:07:24.164881 n kernel: hci0: hcon 00000000faa937fd
Aug 25 17:07:24.172957 n kernel: hci0 evt 2
Aug 25 17:07:24.210945 n kernel: hci0 cmd_cnt 1 cmd queued 1
Aug 25 17:07:24.210959 n kernel: hci0: skb 00000000c1ebc8b6
Aug 25 17:07:28.934902 n kernel: hci0: state 0 -> 1
Aug 25 17:07:28.934944 n kernel: hci0: 
Aug 25 17:07:28.934969 n kernel: hci0: entry 0000000053283b16
Aug 25 17:07:28.934985 n kernel: hci0: type 7
Aug 25 17:07:28.935001 n kernel: hci0: 
Aug 25 17:07:28.935032 n kernel: hci0: cancelling interleave scan
Aug 25 17:07:28.935059 n kernel: hci0: Opcode 0x2005
Aug 25 17:07:28.935078 n kernel: hci0: opcode 0x2005 plen 6
Aug 25 17:07:28.935096 n kernel: hci0: skb len 9
Aug 25 17:07:28.935129 n kernel: hci0: length 1
Aug 25 17:07:28.935174 n kernel: hci0 cmd_cnt 1 cmd queued 1
Aug 25 17:07:28.935209 n kernel: hci0: skb 000000008afa69c4
Aug 25 17:07:28.937875 n kernel: hci0: result 0x00
Aug 25 17:07:28.937905 n kernel: hci0: end: err 0
Aug 25 17:07:28.937928 n kernel: hci0: Opcode 0x200b
Aug 25 17:07:28.937948 n kernel: hci0: opcode 0x200b plen 7
Aug 25 17:07:28.937960 n kernel: hci0: skb len 10
Aug 25 17:07:28.937981 n kernel: hci0: length 1
Aug 25 17:07:28.937995 n kernel: hci0 cmd_cnt 1 cmd queued 1
Aug 25 17:07:28.938012 n kernel: hci0: skb 000000005b8cedce
Aug 25 17:07:28.939877 n kernel: Bluetooth: hci0: unexpected event for opcode 0x2005
Aug 25 17:07:28.941856 n kernel: hci0: result 0x00
Aug 25 17:07:28.941869 n kernel: hci0: end: err 0
Aug 25 17:07:28.941881 n kernel: hci0: Opcode 0x200c
Aug 25 17:07:28.941902 n kernel: hci0: opcode 0x200c plen 2
Aug 25 17:07:28.941914 n kernel: hci0: skb len 5
Aug 25 17:07:28.941932 n kernel: hci0: length 1
Aug 25 17:07:28.941944 n kernel: hci0 cmd_cnt 1 cmd queued 1
Aug 25 17:07:28.941955 n kernel: hci0: skb 000000000208d942
Aug 25 17:07:28.944831 n kernel: hci0: state 1 -> 2
Aug 25 17:07:28.944871 n kernel: hci0: result 0x00
Aug 25 17:07:28.944883 n kernel: hci0: end: err 0
Aug 25 17:07:28.944895 n kernel: hci0: timeout 5120 ms
Aug 25 17:07:34.478844 n kernel: hci0: 
Aug 25 17:07:34.478947 n kernel: hci0: 
Aug 25 17:07:34.478963 n kernel: hci0: entry 00000000bad8b735
Aug 25 17:07:34.478996 n kernel: hci0: Opcode 0x200c
Aug 25 17:07:34.479022 n kernel: hci0: opcode 0x200c plen 2
Aug 25 17:07:34.479055 n kernel: hci0: skb len 5
Aug 25 17:07:34.479079 n kernel: hci0: length 1
Aug 25 17:07:34.479101 n kernel: hci0 cmd_cnt 1 cmd queued 1
Aug 25 17:07:34.479122 n kernel: hci0: skb 00000000f9451b35
Aug 25 17:07:34.480863 n kernel: hci0: result 0x00
Aug 25 17:07:34.480881 n kernel: hci0: 
Aug 25 17:07:34.480899 n kernel: hci0: end: err 0
Aug 25 17:07:34.480918 n kernel: hci0: entry 000000001e386235
Aug 25 17:07:34.480954 n kernel: hci0: 
Aug 25 17:07:34.480998 n kernel: hci0: Opcode 0x0401
Aug 25 17:07:34.481028 n kernel: hci0: opcode 0x0401 plen 5
Aug 25 17:07:34.481046 n kernel: hci0: skb len 8
Aug 25 17:07:34.481066 n kernel: hci0: length 1
Aug 25 17:07:34.481083 n kernel: hci0 cmd_cnt 1 cmd queued 1
Aug 25 17:07:34.481100 n kernel: hci0: skb 00000000fc5f6eda
Aug 25 17:07:34.483874 n kernel: hci0: result 0x00
Aug 25 17:07:34.483895 n kernel: hci0: end: err 0
Aug 25 17:07:34.483909 n kernel: hci0: entry 000000003571b777
Aug 25 17:07:34.483926 n kernel: hci0: 
Aug 25 17:07:34.483939 n kernel: hci0: 
Aug 25 17:07:39.604838 n kernel: hci0: state 2 -> 0
Aug 25 17:07:39.604865 n kernel: hci0: 
Aug 25 17:07:39.604881 n kernel: hci0: entry 000000009dc08a95
Aug 25 17:07:39.604896 n kernel: hci0: ADV monitoring is off
Aug 25 17:07:39.604928 n kernel: hci0: stopping background scanning
Aug 25 17:07:41.380923 n kernel: hci0: 
Aug 25 17:07:41.380953 n kernel: hci0: entry 0000000069c0278f
Aug 25 17:07:41.380996 n kernel: hci0: Opcode 0x0c1a
Aug 25 17:07:41.381025 n kernel: hci0: opcode 0x0c1a plen 1
Aug 25 17:07:41.381053 n kernel: hci0: skb len 4
Aug 25 17:07:41.381081 n kernel: hci0: length 1
Aug 25 17:07:41.381113 n kernel: hci0 cmd_cnt 1 cmd queued 1
Aug 25 17:07:41.381125 n kernel: hci0: skb 0000000042fac1db
Aug 25 17:07:41.383869 n kernel: hci0: result 0x00
Aug 25 17:07:41.383895 n kernel: hci0: end: err 0
Aug 25 17:07:41.383912 n kernel: hci0: ADV monitoring is off
Aug 25 17:07:41.383929 n kernel: hci0: stopping background scanning
Aug 25 17:07:41.385842 n kernel: hci0: 
Aug 25 17:07:41.385855 n kernel: hci0: entry 00000000a8b0ccdb
Aug 25 17:07:41.385880 n kernel: hci0: dst AA:BB:CC:00:00:01
Aug 25 17:07:41.385897 n kernel: hci0: dst AA:BB:CC:00:00:01 handle 0x0f00
Aug 25 17:07:41.385912 n kernel: hci0 evt 1
Aug 25 17:07:41.385924 n kernel: hci0: 
Aug 25 17:07:41.385933 n kernel: hci0: entry 00000000cd6d0117
Aug 25 17:07:41.385965 n kernel: hci0: Opcode 0x0405
Aug 25 17:07:41.385978 n kernel: hci0: opcode 0x0405 plen 13
Aug 25 17:07:41.385988 n kernel: hci0: skb len 16
Aug 25 17:07:41.385998 n kernel: hci0: length 1
Aug 25 17:07:41.386010 n kernel: hci0 cmd_cnt 1 cmd queued 1
Aug 25 17:07:41.386020 n kernel: hci0: skb 00000000fd80225e
Aug 25 17:07:41.514967 n kernel: hci0: hcon 00000000f318cda1 handle 0x0004
Aug 25 17:07:41.515024 n kernel: hci0 opcode 0x041b plen 2
Aug 25 17:07:41.515051 n kernel: hci0: skb len 5
Aug 25 17:07:41.515069 n kernel: hci0: result 0x00
Aug 25 17:07:41.515090 n kernel: hci0 cmd_cnt 1 cmd queued 1
Aug 25 17:07:41.515111 n kernel: hci0: skb 00000000f274cf3a
Aug 25 17:07:41.515133 n kernel: hci0: end: err 0
Aug 25 17:07:41.515150 n kernel: hci0: entry 000000008bf76938
Aug 25 17:07:41.515183 n kernel: hci0: 
Aug 25 17:07:41.548932 n kernel: hci0 cmd_cnt 1 cmd queued 1
Aug 25 17:07:41.548951 n kernel: hci0: skb 00000000f274cf3a
Aug 25 17:07:41.570833 n kernel: hci0 opcode 0x041c plen 3
Aug 25 17:07:41.570904 n kernel: hci0: skb len 6
Aug 25 17:07:41.570927 n kernel: hci0 cmd_cnt 1 cmd queued 1
Aug 25 17:07:41.570952 n kernel: hci0: skb 00000000b0d53069
Aug 25 17:07:41.577894 n kernel: hci0 opcode 0x0419 plen 10
Aug 25 17:07:41.577915 n kernel: hci0: skb len 13
Aug 25 17:07:41.577929 n kernel: hci0 cmd_cnt 1 cmd queued 1
Aug 25 17:07:41.577942 n kernel: hci0: skb 00000000f3c82bfa
Aug 25 17:07:41.598834 n kernel: hci0 opcode 0x0411 plen 2
Aug 25 17:07:41.598875 n kernel: hci0: skb len 5
Aug 25 17:07:41.598889 n kernel: hci0 cmd_cnt 1 cmd queued 1
Aug 25 17:07:41.598898 n kernel: hci0: skb 00000000588eb587
Aug 25 17:07:41.603829 n kernel: hci0 opcode 0x040c plen 6
Aug 25 17:07:41.603864 n kernel: hci0: skb len 9
Aug 25 17:07:41.603874 n kernel: hci0 cmd_cnt 1 cmd queued 1
Aug 25 17:07:41.603885 n kernel: hci0: skb 0000000020b60cbc
Aug 25 17:07:41.608831 n kernel: hci0 opcode 0x042b plen 9
Aug 25 17:07:41.608852 n kernel: hci0: skb len 12
Aug 25 17:07:41.608864 n kernel: hci0 cmd_cnt 1 cmd queued 1
Aug 25 17:07:41.608883 n kernel: hci0: skb 00000000d40aec9b
Aug 25 17:07:42.245836 n kernel: hci0 opcode 0x042c plen 6
Aug 25 17:07:42.245929 n kernel: hci0: skb len 9
Aug 25 17:07:42.245959 n kernel: hci0 cmd_cnt 1 cmd queued 1
Aug 25 17:07:42.245987 n kernel: hci0: skb 000000005ce00dca
Aug 25 17:07:42.598832 n kernel: hci0 key for AA:BB:CC:00:00:01 type 4
Aug 25 17:07:42.600827 n kernel: hci0 opcode 0x0413 plen 3
Aug 25 17:07:42.600886 n kernel: hci0: skb len 6
Aug 25 17:07:42.600915 n kernel: hci0 cmd_cnt 1 cmd queued 1
Aug 25 17:07:42.600930 n kernel: hci0: skb 0000000082169cfb
Aug 25 17:07:42.604864 n kernel: hci0 hcon 00000000f318cda1
Aug 25 17:07:42.690920 n kernel: hci0 opcode 0x1408 plen 2
Aug 25 17:07:42.690938 n kernel: hci0: skb len 5
Aug 25 17:07:42.690960 n kernel: hci0 cmd_cnt 1 cmd queued 1
Aug 25 17:07:42.690975 n kernel: hci0: skb 0000000061b8d942
Aug 25 17:07:43.101926 n kernel: hci0: 
Aug 25 17:07:43.101948 n kernel: hci0: entry 00000000083ed1dd
Aug 25 17:07:43.101963 n kernel: hci0: ADV monitoring is off
Aug 25 17:07:43.101987 n kernel: hci0: stopping background scanning
Aug 25 17:07:43.102011 n kernel: hci0: 
Aug 25 17:07:43.102023 n kernel: hci0: entry 0000000012329a02
Aug 25 17:07:43.102036 n kernel: hci0: Opcode 0x0c3a
Aug 25 17:07:43.102052 n kernel: hci0: opcode 0x0c3a plen 4
Aug 25 17:07:43.102069 n kernel: hci0: skb len 7
Aug 25 17:07:43.102079 n kernel: hci0: length 1
Aug 25 17:07:43.102099 n kernel: hci0 cmd_cnt 1 cmd queued 1
Aug 25 17:07:43.102117 n kernel: hci0: skb 00000000d5cb0351
Aug 25 17:07:43.104888 n kernel: hci0: result 0x00
Aug 25 17:07:43.104916 n kernel: hci0: end: err 0
Aug 25 17:07:43.104941 n kernel: hci0: Opcode 0x0c1a
Aug 25 17:07:43.104961 n kernel: hci0: opcode 0x0c1a plen 1
Aug 25 17:07:43.104975 n kernel: hci0: skb len 4
Aug 25 17:07:43.104995 n kernel: hci0: length 1
Aug 25 17:07:43.105004 n kernel: hci0 cmd_cnt 1 cmd queued 1
Aug 25 17:07:43.105023 n kernel: hci0: skb 0000000055c5a41f
Aug 25 17:07:43.107861 n kernel: hci0: result 0x00
Aug 25 17:07:43.107883 n kernel: hci0: end: err 0
Aug 25 17:07:43.107897 n kernel: hci0: 
Aug 25 17:07:43.107918 n kernel: hci0: state 0 -> 1
Aug 25 17:07:43.107929 n kernel: hci0: 
Aug 25 17:07:43.107942 n kernel: hci0: entry 000000006a31723a
Aug 25 17:07:43.107956 n kernel: hci0: type 7
Aug 25 17:07:43.107970 n kernel: hci0: 
Aug 25 17:07:43.107979 n kernel: hci0: cancelling interleave scan
Aug 25 17:07:43.107993 n kernel: hci0: Opcode 0x2005
Aug 25 17:07:43.108003 n kernel: hci0: opcode 0x2005 plen 6
Aug 25 17:07:43.108015 n kernel: hci0: skb len 9
Aug 25 17:07:43.108027 n kernel: hci0: length 1
Aug 25 17:07:43.108036 n kernel: hci0 cmd_cnt 1 cmd queued 1
Aug 25 17:07:43.108043 n kernel: hci0: skb 00000000da3de6cb
Aug 25 17:07:43.110865 n kernel: hci0: result 0x00
Aug 25 17:07:43.110887 n kernel: hci0: end: err 0
Aug 25 17:07:43.110907 n kernel: hci0: Opcode 0x200b
Aug 25 17:07:43.110931 n kernel: hci0: opcode 0x200b plen 7
Aug 25 17:07:43.110943 n kernel: hci0: skb len 10
Aug 25 17:07:43.110964 n kernel: hci0: length 1
Aug 25 17:07:43.110980 n kernel: hci0 cmd_cnt 1 cmd queued 1
Aug 25 17:07:43.110995 n kernel: hci0: skb 000000003f558730
Aug 25 17:07:43.112867 n kernel: Bluetooth: hci0: unexpected event for opcode 0x2005
Aug 25 17:07:43.113848 n kernel: hci0: result 0x00
Aug 25 17:07:43.113863 n kernel: hci0: end: err 0
Aug 25 17:07:43.113875 n kernel: hci0: Opcode 0x200c
Aug 25 17:07:43.113890 n kernel: hci0: opcode 0x200c plen 2
Aug 25 17:07:43.113900 n kernel: hci0: skb len 5
Aug 25 17:07:43.113907 n kernel: hci0: length 1
Aug 25 17:07:43.113917 n kernel: hci0 cmd_cnt 1 cmd queued 1
Aug 25 17:07:43.113928 n kernel: hci0: skb 0000000026e3917c
Aug 25 17:07:43.117832 n kernel: hci0: state 1 -> 2
Aug 25 17:07:43.117876 n kernel: hci0: result 0x00
Aug 25 17:07:43.117883 n kernel: hci0: end: err 0
Aug 25 17:07:43.117891 n kernel: hci0: timeout 5120 ms
Aug 25 17:07:48.303868 n kernel: hci0: 
Aug 25 17:07:48.303987 n kernel: hci0: 
Aug 25 17:07:48.304031 n kernel: hci0: entry 000000008221784a
Aug 25 17:07:48.304074 n kernel: hci0: Opcode 0x200c
Aug 25 17:07:48.304104 n kernel: hci0: opcode 0x200c plen 2
Aug 25 17:07:48.304141 n kernel: hci0: skb len 5
Aug 25 17:07:48.304165 n kernel: hci0: length 1
Aug 25 17:07:48.304186 n kernel: hci0 cmd_cnt 1 cmd queued 1
Aug 25 17:07:48.304203 n kernel: hci0: skb 00000000a42c43ae
Aug 25 17:07:48.305881 n kernel: hci0: result 0x00
Aug 25 17:07:48.305932 n kernel: hci0: 
Aug 25 17:07:48.305958 n kernel: hci0: end: err 0
Aug 25 17:07:48.305972 n kernel: hci0: entry 00000000028bd8f8
Aug 25 17:07:48.305986 n kernel: hci0: 
Aug 25 17:07:48.305998 n kernel: hci0: Opcode 0x0401
Aug 25 17:07:48.306017 n kernel: hci0: opcode 0x0401 plen 5
Aug 25 17:07:48.306029 n kernel: hci0: skb len 8
Aug 25 17:07:48.306041 n kernel: hci0: length 1
Aug 25 17:07:48.306052 n kernel: hci0 cmd_cnt 1 cmd queued 1
Aug 25 17:07:48.306062 n kernel: hci0: skb 0000000079c5d436
Aug 25 17:07:48.308890 n kernel: hci0: result 0x00
Aug 25 17:07:48.308906 n kernel: hci0: end: err 0
Aug 25 17:07:48.308924 n kernel: hci0: entry 00000000850da615
Aug 25 17:07:48.308948 n kernel: hci0: 
Aug 25 17:07:48.308986 n kernel: hci0: 
Aug 25 17:07:53.429842 n kernel: hci0: state 2 -> 0
Aug 25 17:07:53.429904 n kernel: hci0: 
Aug 25 17:07:53.429929 n kernel: hci0: entry 0000000078b95ffc
Aug 25 17:07:53.429952 n kernel: hci0: ADV monitoring is off
Aug 25 17:07:53.429978 n kernel: hci0: stopping background scanning
Aug 25 17:07:55.874849 n kernel: hci0: 
Aug 25 17:07:55.874879 n kernel: hci0: entry 00000000d6ffed85
Aug 25 17:07:55.874903 n kernel: hci0: Opcode 0x0c1a
Aug 25 17:07:55.874925 n kernel: hci0: opcode 0x0c1a plen 1
Aug 25 17:07:55.874947 n kernel: hci0: skb len 4
Aug 25 17:07:55.874967 n kernel: hci0: length 1
Aug 25 17:07:55.874980 n kernel: hci0 cmd_cnt 1 cmd queued 1
Aug 25 17:07:55.874995 n kernel: hci0: skb 00000000ad3fdc22
Aug 25 17:07:55.877862 n kernel: hci0: result 0x00
Aug 25 17:07:55.877878 n kernel: hci0: end: err 0
Aug 25 17:07:55.877888 n kernel: hci0: ADV monitoring is off
Aug 25 17:07:55.877911 n kernel: hci0: stopping background scanning
Aug 25 17:08:04.273840 n kernel: hci0 opcode 0x0804 plen 2
Aug 25 17:08:04.273869 n kernel: hci0: skb len 5
Aug 25 17:08:04.273888 n kernel: hci0 cmd_cnt 1 cmd queued 1
Aug 25 17:08:04.273899 n kernel: hci0: skb 00000000a4990955
Aug 25 17:08:08.550924 n kernel: hci0: dst AA:BB:CC:00:00:01
Aug 25 17:08:08.550939 n kernel: hci0: dst AA:BB:CC:00:00:01 handle 0x0f00
Aug 25 17:08:08.550950 n kernel: hci0: parent 00000000f318cda1 hcon 00000000a29f3bc5
Aug 25 17:08:08.550982 n kernel: hci0: hcon 00000000a29f3bc5
Aug 25 17:08:08.550995 n kernel: hci0 opcode 0x0428 plen 17
Aug 25 17:08:08.551011 n kernel: hci0: skb len 20
Aug 25 17:08:08.551023 n kernel: hci0 cmd_cnt 1 cmd queued 1
Aug 25 17:08:08.551034 n kernel: hci0: skb 0000000026afac34
Aug 25 17:08:08.625863 n kernel: hci0: hcon 00000000a29f3bc5 handle 0x0005
Aug 25 17:08:08.625984 n kernel: hci0 evt 5
Aug 25 17:08:08.629850 n kernel: hci0
Aug 25 17:08:08.629917 n kernel: hci0
Aug 25 17:08:08.671870 n kernel: hci0 cmd_cnt 1 cmd queued 1
Aug 25 17:08:08.671881 n kernel: hci0: skb 000000006a896032
Aug 25 17:08:08.904890 n kernel: hci0: handle 0x05 reason 0x13
Aug 25 17:08:08.904918 n kernel: hci0: 
Aug 25 17:08:08.904943 n kernel: hci0: entry 00000000dd025e1b
Aug 25 17:08:08.904962 n kernel: hci0: Opcode 0x0406
Aug 25 17:08:08.904982 n kernel: hci0: opcode 0x0406 plen 3
Aug 25 17:08:08.904995 n kernel: hci0: skb len 6
Aug 25 17:08:08.905017 n kernel: hci0: length 1
Aug 25 17:08:08.905036 n kernel: hci0 cmd_cnt 0 cmd queued 1
Aug 25 17:08:10.702854 n kernel: Bluetooth: hci0: command tx timeout
Aug 25 17:08:10.702960 n kernel: hci0 cmd_cnt 1 cmd queued 1
Aug 25 17:08:10.702988 n kernel: hci0: skb 000000007ed801c3
Aug 25 17:08:10.958851 n kernel: hci0: end: err -110
Aug 25 17:08:10.958997 n kernel: hci0: status 0x13
Aug 25 17:08:10.959027 n kernel: hci0 hcon 00000000a29f3bc5 handle 5
Aug 25 17:08:10.959045 n kernel: hci0: hcon 00000000a29f3bc5
Aug 25 17:08:10.979879 n kernel: hci0 evt 6
Aug 25 17:08:12.750873 n kernel: Bluetooth: hci0: command 0x0406 tx timeout
Aug 25 17:08:12.751011 n kernel: hci0: err 0x6e
Aug 25 17:08:12.751043 n kernel: hci0 cmd_cnt 1 cmd queued 0
Aug 25 17:08:16.464849 n kernel: Bluetooth: hci0: setting interface failed (110)
Aug 25 17:08:27.976969 n kernel: hci0: dst AA:BB:CC:00:00:01
Aug 25 17:08:27.976983 n kernel: hci0: dst AA:BB:CC:00:00:01 handle 0x0f00
Aug 25 17:08:27.977001 n kernel: hci0: parent 00000000f318cda1 hcon 00000000a29f3bc5
Aug 25 17:08:27.977035 n kernel: hci0: hcon 00000000a29f3bc5
Aug 25 17:08:27.977046 n kernel: hci0 opcode 0x0428 plen 17
Aug 25 17:08:27.977056 n kernel: hci0: skb len 20
Aug 25 17:08:27.977064 n kernel: hci0 cmd_cnt 1 cmd queued 1
Aug 25 17:08:27.977076 n kernel: hci0: skb 000000001d693b7a
Aug 25 17:08:28.905885 n kernel: hci0: handle 0xf00 reason 0x13
Aug 25 17:08:28.905913 n kernel: hci0: 
Aug 25 17:08:28.905930 n kernel: hci0: entry 00000000aa802100
Aug 25 17:08:28.905951 n kernel: hci0: Opcode 0x0408
Aug 25 17:08:28.905963 n kernel: hci0: opcode 0x0408 plen 6
Aug 25 17:08:28.905974 n kernel: hci0: skb len 9
Aug 25 17:08:28.905993 n kernel: hci0: length 1
Aug 25 17:08:28.906004 n kernel: hci0 cmd_cnt 0 cmd queued 1
Aug 25 17:08:28.928957 n kernel: hci0: parent 00000000f318cda1 hcon 00000000a29f3bc5
Aug 25 17:08:30.030835 n kernel: Bluetooth: hci0: command 0x0406 tx timeout
Aug 25 17:08:30.030878 n kernel: hci0: err 0x6e
Aug 25 17:08:30.030900 n kernel: hci0 cmd_cnt 1 cmd queued 1
Aug 25 17:08:30.030912 n kernel: hci0: skb 000000004e9a8409
Aug 25 17:08:30.030933 n kernel: hci0: end: err -110
Aug 25 17:08:30.030946 n kernel: hci0: status 0x13
Aug 25 17:08:30.030956 n kernel: hci0 hcon 00000000a29f3bc5 handle 3840
Aug 25 17:08:30.030969 n kernel: hci0: hcon 00000000a29f3bc5
Aug 25 17:08:30.046868 n kernel: hci0 evt 6
Aug 25 17:08:32.078843 n kernel: Bluetooth: hci0: command 0x0406 tx timeout
Aug 25 17:08:32.079003 n kernel: hci0: err 0x6e
Aug 25 17:08:32.079031 n kernel: hci0 cmd_cnt 1 cmd queued 0
Aug 25 17:08:35.035984 n kernel: hci0: dst AA:BB:CC:00:00:01
Aug 25 17:08:35.036000 n kernel: hci0: dst AA:BB:CC:00:00:01 handle 0x0f00
Aug 25 17:08:35.036022 n kernel: hci0: parent 00000000f318cda1 hcon 00000000a29f3bc5
Aug 25 17:08:35.036059 n kernel: hci0: hcon 00000000a29f3bc5
Aug 25 17:08:35.036075 n kernel: hci0 opcode 0x0428 plen 17
Aug 25 17:08:35.036087 n kernel: hci0: skb len 20
Aug 25 17:08:35.036099 n kernel: hci0 cmd_cnt 1 cmd queued 1
Aug 25 17:08:35.036119 n kernel: hci0: skb 00000000b0cd7f59
Aug 25 17:08:37.070850 n kernel: Bluetooth: hci0: command 0x0406 tx timeout
Aug 25 17:08:37.070977 n kernel: hci0: err 0x6e
Aug 25 17:08:37.071008 n kernel: hci0 cmd_cnt 1 cmd queued 0
Aug 25 17:08:45.482947 n kernel: hci0: handle 0xf00 reason 0x13
Aug 25 17:08:45.482976 n kernel: hci0: 
Aug 25 17:08:45.483000 n kernel: hci0: entry 000000004a8db497
Aug 25 17:08:45.483015 n kernel: hci0: Opcode 0x0408
Aug 25 17:08:45.483039 n kernel: hci0: opcode 0x0408 plen 6
Aug 25 17:08:45.483050 n kernel: hci0: skb len 9
Aug 25 17:08:45.483074 n kernel: hci0: length 1
Aug 25 17:08:45.483089 n kernel: hci0 cmd_cnt 1 cmd queued 1
Aug 25 17:08:45.483101 n kernel: hci0: skb 00000000c760da0c
Aug 25 17:08:47.502835 n kernel: hci0: end: err -110
Aug 25 17:08:47.502920 n kernel: Bluetooth: hci0: command 0x0406 tx timeout
Aug 25 17:08:47.502942 n kernel: hci0: err 0x6e
Aug 25 17:08:47.502966 n kernel: hci0 cmd_cnt 1 cmd queued 0
Aug 25 17:08:47.502979 n kernel: hci0: status 0x13
Aug 25 17:08:47.502995 n kernel: hci0 hcon 00000000a29f3bc5 handle 3840
Aug 25 17:08:47.503008 n kernel: hci0: hcon 00000000a29f3bc5
Aug 25 17:08:47.516872 n kernel: hci0 evt 6
Aug 25 17:08:54.575865 n kernel: hci0: 
Aug 25 17:08:54.575888 n kernel: hci0: entry 00000000a0a5af76
Aug 25 17:08:54.575923 n kernel: hci0: ADV monitoring is off
Aug 25 17:08:54.575954 n kernel: hci0: stopping background scanning
Aug 25 17:08:54.575995 n kernel: hci0: 
Aug 25 17:08:54.576014 n kernel: hci0: entry 000000008de5fa7a
Aug 25 17:08:54.576037 n kernel: hci0: Opcode 0x0c3a
Aug 25 17:08:54.576056 n kernel: hci0: opcode 0x0c3a plen 4
Aug 25 17:08:54.576078 n kernel: hci0: skb len 7
Aug 25 17:08:54.576097 n kernel: hci0: length 1
Aug 25 17:08:54.576118 n kernel: hci0 cmd_cnt 1 cmd queued 1
Aug 25 17:08:54.576139 n kernel: hci0: skb 000000009ddddb7a
Aug 25 17:08:56.590841 n kernel: Bluetooth: hci0: command 0x0406 tx timeout
Aug 25 17:08:56.590887 n kernel: hci0: err 0x6e
Aug 25 17:08:56.590902 n kernel: hci0 cmd_cnt 1 cmd queued 0
Aug 25 17:08:56.590918 n kernel: hci0: end: err -110
Aug 25 17:08:56.590938 n kernel: Bluetooth: hci0: Opcode 0x0c3a failed: -110
Aug 25 17:08:56.591003 n kernel: hci0: state 0 -> 1
Aug 25 17:08:56.591022 n kernel: hci0: 
Aug 25 17:08:56.591047 n kernel: hci0: entry 00000000ac07c647
Aug 25 17:08:56.591066 n kernel: hci0: type 7
Aug 25 17:08:56.591079 n kernel: hci0: 
Aug 25 17:08:56.591094 n kernel: hci0: cancelling interleave scan
Aug 25 17:08:56.591111 n kernel: hci0: Opcode 0x2005
Aug 25 17:08:56.591124 n kernel: hci0: opcode 0x2005 plen 6
Aug 25 17:08:56.591137 n kernel: hci0: skb len 9
Aug 25 17:08:56.591149 n kernel: hci0: length 1
Aug 25 17:08:56.591161 n kernel: hci0 cmd_cnt 1 cmd queued 1
Aug 25 17:08:56.591174 n kernel: hci0: skb 00000000912720c9
Aug 25 17:08:58.638839 n kernel: Bluetooth: hci0: command 0x0406 tx timeout
Aug 25 17:08:58.638915 n kernel: hci0: end: err -110
Aug 25 17:08:58.638932 n kernel: hci0: err 0x6e
Aug 25 17:08:58.638945 n kernel: Bluetooth: hci0: Opcode 0x2005 failed: -110
Aug 25 17:08:58.638959 n kernel: hci0 cmd_cnt 1 cmd queued 0
Aug 25 17:08:58.638971 n kernel: hci0: Opcode 0x200b
Aug 25 17:08:58.638989 n kernel: hci0: opcode 0x200b plen 7
Aug 25 17:08:58.639001 n kernel: hci0: skb len 10
Aug 25 17:08:58.639023 n kernel: hci0: length 1
Aug 25 17:08:58.639035 n kernel: hci0 cmd_cnt 1 cmd queued 1
Aug 25 17:08:58.639048 n kernel: hci0: skb 000000004ea0ea9d
Aug 25 17:09:00.686831 n kernel: Bluetooth: hci0: command 0x0406 tx timeout
Aug 25 17:09:00.686861 n kernel: hci0: err 0x6e
Aug 25 17:09:00.686872 n kernel: hci0 cmd_cnt 1 cmd queued 0
Aug 25 17:09:00.686884 n kernel: hci0: end: err -110
Aug 25 17:09:00.686897 n kernel: Bluetooth: hci0: Opcode 0x200b failed: -110
Aug 25 17:09:00.686912 n kernel: hci0: state 1 -> 0
Aug 25 17:09:00.686924 n kernel: hci0: entry 000000008fb30397
Aug 25 17:09:00.686939 n kernel: hci0: ADV monitoring is off
Aug 25 17:09:00.686949 n kernel: hci0: stopping background scanning
Aug 25 17:09:00.686959 n kernel: hci0: 
Aug 25 17:09:43.217850 n kernel: 00000000ed3530ce name hci0 blocked 1
Aug 25 17:09:43.218000 n kernel: hci0 00000000ed3530ce
Aug 25 17:09:43.218031 n kernel: hci0: Opcode 0x0c1a
Aug 25 17:09:43.218052 n kernel: hci0: opcode 0x0c1a plen 1
Aug 25 17:09:43.218068 n kernel: hci0: skb len 4
Aug 25 17:09:43.218090 n kernel: hci0: length 1
Aug 25 17:09:43.218105 n kernel: hci0 cmd_cnt 1 cmd queued 1
Aug 25 17:09:43.218122 n kernel: hci0: skb 000000000e7110ce
Aug 25 17:09:45.230847 n kernel: hci0: end: err -110
Aug 25 17:09:45.230944 n kernel: Bluetooth: hci0: Opcode 0x0c1a failed: -110
Aug 25 17:09:45.230971 n kernel: Bluetooth: hci0: Error when powering off device on rfkill (-110)
Aug 25 17:09:45.230985 n kernel: hci0 00000000ed3530ce
Aug 25 17:09:45.231001 n kernel: hci0: 
Aug 25 17:09:45.231019 n kernel: Bluetooth: hci0: command 0x0406 tx timeout
Aug 25 17:09:45.231036 n kernel: hci0: err 0x6e
Aug 25 17:09:45.231045 n kernel: hci0 cmd_cnt 1 cmd queued 0
Aug 25 17:09:45.238834 n kernel: hci0: err 0x13
Aug 25 17:09:45.238868 n kernel: hci0: cancelling interleave scan
Aug 25 17:09:45.238903 n kernel: hdev hci0
Aug 25 17:09:45.238917 n kernel: hci0 hcon 00000000f318cda1 chan 00000000af5d9e37
Aug 25 17:09:45.243837 n kernel: hci0 hcon 00000000f318cda1 handle 4
Aug 25 17:09:45.243891 n kernel: hci0: hcon 00000000f318cda1
Aug 25 17:09:45.252176 n kernel: hci0 evt 2
Aug 25 17:09:45.252219 n kernel: hci0
Aug 25 17:09:45.252249 n kernel: hci0: 
Aug 25 17:09:45.252267 n kernel: hci0: entry 00000000e4d5570e
Aug 25 17:09:45.252291 n kernel: hci0: err 0x02
Aug 25 17:09:45.252312 n kernel: hci0: err 0x02
Aug 25 17:09:45.252330 n kernel: hci0: err 0x02
Aug 25 17:09:45.252356 n kernel: hci0: err 0x02
Aug 25 17:09:45.252373 n kernel: hci0: err 0x02
Aug 25 17:09:45.252390 n kernel: hci0: err 0x02
Aug 25 17:09:45.252408 n kernel: hci0: err 0x02
Aug 25 17:09:45.252421 n kernel: hci0: err 0x02
Aug 25 17:09:45.252830 n kernel: hci0: err 0x02
Aug 25 17:09:45.252849 n kernel: hci0: err 0x02
Aug 25 17:09:45.252860 n kernel: hci0
Aug 25 17:09:45.646831 n kernel: 00000000ed3530ce name hci0 blocked 0
Aug 25 17:09:45.646893 n kernel: hci0: 
Aug 25 17:09:45.646919 n kernel: hci0: entry 000000000ed90e0d
Aug 25 17:09:45.646940 n kernel: hci0: 
Aug 25 17:09:45.646952 n kernel: hci0
Aug 25 17:09:45.646970 n kernel: hci0
Aug 25 17:09:45.646995 n kernel: hci0
Aug 25 17:09:45.647007 n kernel: hci0
Aug 25 17:09:45.647019 n kernel: hci0: 
Aug 25 17:09:45.647031 n kernel: hci0: 
Aug 25 17:09:45.647046 n kernel: hci0: Opcode 0x0c03
Aug 25 17:09:45.647066 n kernel: hci0: opcode 0x0c03 plen 0
Aug 25 17:09:45.647081 n kernel: hci0: skb len 3
Aug 25 17:09:45.647105 n kernel: hci0: length 1
Aug 25 17:09:45.647124 n kernel: hci0 cmd_cnt 1 cmd queued 1
Aug 25 17:09:45.647139 n kernel: hci0: skb 00000000b640bddd
Aug 25 17:09:46.411841 n kernel: 00000000ed3530ce name hci0 blocked 0
Aug 25 17:09:47.661969 n kernel: hci0: end: err -110
Aug 25 17:09:47.662054 n kernel: Bluetooth: hci0: Opcode 0x0c03 failed: -110
Aug 25 17:09:47.662073 n kernel: hci0
Aug 25 17:09:47.662084 n kernel: hci0: err 0x02
Aug 25 17:09:47.662096 n kernel: hci0
