Aug 16 18:48:02.387336 n kernel: xhci_hcd 0000:03:00.3: xHCI Host Controller
Aug 16 18:48:02.387460 n kernel: xhci_hcd 0000:03:00.3: new USB bus registered, assigned bus number 1
Aug 16 18:48:02.387580 n kernel: xhci_hcd 0000:03:00.3: hcc params 0x0268ffe5 hci version 0x110 quirks 0x0000020000000010
Aug 16 18:48:02.387699 n kernel: xhci_hcd 0000:03:00.3: xHCI Host Controller
Aug 16 18:48:02.387817 n kernel: xhci_hcd 0000:03:00.3: new USB bus registered, assigned bus number 2
Aug 16 18:48:02.387934 n kernel: xhci_hcd 0000:03:00.3: Host supports USB 3.1 Enhanced SuperSpeed
Aug 16 18:48:02.388379 n kernel: usb usb1: Product: xHCI Host Controller
Aug 16 18:48:02.388518 n kernel: usb usb1: Manufacturer: Linux 7.0.0-28-generic xhci-hcd
Aug 16 18:48:02.389511 n kernel: usb usb2: Product: xHCI Host Controller
Aug 16 18:48:02.389652 n kernel: usb usb2: Manufacturer: Linux 7.0.0-28-generic xhci-hcd
Aug 16 18:48:02.390220 n kernel: xhci_hcd 0000:03:00.4: xHCI Host Controller
Aug 16 18:48:02.390348 n kernel: xhci_hcd 0000:03:00.4: new USB bus registered, assigned bus number 3
Aug 16 18:48:02.390475 n kernel: xhci_hcd 0000:03:00.4: hcc params 0x0268ffe5 hci version 0x110 quirks 0x0000020000000010
Aug 16 18:48:02.390600 n kernel: xhci_hcd 0000:03:00.4: xHCI Host Controller
Aug 16 18:48:02.390733 n kernel: xhci_hcd 0000:03:00.4: new USB bus registered, assigned bus number 4
Aug 16 18:48:02.390861 n kernel: xhci_hcd 0000:03:00.4: Host supports USB 3.1 Enhanced SuperSpeed
Aug 16 18:48:02.391319 n kernel: usb usb3: Product: xHCI Host Controller
Aug 16 18:48:02.391464 n kernel: usb usb3: Manufacturer: Linux 7.0.0-28-generic xhci-hcd
Aug 16 18:48:02.392514 n kernel: usb usb4: Product: xHCI Host Controller
Aug 16 18:48:02.392660 n kernel: usb usb4: Manufacturer: Linux 7.0.0-28-generic xhci-hcd
Aug 16 18:48:02.394738 n kernel: usb 1-2: new full-speed USB device number 2 using xhci_hcd
Aug 16 18:48:02.394764 n kernel: usb 3-3: new full-speed USB device number 2 using xhci_hcd
Aug 16 18:48:02.394931 n kernel: usb 1-2: New USB device found, idVendor=32c2, idProduct=0066, bcdDevice=42.8a
Aug 16 18:48:02.395093 n kernel: usb 1-2: New USB device strings: Mfr=0, Product=1, SerialNumber=0
Aug 16 18:48:02.395242 n kernel: usb 1-2: Product: 2.4G Wireless
Aug 16 18:48:02.395410 n kernel: usb 1-3: new high-speed USB device number 3 using xhci_hcd
Aug 16 18:48:02.396573 n kernel: usb 1-3: New USB device found, idVendor=0bda, idProduct=0129, bcdDevice=39.60
Aug 16 18:48:02.396769 n kernel: usb 1-3: New USB device strings: Mfr=1, Product=2, SerialNumber=3
Aug 16 18:48:02.396926 n kernel: usb 1-3: Product: USB2.0-CRW
Aug 16 18:48:02.397098 n kernel: usb 1-3: Manufacturer: Generic
Aug 16 18:48:02.397264 n kernel: usb 1-3: SerialNumber: 20100201396000000
Aug 16 18:48:02.397487 n kernel: usb 1-4: new high-speed USB device number 4 using xhci_hcd
Aug 16 18:48:02.397664 n kernel: usb 1-4: New USB device found, idVendor=32e6, idProduct=9211, bcdDevice= 0.00
Aug 16 18:48:02.397825 n kernel: usb 1-4: New USB device strings: Mfr=1, Product=2, SerialNumber=3
Aug 16 18:48:02.397996 n kernel: usb 1-4: Product: icspring camera
Aug 16 18:48:02.398187 n kernel: usb 1-4: Manufacturer: icSpring
Aug 16 18:48:02.398345 n kernel: usb 1-4: SerialNumber: 241112113001
Aug 16 18:48:02.398786 n kernel: usb 3-3: device descriptor read/64, error -110
Aug 16 18:48:02.398802 n kernel: usb 3-3: device descriptor read/64, error -110
Aug 16 18:48:02.398817 n kernel: usb 3-3: new full-speed USB device number 3 using xhci_hcd
Aug 16 18:48:02.398832 n kernel: usb 3-3: device descriptor read/64, error -110
Aug 16 18:48:02.398847 n kernel: usb 3-3: device descriptor read/64, error -110
Aug 16 18:48:02.398869 n kernel: usb 3-3: new full-speed USB device number 4 using xhci_hcd
Aug 16 18:48:02.399018 n kernel: xhci_hcd 0000:03:00.4: Timeout while waiting for setup device command
Aug 16 18:48:02.399150 n kernel: xhci_hcd 0000:03:00.4: Timeout while waiting for setup device command
Aug 16 18:48:02.399171 n kernel: usb 3-3: device not accepting address 4, error -62
Aug 16 18:48:02.399186 n kernel: usb 3-3: WARN: invalid context state for evaluate context command.
Aug 16 18:48:02.399200 n kernel: usb 3-3: new full-speed USB device number 5 using xhci_hcd
Aug 16 18:48:02.399326 n kernel: xhci_hcd 0000:03:00.4: Timeout while waiting for setup device command
Aug 16 18:48:02.399451 n kernel: xhci_hcd 0000:03:00.4: Timeout while waiting for setup device command
Aug 16 18:48:02.399469 n kernel: usb 3-3: device not accepting address 5, error -62
Aug 16 18:48:02.399484 n kernel: usb 3-3: WARN: invalid context state for evaluate context command.
Aug 16 18:48:02.399663 n kernel: usb 3-4: new full-speed USB device number 6 using xhci_hcd
Aug 16 18:48:02.399820 n kernel: usb 3-4: New USB device found, idVendor=2808, idProduct=c652, bcdDevice=20.03
Aug 16 18:48:02.399977 n kernel: usb 3-4: New USB device strings: Mfr=1, Product=2, SerialNumber=0
Aug 16 18:48:02.400145 n kernel: usb 3-4: Product: FocalTech Fingerprint Device
Aug 16 18:48:02.400304 n kernel: usb 3-4: Manufacturer: FocalTech
Aug 16 18:48:05.741009 n kernel: Bluetooth: Core ver 2.22
Aug 16 18:48:05.741048 n kernel: NET: Registered PF_BLUETOOTH protocol family
Aug 16 18:48:05.741059 n kernel: Bluetooth: HCI device and connection manager initialized
Aug 16 18:48:05.741069 n kernel: Bluetooth: HCI socket layer initialized
Aug 16 18:48:05.741079 n kernel: Bluetooth: L2CAP socket layer initialized
Aug 16 18:48:05.741089 n kernel: Bluetooth: SCO socket layer initialized
Aug 16 18:48:14.176003 n kernel: Bluetooth: BNEP (Ethernet Emulation) ver 1.3
Aug 16 18:48:14.176045 n kernel: Bluetooth: BNEP filters: protocol multicast
Aug 16 18:48:14.176060 n kernel: Bluetooth: BNEP socket layer initialized
