Aug 10 18:56:58.406162 n systemd[1]: Started bt-trace.service - Bluetooth HCI trace capture (rotating btsnoop).
Aug 10 18:56:58.457976 n bt-trace[1247]: bt-trace started (dir=/var/log/bt-health/trace rotate=128MB keep=30 max~3GB free-floor=10GB)
Aug 10 18:56:58.462146 n bt-trace[1247]: filesystem has 88GB free
Aug 10 18:56:58.467785 n bt-trace[1247]: capturing to bt-20260810-185658.btsnoop
Aug 10 18:56:58.478295 n bt-trace[1317]: pruning bt-20260810-070515.btsnoop
Aug 10 18:56:58.484465 n bt-trace[1317]: pruning bt-20260810-065815.btsnoop
Aug 10 18:58:40.692953 n bt-trace[1247]: /usr/local/sbin/bt-trace: line 151:  1309 Aborted                 (core dumped) btmon -w "$CURRENT" > /dev/null 2>&1
Aug 10 18:58:40.693380 n bt-trace[1247]: btmon exited (#1) — restarting within 1s; ~1s of capture lost
Aug 10 18:58:40.697684 n bt-trace[1247]: capturing to bt-20260810-185840.btsnoop
Aug 10 18:58:40.701405 n bt-trace[5081]: pruning bt-20260810-071015.btsnoop
Aug 10 19:14:56.639550 n bt-trace[1247]: /usr/local/sbin/bt-trace: line 151:  5073 Aborted                 (core dumped) btmon -w "$CURRENT" > /dev/null 2>&1
Aug 10 19:14:56.639871 n bt-trace[1247]: btmon exited (#2) — restarting within 1s; ~1s of capture lost
Aug 10 19:14:56.644740 n bt-trace[1247]: capturing to bt-20260810-191456.btsnoop
Aug 10 19:14:56.649386 n bt-trace[7178]: pruning bt-20260810-071315.btsnoop
Aug 10 19:30:03.526656 n bt-trace[1247]: /usr/local/sbin/bt-trace: line 151:  7170 Aborted                 (core dumped) btmon -w "$CURRENT" > /dev/null 2>&1
Aug 10 19:30:03.527025 n bt-trace[1247]: btmon exited (#3) — restarting within 1s; ~1s of capture lost
Aug 10 19:30:03.532233 n bt-trace[1247]: capturing to bt-20260810-193003.btsnoop
Aug 10 19:30:03.536355 n bt-trace[8801]: pruning bt-20260810-071415.btsnoop
Aug 10 19:45:07.398904 n bt-trace[1247]: /usr/local/sbin/bt-trace: line 151:  8793 Aborted                 (core dumped) btmon -w "$CURRENT" > /dev/null 2>&1
Aug 10 19:45:07.399366 n bt-trace[1247]: btmon exited (#4) — restarting within 1s; ~1s of capture lost
Aug 10 19:45:07.404135 n bt-trace[1247]: capturing to bt-20260810-194507.btsnoop
Aug 10 19:45:07.407952 n bt-trace[10360]: pruning bt-20260810-071815.btsnoop
Aug 10 20:00:12.300662 n bt-trace[1247]: /usr/local/sbin/bt-trace: line 151: 10352 Aborted                 (core dumped) btmon -w "$CURRENT" > /dev/null 2>&1
Aug 10 20:00:12.301113 n bt-trace[1247]: btmon exited (#5) — restarting within 1s; ~1s of capture lost
Aug 10 20:00:12.305799 n bt-trace[1247]: capturing to bt-20260810-200012.btsnoop
Aug 10 20:00:12.309857 n bt-trace[11964]: pruning bt-20260810-072216.btsnoop
Aug 10 20:15:21.178951 n bt-trace[1247]: /usr/local/sbin/bt-trace: line 151: 11956 Aborted                 (core dumped) btmon -w "$CURRENT" > /dev/null 2>&1
Aug 10 20:15:21.179326 n bt-trace[1247]: btmon exited (#6) — restarting within 1s; ~1s of capture lost
Aug 10 20:15:21.184134 n bt-trace[1247]: capturing to bt-20260810-201521.btsnoop
Aug 10 20:15:21.189023 n bt-trace[13507]: pruning bt-20260810-072416.btsnoop
Aug 10 20:30:36.086341 n bt-trace[1247]: /usr/local/sbin/bt-trace: line 151: 13499 Aborted                 (core dumped) btmon -w "$CURRENT" > /dev/null 2>&1
Aug 10 20:30:36.086768 n bt-trace[1247]: btmon exited (#7) — restarting within 1s; ~1s of capture lost
Aug 10 20:30:36.091545 n bt-trace[1247]: capturing to bt-20260810-203036.btsnoop
Aug 10 20:30:36.095778 n bt-trace[15087]: pruning bt-20260810-072446.btsnoop
Aug 10 20:41:39.459783 n bt-trace[1247]: /usr/local/sbin/bt-trace: line 151: 15079 Aborted                 (core dumped) btmon -w "$CURRENT" > /dev/null 2>&1
Aug 10 20:41:39.459783 n bt-trace[1247]: btmon exited (#8) — restarting within 1s; ~1s of capture lost
Aug 10 20:41:39.464208 n bt-trace[1247]: capturing to bt-20260810-204139.btsnoop
Aug 10 20:41:39.468305 n bt-trace[16258]: pruning bt-20260810-072516.btsnoop
Aug 10 20:52:58.143907 n bt-trace[1247]: /usr/local/sbin/bt-trace: line 151: 16250 Aborted                 (core dumped) btmon -w "$CURRENT" > /dev/null 2>&1
Aug 10 20:52:58.144372 n bt-trace[1247]: btmon exited (#9) — restarting within 1s; ~1s of capture lost
Aug 10 20:52:58.148763 n bt-trace[1247]: capturing to bt-20260810-205258.btsnoop
Aug 10 20:52:58.153167 n bt-trace[17410]: pruning bt-20260810-074147.btsnoop
Aug 10 21:01:08.167664 n bt-trace[1247]: /usr/local/sbin/bt-trace: line 151: 17402 Aborted                 (core dumped) btmon -w "$CURRENT" > /dev/null 2>&1
Aug 10 21:01:08.168036 n bt-trace[1247]: btmon exited (#10) — restarting within 1s; ~1s of capture lost
Aug 10 21:01:08.172470 n bt-trace[1247]: capturing to bt-20260810-210108.btsnoop
Aug 10 21:01:08.176513 n bt-trace[18403]: pruning bt-20260810-074302.btsnoop
Aug 10 21:02:18.323769 n bt-trace[1247]: /usr/local/sbin/bt-trace: line 151: 18395 Aborted                 (core dumped) btmon -w "$CURRENT" > /dev/null 2>&1
Aug 10 21:02:18.324141 n bt-trace[1247]: btmon exited (#11) — restarting within 1s; ~1s of capture lost
Aug 10 21:02:18.328441 n bt-trace[1247]: capturing to bt-20260810-210218.btsnoop
Aug 10 21:02:18.332366 n bt-trace[18556]: pruning bt-20260810-075321.btsnoop
Aug 10 21:03:19.456521 n bt-trace[1247]: /usr/local/sbin/bt-trace: line 151: 18548 Aborted                 (core dumped) btmon -w "$CURRENT" > /dev/null 2>&1
Aug 10 21:03:19.457108 n bt-trace[1247]: btmon exited (#12) — restarting within 1s; ~1s of capture lost
Aug 10 21:03:19.461763 n bt-trace[1247]: capturing to bt-20260810-210319.btsnoop
Aug 10 21:03:19.465931 n bt-trace[18773]: pruning bt-20260810-075528.btsnoop
Aug 10 21:18:27.707357 n bt-trace[1247]: /usr/local/sbin/bt-trace: line 151: 18765 Aborted                 (core dumped) btmon -w "$CURRENT" > /dev/null 2>&1
Aug 10 21:18:27.707821 n bt-trace[1247]: btmon exited (#13) — restarting within 1s; ~1s of capture lost
Aug 10 21:18:27.712473 n bt-trace[1247]: capturing to bt-20260810-211827.btsnoop
Aug 10 21:18:27.716657 n bt-trace[20262]: pruning bt-20260810-081048.btsnoop
Aug 10 21:33:42.933972 n bt-trace[1247]: /usr/local/sbin/bt-trace: line 151: 20254 Aborted                 (core dumped) btmon -w "$CURRENT" > /dev/null 2>&1
Aug 10 21:33:42.934433 n bt-trace[1247]: btmon exited (#14) — restarting within 1s; ~1s of capture lost
Aug 10 21:33:42.938946 n bt-trace[1247]: capturing to bt-20260810-213342.btsnoop
Aug 10 21:33:42.943139 n bt-trace[21757]: pruning bt-20260810-082553.btsnoop
Aug 10 21:46:34.809032 n bt-trace[1247]: /usr/local/sbin/bt-trace: line 151: 21749 Aborted                 (core dumped) btmon -w "$CURRENT" > /dev/null 2>&1
Aug 10 21:46:34.809443 n bt-trace[1247]: btmon exited (#15) — restarting within 1s; ~1s of capture lost
Aug 10 21:46:34.814007 n bt-trace[1247]: capturing to bt-20260810-214634.btsnoop
Aug 10 21:46:34.818582 n bt-trace[23128]: pruning bt-20260810-084119.btsnoop
Aug 10 22:01:36.690958 n bt-trace[1247]: /usr/local/sbin/bt-trace: line 151: 23120 Aborted                 (core dumped) btmon -w "$CURRENT" > /dev/null 2>&1
Aug 10 22:01:36.691615 n bt-trace[1247]: btmon exited (#16) — restarting within 1s; ~1s of capture lost
Aug 10 22:01:36.700247 n bt-trace[1247]: capturing to bt-20260810-220136.btsnoop
Aug 10 22:01:36.704072 n bt-trace[24800]: pruning bt-20260810-085633.btsnoop
Aug 10 22:16:48.577085 n bt-trace[1247]: /usr/local/sbin/bt-trace: line 151: 24792 Aborted                 (core dumped) btmon -w "$CURRENT" > /dev/null 2>&1
Aug 10 22:16:48.577482 n bt-trace[1247]: btmon exited (#17) — restarting within 1s; ~1s of capture lost
Aug 10 22:16:48.581632 n bt-trace[1247]: capturing to bt-20260810-221648.btsnoop
Aug 10 22:16:48.585645 n bt-trace[26597]: pruning bt-20260810-091146.btsnoop
Aug 10 22:31:50.461735 n bt-trace[1247]: /usr/local/sbin/bt-trace: line 151: 26589 Aborted                 (core dumped) btmon -w "$CURRENT" > /dev/null 2>&1
Aug 10 22:31:50.462223 n bt-trace[1247]: btmon exited (#18) — restarting within 1s; ~1s of capture lost
Aug 10 22:31:50.466192 n bt-trace[1247]: capturing to bt-20260810-223150.btsnoop
Aug 10 22:31:50.470833 n bt-trace[28220]: pruning bt-20260810-092649.btsnoop
Aug 10 22:46:57.303255 n bt-trace[1247]: /usr/local/sbin/bt-trace: line 151: 28212 Aborted                 (core dumped) btmon -w "$CURRENT" > /dev/null 2>&1
Aug 10 22:46:57.303655 n bt-trace[1247]: btmon exited (#19) — restarting within 1s; ~1s of capture lost
Aug 10 22:46:57.309451 n bt-trace[1247]: capturing to bt-20260810-224657.btsnoop
Aug 10 22:46:57.314331 n bt-trace[30148]: pruning bt-20260810-094214.btsnoop
Aug 10 23:02:01.135801 n bt-trace[1247]: /usr/local/sbin/bt-trace: line 151: 30140 Aborted                 (core dumped) btmon -w "$CURRENT" > /dev/null 2>&1
Aug 10 23:02:01.136323 n bt-trace[1247]: btmon exited (#20) — restarting within 1s; ~1s of capture lost
Aug 10 23:02:01.140436 n bt-trace[1247]: capturing to bt-20260810-230201.btsnoop
Aug 10 23:02:01.144711 n bt-trace[32377]: pruning bt-20260810-095718.btsnoop
Aug 10 23:17:01.976970 n bt-trace[1247]: /usr/local/sbin/bt-trace: line 151: 32369 Aborted                 (core dumped) btmon -w "$CURRENT" > /dev/null 2>&1
Aug 10 23:17:01.977540 n bt-trace[1247]: btmon exited (#21) — restarting within 1s; ~1s of capture lost
Aug 10 23:17:01.982366 n bt-trace[1247]: capturing to bt-20260810-231701.btsnoop
Aug 10 23:17:01.986441 n bt-trace[34813]: pruning bt-20260810-101229.btsnoop
Aug 10 23:32:01.863549 n bt-trace[1247]: /usr/local/sbin/bt-trace: line 151: 34805 Aborted                 (core dumped) btmon -w "$CURRENT" > /dev/null 2>&1
Aug 10 23:32:01.863867 n bt-trace[1247]: btmon exited (#22) — restarting within 1s; ~1s of capture lost
Aug 10 23:32:01.868181 n bt-trace[1247]: capturing to bt-20260810-233201.btsnoop
Aug 10 23:32:01.872054 n bt-trace[36940]: pruning bt-20260810-102739.btsnoop
Aug 10 23:40:02.844545 n bt-trace[1247]: /usr/local/sbin/bt-trace: line 151: 36932 Aborted                 (core dumped) btmon -w "$CURRENT" > /dev/null 2>&1
Aug 10 23:40:02.844873 n bt-trace[1247]: btmon exited (#23) — restarting within 1s; ~1s of capture lost
Aug 10 23:40:02.849085 n bt-trace[1247]: capturing to bt-20260810-234002.btsnoop
Aug 10 23:40:02.853439 n bt-trace[38149]: pruning bt-20260810-104249.btsnoop
Aug 10 23:55:21.881738 n bt-trace[1247]: /usr/local/sbin/bt-trace: line 151: 38141 Aborted                 (core dumped) btmon -w "$CURRENT" > /dev/null 2>&1
Aug 10 23:55:21.882076 n bt-trace[1247]: btmon exited (#24) — restarting within 1s; ~1s of capture lost
Aug 10 23:55:21.886640 n bt-trace[1247]: capturing to bt-20260810-235521.btsnoop
Aug 10 23:55:21.890671 n bt-trace[39719]: pruning bt-20260810-105819.btsnoop
Aug 11 00:10:32.918590 n bt-trace[1247]: /usr/local/sbin/bt-trace: line 151: 39711 Aborted                 (core dumped) btmon -w "$CURRENT" > /dev/null 2>&1
Aug 11 00:10:32.919183 n bt-trace[1247]: btmon exited (#25) — restarting within 1s; ~1s of capture lost
Aug 11 00:10:32.923595 n bt-trace[1247]: capturing to bt-20260811-001032.btsnoop
Aug 11 00:10:32.927995 n bt-trace[41414]: pruning bt-20260810-111323.btsnoop
Aug 11 00:16:29.686195 n bt-trace[1247]: /usr/local/sbin/bt-trace: line 151: 41406 Aborted                 (core dumped) btmon -w "$CURRENT" > /dev/null 2>&1
Aug 11 00:16:29.686834 n bt-trace[1247]: btmon exited (#26) — restarting within 1s; ~1s of capture lost
Aug 11 00:16:29.691463 n bt-trace[1247]: capturing to bt-20260811-001629.btsnoop
Aug 11 00:16:29.697116 n bt-trace[43190]: pruning bt-20260810-112849.btsnoop
Aug 11 00:18:48.988218 n bt-trace[1247]: /usr/local/sbin/bt-trace: line 151: 43182 Aborted                 (core dumped) btmon -w "$CURRENT" > /dev/null 2>&1
Aug 11 00:18:48.988838 n bt-trace[1247]: btmon exited (#27) — restarting within 1s; ~1s of capture lost
Aug 11 00:18:48.992801 n bt-trace[1247]: capturing to bt-20260811-001848.btsnoop
Aug 11 00:18:48.996715 n bt-trace[43840]: pruning bt-20260810-114232.btsnoop
Aug 11 00:20:36.212926 n bt-trace[1247]: /usr/local/sbin/bt-trace: line 151: 43832 Aborted                 (core dumped) btmon -w "$CURRENT" > /dev/null 2>&1
Aug 11 00:20:36.213547 n bt-trace[1247]: btmon exited (#28) — restarting within 1s; ~1s of capture lost
Aug 11 00:20:36.217749 n bt-trace[1247]: capturing to bt-20260811-002036.btsnoop
Aug 11 00:20:36.221889 n bt-trace[44326]: pruning bt-20260810-114439.btsnoop
Aug 11 00:20:56.264009 n bt-trace[1247]: /usr/local/sbin/bt-trace: line 151: 44318 Aborted                 (core dumped) btmon -w "$CURRENT" > /dev/null 2>&1
Aug 11 00:20:56.264566 n bt-trace[1247]: btmon exited (#29) — restarting within 1s; ~1s of capture lost
Aug 11 00:20:56.269253 n bt-trace[1247]: capturing to bt-20260811-002056.btsnoop
Aug 11 00:20:56.273393 n bt-trace[47731]: pruning bt-20260810-114957.btsnoop
