Aug 17 17:36:05.669161 n bluetoothd[2862]: src/shared/mgmt.c:can_read_data() [0x0000] event 0x0013
Aug 17 17:36:05.669190 n bluetoothd[2862]: src/adapter.c:discovering_callback() hci0 type 7 discovering 0 method 0
Aug 17 17:36:05.669205 n bluetoothd[2862]: src/adapter.c:trigger_start_discovery()
Aug 17 17:36:05.669221 n bluetoothd[2862]: src/adapter.c:cancel_passive_scanning()
Aug 17 17:36:11.272945 n bluetoothd[2862]: src/adapter.c:start_discovery_timeout()
Aug 17 17:36:11.272967 n bluetoothd[2862]: src/adapter.c:start_discovery_timeout() adapter->current_discovery_filter == 0
Aug 17 17:36:11.273030 n bluetoothd[2862]: src/shared/mgmt.c:send_request() [0x0000] command 0x0023
Aug 17 17:36:11.382004 n bluetoothd[2862]: src/shared/mgmt.c:can_read_data() [0x0000] event 0x0013
Aug 17 17:36:11.382036 n bluetoothd[2862]: src/adapter.c:discovering_callback() hci0 type 7 discovering 1 method 0
Aug 17 17:36:11.382091 n bluetoothd[2862]: src/shared/mgmt.c:can_read_data() [0x0000] command 0x0023 complete: 0x00
Aug 17 17:36:11.382110 n bluetoothd[2862]: src/adapter.c:start_discovery_complete() status 0x00
Aug 17 17:36:11.440289 n bluetoothd[2862]: src/shared/mgmt.c:can_read_data() [0x0000] event 0x0012
Aug 17 17:36:11.440340 n bluetoothd[2862]: src/adapter.c:device_found_callback() hci0 addr AA:BB:CC:00:00:01, rssi -36 flags 0x0000 eir_len 22
Aug 17 17:36:11.440547 n bluetoothd[2862]: src/device.c:device_set_legacy() legacy 0
Aug 17 17:36:11.440570 n bluetoothd[2862]: src/device.c:device_set_flags() flags 6
Aug 17 17:36:12.376259 n bluetoothd[2862]: src/shared/mgmt.c:can_read_data() [0x0000] event 0x0012
Aug 17 17:36:12.376292 n bluetoothd[2862]: src/adapter.c:device_found_callback() hci0 addr AA:BB:CC:00:00:02, rssi -89 flags 0x0000 eir_len 14
Aug 17 17:36:12.376355 n bluetoothd[2862]: src/device.c:device_store_cached_name() Can't store name for private addressed device /org/bluez/hci0/dev_AA:BB:CC:00:00:02
Aug 17 17:36:12.376369 n bluetoothd[2862]: src/device.c:device_set_legacy() legacy 0
Aug 17 17:36:12.376459 n bluetoothd[2862]: src/device.c:device_set_rssi_with_delta() rssi -89 delta 10
Aug 17 17:36:12.376513 n bluetoothd[2862]: src/device.c:device_set_flags() flags 2
Aug 17 17:36:12.379862 n bluetoothd[2862]: src/shared/mgmt.c:can_read_data() [0x0000] event 0x0012
Aug 17 17:36:12.379893 n bluetoothd[2862]: src/adapter.c:device_found_callback() hci0 addr AA:BB:CC:00:00:01, rssi -37 flags 0x0000 eir_len 22
Aug 17 17:36:12.379996 n bluetoothd[2862]: src/device.c:device_set_legacy() legacy 0
Aug 17 17:36:12.380011 n bluetoothd[2862]: src/device.c:device_set_flags() flags 6
Aug 17 17:36:12.410169 n bluetoothd[2862]: src/shared/mgmt.c:can_read_data() [0x0000] event 0x0012
Aug 17 17:36:12.410193 n bluetoothd[2862]: src/adapter.c:device_found_callback() hci0 addr AA:BB:CC:00:00:03, rssi -87 flags 0x0004 eir_len 28
Aug 17 17:36:12.484201 n bluetoothd[2862]: src/shared/mgmt.c:can_read_data() [0x0000] event 0x0012
Aug 17 17:36:12.484242 n bluetoothd[2862]: src/adapter.c:device_found_callback() hci0 addr AA:BB:CC:00:00:01, rssi -36 flags 0x0000 eir_len 22
Aug 17 17:36:12.484432 n bluetoothd[2862]: src/device.c:device_set_legacy() legacy 0
Aug 17 17:36:12.484453 n bluetoothd[2862]: src/device.c:device_set_flags() flags 6
Aug 17 17:36:13.307196 n bluetoothd[2862]: src/shared/mgmt.c:can_read_data() [0x0000] event 0x0012
Aug 17 17:36:13.307224 n bluetoothd[2862]: src/adapter.c:device_found_callback() hci0 addr AA:BB:CC:00:00:02, rssi -79 flags 0x0020 eir_len 21
Aug 17 17:36:19.607496 n bluetoothd[2862]: src/shared/mgmt.c:can_read_data() [0x0000] event 0x0012
Aug 17 17:36:19.607524 n bluetoothd[2862]: src/adapter.c:device_found_callback() hci0 addr AA:BB:CC:00:00:04, rssi -42 flags 0x0000 eir_len 29
Aug 17 17:36:19.607544 n bluetoothd[2862]: src/device.c:device_create() dst AA:BB:CC:00:00:04
Aug 17 17:36:19.607555 n bluetoothd[2862]: src/device.c:device_new() address AA:BB:CC:00:00:04
Aug 17 17:36:19.607573 n bluetoothd[2862]: src/device.c:device_new() Creating device /org/bluez/hci0/dev_AA:BB:CC:00:00:04
Aug 17 17:36:19.612560 n bluetoothd[2862]: src/device.c:device_set_legacy() legacy 0
Aug 17 17:36:19.612585 n bluetoothd[2862]: src/device.c:device_set_rssi_with_delta() rssi -42
Aug 17 17:36:19.612603 n bluetoothd[2862]: src/device.c:device_set_class() /org/bluez/hci0/dev_AA:BB:CC:00:00:04 0x240404
Aug 17 17:36:22.054355 n bluetoothd[2862]: src/shared/mgmt.c:can_read_data() [0x0000] event 0x0013
Aug 17 17:36:22.054395 n bluetoothd[2862]: src/adapter.c:discovering_callback() hci0 type 7 discovering 0 method 0
Aug 17 17:36:22.054410 n bluetoothd[2862]: src/adapter.c:trigger_start_discovery()
Aug 17 17:36:22.054421 n bluetoothd[2862]: src/adapter.c:cancel_passive_scanning()
Aug 17 17:36:27.271491 n bluetoothd[2862]: src/adapter.c:start_discovery_timeout()
Aug 17 17:36:27.271529 n bluetoothd[2862]: src/adapter.c:start_discovery_timeout() adapter->current_discovery_filter == 0
Aug 17 17:36:27.271618 n bluetoothd[2862]: src/shared/mgmt.c:send_request() [0x0000] command 0x0023
Aug 17 17:36:27.380065 n bluetoothd[2862]: src/shared/mgmt.c:can_read_data() [0x0000] event 0x0013
Aug 17 17:36:27.380080 n bluetoothd[2862]: src/adapter.c:discovering_callback() hci0 type 7 discovering 1 method 0
Aug 17 17:36:27.380103 n bluetoothd[2862]: src/shared/mgmt.c:can_read_data() [0x0000] command 0x0023 complete: 0x00
Aug 17 17:36:27.380111 n bluetoothd[2862]: src/adapter.c:start_discovery_complete() status 0x00
Aug 17 17:36:30.424510 n bluetoothd[2862]: src/shared/mgmt.c:can_read_data() [0x0000] event 0x0012
Aug 17 17:36:30.424544 n bluetoothd[2862]: src/adapter.c:device_found_callback() hci0 addr AA:BB:CC:00:00:02, rssi -81 flags 0x0000 eir_len 14
Aug 17 17:36:30.424611 n bluetoothd[2862]: src/device.c:device_store_cached_name() Can't store name for private addressed device /org/bluez/hci0/dev_AA:BB:CC:00:00:02
Aug 17 17:36:30.424624 n bluetoothd[2862]: src/device.c:device_set_legacy() legacy 0
Aug 17 17:36:30.424637 n bluetoothd[2862]: src/device.c:device_set_rssi_with_delta() rssi -81 delta 8
Aug 17 17:36:30.424670 n bluetoothd[2862]: src/device.c:device_set_flags() flags 2
Aug 17 17:36:30.424712 n bluetoothd[2862]: src/shared/mgmt.c:can_read_data() [0x0000] event 0x0012
Aug 17 17:36:30.424725 n bluetoothd[2862]: src/adapter.c:device_found_callback() hci0 addr AA:BB:CC:00:00:03, rssi -91 flags 0x0004 eir_len 28
Aug 17 17:36:30.428179 n bluetoothd[2862]: src/shared/mgmt.c:can_read_data() [0x0000] event 0x0012
Aug 17 17:36:30.428205 n bluetoothd[2862]: src/adapter.c:device_found_callback() hci0 addr AA:BB:CC:00:00:02, rssi -83 flags 0x0020 eir_len 21
Aug 17 17:36:32.800137 n bluetoothd[2862]: src/shared/mgmt.c:can_read_data() [0x0000] event 0x0012
Aug 17 17:36:32.800164 n bluetoothd[2862]: src/adapter.c:device_found_callback() hci0 addr AA:BB:CC:00:00:05, rssi -89 flags 0x0000 eir_len 18
Aug 17 17:36:32.800181 n bluetoothd[2862]: src/device.c:device_create() dst AA:BB:CC:00:00:05
Aug 17 17:36:32.800189 n bluetoothd[2862]: src/device.c:device_new() address AA:BB:CC:00:00:05
Aug 17 17:36:32.800200 n bluetoothd[2862]: src/device.c:device_new() Creating device /org/bluez/hci0/dev_AA:BB:CC:00:00:05
Aug 17 17:36:32.800235 n bluetoothd[2862]: src/device.c:device_set_legacy() legacy 0
Aug 17 17:36:32.800247 n bluetoothd[2862]: src/device.c:device_set_rssi_with_delta() rssi -89
Aug 17 17:36:32.800254 n bluetoothd[2862]: src/device.c:device_set_tx_power() tx_power 0
Aug 17 17:36:32.800262 n bluetoothd[2862]: src/device.c:device_set_flags() flags 26
Aug 17 17:36:33.048170 n bluetoothd[2862]: src/shared/mgmt.c:can_read_data() [0x0000] event 0x0012
Aug 17 17:36:33.048187 n bluetoothd[2862]: src/adapter.c:device_found_callback() hci0 addr AA:BB:CC:00:00:04, rssi -49 flags 0x0000 eir_len 29
Aug 17 17:36:33.048247 n bluetoothd[2862]: src/device.c:device_set_legacy() legacy 0
Aug 17 17:36:37.925696 n bluetoothd[2862]: src/shared/mgmt.c:can_read_data() [0x0000] event 0x0013
Aug 17 17:36:37.925721 n bluetoothd[2862]: src/adapter.c:discovering_callback() hci0 type 7 discovering 0 method 0
Aug 17 17:36:37.925733 n bluetoothd[2862]: src/adapter.c:trigger_start_discovery()
Aug 17 17:36:37.925746 n bluetoothd[2862]: src/adapter.c:cancel_passive_scanning()
Aug 17 17:36:42.270380 n bluetoothd[2862]: src/device.c:device_remove() Removing device /org/bluez/hci0/dev_AA:BB:CC:00:00:01
Aug 17 17:36:42.276475 n bluetoothd[2862]: src/device.c:btd_device_unref() Freeing device /org/bluez/hci0/dev_AA:BB:CC:00:00:01
Aug 17 17:36:42.276491 n bluetoothd[2862]: src/device.c:device_free() 0x5c48e5e89ff0
Aug 17 17:36:43.267383 n bluetoothd[2862]: src/adapter.c:start_discovery_timeout()
Aug 17 17:36:43.267400 n bluetoothd[2862]: src/adapter.c:start_discovery_timeout() adapter->current_discovery_filter == 0
Aug 17 17:36:43.267465 n bluetoothd[2862]: src/shared/mgmt.c:send_request() [0x0000] command 0x0023
Aug 17 17:36:43.376283 n bluetoothd[2862]: src/shared/mgmt.c:can_read_data() [0x0000] event 0x0013
Aug 17 17:36:43.376300 n bluetoothd[2862]: src/adapter.c:discovering_callback() hci0 type 7 discovering 1 method 0
Aug 17 17:36:43.376344 n bluetoothd[2862]: src/shared/mgmt.c:can_read_data() [0x0000] command 0x0023 complete: 0x00
Aug 17 17:36:43.376355 n bluetoothd[2862]: src/adapter.c:start_discovery_complete() status 0x00
Aug 17 17:36:44.524405 n bluetoothd[2862]: src/shared/mgmt.c:can_read_data() [0x0000] event 0x0012
Aug 17 17:36:44.524443 n bluetoothd[2862]: src/adapter.c:device_found_callback() hci0 addr AA:BB:CC:00:00:02, rssi -80 flags 0x0000 eir_len 35
Aug 17 17:36:44.524480 n bluetoothd[2862]: src/device.c:device_store_cached_name() Can't store name for private addressed device /org/bluez/hci0/dev_AA:BB:CC:00:00:02
Aug 17 17:36:44.524517 n bluetoothd[2862]: src/device.c:device_set_legacy() legacy 0
Aug 17 17:36:44.524552 n bluetoothd[2862]: src/device.c:device_set_flags() flags 2
Aug 17 17:36:45.360249 n bluetoothd[2862]: src/adapter.c:stop_discovery() sender :1.141
Aug 17 17:36:45.360271 n bluetoothd[2862]: src/adapter.c:set_discoverable() sending set mode command for index 0
Aug 17 17:36:45.360281 n bluetoothd[2862]: src/adapter.c:set_mode() sending set mode command for index 0
Aug 17 17:36:45.360300 n bluetoothd[2862]: src/device.c:btd_device_set_temporary() temporary 0
Aug 17 17:36:45.360324 n bluetoothd[2862]: src/agent.c:agent_ref() 0x5c48e5e7e750: ref=2
Aug 17 17:36:45.360336 n bluetoothd[2862]: src/device.c:bonding_request_new() Requesting bonding for AA:BB:CC:00:00:04
Aug 17 17:36:45.360345 n bluetoothd[2862]: src/agent.c:agent_ref() 0x5c48e5e7e750: ref=3
Aug 17 17:36:45.360356 n bluetoothd[2862]: src/agent.c:agent_unref() 0x5c48e5e7e750: ref=2
Aug 17 17:36:45.360370 n bluetoothd[2862]: src/adapter.c:suspend_discovery()
Aug 17 17:36:45.360377 n bluetoothd[2862]: src/adapter.c:adapter_bonding_attempt() hci0 bdaddr AA:BB:CC:00:00:04 type 0 io_cap 0x01
Aug 17 17:36:45.360416 n bluetoothd[2862]: src/shared/mgmt.c:send_request() [0x0000] command 0x0007
Aug 17 17:36:45.363397 n bluetoothd[2862]: src/shared/mgmt.c:can_read_data() [0x0000] command 0x0007 complete: 0x00
Aug 17 17:36:45.363414 n bluetoothd[2862]: src/adapter.c:new_settings_callback() Settings: 0x00000ad1
Aug 17 17:36:45.363424 n bluetoothd[2862]: src/adapter.c:settings_changed() Changed settings: 0x0000000a
Aug 17 17:36:45.363434 n bluetoothd[2862]: src/adapter.c:settings_changed() Pending settings: 0x00000000
Aug 17 17:36:45.365941 n bluetoothd[2862]: src/shared/mgmt.c:send_request() [0x0000] command 0x0024
Aug 17 17:36:45.368285 n bluetoothd[2862]: src/shared/mgmt.c:can_read_data() [0x0000] command 0x0024 complete: 0x00
Aug 17 17:36:45.368295 n bluetoothd[2862]: src/adapter.c:stop_discovery_complete() status 0x00
Aug 17 17:36:45.368313 n bluetoothd[2862]: src/adapter.c:discovery_remove() owner :1.141
Aug 17 17:36:45.368330 n bluetoothd[2862]: src/device.c:device_set_rssi_with_delta() rssi 0
Aug 17 17:36:45.368340 n bluetoothd[2862]: src/device.c:device_set_tx_power() tx_power 127
Aug 17 17:36:45.368355 n bluetoothd[2862]: src/device.c:device_set_rssi_with_delta() rssi 0
Aug 17 17:36:45.368410 n bluetoothd[2862]: src/device.c:device_set_rssi_with_delta() rssi 0
Aug 17 17:36:45.368427 n bluetoothd[2862]: src/adapter.c:trigger_passive_scanning()
Aug 17 17:36:45.368453 n bluetoothd[2862]: src/shared/mgmt.c:can_read_data() [0x0000] event 0x0013
Aug 17 17:36:45.368462 n bluetoothd[2862]: src/adapter.c:discovering_callback() hci0 type 7 discovering 0 method 0
Aug 17 17:36:45.368500 n bluetoothd[2862]: src/shared/mgmt.c:send_request() [0x0000] command 0x0033
Aug 17 17:36:45.368520 n bluetoothd[2862]: src/shared/mgmt.c:can_read_data() [0x0000] event 0x002a
Aug 17 17:36:45.368540 n bluetoothd[2862]: src/shared/mgmt.c:can_read_data() [0x0000] command 0x0033 complete: 0x00
Aug 17 17:36:45.368549 n bluetoothd[2862]: src/adapter.c:add_accept_list_complete() AA:BB:CC:00:00:04 added to kernel accept list
Aug 17 17:36:45.368577 n bluetoothd[2862]: src/shared/mgmt.c:send_request() [0x0000] command 0x0024
Aug 17 17:36:45.368595 n bluetoothd[2862]: src/shared/mgmt.c:can_read_data() [0x0000] command 0x0024 complete: 0x0b
Aug 17 17:36:45.368603 n bluetoothd[2862]: src/adapter.c:suspend_discovery_complete() status 0x0b
Aug 17 17:36:45.368668 n bluetoothd[2862]: src/shared/mgmt.c:send_request() [0x0000] command 0x0019
Aug 17 17:36:45.695480 n bluetoothd[2862]: src/shared/mgmt.c:can_read_data() [0x0000] event 0x000b
Aug 17 17:36:45.695512 n bluetoothd[2862]: src/adapter.c:connected_callback() hci0 device AA:BB:CC:00:00:04 connected eir_len 19
Aug 17 17:36:46.393441 n bluetoothd[2862]: src/shared/mgmt.c:can_read_data() [0x0000] event 0x0009
Aug 17 17:36:46.393463 n bluetoothd[2862]: src/adapter.c:new_link_key_callback() hci0 new key for AA:BB:CC:00:00:04 type 4 pin_len 0 store_hint 1
Aug 17 17:36:46.399802 n bluetoothd[2862]: src/device.c:device_set_bonded() setting bonded for device to true
Aug 17 17:36:46.399819 n bluetoothd[2862]: src/device.c:device_bonding_complete() bonding 0x5c48e5e7b410 status 0x00
Aug 17 17:36:46.399825 n bluetoothd[2862]: src/device.c:device_bonding_complete() Proceeding with service discovery
Aug 17 17:36:46.399886 n bluetoothd[2862]: src/agent.c:agent_unref() 0x5c48e5e7e750: ref=1
Aug 17 17:36:46.399898 n bluetoothd[2862]: src/adapter.c:resume_discovery()
Aug 17 17:36:46.492341 n bluetoothd[2862]: src/shared/mgmt.c:can_read_data() [0x0000] command 0x0019 complete: 0x00
Aug 17 17:36:46.492363 n bluetoothd[2862]: src/adapter.c:pair_device_complete() Success (0x00)
Aug 17 17:36:46.492371 n bluetoothd[2862]: src/adapter.c:bonding_attempt_complete() hci0 bdaddr AA:BB:CC:00:00:04 type 0 status 0x0
Aug 17 17:36:46.492384 n bluetoothd[2862]: src/device.c:device_bonding_complete() bonding (nil) status 0x00
Aug 17 17:36:46.492392 n bluetoothd[2862]: src/adapter.c:resume_discovery()
Aug 17 17:36:46.568537 n bluetoothd[2862]: profiles/audio/avrcp.c:avrcp_controller_probe() path /org/bluez/hci0/dev_AA:BB:CC:00:00:04
Aug 17 17:36:46.568557 n bluetoothd[2862]: profiles/audio/control.c:control_init() Registered interface org.bluez.MediaControl1 on path /org/bluez/hci0/dev_AA:BB:CC:00:00:04
Aug 17 17:36:46.568567 n bluetoothd[2862]: src/service.c:btd_service_ref() 0x5c48e5ea34a0: ref=2
Aug 17 17:36:46.568578 n bluetoothd[2862]: src/service.c:change_state() 0x5c48e5ea34a0: device AA:BB:CC:00:00:04 profile avrcp-controller state changed: unavailable -> disconnected (0)
Aug 17 17:36:46.568594 n bluetoothd[2862]: profiles/audio/avrcp.c:avrcp_target_probe() path /org/bluez/hci0/dev_AA:BB:CC:00:00:04
Aug 17 17:36:46.568603 n bluetoothd[2862]: src/service.c:btd_service_ref() 0x5c48e5e891d0: ref=2
Aug 17 17:36:46.568613 n bluetoothd[2862]: src/service.c:change_state() 0x5c48e5e891d0: device AA:BB:CC:00:00:04 profile audio-avrcp-target state changed: unavailable -> disconnected (0)
Aug 17 17:36:46.568624 n bluetoothd[2862]: profiles/audio/a2dp.c:a2dp_source_probe() path /org/bluez/hci0/dev_AA:BB:CC:00:00:04
Aug 17 17:36:46.568632 n bluetoothd[2862]: profiles/audio/source.c:source_init() /org/bluez/hci0/dev_AA:BB:CC:00:00:04
Aug 17 17:36:46.568641 n bluetoothd[2862]: src/service.c:btd_service_ref() 0x5c48e5ea0170: ref=2
Aug 17 17:36:46.568650 n bluetoothd[2862]: src/service.c:change_state() 0x5c48e5ea0170: device AA:BB:CC:00:00:04 profile a2dp-source state changed: unavailable -> disconnected (0)
Aug 17 17:36:46.568661 n bluetoothd[2862]: profiles/audio/a2dp.c:a2dp_sink_probe() path /org/bluez/hci0/dev_AA:BB:CC:00:00:04
Aug 17 17:36:46.568672 n bluetoothd[2862]: profiles/audio/sink.c:sink_init() /org/bluez/hci0/dev_AA:BB:CC:00:00:04
Aug 17 17:36:46.568685 n bluetoothd[2862]: src/service.c:btd_service_ref() 0x5c48e5e8aed0: ref=2
Aug 17 17:36:46.568694 n bluetoothd[2862]: src/service.c:change_state() 0x5c48e5e8aed0: device AA:BB:CC:00:00:04 profile a2dp-sink state changed: unavailable -> disconnected (0)
Aug 17 17:36:46.568709 n bluetoothd[2862]: src/profile.c:ext_device_probe() Hands-Free Voice gateway probed with UUID <UUID-01>
Aug 17 17:36:46.568718 n bluetoothd[2862]: src/service.c:change_state() 0x5c48e5e8af50: device AA:BB:CC:00:00:04 profile Hands-Free Voice gateway state changed: unavailable -> disconnected (0)
Aug 17 17:36:46.568834 n bluetoothd[2862]: src/device.c:device_svc_resolved() /org/bluez/hci0/dev_AA:BB:CC:00:00:04 err 0
Aug 17 17:36:46.571071 n bluetoothd[2862]: src/device.c:btd_device_set_trusted() trusted 1
Aug 17 17:36:46.571110 n bluetoothd[2862]: src/device.c:connect_profiles() /org/bluez/hci0/dev_AA:BB:CC:00:00:04 (all), client :1.141
Aug 17 17:36:46.571129 n bluetoothd[2862]: src/service.c:btd_service_ref() 0x5c48e5e8af50: ref=2
Aug 17 17:36:46.571136 n bluetoothd[2862]: src/service.c:change_state() 0x5c48e5e8af50: device AA:BB:CC:00:00:04 profile Hands-Free Voice gateway state changed: disconnected -> connecting (0)
Aug 17 17:36:46.618400 n bluetoothd[2862]: src/profile.c:ext_connect() Hands-Free Voice gateway connected to AA:BB:CC:00:00:04
Aug 17 17:36:46.619006 n bluetoothd[2862]: src/service.c:change_state() 0x5c48e5e8af50: device AA:BB:CC:00:00:04 profile Hands-Free Voice gateway state changed: connecting -> connected (0)
Aug 17 17:36:46.619019 n bluetoothd[2862]: src/device.c:device_profile_connected() Hands-Free Voice gateway Success (0)
Aug 17 17:36:46.619027 n bluetoothd[2862]: profiles/audio/a2dp.c:a2dp_sink_connect() path /org/bluez/hci0/dev_AA:BB:CC:00:00:04
Aug 17 17:36:46.619037 n bluetoothd[2862]: profiles/audio/avdtp.c:avdtp_ref() 0x5c48e5e8f860: ref=1
Aug 17 17:36:46.619045 n bluetoothd[2862]: profiles/audio/avdtp.c:avdtp_ref() 0x5c48e5e8f860: ref=2
Aug 17 17:36:46.619051 n bluetoothd[2862]: profiles/audio/a2dp.c:setup_ref() 0x5c48e5e8e060: ref=1
Aug 17 17:36:46.619089 n bluetoothd[2862]: profiles/audio/source.c:source_set_state() State changed /org/bluez/hci0/dev_AA:BB:CC:00:00:04: SOURCE_STATE_DISCONNECTED -> SOURCE_STATE_CONNECTING
Aug 17 17:36:46.619096 n bluetoothd[2862]: profiles/audio/sink.c:sink_set_state() State changed /org/bluez/hci0/dev_AA:BB:CC:00:00:04: SINK_STATE_DISCONNECTED -> SINK_STATE_CONNECTING
Aug 17 17:36:46.619103 n bluetoothd[2862]: profiles/audio/sink.c:sink_connect() stream creation in progress
Aug 17 17:36:46.619110 n bluetoothd[2862]: src/service.c:change_state() 0x5c48e5e8aed0: device AA:BB:CC:00:00:04 profile a2dp-sink state changed: disconnected -> connecting (0)
Aug 17 17:36:46.619118 n bluetoothd[2862]: plugins/policy.c:policy_connect() /org/bluez/hci0/dev_AA:BB:CC:00:00:04 profile a2dp-sink
Aug 17 17:36:46.619126 n bluetoothd[2862]: src/service.c:btd_service_ref() 0x5c48e5e8af50: ref=3
Aug 17 17:36:46.619139 n bluetoothd[2862]: plugins/policy.c:service_cb() Added Hands-Free Voice gateway reconnect 0
Aug 17 17:36:46.631380 n bluetoothd[2862]: profiles/audio/avdtp.c:avdtp_connect_cb() AVDTP: connected signaling channel to AA:BB:CC:00:00:04
Aug 17 17:36:46.631390 n bluetoothd[2862]: profiles/audio/avdtp.c:avdtp_connect_cb() AVDTP imtu=672, omtu=672
Aug 17 17:36:46.636360 n bluetoothd[2862]: profiles/audio/avdtp.c:session_cb()
Aug 17 17:36:46.636379 n bluetoothd[2862]: profiles/audio/avdtp.c:avdtp_parse_resp() DISCOVER request succeeded
Aug 17 17:36:46.636387 n bluetoothd[2862]: profiles/audio/avdtp.c:avdtp_discover_resp() seid 3 type 0 media 0 in use 0
Aug 17 17:36:46.636396 n bluetoothd[2862]: profiles/audio/avdtp.c:avdtp_discover_resp() seid 2 type 1 media 0 in use 0
Aug 17 17:36:46.636405 n bluetoothd[2862]: profiles/audio/avdtp.c:avdtp_discover_resp() seid 1 type 1 media 0 in use 0
Aug 17 17:36:46.641355 n bluetoothd[2862]: profiles/audio/avdtp.c:session_cb()
Aug 17 17:36:46.641369 n bluetoothd[2862]: profiles/audio/avdtp.c:avdtp_parse_resp() GET_ALL_CAPABILITIES request succeeded
Aug 17 17:36:46.641376 n bluetoothd[2862]: profiles/audio/avdtp.c:avdtp_get_capabilities_resp() seid 3 type 0 media 0
Aug 17 17:36:46.648356 n bluetoothd[2862]: profiles/audio/avdtp.c:session_cb()
Aug 17 17:36:46.648373 n bluetoothd[2862]: profiles/audio/avdtp.c:avdtp_parse_resp() GET_ALL_CAPABILITIES request succeeded
Aug 17 17:36:46.648380 n bluetoothd[2862]: profiles/audio/avdtp.c:avdtp_get_capabilities_resp() seid 2 type 1 media 0
Aug 17 17:36:46.652371 n bluetoothd[2862]: profiles/audio/avdtp.c:session_cb()
Aug 17 17:36:46.652386 n bluetoothd[2862]: profiles/audio/avdtp.c:avdtp_parse_resp() GET_ALL_CAPABILITIES request succeeded
Aug 17 17:36:46.652393 n bluetoothd[2862]: profiles/audio/avdtp.c:avdtp_get_capabilities_resp() seid 1 type 1 media 0
Aug 17 17:36:46.652401 n bluetoothd[2862]: profiles/audio/a2dp.c:discover_cb() version 0x0103 err (nil)
Aug 17 17:36:46.652423 n bluetoothd[2862]: profiles/audio/a2dp.c:register_remote_sep() Found remote SEP: /org/bluez/hci0/dev_AA:BB:CC:00:00:04/sep3
Aug 17 17:36:46.652436 n bluetoothd[2862]: profiles/audio/a2dp.c:register_remote_sep() Found remote SEP: /org/bluez/hci0/dev_AA:BB:CC:00:00:04/sep2
Aug 17 17:36:46.652450 n bluetoothd[2862]: profiles/audio/a2dp.c:register_remote_sep() Found remote SEP: /org/bluez/hci0/dev_AA:BB:CC:00:00:04/sep1
Aug 17 17:36:46.655248 n bluetoothd[2862]: profiles/audio/sink.c:discovery_complete() Discovery complete
Aug 17 17:36:46.655263 n bluetoothd[2862]: profiles/audio/a2dp.c:setup_ref() 0x5c48e5e8e060: ref=2
Aug 17 17:36:46.655271 n bluetoothd[2862]: profiles/audio/a2dp.c:setup_ref() 0x5c48e5e8e060: ref=3
Aug 17 17:36:46.655361 n bluetoothd[2862]: profiles/audio/media.c:media_endpoint_async_call() Calling SelectConfiguration: name = :1.86 path = /MediaEndpoint/A2DPSource/sbc
Aug 17 17:36:46.655369 n bluetoothd[2862]: profiles/audio/a2dp.c:setup_unref() 0x5c48e5e8e060: ref=2
Aug 17 17:36:46.657743 n bluetoothd[2862]: profiles/audio/a2dp.c:a2dp_config() a2dp_config: selected SEP 0x5c48e5e64080
Aug 17 17:36:46.657753 n bluetoothd[2862]: profiles/audio/a2dp.c:setup_ref() 0x5c48e5e8e060: ref=3
Aug 17 17:36:46.657760 n bluetoothd[2862]: profiles/audio/avdtp.c:avdtp_set_configuration() 0x5c48e5e8f860: int_seid=7, acp_seid=2
Aug 17 17:36:46.657773 n bluetoothd[2862]: profiles/audio/a2dp.c:setup_unref() 0x5c48e5e8e060: ref=2
Aug 17 17:36:46.657780 n bluetoothd[2862]: profiles/audio/a2dp.c:setup_unref() 0x5c48e5e8e060: ref=1
Aug 17 17:36:46.663354 n bluetoothd[2862]: profiles/audio/avdtp.c:session_cb()
Aug 17 17:36:46.663369 n bluetoothd[2862]: profiles/audio/avdtp.c:avdtp_parse_resp() SET_CONFIGURATION request succeeded
Aug 17 17:36:46.663376 n bluetoothd[2862]: profiles/audio/a2dp.c:setconf_cfm() Source 0x5c48e5e64080: Set_Configuration_Cfm
Aug 17 17:36:46.663384 n bluetoothd[2862]: profiles/audio/a2dp.c:setup_ref() 0x5c48e5e8e060: ref=2
Aug 17 17:36:46.663448 n bluetoothd[2862]: profiles/audio/media.c:media_endpoint_async_call() Calling SetConfiguration: name = :1.86 path = /MediaEndpoint/A2DPSource/sbc
Aug 17 17:36:46.663456 n bluetoothd[2862]: profiles/audio/avdtp.c:avdtp_sep_set_state() stream state changed: IDLE -> CONFIGURED
Aug 17 17:36:46.664494 n bluetoothd[2862]: profiles/audio/a2dp.c:setup_unref() 0x5c48e5e8e060: ref=1
Aug 17 17:36:46.668360 n bluetoothd[2862]: profiles/audio/avdtp.c:session_cb()
Aug 17 17:36:46.668375 n bluetoothd[2862]: profiles/audio/avdtp.c:avdtp_parse_resp() OPEN request succeeded
Aug 17 17:36:46.672355 n bluetoothd[2862]: profiles/audio/avdtp.c:session_cb()
Aug 17 17:36:46.672368 n bluetoothd[2862]: profiles/audio/avdtp.c:avdtp_parse_cmd() Received DELAY_REPORT_CMD
Aug 17 17:36:46.672377 n bluetoothd[2862]: profiles/audio/a2dp.c:endpoint_delayreport_ind() Source 0x5c48e5e64080: DelayReport_Ind
Aug 17 17:36:46.682385 n bluetoothd[2862]: profiles/audio/avdtp.c:avdtp_connect_cb() AVDTP: connected transport channel to AA:BB:CC:00:00:04
Aug 17 17:36:46.682399 n bluetoothd[2862]: profiles/audio/avdtp.c:handle_transport_connect() Flushable packets enabled
Aug 17 17:36:46.682405 n bluetoothd[2862]: profiles/audio/avdtp.c:handle_transport_connect() sk 42, omtu 672, send buffer size 106496
Aug 17 17:36:46.682412 n bluetoothd[2862]: profiles/audio/a2dp.c:open_cfm() Source 0x5c48e5e64080: Open_Cfm
Aug 17 17:36:46.684394 n bluetoothd[2862]: profiles/audio/a2dp.c:setup_unref() 0x5c48e5e8e060: ref=0
Aug 17 17:36:46.684404 n bluetoothd[2862]: profiles/audio/a2dp.c:setup_free() 0x5c48e5e8e060
Aug 17 17:36:46.684411 n bluetoothd[2862]: profiles/audio/avdtp.c:avdtp_unref() 0x5c48e5e8f860: ref=1
Aug 17 17:36:46.684419 n bluetoothd[2862]: profiles/audio/avdtp.c:avdtp_sep_set_state() stream state changed: CONFIGURED -> OPEN
Aug 17 17:36:46.684429 n bluetoothd[2862]: src/service.c:change_state() 0x5c48e5e8aed0: device AA:BB:CC:00:00:04 profile a2dp-sink state changed: connecting -> connected (0)
Aug 17 17:36:46.684438 n bluetoothd[2862]: src/device.c:device_profile_connected() a2dp-sink Success (0)
Aug 17 17:36:46.684446 n bluetoothd[2862]: profiles/audio/a2dp.c:a2dp_source_connect() path /org/bluez/hci0/dev_AA:BB:CC:00:00:04
Aug 17 17:36:46.684454 n bluetoothd[2862]: src/service.c:btd_service_connect() a2dp-source profile connect failed for AA:BB:CC:00:00:04: Device or resource busy
Aug 17 17:36:46.684466 n bluetoothd[2862]: src/device.c:device_profile_connected() returning response to :1.141
Aug 17 17:36:46.684492 n bluetoothd[2862]: plugins/policy.c:policy_connect() /org/bluez/hci0/dev_AA:BB:CC:00:00:04 profile avrcp-controller
Aug 17 17:36:46.684500 n bluetoothd[2862]: profiles/audio/avrcp.c:avrcp_connect() path /org/bluez/hci0/dev_AA:BB:CC:00:00:04
Aug 17 17:36:46.684510 n bluetoothd[2862]: profiles/audio/avctp.c:avctp_set_state() AVCTP Connecting
Aug 17 17:36:46.684567 n bluetoothd[2862]: src/service.c:change_state() 0x5c48e5ea34a0: device AA:BB:CC:00:00:04 profile avrcp-controller state changed: disconnected -> connecting (0)
Aug 17 17:36:46.684575 n bluetoothd[2862]: src/service.c:btd_service_ref() 0x5c48e5e8aed0: ref=3
Aug 17 17:36:46.684589 n bluetoothd[2862]: plugins/policy.c:service_cb() Added a2dp-sink reconnect 1
Aug 17 17:36:46.684596 n bluetoothd[2862]: profiles/audio/sink.c:sink_set_state() State changed /org/bluez/hci0/dev_AA:BB:CC:00:00:04: SINK_STATE_CONNECTING -> SINK_STATE_CONNECTED
Aug 17 17:36:46.684603 n bluetoothd[2862]: profiles/audio/transport.c:transport_update_playing() /org/bluez/hci0/dev_AA:BB:CC:00:00:04/sep2/fd0 State=TRANSPORT_STATE_IDLE Playing=0
Aug 17 17:36:46.684636 n bluetoothd[2862]: src/profile.c:ext_io_disconnected() Unable to get io data for Hands-Free Voice gateway: getpeername: Transport endpoint is not connected (107)
Aug 17 17:36:46.684644 n bluetoothd[2862]: src/service.c:change_state() 0x5c48e5e8af50: device AA:BB:CC:00:00:04 profile Hands-Free Voice gateway state changed: connected -> disconnected (0)
Aug 17 17:36:46.684658 n bluetoothd[2862]: src/service.c:btd_service_unref() 0x5c48e5e8af50: ref=2
Aug 17 17:36:46.684916 n bluetoothd[2862]: src/adapter.c:set_discovery_filter() sender :1.141
Aug 17 17:36:46.684926 n bluetoothd[2862]: src/adapter.c:parse_discovery_filter_dict() filtered discovery params: transport: 7 rssi: 32767 pathloss: 32767  duplicate data: false discoverable true pattern (null)
Aug 17 17:36:46.685118 n bluetoothd[2862]: src/adapter.c:start_discovery() sender :1.141
Aug 17 17:36:46.685130 n bluetoothd[2862]: src/adapter.c:update_discovery_filter()
Aug 17 17:36:46.685136 n bluetoothd[2862]: src/adapter.c:discovery_filter_to_mgmt_cp()
Aug 17 17:36:46.685145 n bluetoothd[2862]: src/adapter.c:set_discoverable() sending set mode command for index 0
Aug 17 17:36:46.685156 n bluetoothd[2862]: src/adapter.c:set_mode() sending set mode command for index 0
Aug 17 17:36:46.685166 n bluetoothd[2862]: src/adapter.c:trigger_start_discovery()
Aug 17 17:36:46.685173 n bluetoothd[2862]: src/adapter.c:cancel_passive_scanning()
Aug 17 17:36:46.685212 n bluetoothd[2862]: src/shared/mgmt.c:send_request() [0x0000] command 0x0007
Aug 17 17:36:46.685233 n bluetoothd[2862]: src/adapter.c:start_discovery_timeout()
Aug 17 17:36:46.685258 n bluetoothd[2862]: src/adapter.c:start_discovery_timeout() adapter->current_discovery_filter == 0
Aug 17 17:36:46.685281 n bluetoothd[2862]: src/shared/mgmt.c:can_read_data() [0x0000] command 0x0007 complete: 0x00
Aug 17 17:36:46.685291 n bluetoothd[2862]: src/adapter.c:new_settings_callback() Settings: 0x00000ad3
Aug 17 17:36:46.685297 n bluetoothd[2862]: src/adapter.c:settings_changed() Changed settings: 0x00000002
Aug 17 17:36:46.685304 n bluetoothd[2862]: src/adapter.c:settings_changed() Pending settings: 0x00000000
Aug 17 17:36:46.685385 n bluetoothd[2862]: src/shared/mgmt.c:send_request() [0x0000] command 0x0006
Aug 17 17:36:46.689429 n bluetoothd[2862]: profiles/audio/avctp.c:avctp_confirm_cb() AVCTP: incoming connect from AA:BB:CC:00:00:04
Aug 17 17:36:46.689441 n bluetoothd[2862]: profiles/audio/avctp.c:avctp_control_confirm() Control: Refusing unexpected connect
Aug 17 17:36:46.689462 n bluetoothd[2862]: src/service.c:change_state() 0x5c48e5ea34a0: device AA:BB:CC:00:00:04 profile avrcp-controller state changed: connecting -> disconnected (-11)
Aug 17 17:36:46.689471 n bluetoothd[2862]: src/device.c:device_profile_connected() avrcp-controller Resource temporarily unavailable (11)
Aug 17 17:36:46.689486 n bluetoothd[2862]: profiles/audio/avctp.c:avctp_set_state() AVCTP Disconnected
Aug 17 17:36:46.694332 n bluetoothd[2862]: src/shared/mgmt.c:can_read_data() [0x0000] command 0x0006 complete: 0x00
Aug 17 17:36:46.694343 n bluetoothd[2862]: src/adapter.c:new_settings_callback() Settings: 0x00000adb
Aug 17 17:36:46.694350 n bluetoothd[2862]: src/adapter.c:settings_changed() Changed settings: 0x00000008
Aug 17 17:36:46.694357 n bluetoothd[2862]: src/adapter.c:settings_changed() Pending settings: 0x00000000
Aug 17 17:36:46.694397 n bluetoothd[2862]: src/shared/mgmt.c:send_request() [0x0000] command 0x0023
Aug 17 17:36:46.710339 n bluetoothd[2862]: src/shared/mgmt.c:can_read_data() [0x0000] event 0x0013
Aug 17 17:36:46.710352 n bluetoothd[2862]: src/adapter.c:discovering_callback() hci0 type 7 discovering 1 method 0
Aug 17 17:36:46.710373 n bluetoothd[2862]: src/shared/mgmt.c:can_read_data() [0x0000] command 0x0023 complete: 0x00
Aug 17 17:36:46.710380 n bluetoothd[2862]: src/adapter.c:start_discovery_complete() status 0x00
Aug 17 17:36:46.793481 n bluetoothd[2862]: src/shared/mgmt.c:can_read_data() [0x0000] event 0x0012
Aug 17 17:36:46.793506 n bluetoothd[2862]: src/adapter.c:device_found_callback() hci0 addr AA:BB:CC:00:00:01, rssi -37 flags 0x0000 eir_len 22
Aug 17 17:36:46.793527 n bluetoothd[2862]: src/device.c:device_create() dst AA:BB:CC:00:00:01
Aug 17 17:36:46.793537 n bluetoothd[2862]: src/device.c:device_new() address AA:BB:CC:00:00:01
Aug 17 17:36:46.793554 n bluetoothd[2862]: src/device.c:device_new() Creating device /org/bluez/hci0/dev_AA:BB:CC:00:00:01
Aug 17 17:36:46.793739 n bluetoothd[2862]: src/device.c:device_set_legacy() legacy 0
Aug 17 17:36:46.793753 n bluetoothd[2862]: src/device.c:device_set_rssi_with_delta() rssi -37
Aug 17 17:36:46.793766 n bluetoothd[2862]: src/device.c:device_set_flags() flags 6
Aug 17 17:36:48.268445 n bluetoothd[2862]: plugins/policy.c:policy_connect() /org/bluez/hci0/dev_AA:BB:CC:00:00:04 profile avrcp-controller
Aug 17 17:36:48.268465 n bluetoothd[2862]: profiles/audio/avrcp.c:avrcp_connect() path /org/bluez/hci0/dev_AA:BB:CC:00:00:04
Aug 17 17:36:48.268474 n bluetoothd[2862]: profiles/audio/avctp.c:avctp_set_state() AVCTP Connecting
Aug 17 17:36:48.268539 n bluetoothd[2862]: src/service.c:change_state() 0x5c48e5ea34a0: device AA:BB:CC:00:00:04 profile avrcp-controller state changed: disconnected -> connecting (0)
Aug 17 17:36:48.384859 n bluetoothd[2862]: profiles/audio/avctp.c:avctp_connect_cb() AVCTP: connected to AA:BB:CC:00:00:04
Aug 17 17:36:48.385398 n bluetoothd[2862]: profiles/audio/avctp.c:init_uinput() AVRCP: uinput initialized for Tronsmart T8
Aug 17 17:36:48.385433 n bluetoothd[2862]: profiles/audio/avrcp.c:controller_init() 0x5c48e5ea0ab0 version 0x0106
Aug 17 17:36:48.385450 n bluetoothd[2862]: src/service.c:change_state() 0x5c48e5e891d0: device AA:BB:CC:00:00:04 profile audio-avrcp-target state changed: disconnected -> connected (0)
Aug 17 17:36:48.385472 n bluetoothd[2862]: profiles/audio/avrcp.c:target_init() 0x5c48e5e8f210 version 0x0106
Aug 17 17:36:48.385489 n bluetoothd[2862]: src/service.c:change_state() 0x5c48e5ea34a0: device AA:BB:CC:00:00:04 profile avrcp-controller state changed: connecting -> connected (0)
Aug 17 17:36:48.385510 n bluetoothd[2862]: src/device.c:device_profile_connected() avrcp-controller Success (0)
Aug 17 17:36:48.385532 n bluetoothd[2862]: profiles/audio/avctp.c:avctp_set_state() AVCTP Connected
Aug 17 17:36:48.416403 n bluetoothd[2862]: profiles/audio/avrcp.c:handle_vendordep_pdu() AVRCP PDU 0x10, company 0x001958 len 0x0001
Aug 17 17:36:48.416417 n bluetoothd[2862]: profiles/audio/avrcp.c:avrcp_handle_get_capabilities() id=3
Aug 17 17:36:48.474416 n bluetoothd[2862]: profiles/audio/avrcp.c:handle_vendordep_pdu() AVRCP PDU 0x31, company 0x001958 len 0x0005
Aug 17 17:36:48.552418 n bluetoothd[2862]: src/shared/mgmt.c:can_read_data() [0x0000] event 0x0012
Aug 17 17:36:48.552466 n bluetoothd[2862]: src/adapter.c:device_found_callback() hci0 addr AA:BB:CC:00:00:02, rssi -80 flags 0x0000 eir_len 35
Aug 17 17:36:48.552500 n bluetoothd[2862]: src/device.c:device_store_cached_name() Can't store name for private addressed device /org/bluez/hci0/dev_AA:BB:CC:00:00:02
Aug 17 17:36:48.552512 n bluetoothd[2862]: src/device.c:device_set_legacy() legacy 0
Aug 17 17:36:48.552523 n bluetoothd[2862]: src/device.c:device_set_rssi_with_delta() rssi -80
Aug 17 17:36:48.552549 n bluetoothd[2862]: src/device.c:device_set_flags() flags 2
Aug 17 17:36:48.595444 n bluetoothd[2862]: src/shared/mgmt.c:can_read_data() [0x0000] event 0x0012
Aug 17 17:36:48.595461 n bluetoothd[2862]: src/adapter.c:device_found_callback() hci0 addr AA:BB:CC:00:00:01, rssi -48 flags 0x0000 eir_len 22
Aug 17 17:36:48.595533 n bluetoothd[2862]: src/device.c:device_set_legacy() legacy 0
Aug 17 17:36:48.595558 n bluetoothd[2862]: src/device.c:device_set_rssi_with_delta() rssi -48 delta 11
Aug 17 17:36:48.595572 n bluetoothd[2862]: src/device.c:device_set_flags() flags 6
Aug 17 17:36:53.564258 n bluetoothd[2862]: src/agent.c:unregister_agent() agent :1.141
Aug 17 17:36:53.564275 n bluetoothd[2862]: src/agent.c:agent_disconnect() Agent :1.141 disconnected
Aug 17 17:36:53.564290 n bluetoothd[2862]: src/agent.c:remove_default_agent() Default agent cleared
Aug 17 17:36:53.564298 n bluetoothd[2862]: src/adapter.c:set_mode() sending set mode command for index 0
Aug 17 17:36:53.564309 n bluetoothd[2862]: src/agent.c:agent_destroy() agent :1.141
Aug 17 17:36:53.564321 n bluetoothd[2862]: src/agent.c:agent_unref() 0x5c48e5e7e750: ref=0
Aug 17 17:36:53.564371 n bluetoothd[2862]: src/shared/mgmt.c:send_request() [0x0000] command 0x0009
Aug 17 17:36:53.564390 n bluetoothd[2862]: src/shared/mgmt.c:can_read_data() [0x0000] command 0x0009 complete: 0x00
Aug 17 17:36:53.564398 n bluetoothd[2862]: src/adapter.c:new_settings_callback() Settings: 0x00000acb
Aug 17 17:36:53.564404 n bluetoothd[2862]: src/adapter.c:settings_changed() Changed settings: 0x00000010
Aug 17 17:36:53.564409 n bluetoothd[2862]: src/adapter.c:settings_changed() Pending settings: 0x00000000
Aug 17 17:36:53.565568 n bluetoothd[2862]: src/adapter.c:stop_discovery() sender :1.141
Aug 17 17:36:53.565580 n bluetoothd[2862]: src/adapter.c:set_discoverable() sending set mode command for index 0
Aug 17 17:36:53.565586 n bluetoothd[2862]: src/adapter.c:set_mode() sending set mode command for index 0
Aug 17 17:36:53.565616 n bluetoothd[2862]: src/shared/mgmt.c:send_request() [0x0000] command 0x0007
Aug 17 17:36:53.568423 n bluetoothd[2862]: src/shared/mgmt.c:can_read_data() [0x0000] command 0x0007 complete: 0x00
Aug 17 17:36:53.568434 n bluetoothd[2862]: src/adapter.c:new_settings_callback() Settings: 0x00000ac1
Aug 17 17:36:53.568441 n bluetoothd[2862]: src/adapter.c:settings_changed() Changed settings: 0x0000000a
Aug 17 17:36:53.568448 n bluetoothd[2862]: src/adapter.c:settings_changed() Pending settings: 0x00000000
Aug 17 17:36:53.570649 n bluetoothd[2862]: src/shared/mgmt.c:send_request() [0x0000] command 0x0024
Aug 17 17:36:53.573426 n bluetoothd[2862]: src/shared/mgmt.c:can_read_data() [0x0000] event 0x0013
Aug 17 17:36:53.573438 n bluetoothd[2862]: src/adapter.c:discovering_callback() hci0 type 7 discovering 0 method 0
Aug 17 17:36:53.573446 n bluetoothd[2862]: src/adapter.c:trigger_start_discovery()
Aug 17 17:36:53.573453 n bluetoothd[2862]: src/adapter.c:cancel_passive_scanning()
Aug 17 17:36:53.573476 n bluetoothd[2862]: src/shared/mgmt.c:can_read_data() [0x0000] command 0x0024 complete: 0x00
Aug 17 17:36:53.573483 n bluetoothd[2862]: src/adapter.c:stop_discovery_complete() status 0x00
Aug 17 17:36:53.573500 n bluetoothd[2862]: src/adapter.c:discovery_remove() owner :1.141
Aug 17 17:36:53.573509 n bluetoothd[2862]: src/device.c:device_set_rssi_with_delta() rssi 0
Aug 17 17:36:53.573518 n bluetoothd[2862]: src/device.c:device_set_rssi_with_delta() rssi 0
Aug 17 17:36:53.573530 n bluetoothd[2862]: src/adapter.c:trigger_passive_scanning()
Aug 17 17:37:03.276468 n bluetoothd[2862]: src/device.c:device_remove() Removing device /org/bluez/hci0/dev_AA:BB:CC:00:00:05
Aug 17 17:37:03.276560 n bluetoothd[2862]: src/device.c:btd_device_unref() Freeing device /org/bluez/hci0/dev_AA:BB:CC:00:00:05
Aug 17 17:37:03.276583 n bluetoothd[2862]: src/device.c:device_free() 0x5c48e5e89820
Aug 17 17:37:11.194577 n bluetoothd[2862]: profiles/audio/transport.c:media_owner_create() Owner created: sender=:1.86
Aug 17 17:37:11.194597 n bluetoothd[2862]: profiles/audio/transport.c:media_transport_resume() Transport /org/bluez/hci0/dev_AA:BB:CC:00:00:04/sep2/fd0 Owner :1.86
Aug 17 17:37:11.194607 n bluetoothd[2862]: profiles/audio/avdtp.c:avdtp_ref() 0x5c48e5e8f860: ref=2
Aug 17 17:37:11.194615 n bluetoothd[2862]: profiles/audio/a2dp.c:a2dp_sep_lock() SEP 0x5c48e5e64080 locked
Aug 17 17:37:11.194623 n bluetoothd[2862]: profiles/audio/avdtp.c:avdtp_ref() 0x5c48e5e8f860: ref=3
Aug 17 17:37:11.194632 n bluetoothd[2862]: profiles/audio/a2dp.c:setup_ref() 0x5c48e5e8b5f0: ref=1
Aug 17 17:37:11.194650 n bluetoothd[2862]: profiles/audio/transport.c:transport_set_state() State changed /org/bluez/hci0/dev_AA:BB:CC:00:00:04/sep2/fd0: TRANSPORT_STATE_IDLE -> TRANSPORT_STATE_REQUESTING
Aug 17 17:37:11.194658 n bluetoothd[2862]: profiles/audio/transport.c:media_request_create() Request created: method=Acquire id=4
Aug 17 17:37:11.194665 n bluetoothd[2862]: profiles/audio/transport.c:media_owner_add() Owner :1.86 Request Acquire
Aug 17 17:37:11.194672 n bluetoothd[2862]: profiles/audio/transport.c:media_transport_set_owner() Transport /org/bluez/hci0/dev_AA:BB:CC:00:00:04/sep2/fd0 Owner :1.86
Aug 17 17:37:11.200382 n bluetoothd[2862]: profiles/audio/avdtp.c:session_cb()
Aug 17 17:37:11.200404 n bluetoothd[2862]: profiles/audio/avdtp.c:avdtp_parse_resp() START request succeeded
Aug 17 17:37:11.200417 n bluetoothd[2862]: profiles/audio/a2dp.c:start_cfm() Source 0x5c48e5e64080: Start_Cfm
Aug 17 17:37:11.200426 n bluetoothd[2862]: /org/bluez/hci0/dev_AA:BB:CC:00:00:04/sep2/fd0: fd(42) ready
Aug 17 17:37:11.200472 n bluetoothd[2862]: profiles/audio/transport.c:media_owner_remove() Owner :1.86 Request Acquire
Aug 17 17:37:11.200485 n bluetoothd[2862]: profiles/audio/transport.c:transport_set_state() State changed /org/bluez/hci0/dev_AA:BB:CC:00:00:04/sep2/fd0: TRANSPORT_STATE_REQUESTING -> TRANSPORT_STATE_ACTIVE
Aug 17 17:37:11.200500 n bluetoothd[2862]: profiles/audio/a2dp.c:setup_unref() 0x5c48e5e8b5f0: ref=0
Aug 17 17:37:11.200512 n bluetoothd[2862]: profiles/audio/a2dp.c:setup_free() 0x5c48e5e8b5f0
Aug 17 17:37:11.200521 n bluetoothd[2862]: profiles/audio/avdtp.c:avdtp_unref() 0x5c48e5e8f860: ref=2
Aug 17 17:37:11.200530 n bluetoothd[2862]: profiles/audio/avdtp.c:avdtp_sep_set_state() stream state changed: OPEN -> STREAMING
Aug 17 17:37:11.200540 n bluetoothd[2862]: profiles/audio/sink.c:sink_set_state() State changed /org/bluez/hci0/dev_AA:BB:CC:00:00:04: SINK_STATE_CONNECTED -> SINK_STATE_PLAYING
Aug 17 17:37:11.200548 n bluetoothd[2862]: profiles/audio/transport.c:transport_update_playing() /org/bluez/hci0/dev_AA:BB:CC:00:00:04/sep2/fd0 State=TRANSPORT_STATE_ACTIVE Playing=1
Aug 17 17:37:19.262401 n bluetoothd[2862]: profiles/audio/transport.c:transport_set_state() State changed /org/bluez/hci0/dev_AA:BB:CC:00:00:04/sep2/fd0: TRANSPORT_STATE_ACTIVE -> TRANSPORT_STATE_SUSPENDING
Aug 17 17:37:19.262417 n bluetoothd[2862]: profiles/audio/transport.c:media_transport_suspend() Transport /org/bluez/hci0/dev_AA:BB:CC:00:00:04/sep2/fd0 Owner :1.86
Aug 17 17:37:19.262426 n bluetoothd[2862]: profiles/audio/avdtp.c:avdtp_ref() 0x5c48e5e8f860: ref=3
Aug 17 17:37:19.262433 n bluetoothd[2862]: profiles/audio/a2dp.c:setup_ref() 0x5c48e5e8b5f0: ref=1
Aug 17 17:37:19.262449 n bluetoothd[2862]: profiles/audio/transport.c:media_request_create() Request created: method=Release id=5
Aug 17 17:37:19.262456 n bluetoothd[2862]: profiles/audio/transport.c:media_owner_add() Owner :1.86 Request Release
Aug 17 17:37:19.266566 n bluetoothd[2862]: src/device.c:device_remove() Removing device /org/bluez/hci0/dev_AA:BB:CC:00:00:02
Aug 17 17:37:19.266626 n bluetoothd[2862]: src/device.c:btd_device_unref() Freeing device /org/bluez/hci0/dev_AA:BB:CC:00:00:02
Aug 17 17:37:19.266646 n bluetoothd[2862]: src/device.c:device_free() 0x5c48e5e8cf20
Aug 17 17:37:19.266698 n bluetoothd[2862]: src/device.c:device_remove() Removing device /org/bluez/hci0/dev_AA:BB:CC:00:00:01
Aug 17 17:37:19.272685 n bluetoothd[2862]: src/device.c:btd_device_unref() Freeing device /org/bluez/hci0/dev_AA:BB:CC:00:00:01
Aug 17 17:37:19.272700 n bluetoothd[2862]: src/device.c:device_free() 0x5c48e5e90ed0
Aug 17 17:37:19.290413 n bluetoothd[2862]: profiles/audio/avdtp.c:session_cb()
Aug 17 17:37:19.290439 n bluetoothd[2862]: profiles/audio/avdtp.c:avdtp_parse_resp() SUSPEND request succeeded
Aug 17 17:37:19.290451 n bluetoothd[2862]: profiles/audio/avdtp.c:avdtp_sep_set_state() stream state changed: STREAMING -> OPEN
Aug 17 17:37:19.290463 n bluetoothd[2862]: profiles/audio/sink.c:sink_set_state() State changed /org/bluez/hci0/dev_AA:BB:CC:00:00:04: SINK_STATE_PLAYING -> SINK_STATE_CONNECTED
Aug 17 17:37:19.290479 n bluetoothd[2862]: profiles/audio/transport.c:transport_update_playing() /org/bluez/hci0/dev_AA:BB:CC:00:00:04/sep2/fd0 State=TRANSPORT_STATE_SUSPENDING Playing=0
Aug 17 17:37:19.290489 n bluetoothd[2862]: profiles/audio/a2dp.c:suspend_cfm() Source 0x5c48e5e64080: Suspend_Cfm
Aug 17 17:37:19.290505 n bluetoothd[2862]: profiles/audio/transport.c:media_request_reply() Request Release Reply Success
Aug 17 17:37:19.290536 n bluetoothd[2862]: profiles/audio/transport.c:media_owner_remove() Owner :1.86 Request Release
Aug 17 17:37:19.290547 n bluetoothd[2862]: profiles/audio/a2dp.c:a2dp_sep_unlock() SEP 0x5c48e5e64080 unlocked
Aug 17 17:37:19.290558 n bluetoothd[2862]: profiles/audio/transport.c:transport_set_state() State changed /org/bluez/hci0/dev_AA:BB:CC:00:00:04/sep2/fd0: TRANSPORT_STATE_SUSPENDING -> TRANSPORT_STATE_IDLE
Aug 17 17:37:19.290574 n bluetoothd[2862]: profiles/audio/transport.c:media_transport_remove_owner() Transport /org/bluez/hci0/dev_AA:BB:CC:00:00:04/sep2/fd0 Owner :1.86
Aug 17 17:37:19.290591 n bluetoothd[2862]: profiles/audio/transport.c:media_owner_free() Owner :1.86
Aug 17 17:37:19.290602 n bluetoothd[2862]: profiles/audio/a2dp.c:setup_unref() 0x5c48e5e8b5f0: ref=0
Aug 17 17:37:19.290611 n bluetoothd[2862]: profiles/audio/a2dp.c:setup_free() 0x5c48e5e8b5f0
Aug 17 17:37:19.290620 n bluetoothd[2862]: profiles/audio/avdtp.c:avdtp_unref() 0x5c48e5e8f860: ref=2
Aug 17 17:37:19.292063 n bluetoothd[2862]: profiles/audio/avdtp.c:avdtp_ref() 0x5c48e5e8f860: ref=3
Aug 17 17:37:19.292074 n bluetoothd[2862]: profiles/audio/a2dp.c:setup_ref() 0x5c48e5e8b5f0: ref=1
Aug 17 17:37:19.317457 n bluetoothd[2862]: profiles/audio/avdtp.c:session_cb()
Aug 17 17:37:19.317484 n bluetoothd[2862]: profiles/audio/avdtp.c:avdtp_parse_resp() CLOSE request succeeded
Aug 17 17:37:19.317495 n bluetoothd[2862]: profiles/audio/avdtp.c:avdtp_sep_set_state() stream state changed: OPEN -> CLOSING
Aug 17 17:37:19.317544 n bluetoothd[2862]: profiles/audio/a2dp.c:close_cfm() Source 0x5c48e5e64080: Close_Cfm
Aug 17 17:37:19.317558 n bluetoothd[2862]: profiles/audio/a2dp.c:setup_reconfigure() 0x5c48e5e8b5f0
Aug 17 17:37:19.317570 n bluetoothd[2862]: profiles/audio/avdtp.c:avdtp_sep_set_state() stream state changed: CLOSING -> IDLE
Aug 17 17:37:19.317617 n bluetoothd[2862]: profiles/audio/avdtp.c:avdtp_unref() 0x5c48e5e8f860: ref=2
Aug 17 17:37:19.317677 n bluetoothd[2862]: src/service.c:change_state() 0x5c48e5e8aed0: device AA:BB:CC:00:00:04 profile a2dp-sink state changed: connected -> disconnected (0)
Aug 17 17:37:19.317690 n bluetoothd[2862]: plugins/policy.c:policy_disconnect() /org/bluez/hci0/dev_AA:BB:CC:00:00:04 profile avrcp-controller
Aug 17 17:37:19.317701 n bluetoothd[2862]: src/service.c:change_state() 0x5c48e5ea34a0: device AA:BB:CC:00:00:04 profile avrcp-controller state changed: connected -> disconnecting (0)
Aug 17 17:37:19.317710 n bluetoothd[2862]: profiles/audio/avrcp.c:avrcp_disconnect() path /org/bluez/hci0/dev_AA:BB:CC:00:00:04
Aug 17 17:37:19.317725 n bluetoothd[2862]: src/service.c:change_state() 0x5c48e5e891d0: device AA:BB:CC:00:00:04 profile audio-avrcp-target state changed: connected -> disconnected (0)
Aug 17 17:37:19.317736 n bluetoothd[2862]: src/service.c:change_state() 0x5c48e5ea34a0: device AA:BB:CC:00:00:04 profile avrcp-controller state changed: disconnecting -> disconnected (0)
Aug 17 17:37:19.317746 n bluetoothd[2862]: profiles/audio/avrcp.c:controller_destroy() 0x5c48e5ea0ab0
Aug 17 17:37:19.317755 n bluetoothd[2862]: profiles/audio/avrcp.c:target_destroy() 0x5c48e5e8f210
Aug 17 17:37:19.317774 n bluetoothd[2862]: profiles/audio/avctp.c:avctp_set_state() AVCTP Disconnected
Aug 17 17:37:19.317807 n bluetoothd[2862]: profiles/audio/avctp.c:avctp_disconnected() AVCTP: closing uinput for AA:BB:CC:00:00:04
Aug 17 17:37:19.338416 n bluetoothd[2862]: profiles/audio/avdtp.c:avdtp_unref() 0x5c48e5e8f860: ref=1
Aug 17 17:37:19.819070 n bluetoothd[2862]: profiles/audio/avdtp.c:avdtp_set_configuration() 0x5c48e5e8f860: int_seid=9, acp_seid=2
Aug 17 17:37:19.842433 n bluetoothd[2862]: profiles/audio/avdtp.c:session_cb()
Aug 17 17:37:19.842461 n bluetoothd[2862]: profiles/audio/avdtp.c:avdtp_parse_resp() SET_CONFIGURATION request succeeded
Aug 17 17:37:19.842468 n bluetoothd[2862]: profiles/audio/a2dp.c:setconf_cfm() Source 0x5c48e5e636a0: Set_Configuration_Cfm
Aug 17 17:37:19.842477 n bluetoothd[2862]: profiles/audio/avdtp.c:avdtp_ref() 0x5c48e5e8f860: ref=2
Aug 17 17:37:19.842487 n bluetoothd[2862]: profiles/audio/a2dp.c:setup_ref() 0x5c48e5e8b5f0: ref=2
Aug 17 17:37:19.842588 n bluetoothd[2862]: profiles/audio/media.c:media_endpoint_async_call() Calling SetConfiguration: name = :1.86 path = /MediaEndpoint/A2DPSource/sbc_xq
Aug 17 17:37:19.842597 n bluetoothd[2862]: profiles/audio/avdtp.c:avdtp_sep_set_state() stream state changed: IDLE -> CONFIGURED
Aug 17 17:37:19.843171 n bluetoothd[2862]: profiles/audio/a2dp.c:setup_unref() 0x5c48e5e8b5f0: ref=1
Aug 17 17:37:19.847436 n bluetoothd[2862]: profiles/audio/avdtp.c:session_cb()
Aug 17 17:37:19.847487 n bluetoothd[2862]: profiles/audio/avdtp.c:avdtp_parse_resp() OPEN request succeeded
Aug 17 17:37:19.849357 n bluetoothd[2862]: profiles/audio/avdtp.c:session_cb()
Aug 17 17:37:19.849366 n bluetoothd[2862]: profiles/audio/avdtp.c:avdtp_parse_cmd() Received DELAY_REPORT_CMD
Aug 17 17:37:19.849374 n bluetoothd[2862]: profiles/audio/a2dp.c:endpoint_delayreport_ind() Source 0x5c48e5e636a0: DelayReport_Ind
Aug 17 17:37:19.857396 n bluetoothd[2862]: profiles/audio/avdtp.c:avdtp_connect_cb() AVDTP: connected transport channel to AA:BB:CC:00:00:04
Aug 17 17:37:19.857415 n bluetoothd[2862]: profiles/audio/avdtp.c:handle_transport_connect() Flushable packets enabled
Aug 17 17:37:19.857426 n bluetoothd[2862]: profiles/audio/avdtp.c:handle_transport_connect() sk 39, omtu 672, send buffer size 106496
Aug 17 17:37:19.857437 n bluetoothd[2862]: profiles/audio/a2dp.c:open_cfm() Source 0x5c48e5e636a0: Open_Cfm
Aug 17 17:37:19.863945 n bluetoothd[2862]: profiles/audio/a2dp.c:setup_unref() 0x5c48e5e8b5f0: ref=0
Aug 17 17:37:19.863953 n bluetoothd[2862]: profiles/audio/a2dp.c:setup_free() 0x5c48e5e8b5f0
Aug 17 17:37:19.863959 n bluetoothd[2862]: profiles/audio/avdtp.c:avdtp_unref() 0x5c48e5e8f860: ref=1
Aug 17 17:37:19.863965 n bluetoothd[2862]: profiles/audio/avdtp.c:avdtp_sep_set_state() stream state changed: CONFIGURED -> OPEN
Aug 17 17:37:19.863972 n bluetoothd[2862]: src/service.c:change_state() 0x5c48e5e8aed0: device AA:BB:CC:00:00:04 profile a2dp-sink state changed: disconnected -> connected (0)
Aug 17 17:37:19.863979 n bluetoothd[2862]: plugins/policy.c:service_cb() Added a2dp-sink reconnect 1
Aug 17 17:37:19.863985 n bluetoothd[2862]: profiles/audio/sink.c:sink_set_state() State changed /org/bluez/hci0/dev_AA:BB:CC:00:00:04: SINK_STATE_CONNECTED -> SINK_STATE_CONNECTED
Aug 17 17:37:19.863991 n bluetoothd[2862]: profiles/audio/transport.c:transport_update_playing() /org/bluez/hci0/dev_AA:BB:CC:00:00:04/sep2/fd1 State=TRANSPORT_STATE_IDLE Playing=0
Aug 17 17:37:19.864037 n bluetoothd[2862]: profiles/audio/avctp.c:avctp_confirm_cb() AVCTP: incoming connect from AA:BB:CC:00:00:04
Aug 17 17:37:19.864047 n bluetoothd[2862]: profiles/audio/avctp.c:avctp_set_state() AVCTP Connecting
Aug 17 17:37:19.869374 n bluetoothd[2862]: profiles/audio/avctp.c:avctp_connect_cb() AVCTP: connected to AA:BB:CC:00:00:04
Aug 17 17:37:19.869621 n bluetoothd[2862]: profiles/audio/avctp.c:init_uinput() AVRCP: uinput initialized for Tronsmart T8
Aug 17 17:37:19.869637 n bluetoothd[2862]: profiles/audio/avrcp.c:controller_init() 0x5c48e5e90660 version 0x0106
Aug 17 17:37:19.869644 n bluetoothd[2862]: src/service.c:change_state() 0x5c48e5e891d0: device AA:BB:CC:00:00:04 profile audio-avrcp-target state changed: disconnected -> connected (0)
Aug 17 17:37:19.869655 n bluetoothd[2862]: profiles/audio/avrcp.c:target_init() 0x5c48e5e8cce0 version 0x0106
Aug 17 17:37:19.869663 n bluetoothd[2862]: src/service.c:change_state() 0x5c48e5ea34a0: device AA:BB:CC:00:00:04 profile avrcp-controller state changed: disconnected -> connected (0)
Aug 17 17:37:19.869673 n bluetoothd[2862]: profiles/audio/avctp.c:avctp_set_state() AVCTP Connected
Aug 17 17:37:19.874372 n bluetoothd[2862]: profiles/audio/avrcp.c:handle_vendordep_pdu() AVRCP PDU 0x10, company 0x001958 len 0x0001
Aug 17 17:37:19.874381 n bluetoothd[2862]: profiles/audio/avrcp.c:avrcp_handle_get_capabilities() id=3
Aug 17 17:37:19.880392 n bluetoothd[2862]: profiles/audio/avrcp.c:handle_vendordep_pdu() AVRCP PDU 0x31, company 0x001958 len 0x0005
Aug 17 17:37:19.883902 n bluetoothd[2862]: profiles/audio/transport.c:media_owner_create() Owner created: sender=:1.86
Aug 17 17:37:19.883917 n bluetoothd[2862]: profiles/audio/transport.c:media_transport_resume() Transport /org/bluez/hci0/dev_AA:BB:CC:00:00:04/sep2/fd1 Owner :1.86
Aug 17 17:37:19.883928 n bluetoothd[2862]: profiles/audio/avdtp.c:avdtp_ref() 0x5c48e5e8f860: ref=2
Aug 17 17:37:19.883937 n bluetoothd[2862]: profiles/audio/a2dp.c:a2dp_sep_lock() SEP 0x5c48e5e636a0 locked
Aug 17 17:37:19.883946 n bluetoothd[2862]: profiles/audio/avdtp.c:avdtp_ref() 0x5c48e5e8f860: ref=3
Aug 17 17:37:19.883956 n bluetoothd[2862]: profiles/audio/a2dp.c:setup_ref() 0x5c48e5ea02f0: ref=1
Aug 17 17:37:19.883979 n bluetoothd[2862]: profiles/audio/transport.c:transport_set_state() State changed /org/bluez/hci0/dev_AA:BB:CC:00:00:04/sep2/fd1: TRANSPORT_STATE_IDLE -> TRANSPORT_STATE_REQUESTING
Aug 17 17:37:19.883988 n bluetoothd[2862]: profiles/audio/transport.c:media_request_create() Request created: method=Acquire id=7
Aug 17 17:37:19.883998 n bluetoothd[2862]: profiles/audio/transport.c:media_owner_add() Owner :1.86 Request Acquire
Aug 17 17:37:19.884007 n bluetoothd[2862]: profiles/audio/transport.c:media_transport_set_owner() Transport /org/bluez/hci0/dev_AA:BB:CC:00:00:04/sep2/fd1 Owner :1.86
Aug 17 17:37:19.889368 n bluetoothd[2862]: profiles/audio/avdtp.c:session_cb()
Aug 17 17:37:19.889383 n bluetoothd[2862]: profiles/audio/avdtp.c:avdtp_parse_resp() START request succeeded
Aug 17 17:37:19.889391 n bluetoothd[2862]: profiles/audio/a2dp.c:start_cfm() Source 0x5c48e5e636a0: Start_Cfm
Aug 17 17:37:19.889397 n bluetoothd[2862]: /org/bluez/hci0/dev_AA:BB:CC:00:00:04/sep2/fd1: fd(39) ready
Aug 17 17:37:19.889425 n bluetoothd[2862]: profiles/audio/transport.c:media_owner_remove() Owner :1.86 Request Acquire
Aug 17 17:37:19.889433 n bluetoothd[2862]: profiles/audio/transport.c:transport_set_state() State changed /org/bluez/hci0/dev_AA:BB:CC:00:00:04/sep2/fd1: TRANSPORT_STATE_REQUESTING -> TRANSPORT_STATE_ACTIVE
Aug 17 17:37:19.889443 n bluetoothd[2862]: profiles/audio/a2dp.c:setup_unref() 0x5c48e5ea02f0: ref=0
Aug 17 17:37:19.889449 n bluetoothd[2862]: profiles/audio/a2dp.c:setup_free() 0x5c48e5ea02f0
Aug 17 17:37:19.889455 n bluetoothd[2862]: profiles/audio/avdtp.c:avdtp_unref() 0x5c48e5e8f860: ref=2
Aug 17 17:37:19.889462 n bluetoothd[2862]: profiles/audio/avdtp.c:avdtp_sep_set_state() stream state changed: OPEN -> STREAMING
Aug 17 17:37:19.889470 n bluetoothd[2862]: profiles/audio/sink.c:sink_set_state() State changed /org/bluez/hci0/dev_AA:BB:CC:00:00:04: SINK_STATE_CONNECTED -> SINK_STATE_PLAYING
Aug 17 17:37:19.889477 n bluetoothd[2862]: profiles/audio/transport.c:transport_update_playing() /org/bluez/hci0/dev_AA:BB:CC:00:00:04/sep2/fd1 State=TRANSPORT_STATE_ACTIVE Playing=1
Aug 17 17:37:19.889760 n bluetoothd[2862]: profiles/audio/transport.c:media_transport_set_volume() Transport /org/bluez/hci0/dev_AA:BB:CC:00:00:04/sep2/fd1 level 95
Aug 17 17:37:22.268668 n bluetoothd[2862]: plugins/policy.c:policy_connect() /org/bluez/hci0/dev_AA:BB:CC:00:00:04 profile Hands-Free Voice gateway
Aug 17 17:37:22.268767 n bluetoothd[2862]: src/service.c:btd_service_ref() 0x5c48e5e8af50: ref=3
Aug 17 17:37:22.268784 n bluetoothd[2862]: src/service.c:change_state() 0x5c48e5e8af50: device AA:BB:CC:00:00:04 profile Hands-Free Voice gateway state changed: disconnected -> connecting (0)
Aug 17 17:37:22.330400 n bluetoothd[2862]: src/profile.c:ext_connect() Hands-Free Voice gateway connected to AA:BB:CC:00:00:04
Aug 17 17:37:22.331148 n bluetoothd[2862]: src/service.c:change_state() 0x5c48e5e8af50: device AA:BB:CC:00:00:04 profile Hands-Free Voice gateway state changed: connecting -> connected (0)
Aug 17 17:37:22.331176 n bluetoothd[2862]: src/device.c:device_profile_connected() Hands-Free Voice gateway Success (0)
Aug 17 17:37:22.331200 n bluetoothd[2862]: plugins/policy.c:policy_connect() /org/bluez/hci0/dev_AA:BB:CC:00:00:04 profile a2dp-sink
Aug 17 17:37:22.331223 n bluetoothd[2862]: plugins/policy.c:service_cb() Added Hands-Free Voice gateway reconnect 1
Aug 17 17:37:22.426528 n bluetoothd[2862]: src/profile.c:ext_io_disconnected() Unable to get io data for Hands-Free Voice gateway: getpeername: Transport endpoint is not connected (107)
Aug 17 17:37:22.426557 n bluetoothd[2862]: src/service.c:change_state() 0x5c48e5e8af50: device AA:BB:CC:00:00:04 profile Hands-Free Voice gateway state changed: connected -> disconnected (0)
Aug 17 17:37:22.426603 n bluetoothd[2862]: src/service.c:btd_service_unref() 0x5c48e5e8af50: ref=2
Aug 17 17:37:47.590601 n bluetoothd[2862]: profiles/audio/transport.c:transport_set_state() State changed /org/bluez/hci0/dev_AA:BB:CC:00:00:04/sep2/fd1: TRANSPORT_STATE_ACTIVE -> TRANSPORT_STATE_SUSPENDING
Aug 17 17:37:47.590616 n bluetoothd[2862]: profiles/audio/transport.c:media_transport_suspend() Transport /org/bluez/hci0/dev_AA:BB:CC:00:00:04/sep2/fd1 Owner :1.86
Aug 17 17:37:47.590625 n bluetoothd[2862]: profiles/audio/avdtp.c:avdtp_ref() 0x5c48e5e8f860: ref=3
Aug 17 17:37:47.590632 n bluetoothd[2862]: profiles/audio/a2dp.c:setup_ref() 0x5c48e5ea2120: ref=1
Aug 17 17:37:47.590648 n bluetoothd[2862]: profiles/audio/transport.c:media_request_create() Request created: method=Release id=8
Aug 17 17:37:47.590656 n bluetoothd[2862]: profiles/audio/transport.c:media_owner_add() Owner :1.86 Request Release
Aug 17 17:37:47.614323 n bluetoothd[2862]: profiles/audio/avdtp.c:session_cb()
Aug 17 17:37:47.614345 n bluetoothd[2862]: profiles/audio/avdtp.c:avdtp_parse_resp() SUSPEND request succeeded
Aug 17 17:37:47.614354 n bluetoothd[2862]: profiles/audio/avdtp.c:avdtp_sep_set_state() stream state changed: STREAMING -> OPEN
Aug 17 17:37:47.614364 n bluetoothd[2862]: profiles/audio/sink.c:sink_set_state() State changed /org/bluez/hci0/dev_AA:BB:CC:00:00:04: SINK_STATE_PLAYING -> SINK_STATE_CONNECTED
Aug 17 17:37:47.614374 n bluetoothd[2862]: profiles/audio/transport.c:transport_update_playing() /org/bluez/hci0/dev_AA:BB:CC:00:00:04/sep2/fd1 State=TRANSPORT_STATE_SUSPENDING Playing=0
Aug 17 17:37:47.614382 n bluetoothd[2862]: profiles/audio/a2dp.c:suspend_cfm() Source 0x5c48e5e636a0: Suspend_Cfm
Aug 17 17:37:47.614395 n bluetoothd[2862]: profiles/audio/transport.c:media_request_reply() Request Release Reply Success
Aug 17 17:37:47.614421 n bluetoothd[2862]: profiles/audio/transport.c:media_owner_remove() Owner :1.86 Request Release
Aug 17 17:37:47.614430 n bluetoothd[2862]: profiles/audio/a2dp.c:a2dp_sep_unlock() SEP 0x5c48e5e636a0 unlocked
Aug 17 17:37:47.614439 n bluetoothd[2862]: profiles/audio/transport.c:transport_set_state() State changed /org/bluez/hci0/dev_AA:BB:CC:00:00:04/sep2/fd1: TRANSPORT_STATE_SUSPENDING -> TRANSPORT_STATE_IDLE
Aug 17 17:37:47.614453 n bluetoothd[2862]: profiles/audio/transport.c:media_transport_remove_owner() Transport /org/bluez/hci0/dev_AA:BB:CC:00:00:04/sep2/fd1 Owner :1.86
Aug 17 17:37:47.614470 n bluetoothd[2862]: profiles/audio/transport.c:media_owner_free() Owner :1.86
Aug 17 17:37:47.614477 n bluetoothd[2862]: profiles/audio/a2dp.c:setup_unref() 0x5c48e5ea2120: ref=0
Aug 17 17:37:47.614483 n bluetoothd[2862]: profiles/audio/a2dp.c:setup_free() 0x5c48e5ea2120
Aug 17 17:37:47.614490 n bluetoothd[2862]: profiles/audio/avdtp.c:avdtp_unref() 0x5c48e5e8f860: ref=2
Aug 17 17:37:47.615196 n bluetoothd[2862]: profiles/audio/avdtp.c:avdtp_ref() 0x5c48e5e8f860: ref=3
Aug 17 17:37:47.615207 n bluetoothd[2862]: profiles/audio/a2dp.c:setup_ref() 0x5c48e5ea2120: ref=1
Aug 17 17:37:47.620368 n bluetoothd[2862]: profiles/audio/avdtp.c:session_cb()
Aug 17 17:37:47.620384 n bluetoothd[2862]: profiles/audio/avdtp.c:avdtp_parse_resp() CLOSE request succeeded
Aug 17 17:37:47.620392 n bluetoothd[2862]: profiles/audio/avdtp.c:avdtp_sep_set_state() stream state changed: OPEN -> CLOSING
Aug 17 17:37:47.620433 n bluetoothd[2862]: profiles/audio/a2dp.c:close_cfm() Source 0x5c48e5e636a0: Close_Cfm
Aug 17 17:37:47.620442 n bluetoothd[2862]: profiles/audio/a2dp.c:setup_reconfigure() 0x5c48e5ea2120
Aug 17 17:37:47.620449 n bluetoothd[2862]: profiles/audio/avdtp.c:avdtp_sep_set_state() stream state changed: CLOSING -> IDLE
Aug 17 17:37:47.620480 n bluetoothd[2862]: profiles/audio/avdtp.c:avdtp_unref() 0x5c48e5e8f860: ref=2
Aug 17 17:37:47.620517 n bluetoothd[2862]: src/service.c:change_state() 0x5c48e5e8aed0: device AA:BB:CC:00:00:04 profile a2dp-sink state changed: connected -> disconnected (0)
Aug 17 17:37:47.620526 n bluetoothd[2862]: plugins/policy.c:policy_disconnect() /org/bluez/hci0/dev_AA:BB:CC:00:00:04 profile avrcp-controller
Aug 17 17:37:47.620535 n bluetoothd[2862]: src/service.c:change_state() 0x5c48e5ea34a0: device AA:BB:CC:00:00:04 profile avrcp-controller state changed: connected -> disconnecting (0)
Aug 17 17:37:47.620542 n bluetoothd[2862]: profiles/audio/avrcp.c:avrcp_disconnect() path /org/bluez/hci0/dev_AA:BB:CC:00:00:04
Aug 17 17:37:47.620549 n bluetoothd[2862]: src/service.c:change_state() 0x5c48e5e891d0: device AA:BB:CC:00:00:04 profile audio-avrcp-target state changed: connected -> disconnected (0)
Aug 17 17:37:47.620556 n bluetoothd[2862]: src/service.c:change_state() 0x5c48e5ea34a0: device AA:BB:CC:00:00:04 profile avrcp-controller state changed: disconnecting -> disconnected (0)
Aug 17 17:37:47.620563 n bluetoothd[2862]: profiles/audio/avrcp.c:controller_destroy() 0x5c48e5e90660
Aug 17 17:37:47.620569 n bluetoothd[2862]: profiles/audio/avrcp.c:target_destroy() 0x5c48e5e8cce0
Aug 17 17:37:47.620579 n bluetoothd[2862]: profiles/audio/avctp.c:avctp_set_state() AVCTP Disconnected
Aug 17 17:37:47.620597 n bluetoothd[2862]: profiles/audio/avctp.c:avctp_disconnected() AVCTP: closing uinput for AA:BB:CC:00:00:04
Aug 17 17:37:47.636481 n bluetoothd[2862]: profiles/audio/avdtp.c:avdtp_unref() 0x5c48e5e8f860: ref=1
Aug 17 17:37:48.121164 n bluetoothd[2862]: profiles/audio/avdtp.c:avdtp_set_configuration() 0x5c48e5e8f860: int_seid=7, acp_seid=2
Aug 17 17:37:48.144502 n bluetoothd[2862]: profiles/audio/avdtp.c:session_cb()
Aug 17 17:37:48.144550 n bluetoothd[2862]: profiles/audio/avdtp.c:avdtp_parse_resp() SET_CONFIGURATION request succeeded
Aug 17 17:37:48.144566 n bluetoothd[2862]: profiles/audio/a2dp.c:setconf_cfm() Source 0x5c48e5e64080: Set_Configuration_Cfm
Aug 17 17:37:48.144579 n bluetoothd[2862]: profiles/audio/avdtp.c:avdtp_ref() 0x5c48e5e8f860: ref=2
Aug 17 17:37:48.144592 n bluetoothd[2862]: profiles/audio/a2dp.c:setup_ref() 0x5c48e5ea2120: ref=2
Aug 17 17:37:48.144722 n bluetoothd[2862]: profiles/audio/media.c:media_endpoint_async_call() Calling SetConfiguration: name = :1.86 path = /MediaEndpoint/A2DPSource/sbc
Aug 17 17:37:48.144737 n bluetoothd[2862]: profiles/audio/avdtp.c:avdtp_sep_set_state() stream state changed: IDLE -> CONFIGURED
Aug 17 17:37:48.145262 n bluetoothd[2862]: profiles/audio/a2dp.c:setup_unref() 0x5c48e5ea2120: ref=1
Aug 17 17:37:48.150503 n bluetoothd[2862]: profiles/audio/avdtp.c:session_cb()
Aug 17 17:37:48.150557 n bluetoothd[2862]: profiles/audio/avdtp.c:avdtp_parse_resp() OPEN request succeeded
Aug 17 17:37:48.152398 n bluetoothd[2862]: profiles/audio/avdtp.c:session_cb()
Aug 17 17:37:48.152409 n bluetoothd[2862]: profiles/audio/avdtp.c:avdtp_parse_cmd() Received DELAY_REPORT_CMD
Aug 17 17:37:48.152416 n bluetoothd[2862]: profiles/audio/a2dp.c:endpoint_delayreport_ind() Source 0x5c48e5e64080: DelayReport_Ind
Aug 17 17:37:48.160390 n bluetoothd[2862]: profiles/audio/avdtp.c:avdtp_connect_cb() AVDTP: connected transport channel to AA:BB:CC:00:00:04
Aug 17 17:37:48.160406 n bluetoothd[2862]: profiles/audio/avdtp.c:handle_transport_connect() Flushable packets enabled
Aug 17 17:37:48.160416 n bluetoothd[2862]: profiles/audio/avdtp.c:handle_transport_connect() sk 39, omtu 672, send buffer size 106496
Aug 17 17:37:48.160424 n bluetoothd[2862]: profiles/audio/a2dp.c:open_cfm() Source 0x5c48e5e64080: Open_Cfm
Aug 17 17:37:48.166659 n bluetoothd[2862]: profiles/audio/a2dp.c:setup_unref() 0x5c48e5ea2120: ref=0
Aug 17 17:37:48.166679 n bluetoothd[2862]: profiles/audio/a2dp.c:setup_free() 0x5c48e5ea2120
Aug 17 17:37:48.166692 n bluetoothd[2862]: profiles/audio/avdtp.c:avdtp_unref() 0x5c48e5e8f860: ref=1
Aug 17 17:37:48.166704 n bluetoothd[2862]: profiles/audio/avdtp.c:avdtp_sep_set_state() stream state changed: CONFIGURED -> OPEN
Aug 17 17:37:48.166720 n bluetoothd[2862]: src/service.c:change_state() 0x5c48e5e8aed0: device AA:BB:CC:00:00:04 profile a2dp-sink state changed: disconnected -> connected (0)
Aug 17 17:37:48.166739 n bluetoothd[2862]: plugins/policy.c:service_cb() Added a2dp-sink reconnect 1
Aug 17 17:37:48.166751 n bluetoothd[2862]: profiles/audio/sink.c:sink_set_state() State changed /org/bluez/hci0/dev_AA:BB:CC:00:00:04: SINK_STATE_CONNECTED -> SINK_STATE_CONNECTED
Aug 17 17:37:48.166764 n bluetoothd[2862]: profiles/audio/transport.c:transport_update_playing() /org/bluez/hci0/dev_AA:BB:CC:00:00:04/sep2/fd2 State=TRANSPORT_STATE_IDLE Playing=0
Aug 17 17:37:48.166846 n bluetoothd[2862]: profiles/audio/avctp.c:avctp_confirm_cb() AVCTP: incoming connect from AA:BB:CC:00:00:04
Aug 17 17:37:48.166863 n bluetoothd[2862]: profiles/audio/avctp.c:avctp_set_state() AVCTP Connecting
Aug 17 17:37:48.173392 n bluetoothd[2862]: profiles/audio/avctp.c:avctp_connect_cb() AVCTP: connected to AA:BB:CC:00:00:04
Aug 17 17:37:48.173621 n bluetoothd[2862]: profiles/audio/avctp.c:init_uinput() AVRCP: uinput initialized for Tronsmart T8
Aug 17 17:37:48.173641 n bluetoothd[2862]: profiles/audio/avrcp.c:controller_init() 0x5c48e5e8f150 version 0x0106
Aug 17 17:37:48.173650 n bluetoothd[2862]: src/service.c:change_state() 0x5c48e5e891d0: device AA:BB:CC:00:00:04 profile audio-avrcp-target state changed: disconnected -> connected (0)
Aug 17 17:37:48.173665 n bluetoothd[2862]: profiles/audio/avrcp.c:target_init() 0x5c48e5e8a3a0 version 0x0106
Aug 17 17:37:48.173675 n bluetoothd[2862]: src/service.c:change_state() 0x5c48e5ea34a0: device AA:BB:CC:00:00:04 profile avrcp-controller state changed: disconnected -> connected (0)
Aug 17 17:37:48.173688 n bluetoothd[2862]: profiles/audio/avctp.c:avctp_set_state() AVCTP Connected
Aug 17 17:37:48.179417 n bluetoothd[2862]: profiles/audio/avrcp.c:handle_vendordep_pdu() AVRCP PDU 0x10, company 0x001958 len 0x0001
Aug 17 17:37:48.179434 n bluetoothd[2862]: profiles/audio/avrcp.c:avrcp_handle_get_capabilities() id=3
Aug 17 17:37:48.185416 n bluetoothd[2862]: profiles/audio/avrcp.c:handle_vendordep_pdu() AVRCP PDU 0x31, company 0x001958 len 0x0005
Aug 17 17:37:48.186748 n bluetoothd[2862]: profiles/audio/transport.c:media_owner_create() Owner created: sender=:1.86
Aug 17 17:37:48.186760 n bluetoothd[2862]: profiles/audio/transport.c:media_transport_resume() Transport /org/bluez/hci0/dev_AA:BB:CC:00:00:04/sep2/fd2 Owner :1.86
Aug 17 17:37:48.186769 n bluetoothd[2862]: profiles/audio/avdtp.c:avdtp_ref() 0x5c48e5e8f860: ref=2
Aug 17 17:37:48.186774 n bluetoothd[2862]: profiles/audio/a2dp.c:a2dp_sep_lock() SEP 0x5c48e5e64080 locked
Aug 17 17:37:48.186781 n bluetoothd[2862]: profiles/audio/avdtp.c:avdtp_ref() 0x5c48e5e8f860: ref=3
Aug 17 17:37:48.186787 n bluetoothd[2862]: profiles/audio/a2dp.c:setup_ref() 0x5c48e5e890f0: ref=1
Aug 17 17:37:48.186801 n bluetoothd[2862]: profiles/audio/transport.c:transport_set_state() State changed /org/bluez/hci0/dev_AA:BB:CC:00:00:04/sep2/fd2: TRANSPORT_STATE_IDLE -> TRANSPORT_STATE_REQUESTING
Aug 17 17:37:48.186808 n bluetoothd[2862]: profiles/audio/transport.c:media_request_create() Request created: method=Acquire id=10
Aug 17 17:37:48.186813 n bluetoothd[2862]: profiles/audio/transport.c:media_owner_add() Owner :1.86 Request Acquire
Aug 17 17:37:48.186819 n bluetoothd[2862]: profiles/audio/transport.c:media_transport_set_owner() Transport /org/bluez/hci0/dev_AA:BB:CC:00:00:04/sep2/fd2 Owner :1.86
Aug 17 17:37:48.192379 n bluetoothd[2862]: profiles/audio/avdtp.c:session_cb()
Aug 17 17:37:48.192400 n bluetoothd[2862]: profiles/audio/avdtp.c:avdtp_parse_resp() START request succeeded
Aug 17 17:37:48.192412 n bluetoothd[2862]: profiles/audio/a2dp.c:start_cfm() Source 0x5c48e5e64080: Start_Cfm
Aug 17 17:37:48.192422 n bluetoothd[2862]: /org/bluez/hci0/dev_AA:BB:CC:00:00:04/sep2/fd2: fd(39) ready
Aug 17 17:37:48.192466 n bluetoothd[2862]: profiles/audio/transport.c:media_owner_remove() Owner :1.86 Request Acquire
Aug 17 17:37:48.192477 n bluetoothd[2862]: profiles/audio/transport.c:transport_set_state() State changed /org/bluez/hci0/dev_AA:BB:CC:00:00:04/sep2/fd2: TRANSPORT_STATE_REQUESTING -> TRANSPORT_STATE_ACTIVE
Aug 17 17:37:48.192491 n bluetoothd[2862]: profiles/audio/a2dp.c:setup_unref() 0x5c48e5e890f0: ref=0
Aug 17 17:37:48.192502 n bluetoothd[2862]: profiles/audio/a2dp.c:setup_free() 0x5c48e5e890f0
Aug 17 17:37:48.192510 n bluetoothd[2862]: profiles/audio/avdtp.c:avdtp_unref() 0x5c48e5e8f860: ref=2
Aug 17 17:37:48.192520 n bluetoothd[2862]: profiles/audio/avdtp.c:avdtp_sep_set_state() stream state changed: OPEN -> STREAMING
Aug 17 17:37:48.192531 n bluetoothd[2862]: profiles/audio/sink.c:sink_set_state() State changed /org/bluez/hci0/dev_AA:BB:CC:00:00:04: SINK_STATE_CONNECTED -> SINK_STATE_PLAYING
Aug 17 17:37:48.192541 n bluetoothd[2862]: profiles/audio/transport.c:transport_update_playing() /org/bluez/hci0/dev_AA:BB:CC:00:00:04/sep2/fd2 State=TRANSPORT_STATE_ACTIVE Playing=1
Aug 17 17:37:48.193029 n bluetoothd[2862]: profiles/audio/transport.c:media_transport_set_volume() Transport /org/bluez/hci0/dev_AA:BB:CC:00:00:04/sep2/fd2 level 95
Aug 17 17:37:50.269240 n bluetoothd[2862]: plugins/policy.c:policy_connect() /org/bluez/hci0/dev_AA:BB:CC:00:00:04 profile Hands-Free Voice gateway
Aug 17 17:37:50.269359 n bluetoothd[2862]: src/service.c:btd_service_ref() 0x5c48e5e8af50: ref=3
Aug 17 17:37:50.269375 n bluetoothd[2862]: src/service.c:change_state() 0x5c48e5e8af50: device AA:BB:CC:00:00:04 profile Hands-Free Voice gateway state changed: disconnected -> connecting (0)
Aug 17 17:37:50.329417 n bluetoothd[2862]: src/profile.c:ext_connect() Hands-Free Voice gateway connected to AA:BB:CC:00:00:04
Aug 17 17:37:50.330054 n bluetoothd[2862]: src/service.c:change_state() 0x5c48e5e8af50: device AA:BB:CC:00:00:04 profile Hands-Free Voice gateway state changed: connecting -> connected (0)
Aug 17 17:37:50.330065 n bluetoothd[2862]: src/device.c:device_profile_connected() Hands-Free Voice gateway Success (0)
Aug 17 17:37:50.330071 n bluetoothd[2862]: plugins/policy.c:policy_connect() /org/bluez/hci0/dev_AA:BB:CC:00:00:04 profile a2dp-sink
Aug 17 17:37:50.330078 n bluetoothd[2862]: plugins/policy.c:service_cb() Added Hands-Free Voice gateway reconnect 1
Aug 17 17:37:50.407467 n bluetoothd[2862]: src/profile.c:ext_io_disconnected() Unable to get io data for Hands-Free Voice gateway: getpeername: Transport endpoint is not connected (107)
Aug 17 17:37:50.407485 n bluetoothd[2862]: src/service.c:change_state() 0x5c48e5e8af50: device AA:BB:CC:00:00:04 profile Hands-Free Voice gateway state changed: connected -> disconnected (0)
Aug 17 17:37:50.407513 n bluetoothd[2862]: src/service.c:btd_service_unref() 0x5c48e5e8af50: ref=2
