Aug 17 17:36:00.542356 n kernel: hci0: 
Aug 17 17:36:00.542498 n kernel: hci0: 
Aug 17 17:36:00.542530 n kernel: hci0: entry 00000000668e1ce2
Aug 17 17:36:00.542585 n kernel: hci0: Opcode 0x200c
Aug 17 17:36:00.542621 n kernel: hci0: opcode 0x200c plen 2
Aug 17 17:36:00.542663 n kernel: hci0: skb len 5
Aug 17 17:36:00.542686 n kernel: hci0: length 1
Aug 17 17:36:00.542710 n kernel: hci0 cmd_cnt 1 cmd queued 1
Aug 17 17:36:00.542733 n kernel: hci0: skb 00000000d7570e7b
Aug 17 17:36:00.544374 n kernel: hci0: result 0x00
Aug 17 17:36:00.544397 n kernel: hci0: 
Aug 17 17:36:00.544413 n kernel: hci0: end: err 0
Aug 17 17:36:00.544458 n kernel: hci0: entry 000000008676da3d
Aug 17 17:36:00.544483 n kernel: hci0: 
Aug 17 17:36:00.544500 n kernel: hci0: Opcode 0x0401
Aug 17 17:36:00.544522 n kernel: hci0: opcode 0x0401 plen 5
Aug 17 17:36:00.544539 n kernel: hci0: skb len 8
Aug 17 17:36:00.544556 n kernel: hci0: length 1
Aug 17 17:36:00.544565 n kernel: hci0 cmd_cnt 1 cmd queued 1
Aug 17 17:36:00.544577 n kernel: hci0: skb 00000000688e0701
Aug 17 17:36:00.547445 n kernel: hci0: result 0x00
Aug 17 17:36:00.547479 n kernel: hci0: end: err 0
Aug 17 17:36:00.547512 n kernel: hci0: entry 00000000f03daa04
Aug 17 17:36:00.547588 n kernel: hci0: 
Aug 17 17:36:00.547630 n kernel: hci0: 
Aug 17 17:36:05.669613 n kernel: hci0: state 2 -> 0
Aug 17 17:36:05.669661 n kernel: hci0: 
Aug 17 17:36:05.669674 n kernel: hci0: entry 000000004b43a15b
Aug 17 17:36:05.669700 n kernel: hci0: ADV monitoring is off
Aug 17 17:36:05.669720 n kernel: hci0: stopping background scanning
Aug 17 17:36:11.273459 n kernel: hci0: state 0 -> 1
Aug 17 17:36:11.273489 n kernel: hci0: 
Aug 17 17:36:11.273515 n kernel: hci0: entry 00000000745ede7d
Aug 17 17:36:11.273549 n kernel: hci0: type 7
Aug 17 17:36:11.273568 n kernel: hci0: 
Aug 17 17:36:11.273584 n kernel: hci0: cancelling interleave scan
Aug 17 17:36:11.273610 n kernel: hci0: Opcode 0x2005
Aug 17 17:36:11.273627 n kernel: hci0: opcode 0x2005 plen 6
Aug 17 17:36:11.273643 n kernel: hci0: skb len 9
Aug 17 17:36:11.273655 n kernel: hci0: length 1
Aug 17 17:36:11.273670 n kernel: hci0 cmd_cnt 1 cmd queued 1
Aug 17 17:36:11.273685 n kernel: hci0: skb 00000000ab508147
Aug 17 17:36:11.372624 n kernel: hci0
Aug 17 17:36:11.372652 n kernel: hci0
Aug 17 17:36:11.372688 n kernel: hci0
Aug 17 17:36:11.376492 n kernel: hci0: result 0x00
Aug 17 17:36:11.376546 n kernel: hci0: end: err 0
Aug 17 17:36:11.376568 n kernel: hci0: Opcode 0x200b
Aug 17 17:36:11.376591 n kernel: hci0: opcode 0x200b plen 7
Aug 17 17:36:11.376615 n kernel: hci0: skb len 10
Aug 17 17:36:11.376651 n kernel: hci0: length 1
Aug 17 17:36:11.376684 n kernel: hci0 cmd_cnt 1 cmd queued 1
Aug 17 17:36:11.376715 n kernel: hci0: skb 000000009dd2d027
Aug 17 17:36:11.379530 n kernel: hci0: result 0x00
Aug 17 17:36:11.379560 n kernel: hci0: end: err 0
Aug 17 17:36:11.379596 n kernel: hci0: Opcode 0x200c
Aug 17 17:36:11.379623 n kernel: hci0: opcode 0x200c plen 2
Aug 17 17:36:11.379659 n kernel: hci0: skb len 5
Aug 17 17:36:11.379684 n kernel: hci0: length 1
Aug 17 17:36:11.379700 n kernel: hci0 cmd_cnt 1 cmd queued 1
Aug 17 17:36:11.379734 n kernel: hci0: skb 00000000d5c96e1f
Aug 17 17:36:11.382338 n kernel: hci0: state 1 -> 2
Aug 17 17:36:11.382443 n kernel: hci0: result 0x00
Aug 17 17:36:11.382460 n kernel: hci0: end: err 0
Aug 17 17:36:11.382499 n kernel: hci0: timeout 5120 ms
Aug 17 17:36:16.926377 n kernel: hci0: 
Aug 17 17:36:16.926540 n kernel: hci0: 
Aug 17 17:36:16.926563 n kernel: hci0: entry 00000000c278f559
Aug 17 17:36:16.926628 n kernel: hci0: Opcode 0x200c
Aug 17 17:36:16.926660 n kernel: hci0: opcode 0x200c plen 2
Aug 17 17:36:16.926699 n kernel: hci0: skb len 5
Aug 17 17:36:16.926722 n kernel: hci0: length 1
Aug 17 17:36:16.926739 n kernel: hci0 cmd_cnt 1 cmd queued 1
Aug 17 17:36:16.926763 n kernel: hci0: skb 000000006e7ec3ef
Aug 17 17:36:16.929415 n kernel: hci0: result 0x00
Aug 17 17:36:16.929446 n kernel: hci0: 
Aug 17 17:36:16.929480 n kernel: hci0: end: err 0
Aug 17 17:36:16.929517 n kernel: hci0: entry 000000003fc843c4
Aug 17 17:36:16.929566 n kernel: hci0: 
Aug 17 17:36:16.929598 n kernel: hci0: Opcode 0x0401
Aug 17 17:36:16.929632 n kernel: hci0: opcode 0x0401 plen 5
Aug 17 17:36:16.929657 n kernel: hci0: skb len 8
Aug 17 17:36:16.929677 n kernel: hci0: length 1
Aug 17 17:36:16.929690 n kernel: hci0 cmd_cnt 1 cmd queued 1
Aug 17 17:36:16.929710 n kernel: hci0: skb 000000000b4ebb99
Aug 17 17:36:16.932410 n kernel: hci0: result 0x00
Aug 17 17:36:16.932430 n kernel: hci0: end: err 0
Aug 17 17:36:16.932442 n kernel: hci0: entry 00000000f03daa04
Aug 17 17:36:16.932457 n kernel: hci0: 
Aug 17 17:36:16.932469 n kernel: hci0: 
Aug 17 17:36:22.054353 n kernel: hci0: state 2 -> 0
Aug 17 17:36:22.054524 n kernel: hci0: 
Aug 17 17:36:22.054567 n kernel: hci0: entry 000000004b43a15b
Aug 17 17:36:22.054599 n kernel: hci0: ADV monitoring is off
Aug 17 17:36:22.054623 n kernel: hci0: stopping background scanning
Aug 17 17:36:27.272381 n kernel: hci0: state 0 -> 1
Aug 17 17:36:27.272396 n kernel: hci0: 
Aug 17 17:36:27.272408 n kernel: hci0: entry 00000000bd51c792
Aug 17 17:36:27.272430 n kernel: hci0: type 7
Aug 17 17:36:27.272450 n kernel: hci0: 
Aug 17 17:36:27.272479 n kernel: hci0: cancelling interleave scan
Aug 17 17:36:27.272492 n kernel: hci0: Opcode 0x2005
Aug 17 17:36:27.272508 n kernel: hci0: opcode 0x2005 plen 6
Aug 17 17:36:27.272521 n kernel: hci0: skb len 9
Aug 17 17:36:27.272535 n kernel: hci0: length 1
Aug 17 17:36:27.272549 n kernel: hci0 cmd_cnt 1 cmd queued 1
Aug 17 17:36:27.272562 n kernel: hci0: skb 00000000b77b9c4a
Aug 17 17:36:27.370596 n kernel: hci0
Aug 17 17:36:27.370656 n kernel: hci0
Aug 17 17:36:27.370681 n kernel: hci0
Aug 17 17:36:27.374369 n kernel: hci0: result 0x00
Aug 17 17:36:27.374396 n kernel: hci0: end: err 0
Aug 17 17:36:27.374409 n kernel: hci0: Opcode 0x200b
Aug 17 17:36:27.374417 n kernel: hci0: opcode 0x200b plen 7
Aug 17 17:36:27.374430 n kernel: hci0: skb len 10
Aug 17 17:36:27.374443 n kernel: hci0: length 1
Aug 17 17:36:27.374459 n kernel: hci0 cmd_cnt 1 cmd queued 1
Aug 17 17:36:27.374475 n kernel: hci0: skb 00000000a39da4e9
Aug 17 17:36:27.377412 n kernel: hci0: result 0x00
Aug 17 17:36:27.377440 n kernel: hci0: end: err 0
Aug 17 17:36:27.377477 n kernel: hci0: Opcode 0x200c
Aug 17 17:36:27.377494 n kernel: hci0: opcode 0x200c plen 2
Aug 17 17:36:27.377522 n kernel: hci0: skb len 5
Aug 17 17:36:27.377556 n kernel: hci0: length 1
Aug 17 17:36:27.377586 n kernel: hci0 cmd_cnt 1 cmd queued 1
Aug 17 17:36:27.377600 n kernel: hci0: skb 0000000087850dc2
Aug 17 17:36:27.380346 n kernel: hci0: state 1 -> 2
Aug 17 17:36:27.380398 n kernel: hci0: result 0x00
Aug 17 17:36:27.380417 n kernel: hci0: end: err 0
Aug 17 17:36:27.380432 n kernel: hci0: timeout 5120 ms
Aug 17 17:36:32.798334 n kernel: hci0: 
Aug 17 17:36:32.798445 n kernel: hci0: 
Aug 17 17:36:32.798460 n kernel: hci0: entry 00000000708952d8
Aug 17 17:36:32.798488 n kernel: hci0: Opcode 0x200c
Aug 17 17:36:32.798511 n kernel: hci0: opcode 0x200c plen 2
Aug 17 17:36:32.798534 n kernel: hci0: skb len 5
Aug 17 17:36:32.798562 n kernel: hci0: length 1
Aug 17 17:36:32.798586 n kernel: hci0 cmd_cnt 1 cmd queued 1
Aug 17 17:36:32.798603 n kernel: hci0: skb 00000000df3a350c
Aug 17 17:36:32.800538 n kernel: hci0: result 0x00
Aug 17 17:36:32.800566 n kernel: hci0: 
Aug 17 17:36:32.800587 n kernel: hci0: end: err 0
Aug 17 17:36:32.800607 n kernel: hci0: entry 000000008676da3d
Aug 17 17:36:32.800629 n kernel: hci0: 
Aug 17 17:36:32.800655 n kernel: hci0: Opcode 0x0401
Aug 17 17:36:32.800687 n kernel: hci0: opcode 0x0401 plen 5
Aug 17 17:36:32.800707 n kernel: hci0: skb len 8
Aug 17 17:36:32.800722 n kernel: hci0: length 1
Aug 17 17:36:32.800739 n kernel: hci0 cmd_cnt 1 cmd queued 1
Aug 17 17:36:32.800751 n kernel: hci0: skb 0000000041a03940
Aug 17 17:36:32.803366 n kernel: hci0: result 0x00
Aug 17 17:36:32.803383 n kernel: hci0: end: err 0
Aug 17 17:36:32.803397 n kernel: hci0: entry 00000000d9d6a865
Aug 17 17:36:32.803422 n kernel: hci0: 
Aug 17 17:36:32.803434 n kernel: hci0: 
Aug 17 17:36:37.925609 n kernel: hci0: state 2 -> 0
Aug 17 17:36:37.925772 n kernel: hci0: 
Aug 17 17:36:37.925806 n kernel: hci0: entry 00000000013f3770
Aug 17 17:36:37.925903 n kernel: hci0: ADV monitoring is off
Aug 17 17:36:37.925973 n kernel: hci0: stopping background scanning
Aug 17 17:36:43.267839 n kernel: hci0: state 0 -> 1
Aug 17 17:36:43.267858 n kernel: hci0: 
Aug 17 17:36:43.267876 n kernel: hci0: entry 00000000cb4442ba
Aug 17 17:36:43.267897 n kernel: hci0: type 7
Aug 17 17:36:43.267916 n kernel: hci0: 
Aug 17 17:36:43.267937 n kernel: hci0: cancelling interleave scan
Aug 17 17:36:43.267954 n kernel: hci0: Opcode 0x2005
Aug 17 17:36:43.267967 n kernel: hci0: opcode 0x2005 plen 6
Aug 17 17:36:43.267984 n kernel: hci0: skb len 9
Aug 17 17:36:43.268001 n kernel: hci0: length 1
Aug 17 17:36:43.268016 n kernel: hci0 cmd_cnt 1 cmd queued 1
Aug 17 17:36:43.268039 n kernel: hci0: skb 00000000842062ea
Aug 17 17:36:43.366521 n kernel: hci0
Aug 17 17:36:43.366568 n kernel: hci0
Aug 17 17:36:43.366605 n kernel: hci0
Aug 17 17:36:43.370413 n kernel: hci0: result 0x00
Aug 17 17:36:43.370464 n kernel: hci0: end: err 0
Aug 17 17:36:43.370509 n kernel: hci0: Opcode 0x200b
Aug 17 17:36:43.370544 n kernel: hci0: opcode 0x200b plen 7
Aug 17 17:36:43.370573 n kernel: hci0: skb len 10
Aug 17 17:36:43.370610 n kernel: hci0: length 1
Aug 17 17:36:43.370627 n kernel: hci0 cmd_cnt 1 cmd queued 1
Aug 17 17:36:43.370648 n kernel: hci0: skb 0000000091776d63
Aug 17 17:36:43.373443 n kernel: hci0: result 0x00
Aug 17 17:36:43.373464 n kernel: hci0: end: err 0
Aug 17 17:36:43.373487 n kernel: hci0: Opcode 0x200c
Aug 17 17:36:43.373504 n kernel: hci0: opcode 0x200c plen 2
Aug 17 17:36:43.373537 n kernel: hci0: skb len 5
Aug 17 17:36:43.373560 n kernel: hci0: length 1
Aug 17 17:36:43.373580 n kernel: hci0 cmd_cnt 1 cmd queued 1
Aug 17 17:36:43.373611 n kernel: hci0: skb 00000000b7fc84e5
Aug 17 17:36:43.376332 n kernel: hci0: state 1 -> 2
Aug 17 17:36:43.376456 n kernel: hci0: result 0x00
Aug 17 17:36:43.376479 n kernel: hci0: end: err 0
Aug 17 17:36:43.376502 n kernel: hci0: timeout 5120 ms
Aug 17 17:36:45.361376 n kernel: hci0: 
Aug 17 17:36:45.361391 n kernel: hci0: entry 00000000a38c5c7f
Aug 17 17:36:45.361414 n kernel: hci0: Opcode 0x0c1a
Aug 17 17:36:45.361440 n kernel: hci0: opcode 0x0c1a plen 1
Aug 17 17:36:45.361453 n kernel: hci0: skb len 4
Aug 17 17:36:45.361473 n kernel: hci0: length 1
Aug 17 17:36:45.361482 n kernel: hci0 cmd_cnt 1 cmd queued 1
Aug 17 17:36:45.361493 n kernel: hci0: skb 00000000b4299bca
Aug 17 17:36:45.363426 n kernel: hci0: result 0x00
Aug 17 17:36:45.363455 n kernel: hci0: end: err 0
Aug 17 17:36:45.366410 n kernel: hci0: state 2 -> 4
Aug 17 17:36:45.366446 n kernel: hci0: 
Aug 17 17:36:45.366468 n kernel: hci0: entry 0000000023e1081b
Aug 17 17:36:45.366505 n kernel: hci0: state 4
Aug 17 17:36:45.366560 n kernel: hci0: Opcode 0x200c
Aug 17 17:36:45.366588 n kernel: hci0: opcode 0x200c plen 2
Aug 17 17:36:45.366616 n kernel: hci0: skb len 5
Aug 17 17:36:45.366659 n kernel: hci0: length 1
Aug 17 17:36:45.366692 n kernel: hci0 cmd_cnt 1 cmd queued 1
Aug 17 17:36:45.366728 n kernel: hci0: skb 00000000de21ec5b
Aug 17 17:36:45.368386 n kernel: hci0: result 0x00
Aug 17 17:36:45.368415 n kernel: hci0: end: err 0
Aug 17 17:36:45.368459 n kernel: hci0: state 4 -> 0
Aug 17 17:36:45.368476 n kernel: hci0: entry 0000000061a71458
Aug 17 17:36:45.368492 n kernel: hci0: ADV monitoring is off
Aug 17 17:36:45.368513 n kernel: hci0: stopping background scanning
Aug 17 17:36:45.368527 n kernel: hci0: 
Aug 17 17:36:45.368552 n kernel: hci0: 
Aug 17 17:36:45.368564 n kernel: hci0: entry 000000005dc18463
Aug 17 17:36:45.369371 n kernel: hci0: dst AA:BB:CC:00:00:01
Aug 17 17:36:45.369386 n kernel: hci0: dst AA:BB:CC:00:00:01 handle 0x0f00
Aug 17 17:36:45.369401 n kernel: hci0 evt 1
Aug 17 17:36:45.369410 n kernel: hci0: 
Aug 17 17:36:45.369421 n kernel: hci0: entry 000000007ba3c469
Aug 17 17:36:45.369457 n kernel: hci0: Opcode 0x0405
Aug 17 17:36:45.369476 n kernel: hci0: opcode 0x0405 plen 13
Aug 17 17:36:45.369493 n kernel: hci0: skb len 16
Aug 17 17:36:45.369508 n kernel: hci0: length 1
Aug 17 17:36:45.369518 n kernel: hci0 cmd_cnt 1 cmd queued 1
Aug 17 17:36:45.369525 n kernel: hci0: skb 00000000b7fc84e5
Aug 17 17:36:45.648480 n kernel: hci0: hcon 0000000053bde63f handle 0x0002
Aug 17 17:36:45.648561 n kernel: hci0 opcode 0x041b plen 2
Aug 17 17:36:45.648614 n kernel: hci0: skb len 5
Aug 17 17:36:45.648644 n kernel: hci0: result 0x00
Aug 17 17:36:45.648680 n kernel: hci0 cmd_cnt 1 cmd queued 1
Aug 17 17:36:45.648709 n kernel: hci0: skb 000000000535b7af
Aug 17 17:36:45.648764 n kernel: hci0: end: err 0
Aug 17 17:36:45.648796 n kernel: hci0: entry 00000000b1d85904
Aug 17 17:36:45.648831 n kernel: hci0: 
Aug 17 17:36:45.666328 n kernel: hci0 opcode 0x041c plen 3
Aug 17 17:36:45.666401 n kernel: hci0: skb len 6
Aug 17 17:36:45.666444 n kernel: hci0 cmd_cnt 1 cmd queued 1
Aug 17 17:36:45.666483 n kernel: hci0: skb 00000000c351460c
Aug 17 17:36:45.669332 n kernel: hci0 hcon 0000000053bde63f
Aug 17 17:36:45.672401 n kernel: hci0 opcode 0x0419 plen 10
Aug 17 17:36:45.672437 n kernel: hci0: skb len 13
Aug 17 17:36:45.672474 n kernel: hci0 cmd_cnt 1 cmd queued 1
Aug 17 17:36:45.672495 n kernel: hci0: skb 00000000c839d96d
Aug 17 17:36:45.695335 n kernel: hci0 opcode 0x0411 plen 2
Aug 17 17:36:45.695397 n kernel: hci0: skb len 5
Aug 17 17:36:45.695449 n kernel: hci0 cmd_cnt 1 cmd queued 1
Aug 17 17:36:45.695484 n kernel: hci0: skb 000000009dd3f966
Aug 17 17:36:45.700350 n kernel: hci0 opcode 0x040c plen 6
Aug 17 17:36:45.700404 n kernel: hci0: skb len 9
Aug 17 17:36:45.700449 n kernel: hci0 cmd_cnt 1 cmd queued 1
Aug 17 17:36:45.700476 n kernel: hci0: skb 000000007d711f6b
Aug 17 17:36:45.705331 n kernel: hci0 opcode 0x042b plen 9
Aug 17 17:36:45.705379 n kernel: hci0: skb len 12
Aug 17 17:36:45.705393 n kernel: hci0 cmd_cnt 1 cmd queued 1
Aug 17 17:36:45.705409 n kernel: hci0: skb 00000000e61e49b0
Aug 17 17:36:46.091339 n kernel: hci0 opcode 0x042c plen 6
Aug 17 17:36:46.091489 n kernel: hci0: skb len 9
Aug 17 17:36:46.091528 n kernel: hci0 cmd_cnt 1 cmd queued 1
Aug 17 17:36:46.091556 n kernel: hci0: skb 000000004b0f8afc
Aug 17 17:36:46.394360 n kernel: hci0 key for AA:BB:CC:00:00:01 type 4
Aug 17 17:36:46.395324 n kernel: hci0 opcode 0x0413 plen 3
Aug 17 17:36:46.395359 n kernel: hci0: skb len 6
Aug 17 17:36:46.395375 n kernel: hci0 cmd_cnt 1 cmd queued 1
Aug 17 17:36:46.395438 n kernel: hci0: skb 00000000c235dae6
Aug 17 17:36:46.490464 n kernel: hci0 opcode 0x1408 plen 2
Aug 17 17:36:46.490504 n kernel: hci0: skb len 5
Aug 17 17:36:46.490550 n kernel: hci0 cmd_cnt 1 cmd queued 1
Aug 17 17:36:46.490574 n kernel: hci0: skb 000000000b8c1697
Aug 17 17:36:46.625359 n kernel: hci0 cmd_cnt 1 cmd queued 1
Aug 17 17:36:46.625393 n kernel: hci0: skb 000000007457b5ba
Aug 17 17:36:46.685413 n kernel: hci0: 
Aug 17 17:36:46.685427 n kernel: hci0: entry 000000002f3dfb52
Aug 17 17:36:46.685450 n kernel: hci0: ADV monitoring is off
Aug 17 17:36:46.685463 n kernel: hci0: stopping background scanning
Aug 17 17:36:46.685491 n kernel: hci0: 
Aug 17 17:36:46.685500 n kernel: hci0: entry 0000000045bf215e
Aug 17 17:36:46.685525 n kernel: hci0: Opcode 0x0c3a
Aug 17 17:36:46.685540 n kernel: hci0: opcode 0x0c3a plen 4
Aug 17 17:36:46.685552 n kernel: hci0: skb len 7
Aug 17 17:36:46.685561 n kernel: hci0: length 1
Aug 17 17:36:46.685574 n kernel: hci0 cmd_cnt 1 cmd queued 1
Aug 17 17:36:46.685590 n kernel: hci0: skb 00000000ab665adb
Aug 17 17:36:46.688372 n kernel: hci0: result 0x00
Aug 17 17:36:46.688389 n kernel: hci0: end: err 0
Aug 17 17:36:46.688403 n kernel: hci0: Opcode 0x0c1a
Aug 17 17:36:46.688414 n kernel: hci0: opcode 0x0c1a plen 1
Aug 17 17:36:46.688429 n kernel: hci0: skb len 4
Aug 17 17:36:46.688449 n kernel: hci0: length 1
Aug 17 17:36:46.688462 n kernel: hci0 cmd_cnt 1 cmd queued 1
Aug 17 17:36:46.688477 n kernel: hci0: skb 00000000b53b8d21
Aug 17 17:36:46.694347 n kernel: hci0: result 0x00
Aug 17 17:36:46.694359 n kernel: hci0: end: err 0
Aug 17 17:36:46.694377 n kernel: hci0: 
Aug 17 17:36:46.694410 n kernel: hci0: state 0 -> 1
Aug 17 17:36:46.694424 n kernel: hci0: 
Aug 17 17:36:46.694439 n kernel: hci0: entry 0000000030c317af
Aug 17 17:36:46.694470 n kernel: hci0: type 7
Aug 17 17:36:46.694483 n kernel: hci0: 
Aug 17 17:36:46.694496 n kernel: hci0: cancelling interleave scan
Aug 17 17:36:46.694510 n kernel: hci0: Opcode 0x2005
Aug 17 17:36:46.694524 n kernel: hci0: opcode 0x2005 plen 6
Aug 17 17:36:46.694539 n kernel: hci0: skb len 9
Aug 17 17:36:46.694548 n kernel: hci0: length 1
Aug 17 17:36:46.694564 n kernel: hci0 cmd_cnt 1 cmd queued 1
Aug 17 17:36:46.694583 n kernel: hci0: skb 000000002649f599
Aug 17 17:36:46.703353 n kernel: hci0: result 0x00
Aug 17 17:36:46.703372 n kernel: hci0: end: err 0
Aug 17 17:36:46.703392 n kernel: hci0: Opcode 0x200b
Aug 17 17:36:46.703410 n kernel: hci0: opcode 0x200b plen 7
Aug 17 17:36:46.703431 n kernel: hci0: skb len 10
Aug 17 17:36:46.703445 n kernel: hci0: length 1
Aug 17 17:36:46.703454 n kernel: hci0 cmd_cnt 1 cmd queued 1
Aug 17 17:36:46.703464 n kernel: hci0: skb 00000000d12a8d0a
Aug 17 17:36:46.707364 n kernel: hci0: result 0x00
Aug 17 17:36:46.707374 n kernel: hci0: end: err 0
Aug 17 17:36:46.707383 n kernel: hci0: Opcode 0x200c
Aug 17 17:36:46.707398 n kernel: hci0: opcode 0x200c plen 2
Aug 17 17:36:46.707414 n kernel: hci0: skb len 5
Aug 17 17:36:46.707431 n kernel: hci0: length 1
Aug 17 17:36:46.707450 n kernel: hci0 cmd_cnt 1 cmd queued 1
Aug 17 17:36:46.707462 n kernel: hci0: skb 000000008f1a6133
Aug 17 17:36:46.710326 n kernel: hci0: state 1 -> 2
Aug 17 17:36:46.710374 n kernel: hci0: result 0x00
Aug 17 17:36:46.710387 n kernel: hci0: end: err 0
Aug 17 17:36:46.710396 n kernel: hci0: timeout 5120 ms
Aug 17 17:36:52.255351 n kernel: hci0: 
Aug 17 17:36:52.255435 n kernel: hci0: 
Aug 17 17:36:52.255454 n kernel: hci0: entry 000000002eadc4b0
Aug 17 17:36:52.255481 n kernel: hci0: Opcode 0x200c
Aug 17 17:36:52.255493 n kernel: hci0: opcode 0x200c plen 2
Aug 17 17:36:52.255516 n kernel: hci0: skb len 5
Aug 17 17:36:52.255532 n kernel: hci0: length 1
Aug 17 17:36:52.255549 n kernel: hci0 cmd_cnt 1 cmd queued 1
Aug 17 17:36:52.255578 n kernel: hci0: skb 0000000079845d48
Aug 17 17:36:52.258430 n kernel: hci0: result 0x00
Aug 17 17:36:52.258475 n kernel: hci0: 
Aug 17 17:36:52.258498 n kernel: hci0: end: err 0
Aug 17 17:36:52.258515 n kernel: hci0: entry 00000000832c4f2c
Aug 17 17:36:52.258561 n kernel: hci0: 
Aug 17 17:36:52.258596 n kernel: hci0: Opcode 0x0401
Aug 17 17:36:52.258613 n kernel: hci0: opcode 0x0401 plen 5
Aug 17 17:36:52.258631 n kernel: hci0: skb len 8
Aug 17 17:36:52.258656 n kernel: hci0: length 1
Aug 17 17:36:52.258672 n kernel: hci0 cmd_cnt 1 cmd queued 1
Aug 17 17:36:52.258703 n kernel: hci0: skb 00000000fa08a909
Aug 17 17:36:52.261425 n kernel: hci0: result 0x00
Aug 17 17:36:52.261473 n kernel: hci0: end: err 0
Aug 17 17:36:52.261509 n kernel: hci0: entry 00000000f03daa04
Aug 17 17:36:52.261556 n kernel: hci0: 
Aug 17 17:36:52.261580 n kernel: hci0: 
Aug 17 17:36:53.566353 n kernel: hci0: 
Aug 17 17:36:53.566370 n kernel: hci0: entry 0000000030c317af
Aug 17 17:36:53.566379 n kernel: hci0: Opcode 0x0c1a
Aug 17 17:36:53.566399 n kernel: hci0: opcode 0x0c1a plen 1
Aug 17 17:36:53.566407 n kernel: hci0: skb len 4
Aug 17 17:36:53.566420 n kernel: hci0: length 1
Aug 17 17:36:53.566428 n kernel: hci0 cmd_cnt 1 cmd queued 1
Aug 17 17:36:53.566436 n kernel: hci0: skb 000000002e3f041d
Aug 17 17:36:53.569345 n kernel: hci0: result 0x00
Aug 17 17:36:53.569354 n kernel: hci0: end: err 0
Aug 17 17:36:53.571345 n kernel: hci0: state 2 -> 4
Aug 17 17:36:53.571356 n kernel: hci0: 
Aug 17 17:36:53.571376 n kernel: hci0: entry 00000000cf8f7fbc
Aug 17 17:36:53.571394 n kernel: hci0: state 4
Aug 17 17:36:53.571408 n kernel: hci0: Opcode 0x0402
Aug 17 17:36:53.571420 n kernel: hci0: opcode 0x0402 plen 0
Aug 17 17:36:53.571434 n kernel: hci0: skb len 3
Aug 17 17:36:53.571447 n kernel: hci0: length 1
Aug 17 17:36:53.571460 n kernel: hci0 cmd_cnt 1 cmd queued 1
Aug 17 17:36:53.571472 n kernel: hci0: skb 000000002649f599
Aug 17 17:36:53.574327 n kernel: hci0: state 4 -> 0
Aug 17 17:36:53.574391 n kernel: hci0: result 0x00
Aug 17 17:36:53.574400 n kernel: hci0: end: err 0
Aug 17 17:36:53.574408 n kernel: hci0: entry 000000001fae154c
Aug 17 17:36:53.574425 n kernel: hci0: ADV monitoring is off
Aug 17 17:36:53.574433 n kernel: hci0: stopping background scanning
Aug 17 17:36:53.574440 n kernel: hci0: 
