Aug 16 15:37:42.699096 n bluetoothd[2806]: src/agent.c:add_default_agent() Default agent set to :1.118 /org/gnome/bluetooth/settings
Aug 16 15:37:42.699113 n bluetoothd[2806]: src/adapter.c:set_mode() sending set mode command for index 0
Aug 16 15:37:42.699125 n bluetoothd[2806]: src/agent.c:agent_ref() 0x583a8c327de0: ref=1
Aug 16 15:37:42.699132 n bluetoothd[2806]: src/agent.c:register_agent() agent :1.118
Aug 16 15:37:42.699190 n bluetoothd[2806]: src/shared/mgmt.c:send_request() [0x0000] command 0x0009
Aug 16 15:37:42.699207 n bluetoothd[2806]: src/shared/mgmt.c:can_read_data() [0x0000] command 0x0009 complete: 0x00
Aug 16 15:37:42.699213 n bluetoothd[2806]: src/adapter.c:new_settings_callback() Settings: 0x00000ad1
Aug 16 15:37:42.699221 n bluetoothd[2806]: src/adapter.c:settings_changed() Changed settings: 0x00000010
Aug 16 15:37:42.699227 n bluetoothd[2806]: src/adapter.c:settings_changed() Pending settings: 0x00000000
Aug 16 15:37:42.699254 n bluetoothd[2806]: src/shared/mgmt.c:send_request() [0x0000] command 0x0018
Aug 16 15:37:42.699267 n bluetoothd[2806]: src/shared/mgmt.c:can_read_data() [0x0000] command 0x0018 complete: 0x00
Aug 16 15:37:42.700762 n bluetoothd[2806]: src/adapter.c:set_discovery_filter() sender :1.118
Aug 16 15:37:42.700776 n bluetoothd[2806]: src/adapter.c:parse_discovery_filter_dict() filtered discovery params: transport: 7 rssi: 32767 pathloss: 32767  duplicate data: false discoverable true pattern (null)
Aug 16 15:37:42.700787 n bluetoothd[2806]: src/adapter.c:set_discovery_filter() successfully pre-set filter
Aug 16 15:37:42.701173 n bluetoothd[2806]: src/adapter.c:start_discovery() sender :1.118
Aug 16 15:37:42.701190 n bluetoothd[2806]: src/adapter.c:update_discovery_filter()
Aug 16 15:37:42.701196 n bluetoothd[2806]: src/adapter.c:discovery_filter_to_mgmt_cp()
Aug 16 15:37:42.701202 n bluetoothd[2806]: src/adapter.c:set_discoverable() sending set mode command for index 0
Aug 16 15:37:42.701211 n bluetoothd[2806]: src/adapter.c:set_mode() sending set mode command for index 0
Aug 16 15:37:42.701225 n bluetoothd[2806]: src/adapter.c:trigger_start_discovery()
Aug 16 15:37:42.701235 n bluetoothd[2806]: src/adapter.c:cancel_passive_scanning()
Aug 16 15:37:42.701269 n bluetoothd[2806]: src/shared/mgmt.c:send_request() [0x0000] command 0x0007
Aug 16 15:37:42.701288 n bluetoothd[2806]: src/adapter.c:start_discovery_timeout()
Aug 16 15:37:42.701293 n bluetoothd[2806]: src/adapter.c:start_discovery_timeout() adapter->current_discovery_filter == 0
Aug 16 15:37:42.701306 n bluetoothd[2806]: src/shared/mgmt.c:can_read_data() [0x0000] command 0x0007 complete: 0x00
Aug 16 15:37:42.701312 n bluetoothd[2806]: src/adapter.c:new_settings_callback() Settings: 0x00000ad3
Aug 16 15:37:42.701317 n bluetoothd[2806]: src/adapter.c:settings_changed() Changed settings: 0x00000002
Aug 16 15:37:42.701326 n bluetoothd[2806]: src/adapter.c:settings_changed() Pending settings: 0x00000000
Aug 16 15:37:42.701355 n bluetoothd[2806]: src/shared/mgmt.c:send_request() [0x0000] command 0x0006
Aug 16 15:37:42.707590 n bluetoothd[2806]: src/shared/mgmt.c:can_read_data() [0x0000] command 0x0006 complete: 0x00
Aug 16 15:37:42.707605 n bluetoothd[2806]: src/adapter.c:new_settings_callback() Settings: 0x00000adb
Aug 16 15:37:42.707613 n bluetoothd[2806]: src/adapter.c:settings_changed() Changed settings: 0x00000008
Aug 16 15:37:42.707620 n bluetoothd[2806]: src/adapter.c:settings_changed() Pending settings: 0x00000000
Aug 16 15:37:42.707672 n bluetoothd[2806]: src/shared/mgmt.c:send_request() [0x0000] command 0x0023
Aug 16 15:37:42.717540 n bluetoothd[2806]: src/shared/mgmt.c:can_read_data() [0x0000] event 0x0013
Aug 16 15:37:42.717557 n bluetoothd[2806]: src/adapter.c:discovering_callback() hci0 type 7 discovering 1 method 0
Aug 16 15:37:42.717584 n bluetoothd[2806]: src/shared/mgmt.c:can_read_data() [0x0000] command 0x0023 complete: 0x00
Aug 16 15:37:42.717596 n bluetoothd[2806]: src/adapter.c:start_discovery_complete() status 0x00
Aug 16 15:37:42.722157 n bluetoothd[2806]: src/profile.c:register_profile() sender :1.119
Aug 16 15:37:42.722183 n bluetoothd[2806]: src/profile.c:create_ext() Created "Message Notification"
Aug 16 15:37:42.722191 n bluetoothd[2806]: src/profile.c:ext_adapter_probe() "Message Notification" probed
Aug 16 15:37:42.722231 n bluetoothd[2806]: src/profile.c:ext_start_servers() Message Notification listening on PSM 4097
Aug 16 15:37:42.722258 n bluetoothd[2806]: src/profile.c:ext_start_servers() Message Notification listening on chan 17
Aug 16 15:37:42.722291 n bluetoothd[2806]: src/adapter.c:adapter_service_add() /org/bluez/hci0
Aug 16 15:37:42.722300 n bluetoothd[2806]: src/sdpd-service.c:add_record_to_server() Adding record with handle 0x1000a
Aug 16 15:37:42.722310 n bluetoothd[2806]: src/sdpd-service.c:add_record_to_server() Record pattern UUID 00000003-0000-1000-8000-00805f9
Aug 16 15:37:42.722316 n bluetoothd[2806]: src/sdpd-service.c:add_record_to_server() Record pattern UUID 00000008-0000-1000-8000-00805f9
Aug 16 15:37:42.722321 n bluetoothd[2806]: src/sdpd-service.c:add_record_to_server() Record pattern UUID 00000100-0000-1000-8000-00805f9
Aug 16 15:37:42.722326 n bluetoothd[2806]: src/sdpd-service.c:add_record_to_server() Record pattern UUID 00001002-0000-1000-8000-00805f9
Aug 16 15:37:42.722332 n bluetoothd[2806]: src/sdpd-service.c:add_record_to_server() Record pattern UUID 00001133-0000-1000-8000-00805f9
Aug 16 15:37:42.722338 n bluetoothd[2806]: src/sdpd-service.c:add_record_to_server() Record pattern UUID 00001134-0000-1000-8000-00805f9
Aug 16 15:37:42.722345 n bluetoothd[2806]: src/adapter.c:adapter_service_insert() /org/bluez/hci0
Aug 16 15:37:42.722351 n bluetoothd[2806]: src/adapter.c:add_uuid() sending add uuid command for index 0
Aug 16 15:37:42.722475 n bluetoothd[2806]: src/profile.c:register_profile() sender :1.119
Aug 16 15:37:42.722485 n bluetoothd[2806]: src/profile.c:create_ext() Created "Message Access"
Aug 16 15:37:42.722491 n bluetoothd[2806]: src/profile.c:ext_adapter_probe() "Message Access" probed
Aug 16 15:37:42.722513 n bluetoothd[2806]: src/profile.c:ext_start_servers() Message Access listening on PSM 4099
Aug 16 15:37:42.722529 n bluetoothd[2806]: src/profile.c:ext_start_servers() Message Access listening on chan 16
Aug 16 15:37:42.722550 n bluetoothd[2806]: src/adapter.c:adapter_service_add() /org/bluez/hci0
Aug 16 15:37:42.722557 n bluetoothd[2806]: src/sdpd-service.c:add_record_to_server() Adding record with handle 0x1000b
Aug 16 15:37:42.722562 n bluetoothd[2806]: src/sdpd-service.c:add_record_to_server() Record pattern UUID 00000003-0000-1000-8000-00805f9
Aug 16 15:37:42.722569 n bluetoothd[2806]: src/sdpd-service.c:add_record_to_server() Record pattern UUID 00000008-0000-1000-8000-00805f9
Aug 16 15:37:42.722574 n bluetoothd[2806]: src/sdpd-service.c:add_record_to_server() Record pattern UUID 00000100-0000-1000-8000-00805f9
Aug 16 15:37:42.722580 n bluetoothd[2806]: src/sdpd-service.c:add_record_to_server() Record pattern UUID 00001002-0000-1000-8000-00805f9
Aug 16 15:37:42.722585 n bluetoothd[2806]: src/sdpd-service.c:add_record_to_server() Record pattern UUID 00001132-0000-1000-8000-00805f9
Aug 16 15:37:42.722591 n bluetoothd[2806]: src/sdpd-service.c:add_record_to_server() Record pattern UUID 00001134-0000-1000-8000-00805f9
Aug 16 15:37:42.722598 n bluetoothd[2806]: src/adapter.c:adapter_service_insert() /org/bluez/hci0
Aug 16 15:37:42.722604 n bluetoothd[2806]: src/adapter.c:add_uuid() sending add uuid command for index 0
Aug 16 15:37:42.722626 n bluetoothd[2806]: src/profile.c:register_profile() sender :1.119
Aug 16 15:37:42.722638 n bluetoothd[2806]: src/profile.c:create_ext() Created "Phone Book Access"
Aug 16 15:37:42.722649 n bluetoothd[2806]: src/profile.c:ext_adapter_probe() "Phone Book Access" probed
Aug 16 15:37:42.722677 n bluetoothd[2806]: src/profile.c:ext_start_servers() Phone Book Access listening on PSM 4101
Aug 16 15:37:42.722698 n bluetoothd[2806]: src/profile.c:ext_start_servers() Phone Book Access listening on chan 15
Aug 16 15:37:42.722730 n bluetoothd[2806]: src/adapter.c:adapter_service_add() /org/bluez/hci0
Aug 16 15:37:42.722739 n bluetoothd[2806]: src/sdpd-service.c:add_record_to_server() Adding record with handle 0x1000c
Aug 16 15:37:42.722747 n bluetoothd[2806]: src/sdpd-service.c:add_record_to_server() Record pattern UUID 00000003-0000-1000-8000-00805f9
Aug 16 15:37:42.722757 n bluetoothd[2806]: src/sdpd-service.c:add_record_to_server() Record pattern UUID 00000008-0000-1000-8000-00805f9
Aug 16 15:37:42.722764 n bluetoothd[2806]: src/sdpd-service.c:add_record_to_server() Record pattern UUID 00000100-0000-1000-8000-00805f9
Aug 16 15:37:42.722771 n bluetoothd[2806]: src/sdpd-service.c:add_record_to_server() Record pattern UUID 00001002-0000-1000-8000-00805f9
Aug 16 15:37:42.722778 n bluetoothd[2806]: src/sdpd-service.c:add_record_to_server() Record pattern UUID 0000112f-0000-1000-8000-00805f9
Aug 16 15:37:42.722786 n bluetoothd[2806]: src/sdpd-service.c:add_record_to_server() Record pattern UUID 00001130-0000-1000-8000-00805f9
Aug 16 15:37:42.722794 n bluetoothd[2806]: src/adapter.c:adapter_service_insert() /org/bluez/hci0
Aug 16 15:37:42.722807 n bluetoothd[2806]: src/adapter.c:add_uuid() sending add uuid command for index 0
Aug 16 15:37:42.722837 n bluetoothd[2806]: src/profile.c:register_profile() sender :1.119
Aug 16 15:37:42.722847 n bluetoothd[2806]: src/profile.c:create_ext() Created "Synchronization"
Aug 16 15:37:42.722854 n bluetoothd[2806]: src/profile.c:ext_adapter_probe() "Synchronization" probed
Aug 16 15:37:42.722878 n bluetoothd[2806]: src/profile.c:ext_start_servers() Synchronization listening on chan 14
Aug 16 15:37:42.722907 n bluetoothd[2806]: src/adapter.c:adapter_service_add() /org/bluez/hci0
Aug 16 15:37:42.722916 n bluetoothd[2806]: src/sdpd-service.c:add_record_to_server() Adding record with handle 0x1000d
Aug 16 15:37:42.722925 n bluetoothd[2806]: src/sdpd-service.c:add_record_to_server() Record pattern UUID 00000003-0000-1000-8000-00805f9
Aug 16 15:37:42.722933 n bluetoothd[2806]: src/sdpd-service.c:add_record_to_server() Record pattern UUID 00000008-0000-1000-8000-00805f9
Aug 16 15:37:42.722940 n bluetoothd[2806]: src/sdpd-service.c:add_record_to_server() Record pattern UUID 00000100-0000-1000-8000-00805f9
Aug 16 15:37:42.722948 n bluetoothd[2806]: src/sdpd-service.c:add_record_to_server() Record pattern UUID 00001002-0000-1000-8000-00805f9
Aug 16 15:37:42.722956 n bluetoothd[2806]: src/sdpd-service.c:add_record_to_server() Record pattern UUID 00001104-0000-1000-8000-00805f9
Aug 16 15:37:42.722963 n bluetoothd[2806]: src/adapter.c:adapter_service_insert() /org/bluez/hci0
Aug 16 15:37:42.722969 n bluetoothd[2806]: src/adapter.c:add_uuid() sending add uuid command for index 0
Aug 16 15:37:42.722991 n bluetoothd[2806]: src/profile.c:register_profile() sender :1.119
Aug 16 15:37:42.722999 n bluetoothd[2806]: src/profile.c:create_ext() Created "File Transfer"
Aug 16 15:37:42.723004 n bluetoothd[2806]: src/profile.c:ext_adapter_probe() "File Transfer" probed
Aug 16 15:37:42.723026 n bluetoothd[2806]: src/profile.c:ext_start_servers() File Transfer listening on PSM 4103
Aug 16 15:37:42.723049 n bluetoothd[2806]: src/profile.c:ext_start_servers() File Transfer listening on chan 10
Aug 16 15:37:42.723079 n bluetoothd[2806]: src/adapter.c:adapter_service_add() /org/bluez/hci0
Aug 16 15:37:42.723088 n bluetoothd[2806]: src/sdpd-service.c:add_record_to_server() Adding record with handle 0x1000e
Aug 16 15:37:42.723095 n bluetoothd[2806]: src/sdpd-service.c:add_record_to_server() Record pattern UUID 00000003-0000-1000-8000-00805f9
Aug 16 15:37:42.723102 n bluetoothd[2806]: src/sdpd-service.c:add_record_to_server() Record pattern UUID 00000008-0000-1000-8000-00805f9
Aug 16 15:37:42.723109 n bluetoothd[2806]: src/sdpd-service.c:add_record_to_server() Record pattern UUID 00000100-0000-1000-8000-00805f9
Aug 16 15:37:42.723117 n bluetoothd[2806]: src/sdpd-service.c:add_record_to_server() Record pattern UUID 00001002-0000-1000-8000-00805f9
Aug 16 15:37:42.723126 n bluetoothd[2806]: src/sdpd-service.c:add_record_to_server() Record pattern UUID 00001106-0000-1000-8000-00805f9
Aug 16 15:37:42.723134 n bluetoothd[2806]: src/adapter.c:adapter_service_insert() /org/bluez/hci0
Aug 16 15:37:42.723140 n bluetoothd[2806]: src/adapter.c:add_uuid() sending add uuid command for index 0
Aug 16 15:37:42.723162 n bluetoothd[2806]: src/profile.c:register_profile() sender :1.119
Aug 16 15:37:42.723170 n bluetoothd[2806]: src/profile.c:create_ext() Created "Object Push"
Aug 16 15:37:42.723181 n bluetoothd[2806]: src/profile.c:ext_adapter_probe() "Object Push" probed
Aug 16 15:37:42.723204 n bluetoothd[2806]: src/profile.c:ext_start_servers() Object Push listening on PSM 4105
Aug 16 15:37:42.723218 n bluetoothd[2806]: src/profile.c:ext_start_servers() Object Push listening on chan 9
Aug 16 15:37:42.723242 n bluetoothd[2806]: src/adapter.c:adapter_service_add() /org/bluez/hci0
Aug 16 15:37:42.723248 n bluetoothd[2806]: src/sdpd-service.c:add_record_to_server() Adding record with handle 0x1000f
Aug 16 15:37:42.723254 n bluetoothd[2806]: src/sdpd-service.c:add_record_to_server() Record pattern UUID 00000003-0000-1000-8000-00805f9
Aug 16 15:37:42.723259 n bluetoothd[2806]: src/sdpd-service.c:add_record_to_server() Record pattern UUID 00000008-0000-1000-8000-00805f9
Aug 16 15:37:42.723264 n bluetoothd[2806]: src/sdpd-service.c:add_record_to_server() Record pattern UUID 00000100-0000-1000-8000-00805f9
Aug 16 15:37:42.723270 n bluetoothd[2806]: src/sdpd-service.c:add_record_to_server() Record pattern UUID 00001002-0000-1000-8000-00805f9
Aug 16 15:37:42.723274 n bluetoothd[2806]: src/sdpd-service.c:add_record_to_server() Record pattern UUID 00001105-0000-1000-8000-00805f9
Aug 16 15:37:42.723283 n bluetoothd[2806]: src/adapter.c:adapter_service_insert() /org/bluez/hci0
Aug 16 15:37:42.723288 n bluetoothd[2806]: src/adapter.c:add_uuid() sending add uuid command for index 0
Aug 16 15:37:42.723308 n bluetoothd[2806]: src/profile.c:register_profile() sender :1.119
Aug 16 15:37:42.723322 n bluetoothd[2806]: src/profile.c:create_ext() Created ":1.119/org/bluez/obex/00005005_0000_1000_8000_0002ee000001/<UUID-01>"
Aug 16 15:37:42.723328 n bluetoothd[2806]: src/profile.c:ext_adapter_probe() ":1.119/org/bluez/obex/00005005_0000_1000_8000_0002ee000001/<UUID-01>" probed
Aug 16 15:37:42.723346 n bluetoothd[2806]: src/adapter.c:adapter_service_add() /org/bluez/hci0
Aug 16 15:37:42.723351 n bluetoothd[2806]: src/sdpd-service.c:add_record_to_server() Adding record with handle 0x10010
Aug 16 15:37:42.723360 n bluetoothd[2806]: src/sdpd-service.c:add_record_to_server() Record pattern UUID 00000003-0000-1000-8000-00805f9
Aug 16 15:37:42.723365 n bluetoothd[2806]: src/sdpd-service.c:add_record_to_server() Record pattern UUID 00000008-0000-1000-8000-00805f9
Aug 16 15:37:42.723370 n bluetoothd[2806]: src/sdpd-service.c:add_record_to_server() Record pattern UUID 00000100-0000-1000-8000-00805f9
Aug 16 15:37:42.723374 n bluetoothd[2806]: src/sdpd-service.c:add_record_to_server() Record pattern UUID 00001002-0000-1000-8000-00805f9
Aug 16 15:37:42.723381 n bluetoothd[2806]: src/sdpd-service.c:add_record_to_server() Record pattern UUID 00005005-0000-1000-8000-0002ee0
Aug 16 15:37:42.723388 n bluetoothd[2806]: src/adapter.c:adapter_service_insert() /org/bluez/hci0
Aug 16 15:37:42.723393 n bluetoothd[2806]: src/adapter.c:add_uuid() sending add uuid command for index 0
Aug 16 15:37:42.723447 n bluetoothd[2806]: src/shared/mgmt.c:send_request() [0x0000] command 0x0010
Aug 16 15:37:42.726562 n bluetoothd[2806]: src/shared/mgmt.c:can_read_data() [0x0000] command 0x0010 complete: 0x00
Aug 16 15:37:42.726600 n bluetoothd[2806]: src/shared/mgmt.c:send_request() [0x0000] command 0x0010
Aug 16 15:37:42.729535 n bluetoothd[2806]: src/shared/mgmt.c:can_read_data() [0x0000] command 0x0010 complete: 0x00
Aug 16 15:37:42.729568 n bluetoothd[2806]: src/shared/mgmt.c:send_request() [0x0000] command 0x0010
Aug 16 15:37:42.732519 n bluetoothd[2806]: src/shared/mgmt.c:can_read_data() [0x0000] event 0x0007
Aug 16 15:37:42.732531 n bluetoothd[2806]: src/adapter.c:dev_class_changed_callback() Class: 0x7c010c
Aug 16 15:37:42.735542 n bluetoothd[2806]: src/shared/mgmt.c:can_read_data() [0x0000] command 0x0010 complete: 0x00
Aug 16 15:37:42.735582 n bluetoothd[2806]: src/shared/mgmt.c:send_request() [0x0000] command 0x0010
Aug 16 15:37:42.738543 n bluetoothd[2806]: src/shared/mgmt.c:can_read_data() [0x0000] command 0x0010 complete: 0x00
Aug 16 15:37:42.738583 n bluetoothd[2806]: src/shared/mgmt.c:send_request() [0x0000] command 0x0010
Aug 16 15:37:42.741535 n bluetoothd[2806]: src/shared/mgmt.c:can_read_data() [0x0000] command 0x0010 complete: 0x00
Aug 16 15:37:42.741580 n bluetoothd[2806]: src/shared/mgmt.c:send_request() [0x0000] command 0x0010
Aug 16 15:37:42.744548 n bluetoothd[2806]: src/shared/mgmt.c:can_read_data() [0x0000] command 0x0010 complete: 0x00
Aug 16 15:37:42.744587 n bluetoothd[2806]: src/shared/mgmt.c:send_request() [0x0000] command 0x0010
Aug 16 15:37:42.747543 n bluetoothd[2806]: src/shared/mgmt.c:can_read_data() [0x0000] command 0x0010 complete: 0x00
Aug 16 15:37:42.933597 n bluetoothd[2806]: src/shared/mgmt.c:can_read_data() [0x0000] event 0x0012
Aug 16 15:37:42.933619 n bluetoothd[2806]: src/adapter.c:device_found_callback() hci0 addr AA:BB:CC:00:00:01, rssi -60 flags 0x0000 eir_len 29
Aug 16 15:37:42.933637 n bluetoothd[2806]: src/device.c:device_create() dst AA:BB:CC:00:00:01
Aug 16 15:37:42.933645 n bluetoothd[2806]: src/device.c:device_new() address AA:BB:CC:00:00:01
Aug 16 15:37:42.933658 n bluetoothd[2806]: src/device.c:device_new() Creating device /org/bluez/hci0/dev_AA:BB:CC:00:00:01
Aug 16 15:37:42.933684 n bluetoothd[2806]: src/device.c:device_set_legacy() legacy 0
Aug 16 15:37:42.933694 n bluetoothd[2806]: src/device.c:device_set_rssi_with_delta() rssi -60
Aug 16 15:37:42.933732 n bluetoothd[2806]: src/device.c:device_set_flags() flags 2
Aug 16 15:37:43.427618 n bluetoothd[2806]: src/shared/mgmt.c:can_read_data() [0x0000] event 0x0012
Aug 16 15:37:43.427649 n bluetoothd[2806]: src/adapter.c:device_found_callback() hci0 addr AA:BB:CC:00:00:02, rssi -82 flags 0x0000 eir_len 35
Aug 16 15:37:43.427685 n bluetoothd[2806]: src/device.c:device_create() dst AA:BB:CC:00:00:02
Aug 16 15:37:43.427700 n bluetoothd[2806]: src/device.c:device_new() address AA:BB:CC:00:00:02
Aug 16 15:37:43.427734 n bluetoothd[2806]: src/device.c:device_new() Creating device /org/bluez/hci0/dev_AA:BB:CC:00:00:02
Aug 16 15:37:43.427774 n bluetoothd[2806]: src/device.c:device_store_cached_name() Can't store name for private addressed device /org/bluez/hci0/dev_AA:BB:CC:00:00:02
Aug 16 15:37:43.427793 n bluetoothd[2806]: src/device.c:device_set_legacy() legacy 0
Aug 16 15:37:43.427806 n bluetoothd[2806]: src/device.c:device_set_rssi_with_delta() rssi -82
Aug 16 15:37:43.427829 n bluetoothd[2806]: src/device.c:btd_device_device_set_name() /org/bluez/hci0/dev_AA:BB:CC:00:00:02 NKCCX
Aug 16 15:37:43.427899 n bluetoothd[2806]: src/device.c:device_set_flags() flags 2
Aug 16 15:37:44.370708 n bluetoothd[2806]: src/shared/mgmt.c:can_read_data() [0x0000] event 0x0012
Aug 16 15:37:44.370731 n bluetoothd[2806]: src/adapter.c:device_found_callback() hci0 addr AA:BB:CC:00:00:01, rssi -67 flags 0x0000 eir_len 29
Aug 16 15:37:44.370775 n bluetoothd[2806]: src/device.c:device_set_legacy() legacy 0
Aug 16 15:37:44.370798 n bluetoothd[2806]: src/device.c:device_set_flags() flags 2
Aug 16 15:37:44.370835 n bluetoothd[2806]: src/shared/mgmt.c:can_read_data() [0x0000] event 0x0012
Aug 16 15:37:44.370856 n bluetoothd[2806]: src/adapter.c:device_found_callback() hci0 addr AA:BB:CC:00:00:03, rssi -76 flags 0x0004 eir_len 31
Aug 16 15:37:46.029766 n bluetoothd[2806]: src/shared/mgmt.c:can_read_data() [0x0000] event 0x000b
Aug 16 15:37:46.029792 n bluetoothd[2806]: src/adapter.c:connected_callback() hci0 device AA:BB:CC:00:00:04 connected eir_len 5
Aug 16 15:37:46.029810 n bluetoothd[2806]: src/device.c:device_create() dst AA:BB:CC:00:00:04
Aug 16 15:37:46.029822 n bluetoothd[2806]: src/device.c:device_new() address AA:BB:CC:00:00:04
Aug 16 15:37:46.029843 n bluetoothd[2806]: src/device.c:device_new() Creating device /org/bluez/hci0/dev_AA:BB:CC:00:00:04
Aug 16 15:37:46.033938 n bluetoothd[2806]: src/device.c:device_set_class() /org/bluez/hci0/dev_AA:BB:CC:00:00:04 0x240404
Aug 16 15:37:46.033970 n bluetoothd[2806]: src/shared/mgmt.c:can_read_data() [0x0000] event 0x000c
Aug 16 15:37:46.033979 n bluetoothd[2806]: src/adapter.c:dev_disconnected() Device AA:BB:CC:00:00:04 disconnected, reason 3
Aug 16 15:37:46.033985 n bluetoothd[2806]: src/adapter.c:adapter_remove_connection()
Aug 16 15:37:46.033995 n bluetoothd[2806]: plugins/policy.c:disconnect_cb() reason 3
Aug 16 15:37:46.034002 n bluetoothd[2806]: src/adapter.c:bonding_attempt_complete() hci0 bdaddr AA:BB:CC:00:00:04 type 0 status 0xe
Aug 16 15:37:46.034009 n bluetoothd[2806]: src/device.c:device_bonding_complete() bonding (nil) status 0x0e
Aug 16 15:37:46.034019 n bluetoothd[2806]: src/device.c:device_bonding_failed() status 14
Aug 16 15:37:46.034028 n bluetoothd[2806]: src/adapter.c:resume_discovery()
Aug 16 15:37:46.034035 n bluetoothd[2806]: src/adapter.c:trigger_start_discovery()
Aug 16 15:37:46.034041 n bluetoothd[2806]: src/adapter.c:cancel_passive_scanning()
Aug 16 15:37:47.688989 n bluetoothd[2806]: src/adapter.c:stop_discovery() sender :1.118
Aug 16 15:37:47.689016 n bluetoothd[2806]: src/adapter.c:set_discoverable() sending set mode command for index 0
Aug 16 15:37:47.689028 n bluetoothd[2806]: src/adapter.c:set_mode() sending set mode command for index 0
Aug 16 15:37:47.689050 n bluetoothd[2806]: src/device.c:btd_device_set_temporary() temporary 0
Aug 16 15:37:47.689067 n bluetoothd[2806]: src/agent.c:agent_ref() 0x583a8c327de0: ref=2
Aug 16 15:37:47.689082 n bluetoothd[2806]: src/device.c:bonding_request_new() Requesting bonding for AA:BB:CC:00:00:04
Aug 16 15:37:47.689093 n bluetoothd[2806]: src/agent.c:agent_ref() 0x583a8c327de0: ref=3
Aug 16 15:37:47.689104 n bluetoothd[2806]: src/agent.c:agent_unref() 0x583a8c327de0: ref=2
Aug 16 15:37:47.689117 n bluetoothd[2806]: src/adapter.c:suspend_discovery()
Aug 16 15:37:47.689128 n bluetoothd[2806]: src/adapter.c:adapter_bonding_attempt() hci0 bdaddr AA:BB:CC:00:00:04 type 0 io_cap 0x01
Aug 16 15:37:47.689165 n bluetoothd[2806]: src/shared/mgmt.c:send_request() [0x0000] command 0x0007
Aug 16 15:37:47.691646 n bluetoothd[2806]: src/shared/mgmt.c:can_read_data() [0x0000] command 0x0007 complete: 0x00
Aug 16 15:37:47.691666 n bluetoothd[2806]: src/adapter.c:new_settings_callback() Settings: 0x00000ad1
Aug 16 15:37:47.691673 n bluetoothd[2806]: src/adapter.c:settings_changed() Changed settings: 0x0000000a
Aug 16 15:37:47.691680 n bluetoothd[2806]: src/adapter.c:settings_changed() Pending settings: 0x00000000
Aug 16 15:37:47.694243 n bluetoothd[2806]: src/shared/mgmt.c:send_request() [0x0000] command 0x0024
Aug 16 15:37:47.696601 n bluetoothd[2806]: src/shared/mgmt.c:can_read_data() [0x0000] command 0x0024 complete: 0x00
Aug 16 15:37:47.696618 n bluetoothd[2806]: src/adapter.c:stop_discovery_complete() status 0x00
Aug 16 15:37:47.696631 n bluetoothd[2806]: src/adapter.c:discovery_remove() owner :1.118
Aug 16 15:37:47.696637 n bluetoothd[2806]: src/device.c:device_set_rssi_with_delta() rssi 0
Aug 16 15:37:47.696644 n bluetoothd[2806]: src/device.c:device_set_rssi_with_delta() rssi 0
Aug 16 15:37:47.696659 n bluetoothd[2806]: src/adapter.c:trigger_passive_scanning()
Aug 16 15:37:47.696686 n bluetoothd[2806]: src/shared/mgmt.c:can_read_data() [0x0000] event 0x0013
Aug 16 15:37:47.696696 n bluetoothd[2806]: src/adapter.c:discovering_callback() hci0 type 7 discovering 0 method 0
Aug 16 15:37:47.696719 n bluetoothd[2806]: src/shared/mgmt.c:send_request() [0x0000] command 0x0033
Aug 16 15:37:47.696735 n bluetoothd[2806]: src/shared/mgmt.c:can_read_data() [0x0000] event 0x002a
Aug 16 15:37:47.696752 n bluetoothd[2806]: src/shared/mgmt.c:can_read_data() [0x0000] command 0x0033 complete: 0x00
Aug 16 15:37:47.696759 n bluetoothd[2806]: src/adapter.c:add_accept_list_complete() AA:BB:CC:00:00:04 added to kernel accept list
Aug 16 15:37:47.696792 n bluetoothd[2806]: src/shared/mgmt.c:send_request() [0x0000] command 0x0024
Aug 16 15:37:47.696813 n bluetoothd[2806]: src/shared/mgmt.c:can_read_data() [0x0000] command 0x0024 complete: 0x0b
Aug 16 15:37:47.696823 n bluetoothd[2806]: src/adapter.c:suspend_discovery_complete() status 0x0b
Aug 16 15:37:47.696876 n bluetoothd[2806]: src/shared/mgmt.c:send_request() [0x0000] command 0x0019
Aug 16 15:37:47.871704 n bluetoothd[2806]: src/shared/mgmt.c:can_read_data() [0x0000] event 0x000b
Aug 16 15:37:47.871733 n bluetoothd[2806]: src/adapter.c:connected_callback() hci0 device AA:BB:CC:00:00:04 connected eir_len 25
Aug 16 15:37:49.179012 n bluetoothd[2806]: src/shared/mgmt.c:can_read_data() [0x0000] event 0x0009
Aug 16 15:37:49.179046 n bluetoothd[2806]: src/adapter.c:new_link_key_callback() hci0 new key for AA:BB:CC:00:00:04 type 4 pin_len 0 store_hint 1
Aug 16 15:37:49.185618 n bluetoothd[2806]: src/device.c:device_set_bonded() setting bonded for device to true
Aug 16 15:37:49.185662 n bluetoothd[2806]: src/device.c:device_bonding_complete() bonding 0x583a8c34e020 status 0x00
Aug 16 15:37:49.185684 n bluetoothd[2806]: src/device.c:device_bonding_complete() Proceeding with service discovery
Aug 16 15:37:49.185816 n bluetoothd[2806]: src/agent.c:agent_unref() 0x583a8c327de0: ref=1
Aug 16 15:37:49.185839 n bluetoothd[2806]: src/adapter.c:resume_discovery()
Aug 16 15:37:49.275747 n bluetoothd[2806]: src/shared/mgmt.c:can_read_data() [0x0000] command 0x0019 complete: 0x00
Aug 16 15:37:49.275777 n bluetoothd[2806]: src/adapter.c:pair_device_complete() Success (0x00)
Aug 16 15:37:49.275795 n bluetoothd[2806]: src/adapter.c:bonding_attempt_complete() hci0 bdaddr AA:BB:CC:00:00:04 type 0 status 0x0
Aug 16 15:37:49.275813 n bluetoothd[2806]: src/device.c:device_bonding_complete() bonding (nil) status 0x00
Aug 16 15:37:49.275828 n bluetoothd[2806]: src/adapter.c:resume_discovery()
Aug 16 15:37:49.424676 n bluetoothd[2806]: profiles/audio/avrcp.c:avrcp_controller_probe() path /org/bluez/hci0/dev_AA:BB:CC:00:00:04
Aug 16 15:37:49.424699 n bluetoothd[2806]: profiles/audio/control.c:control_init() Registered interface org.bluez.MediaControl1 on path /org/bluez/hci0/dev_AA:BB:CC:00:00:04
Aug 16 15:37:49.424710 n bluetoothd[2806]: src/service.c:btd_service_ref() 0x583a8c34e270: ref=2
Aug 16 15:37:49.424724 n bluetoothd[2806]: src/service.c:change_state() 0x583a8c34e270: device AA:BB:CC:00:00:04 profile avrcp-controller state changed: unavailable -> disconnected (0)
Aug 16 15:37:49.424742 n bluetoothd[2806]: profiles/audio/avrcp.c:avrcp_target_probe() path /org/bluez/hci0/dev_AA:BB:CC:00:00:04
Aug 16 15:37:49.424750 n bluetoothd[2806]: src/service.c:btd_service_ref() 0x583a8c361270: ref=2
Aug 16 15:37:49.424760 n bluetoothd[2806]: src/service.c:change_state() 0x583a8c361270: device AA:BB:CC:00:00:04 profile audio-avrcp-target state changed: unavailable -> disconnected (0)
Aug 16 15:37:49.424779 n bluetoothd[2806]: profiles/audio/a2dp.c:a2dp_sink_probe() path /org/bluez/hci0/dev_AA:BB:CC:00:00:04
Aug 16 15:37:49.424789 n bluetoothd[2806]: profiles/audio/sink.c:sink_init() /org/bluez/hci0/dev_AA:BB:CC:00:00:04
Aug 16 15:37:49.424799 n bluetoothd[2806]: src/service.c:btd_service_ref() 0x583a8c3612b0: ref=2
Aug 16 15:37:49.424807 n bluetoothd[2806]: src/service.c:change_state() 0x583a8c3612b0: device AA:BB:CC:00:00:04 profile a2dp-sink state changed: unavailable -> disconnected (0)
Aug 16 15:37:49.424817 n bluetoothd[2806]: src/profile.c:ext_device_probe() Hands-Free Voice gateway probed with UUID <UUID-02>
Aug 16 15:37:49.424823 n bluetoothd[2806]: src/service.c:change_state() 0x583a8c3619f0: device AA:BB:CC:00:00:04 profile Hands-Free Voice gateway state changed: unavailable -> disconnected (0)
Aug 16 15:37:49.424880 n bluetoothd[2806]: src/device.c:device_svc_resolved() /org/bluez/hci0/dev_AA:BB:CC:00:00:04 err 0
Aug 16 15:37:49.426887 n bluetoothd[2806]: src/device.c:btd_device_set_trusted() trusted 1
Aug 16 15:37:49.426936 n bluetoothd[2806]: src/device.c:connect_profiles() /org/bluez/hci0/dev_AA:BB:CC:00:00:04 (all), client :1.118
Aug 16 15:37:49.426954 n bluetoothd[2806]: src/service.c:btd_service_ref() 0x583a8c3619f0: ref=2
Aug 16 15:37:49.426962 n bluetoothd[2806]: src/service.c:change_state() 0x583a8c3619f0: device AA:BB:CC:00:00:04 profile Hands-Free Voice gateway state changed: disconnected -> connecting (0)
Aug 16 15:37:49.574367 n bluetoothd[2806]: src/profile.c:ext_connect() Hands-Free Voice gateway connected to AA:BB:CC:00:00:04
Aug 16 15:37:49.575296 n bluetoothd[2806]: src/service.c:change_state() 0x583a8c3619f0: device AA:BB:CC:00:00:04 profile Hands-Free Voice gateway state changed: connecting -> connected (0)
Aug 16 15:37:49.575318 n bluetoothd[2806]: src/device.c:device_profile_connected() Hands-Free Voice gateway Success (0)
Aug 16 15:37:49.575330 n bluetoothd[2806]: profiles/audio/a2dp.c:a2dp_sink_connect() path /org/bluez/hci0/dev_AA:BB:CC:00:00:04
Aug 16 15:37:49.575347 n bluetoothd[2806]: profiles/audio/avdtp.c:avdtp_ref() 0x583a8c34f5e0: ref=1
Aug 16 15:37:49.575357 n bluetoothd[2806]: profiles/audio/avdtp.c:avdtp_ref() 0x583a8c34f5e0: ref=2
Aug 16 15:37:49.575367 n bluetoothd[2806]: profiles/audio/a2dp.c:setup_ref() 0x583a8c34e700: ref=1
Aug 16 15:37:49.575447 n bluetoothd[2806]: profiles/audio/sink.c:sink_set_state() State changed /org/bluez/hci0/dev_AA:BB:CC:00:00:04: SINK_STATE_DISCONNECTED -> SINK_STATE_CONNECTING
Aug 16 15:37:49.575457 n bluetoothd[2806]: profiles/audio/sink.c:sink_connect() stream creation in progress
Aug 16 15:37:49.575468 n bluetoothd[2806]: src/service.c:change_state() 0x583a8c3612b0: device AA:BB:CC:00:00:04 profile a2dp-sink state changed: disconnected -> connecting (0)
Aug 16 15:37:49.575479 n bluetoothd[2806]: plugins/policy.c:policy_connect() /org/bluez/hci0/dev_AA:BB:CC:00:00:04 profile a2dp-sink
Aug 16 15:37:49.575490 n bluetoothd[2806]: src/service.c:btd_service_ref() 0x583a8c3619f0: ref=3
Aug 16 15:37:49.575506 n bluetoothd[2806]: plugins/policy.c:service_cb() Added Hands-Free Voice gateway reconnect 0
Aug 16 15:37:49.722622 n bluetoothd[2806]: profiles/audio/avdtp.c:avdtp_connect_cb() AVDTP: connected signaling channel to AA:BB:CC:00:00:04
Aug 16 15:37:49.722665 n bluetoothd[2806]: profiles/audio/avdtp.c:avdtp_connect_cb() AVDTP imtu=672, omtu=672
Aug 16 15:37:49.754075 n bluetoothd[2806]: profiles/audio/avdtp.c:session_cb()
Aug 16 15:37:49.754109 n bluetoothd[2806]: profiles/audio/avdtp.c:avdtp_parse_resp() DISCOVER request succeeded
Aug 16 15:37:49.754127 n bluetoothd[2806]: profiles/audio/avdtp.c:avdtp_discover_resp() seid 1 type 1 media 0 in use 0
Aug 16 15:37:49.754141 n bluetoothd[2806]: profiles/audio/avdtp.c:avdtp_discover_resp() seid 2 type 1 media 0 in use 0
Aug 16 15:37:49.798289 n bluetoothd[2806]: profiles/audio/avdtp.c:session_cb()
Aug 16 15:37:49.798307 n bluetoothd[2806]: profiles/audio/avdtp.c:avdtp_parse_resp() GET_ALL_CAPABILITIES request succeeded
Aug 16 15:37:49.798313 n bluetoothd[2806]: profiles/audio/avdtp.c:avdtp_get_capabilities_resp() seid 1 type 1 media 0
Aug 16 15:37:49.824278 n bluetoothd[2806]: profiles/audio/avdtp.c:session_cb()
Aug 16 15:37:49.824303 n bluetoothd[2806]: profiles/audio/avdtp.c:avdtp_parse_resp() GET_ALL_CAPABILITIES request succeeded
Aug 16 15:37:49.824311 n bluetoothd[2806]: profiles/audio/avdtp.c:avdtp_get_capabilities_resp() seid 2 type 1 media 0
Aug 16 15:37:49.824323 n bluetoothd[2806]: profiles/audio/a2dp.c:discover_cb() version 0x0103 err (nil)
Aug 16 15:37:49.824354 n bluetoothd[2806]: profiles/audio/a2dp.c:register_remote_sep() Found remote SEP: /org/bluez/hci0/dev_AA:BB:CC:00:00:04/sep1
Aug 16 15:37:49.824370 n bluetoothd[2806]: profiles/audio/a2dp.c:register_remote_sep() Found remote SEP: /org/bluez/hci0/dev_AA:BB:CC:00:00:04/sep2
Aug 16 15:37:49.830902 n bluetoothd[2806]: profiles/audio/sink.c:discovery_complete() Discovery complete
Aug 16 15:37:49.830929 n bluetoothd[2806]: profiles/audio/a2dp.c:setup_ref() 0x583a8c34e700: ref=2
Aug 16 15:37:49.830940 n bluetoothd[2806]: profiles/audio/a2dp.c:setup_ref() 0x583a8c34e700: ref=3
Aug 16 15:37:49.831056 n bluetoothd[2806]: profiles/audio/media.c:media_endpoint_async_call() Calling SelectConfiguration: name = :1.84 path = /MediaEndpoint/A2DPSource/sbc
Aug 16 15:37:49.831071 n bluetoothd[2806]: profiles/audio/a2dp.c:setup_unref() 0x583a8c34e700: ref=2
Aug 16 15:37:49.832856 n bluetoothd[2806]: profiles/audio/a2dp.c:a2dp_config() a2dp_config: selected SEP 0x583a8c33d490
Aug 16 15:37:49.832864 n bluetoothd[2806]: profiles/audio/a2dp.c:setup_ref() 0x583a8c34e700: ref=3
Aug 16 15:37:49.832871 n bluetoothd[2806]: profiles/audio/avdtp.c:avdtp_set_configuration() 0x583a8c34f5e0: int_seid=7, acp_seid=1
Aug 16 15:37:49.832885 n bluetoothd[2806]: profiles/audio/a2dp.c:setup_unref() 0x583a8c34e700: ref=2
Aug 16 15:37:49.832890 n bluetoothd[2806]: profiles/audio/a2dp.c:setup_unref() 0x583a8c34e700: ref=1
Aug 16 15:37:49.855226 n bluetoothd[2806]: profiles/audio/avdtp.c:session_cb()
Aug 16 15:37:49.855252 n bluetoothd[2806]: profiles/audio/avdtp.c:avdtp_parse_resp() SET_CONFIGURATION request succeeded
Aug 16 15:37:49.855260 n bluetoothd[2806]: profiles/audio/a2dp.c:setconf_cfm() Source 0x583a8c33d490: Set_Configuration_Cfm
Aug 16 15:37:49.855269 n bluetoothd[2806]: profiles/audio/a2dp.c:setup_ref() 0x583a8c34e700: ref=2
Aug 16 15:37:49.855355 n bluetoothd[2806]: profiles/audio/media.c:media_endpoint_async_call() Calling SetConfiguration: name = :1.84 path = /MediaEndpoint/A2DPSource/sbc
Aug 16 15:37:49.855366 n bluetoothd[2806]: profiles/audio/avdtp.c:avdtp_sep_set_state() stream state changed: IDLE -> CONFIGURED
Aug 16 15:37:49.856390 n bluetoothd[2806]: profiles/audio/a2dp.c:setup_unref() 0x583a8c34e700: ref=1
Aug 16 15:37:49.874236 n bluetoothd[2806]: profiles/audio/avdtp.c:session_cb()
Aug 16 15:37:49.874256 n bluetoothd[2806]: profiles/audio/avdtp.c:avdtp_parse_cmd() Received DELAY_REPORT_CMD
Aug 16 15:37:49.897295 n bluetoothd[2806]: profiles/audio/avdtp.c:session_cb()
Aug 16 15:37:49.897326 n bluetoothd[2806]: profiles/audio/avdtp.c:avdtp_parse_resp() OPEN request succeeded
Aug 16 15:37:49.966284 n bluetoothd[2806]: profiles/audio/avdtp.c:avdtp_connect_cb() AVDTP: connected transport channel to AA:BB:CC:00:00:04
Aug 16 15:37:49.966308 n bluetoothd[2806]: profiles/audio/avdtp.c:handle_transport_connect() Flushable packets enabled
Aug 16 15:37:49.966319 n bluetoothd[2806]: profiles/audio/avdtp.c:handle_transport_connect() sk 42, omtu 672, send buffer size 106496
Aug 16 15:37:49.966330 n bluetoothd[2806]: profiles/audio/a2dp.c:open_cfm() Source 0x583a8c33d490: Open_Cfm
Aug 16 15:37:49.968299 n bluetoothd[2806]: profiles/audio/a2dp.c:setup_unref() 0x583a8c34e700: ref=0
Aug 16 15:37:49.968315 n bluetoothd[2806]: profiles/audio/a2dp.c:setup_free() 0x583a8c34e700
Aug 16 15:37:49.968325 n bluetoothd[2806]: profiles/audio/avdtp.c:avdtp_unref() 0x583a8c34f5e0: ref=1
Aug 16 15:37:49.968336 n bluetoothd[2806]: profiles/audio/avdtp.c:avdtp_sep_set_state() stream state changed: CONFIGURED -> OPEN
Aug 16 15:37:49.968351 n bluetoothd[2806]: src/service.c:change_state() 0x583a8c3612b0: device AA:BB:CC:00:00:04 profile a2dp-sink state changed: connecting -> connected (0)
Aug 16 15:37:49.968362 n bluetoothd[2806]: src/device.c:device_profile_connected() a2dp-sink Success (0)
Aug 16 15:37:49.968373 n bluetoothd[2806]: src/device.c:device_profile_connected() returning response to :1.118
Aug 16 15:37:49.968403 n bluetoothd[2806]: plugins/policy.c:policy_connect() /org/bluez/hci0/dev_AA:BB:CC:00:00:04 profile avrcp-controller
Aug 16 15:37:49.968414 n bluetoothd[2806]: profiles/audio/avrcp.c:avrcp_connect() path /org/bluez/hci0/dev_AA:BB:CC:00:00:04
Aug 16 15:37:49.968425 n bluetoothd[2806]: profiles/audio/avctp.c:avctp_set_state() AVCTP Connecting
Aug 16 15:37:49.968491 n bluetoothd[2806]: src/service.c:change_state() 0x583a8c34e270: device AA:BB:CC:00:00:04 profile avrcp-controller state changed: disconnected -> connecting (0)
Aug 16 15:37:49.968501 n bluetoothd[2806]: src/service.c:btd_service_ref() 0x583a8c3612b0: ref=3
Aug 16 15:37:49.968518 n bluetoothd[2806]: plugins/policy.c:service_cb() Added a2dp-sink reconnect 1
Aug 16 15:37:49.968527 n bluetoothd[2806]: profiles/audio/sink.c:sink_set_state() State changed /org/bluez/hci0/dev_AA:BB:CC:00:00:04: SINK_STATE_CONNECTING -> SINK_STATE_CONNECTED
Aug 16 15:37:49.968537 n bluetoothd[2806]: profiles/audio/transport.c:transport_update_playing() /org/bluez/hci0/dev_AA:BB:CC:00:00:04/sep1/fd0 State=TRANSPORT_STATE_IDLE Playing=0
Aug 16 15:37:49.968959 n bluetoothd[2806]: src/adapter.c:set_discovery_filter() sender :1.118
Aug 16 15:37:49.968976 n bluetoothd[2806]: src/adapter.c:parse_discovery_filter_dict() filtered discovery params: transport: 7 rssi: 32767 pathloss: 32767  duplicate data: false discoverable true pattern (null)
Aug 16 15:37:49.969300 n bluetoothd[2806]: src/adapter.c:start_discovery() sender :1.118
Aug 16 15:37:49.969309 n bluetoothd[2806]: src/adapter.c:update_discovery_filter()
Aug 16 15:37:49.969313 n bluetoothd[2806]: src/adapter.c:discovery_filter_to_mgmt_cp()
Aug 16 15:37:49.969319 n bluetoothd[2806]: src/adapter.c:set_discoverable() sending set mode command for index 0
Aug 16 15:37:49.969324 n bluetoothd[2806]: src/adapter.c:set_mode() sending set mode command for index 0
Aug 16 15:37:49.969331 n bluetoothd[2806]: src/adapter.c:trigger_start_discovery()
Aug 16 15:37:49.969336 n bluetoothd[2806]: src/adapter.c:cancel_passive_scanning()
Aug 16 15:37:49.969362 n bluetoothd[2806]: src/shared/mgmt.c:send_request() [0x0000] command 0x0007
Aug 16 15:37:49.969374 n bluetoothd[2806]: src/adapter.c:start_discovery_timeout()
Aug 16 15:37:49.969379 n bluetoothd[2806]: src/adapter.c:start_discovery_timeout() adapter->current_discovery_filter == 0
Aug 16 15:37:49.969392 n bluetoothd[2806]: src/shared/mgmt.c:can_read_data() [0x0000] command 0x0007 complete: 0x00
Aug 16 15:37:49.969398 n bluetoothd[2806]: src/adapter.c:new_settings_callback() Settings: 0x00000ad3
Aug 16 15:37:49.969403 n bluetoothd[2806]: src/adapter.c:settings_changed() Changed settings: 0x00000002
Aug 16 15:37:49.969407 n bluetoothd[2806]: src/adapter.c:settings_changed() Pending settings: 0x00000000
Aug 16 15:37:49.969427 n bluetoothd[2806]: src/shared/mgmt.c:send_request() [0x0000] command 0x0006
Aug 16 15:37:49.975566 n bluetoothd[2806]: src/shared/mgmt.c:can_read_data() [0x0000] command 0x0006 complete: 0x00
Aug 16 15:37:49.975579 n bluetoothd[2806]: src/adapter.c:new_settings_callback() Settings: 0x00000adb
Aug 16 15:37:49.975587 n bluetoothd[2806]: src/adapter.c:settings_changed() Changed settings: 0x00000008
Aug 16 15:37:49.975595 n bluetoothd[2806]: src/adapter.c:settings_changed() Pending settings: 0x00000000
Aug 16 15:37:49.975640 n bluetoothd[2806]: src/shared/mgmt.c:send_request() [0x0000] command 0x0023
Aug 16 15:37:49.984571 n bluetoothd[2806]: src/shared/mgmt.c:can_read_data() [0x0000] event 0x0013
Aug 16 15:37:49.984588 n bluetoothd[2806]: src/adapter.c:discovering_callback() hci0 type 7 discovering 1 method 0
Aug 16 15:37:49.984617 n bluetoothd[2806]: src/shared/mgmt.c:can_read_data() [0x0000] command 0x0023 complete: 0x00
Aug 16 15:37:49.984628 n bluetoothd[2806]: src/adapter.c:start_discovery_complete() status 0x00
Aug 16 15:37:52.043884 n bluetoothd[2806]: src/agent.c:unregister_agent() agent :1.118
Aug 16 15:37:52.043900 n bluetoothd[2806]: src/agent.c:agent_disconnect() Agent :1.118 disconnected
Aug 16 15:37:52.043917 n bluetoothd[2806]: src/agent.c:remove_default_agent() Default agent cleared
Aug 16 15:37:52.043924 n bluetoothd[2806]: src/adapter.c:set_mode() sending set mode command for index 0
Aug 16 15:37:52.043934 n bluetoothd[2806]: src/agent.c:agent_destroy() agent :1.118
Aug 16 15:37:52.043944 n bluetoothd[2806]: src/agent.c:agent_unref() 0x583a8c327de0: ref=0
Aug 16 15:37:52.043984 n bluetoothd[2806]: src/shared/mgmt.c:send_request() [0x0000] command 0x0009
Aug 16 15:37:52.044001 n bluetoothd[2806]: src/shared/mgmt.c:can_read_data() [0x0000] command 0x0009 complete: 0x00
Aug 16 15:37:52.044007 n bluetoothd[2806]: src/adapter.c:new_settings_callback() Settings: 0x00000acb
Aug 16 15:37:52.044012 n bluetoothd[2806]: src/adapter.c:settings_changed() Changed settings: 0x00000010
Aug 16 15:37:52.044018 n bluetoothd[2806]: src/adapter.c:settings_changed() Pending settings: 0x00000000
Aug 16 15:37:52.044461 n bluetoothd[2806]: src/adapter.c:stop_discovery() sender :1.118
Aug 16 15:37:52.044473 n bluetoothd[2806]: src/adapter.c:set_discoverable() sending set mode command for index 0
Aug 16 15:37:52.044480 n bluetoothd[2806]: src/adapter.c:set_mode() sending set mode command for index 0
Aug 16 15:37:52.044519 n bluetoothd[2806]: src/shared/mgmt.c:send_request() [0x0000] command 0x0007
Aug 16 15:37:52.065755 n bluetoothd[2806]: src/adapter.c:discovery_disconnect() owner :1.118
Aug 16 15:37:54.055315 n bluetoothd[2806]: src/shared/mgmt.c:can_read_data() [0x0000] command 0x07 status: 0x05
Aug 16 15:37:54.055334 n bluetoothd[2806]: Failed to set mode: Authentication Failed (0x05)
Aug 16 15:37:54.055407 n bluetoothd[2806]: src/shared/mgmt.c:send_request() [0x0000] command 0x0024
Aug 16 15:37:56.104291 n bluetoothd[2806]: src/shared/mgmt.c:can_read_data() [0x0000] command 0x0024 complete: 0x05
Aug 16 15:37:56.104306 n bluetoothd[2806]: src/adapter.c:stop_discovery_complete() status 0x05
Aug 16 15:37:56.104336 n bluetoothd[2806]: src/adapter.c:discovery_remove() owner :1.118
Aug 16 15:37:56.104343 n bluetoothd[2806]: src/adapter.c:discovery_free() 0x583a8c32e6b0
Aug 16 15:37:56.104384 n bluetoothd[2806]: src/shared/mgmt.c:send_request() [0x0000] command 0x0024
Aug 16 15:37:56.104401 n bluetoothd[2806]: src/shared/mgmt.c:can_read_data() [0x0000] command 0x0024 complete: 0x0b
Aug 16 15:37:56.104407 n bluetoothd[2806]: src/adapter.c:stop_discovery_complete() status 0x0b
Aug 16 15:38:02.192340 n bluetoothd[2806]: src/shared/mgmt.c:can_read_data() [0x0000] event 0x0013
Aug 16 15:38:02.192359 n bluetoothd[2806]: src/adapter.c:discovering_callback() hci0 type 7 discovering 0 method 0
Aug 16 15:38:02.192375 n bluetoothd[2806]: src/adapter.c:trigger_passive_scanning()
Aug 16 15:38:02.192426 n bluetoothd[2806]: src/service.c:change_state() 0x583a8c34e270: device AA:BB:CC:00:00:04 profile avrcp-controller state changed: connecting -> disconnected (-5)
Aug 16 15:38:02.192441 n bluetoothd[2806]: src/device.c:device_profile_connected() avrcp-controller Input/output error (5)
Aug 16 15:38:02.192467 n bluetoothd[2806]: profiles/audio/avctp.c:avctp_set_state() AVCTP Disconnected
Aug 16 15:38:02.192498 n bluetoothd[2806]: profiles/audio/avctp.c:avctp_connect_cb() connect to AA:BB:CC:00:00:04: Software caused connection abort (103)
Aug 16 15:38:02.192535 n bluetoothd[2806]: src/shared/mgmt.c:can_read_data() [0x0000] event 0x0007
Aug 16 15:38:02.192545 n bluetoothd[2806]: src/adapter.c:dev_class_changed_callback() Class: 0x000000
Aug 16 15:38:02.192569 n bluetoothd[2806]: src/profile.c:ext_io_disconnected() Unable to get io data for Hands-Free Voice gateway: getpeername: Transport endpoint is not connected (107)
Aug 16 15:38:02.192582 n bluetoothd[2806]: src/service.c:change_state() 0x583a8c3619f0: device AA:BB:CC:00:00:04 profile Hands-Free Voice gateway state changed: connected -> disconnected (0)
Aug 16 15:38:02.192593 n bluetoothd[2806]: src/service.c:btd_service_unref() 0x583a8c3619f0: ref=2
Aug 16 15:38:02.192605 n bluetoothd[2806]: profiles/audio/avdtp.c:session_cb()
Aug 16 15:38:02.192613 n bluetoothd[2806]: profiles/audio/avdtp.c:avdtp_ref() 0x583a8c34f5e0: ref=2
Aug 16 15:38:02.192623 n bluetoothd[2806]: profiles/audio/avdtp.c:connection_lost() Disconnected from AA:BB:CC:00:00:04
Aug 16 15:38:02.192632 n bluetoothd[2806]: profiles/audio/a2dp.c:abort_cfm() Source 0x583a8c33d490: Abort_Cfm
Aug 16 15:38:02.192641 n bluetoothd[2806]: profiles/audio/avdtp.c:avdtp_sep_set_state() stream state changed: OPEN -> IDLE
Aug 16 15:38:02.192762 n bluetoothd[2806]: src/service.c:change_state() 0x583a8c3612b0: device AA:BB:CC:00:00:04 profile a2dp-sink state changed: connected -> disconnected (0)
Aug 16 15:38:02.192777 n bluetoothd[2806]: profiles/audio/avdtp.c:avdtp_unref() 0x583a8c34f5e0: ref=1
Aug 16 15:38:02.192800 n bluetoothd[2806]: profiles/audio/sink.c:sink_set_state() State changed /org/bluez/hci0/dev_AA:BB:CC:00:00:04: SINK_STATE_CONNECTED -> SINK_STATE_DISCONNECTED
Aug 16 15:38:02.192810 n bluetoothd[2806]: profiles/audio/a2dp.c:channel_remove() chan 0x583a8c360070
Aug 16 15:38:02.192861 n bluetoothd[2806]: profiles/audio/avdtp.c:avdtp_unref() 0x583a8c34f5e0: ref=0
Aug 16 15:38:02.192883 n bluetoothd[2806]: profiles/audio/avdtp.c:avdtp_free() 0x583a8c34f5e0
Aug 16 15:38:02.192946 n bluetoothd[2806]: src/shared/mgmt.c:can_read_data() [0x0000] event 0x0006
Aug 16 15:38:02.192957 n bluetoothd[2806]: src/adapter.c:new_settings_callback() Settings: 0x00000ac0
Aug 16 15:38:02.192965 n bluetoothd[2806]: src/adapter.c:settings_changed() Changed settings: 0x0000000b
Aug 16 15:38:02.192970 n bluetoothd[2806]: src/adapter.c:settings_changed() Pending settings: 0x00000000
Aug 16 15:38:02.192980 n bluetoothd[2806]: src/adapter.c:cancel_passive_scanning()
Aug 16 15:38:02.192989 n bluetoothd[2806]: src/adapter.c:adapter_remove_connection()
Aug 16 15:38:02.193001 n bluetoothd[2806]: src/adapter.c:adapter_stop() adapter /org/bluez/hci0 has been disabled
Aug 16 15:38:04.207226 n bluetoothd[2806]: src/adapter.c:property_set_mode() sending Set Powered command for index 0
Aug 16 15:38:04.207279 n bluetoothd[2806]: src/adapter.c:adapter_set_power_state() off-enabling
Aug 16 15:38:04.207335 n bluetoothd[2806]: src/shared/mgmt.c:send_request() [0x0000] command 0x0005
Aug 16 15:38:07.306773 n bluetoothd[2806]: src/shared/mgmt.c:can_read_data() [0x0000] command 0x05 status: 0x03
Aug 16 15:38:07.306799 n bluetoothd[2806]: src/adapter.c:property_set_mode_complete() Failed (0x03)
Aug 16 15:38:07.306812 n bluetoothd[2806]: Failed to set mode: Failed (0x03)
Aug 16 15:38:07.306878 n bluetoothd[2806]: src/adapter.c:adapter_set_power_state() on
Aug 16 15:38:07.306912 n bluetoothd[2806]: src/rfkill.c:rfkill_event() RFKILL event idx 0 type 2 op 2 soft 1 hard 0
Aug 16 15:38:07.306983 n bluetoothd[2806]: src/rfkill.c:rfkill_event() RFKILL unblock for hci0
Aug 16 15:38:07.306997 n bluetoothd[2806]: src/adapter.c:adapter_set_power_state() off-blocked
Aug 16 15:38:07.311869 n bluetoothd[2806]: src/agent.c:add_default_agent() Default agent set to :1.120 /org/gnome/bluetooth/settings
Aug 16 15:38:07.311885 n bluetoothd[2806]: src/adapter.c:set_mode() sending set mode command for index 0
Aug 16 15:38:07.311895 n bluetoothd[2806]: src/agent.c:agent_ref() 0x583a8c34e230: ref=1
Aug 16 15:38:07.311901 n bluetoothd[2806]: src/agent.c:register_agent() agent :1.120
Aug 16 15:38:07.311945 n bluetoothd[2806]: src/shared/mgmt.c:send_request() [0x0000] command 0x0009
Aug 16 15:38:07.311962 n bluetoothd[2806]: src/shared/mgmt.c:can_read_data() [0x0000] command 0x0009 complete: 0x00
Aug 16 15:38:07.311970 n bluetoothd[2806]: src/adapter.c:new_settings_callback() Settings: 0x00000ad0
Aug 16 15:38:07.311976 n bluetoothd[2806]: src/adapter.c:settings_changed() Changed settings: 0x00000010
Aug 16 15:38:07.311981 n bluetoothd[2806]: src/adapter.c:settings_changed() Pending settings: 0x00000000
Aug 16 15:38:07.312009 n bluetoothd[2806]: src/shared/mgmt.c:send_request() [0x0000] command 0x0018
Aug 16 15:38:07.312022 n bluetoothd[2806]: src/shared/mgmt.c:can_read_data() [0x0000] command 0x0018 complete: 0x00
Aug 16 15:38:09.599401 n bluetoothd[2806]: src/rfkill.c:rfkill_event() RFKILL event idx 0 type 2 op 2 soft 0 hard 0
Aug 16 15:38:09.599485 n bluetoothd[2806]: src/rfkill.c:rfkill_event() RFKILL unblock for hci0
Aug 16 15:38:09.599540 n bluetoothd[2806]: src/adapter.c:adapter_set_power_state() off
Aug 16 15:38:09.599557 n bluetoothd[2806]: src/adapter.c:adapter_set_power_state() off-enabling
Aug 16 15:38:09.599571 n bluetoothd[2806]: src/adapter.c:set_mode() sending set mode command for index 0
Aug 16 15:38:09.599636 n bluetoothd[2806]: src/shared/mgmt.c:send_request() [0x0000] command 0x0005
Aug 16 15:38:13.764709 n bluetoothd[2806]: src/device.c:device_remove() Removing device /org/bluez/hci0/dev_AA:BB:CC:00:00:02
Aug 16 15:38:13.764862 n bluetoothd[2806]: src/device.c:btd_device_unref() Freeing device /org/bluez/hci0/dev_AA:BB:CC:00:00:02
Aug 16 15:38:13.764882 n bluetoothd[2806]: src/device.c:device_free() 0x583a8c34cd50
Aug 16 15:38:14.765310 n bluetoothd[2806]: src/device.c:device_remove() Removing device /org/bluez/hci0/dev_AA:BB:CC:00:00:01
Aug 16 15:38:14.765400 n bluetoothd[2806]: src/device.c:btd_device_unref() Freeing device /org/bluez/hci0/dev_AA:BB:CC:00:00:01
Aug 16 15:38:14.765425 n bluetoothd[2806]: src/device.c:device_free() 0x583a8c34c6c0
Aug 16 15:38:16.923573 n bluetoothd[2806]: src/agent.c:unregister_agent() agent :1.120
Aug 16 15:38:16.923593 n bluetoothd[2806]: src/agent.c:agent_disconnect() Agent :1.120 disconnected
Aug 16 15:38:16.923738 n bluetoothd[2806]: src/agent.c:remove_default_agent() Default agent cleared
Aug 16 15:38:16.923751 n bluetoothd[2806]: src/adapter.c:set_mode() sending set mode command for index 0
Aug 16 15:38:16.923760 n bluetoothd[2806]: src/agent.c:agent_destroy() agent :1.120
Aug 16 15:38:16.923766 n bluetoothd[2806]: src/agent.c:agent_unref() 0x583a8c34e230: ref=0
Aug 16 15:38:23.575504 n bluetoothd[2806]: src/agent.c:add_default_agent() Default agent set to :1.121 /org/gnome/bluetooth/settings
Aug 16 15:38:23.575521 n bluetoothd[2806]: src/agent.c:agent_ref() 0x583a8c361230: ref=1
Aug 16 15:38:23.575528 n bluetoothd[2806]: src/agent.c:register_agent() agent :1.121
Aug 16 15:38:44.895472 n bluetoothd[2806]: src/agent.c:unregister_agent() agent :1.121
Aug 16 15:38:44.895492 n bluetoothd[2806]: src/agent.c:agent_disconnect() Agent :1.121 disconnected
Aug 16 15:38:44.895646 n bluetoothd[2806]: src/agent.c:remove_default_agent() Default agent cleared
Aug 16 15:38:44.895662 n bluetoothd[2806]: src/adapter.c:set_mode() sending set mode command for index 0
Aug 16 15:38:44.895676 n bluetoothd[2806]: src/agent.c:agent_destroy() agent :1.121
Aug 16 15:38:44.895690 n bluetoothd[2806]: src/agent.c:agent_unref() 0x583a8c361230: ref=0
Aug 16 15:39:40.695458 n bluetoothd[2806]: src/shared/mgmt.c:can_read_data() [0x0000] command 0x05 status: 0x03
Aug 16 15:39:40.695478 n bluetoothd[2806]: Failed to set mode: Failed (0x03)
Aug 16 15:39:40.695508 n bluetoothd[2806]: src/adapter.c:adapter_set_power_state() on
Aug 16 15:39:40.695605 n bluetoothd[2806]: src/shared/mgmt.c:send_request() [0x0000] command 0x0009
Aug 16 15:39:40.695638 n bluetoothd[2806]: src/shared/mgmt.c:can_read_data() [0x0000] command 0x09 status: 0x11
Aug 16 15:39:40.695650 n bluetoothd[2806]: Failed to set mode: Invalid Index (0x11)
Aug 16 15:39:40.695693 n bluetoothd[2806]: src/shared/mgmt.c:send_request() [0x0000] command 0x0018
Aug 16 15:39:40.695725 n bluetoothd[2806]: src/shared/mgmt.c:can_read_data() [0x0000] command 0x18 status: 0x11
Aug 16 15:39:40.695765 n bluetoothd[2806]: src/shared/mgmt.c:send_request() [0x0000] command 0x0009
Aug 16 15:39:40.695789 n bluetoothd[2806]: src/shared/mgmt.c:can_read_data() [0x0000] command 0x09 status: 0x11
Aug 16 15:39:40.695798 n bluetoothd[2806]: Failed to set mode: Invalid Index (0x11)
Aug 16 15:39:40.700388 n bluetoothd[2806]: src/shared/mgmt.c:can_read_data() [0x0000] event 0x0005
Aug 16 15:39:40.700430 n bluetoothd[2806]: src/adapter.c:index_removed() index 0
Aug 16 15:39:40.700448 n bluetoothd[2806]: src/adapter.c:adapter_unregister() Unregister path: /org/bluez/hci0
Aug 16 15:39:40.700468 n bluetoothd[2806]: src/adapter.c:adapter_remove() Removing adapter /org/bluez/hci0
Aug 16 15:39:40.700491 n bluetoothd[2806]: src/device.c:device_remove() Removing device /org/bluez/hci0/dev_AA:BB:CC:00:00:05
Aug 16 15:39:40.700528 n bluetoothd[2806]: src/service.c:change_state() 0x583a8c323790: device AA:BB:CC:00:00:05 profile avrcp-controller state changed: disconnected -> unavailable (0)
Aug 16 15:39:40.700560 n bluetoothd[2806]: profiles/audio/control.c:path_unregister() Unregistered interface org.bluez.MediaControl1 on path /org/bluez/hci0/dev_AA:BB:CC:00:00:05
Aug 16 15:39:40.700585 n bluetoothd[2806]: src/service.c:btd_service_unref() 0x583a8c323850: ref=1
Aug 16 15:39:40.700602 n bluetoothd[2806]: src/service.c:btd_service_unref() 0x583a8c323790: ref=1
Aug 16 15:39:40.700626 n bluetoothd[2806]: src/service.c:btd_service_unref() 0x583a8c323790: ref=0
Aug 16 15:39:40.700649 n bluetoothd[2806]: src/service.c:change_state() 0x583a8c323850: device AA:BB:CC:00:00:05 profile audio-avrcp-target state changed: disconnected -> unavailable (0)
Aug 16 15:39:40.700668 n bluetoothd[2806]: src/service.c:btd_service_unref() 0x583a8c323850: ref=0
Aug 16 15:39:40.700688 n bluetoothd[2806]: src/service.c:change_state() 0x583a8c323890: device AA:BB:CC:00:00:05 profile a2dp-sink state changed: disconnected -> unavailable (0)
Aug 16 15:39:40.700711 n bluetoothd[2806]: profiles/audio/sink.c:sink_unregister() /org/bluez/hci0/dev_AA:BB:CC:00:00:05
Aug 16 15:39:40.700729 n bluetoothd[2806]: src/service.c:btd_service_unref() 0x583a8c323890: ref=1
Aug 16 15:39:40.700745 n bluetoothd[2806]: src/service.c:btd_service_unref() 0x583a8c323890: ref=0
Aug 16 15:39:40.700764 n bluetoothd[2806]: src/service.c:change_state() 0x583a8c33c880: device AA:BB:CC:00:00:05 profile Hands-Free Voice gateway state changed: disconnected -> unavailable (0)
Aug 16 15:39:40.700787 n bluetoothd[2806]: src/profile.c:ext_device_remove() Hands-Free Voice gateway
Aug 16 15:39:40.700812 n bluetoothd[2806]: src/service.c:btd_service_unref() 0x583a8c33c880: ref=0
Aug 16 15:39:40.700835 n bluetoothd[2806]: src/device.c:btd_device_unref() Freeing device /org/bluez/hci0/dev_AA:BB:CC:00:00:05
Aug 16 15:39:40.700861 n bluetoothd[2806]: src/device.c:device_free() 0x583a8c32c240
Aug 16 15:39:40.700935 n bluetoothd[2806]: src/device.c:device_remove() Removing device /org/bluez/hci0/dev_AA:BB:CC:00:00:06
Aug 16 15:39:40.700976 n bluetoothd[2806]: src/service.c:change_state() 0x583a8c323950: device AA:BB:CC:00:00:06 profile avrcp-controller state changed: disconnected -> unavailable (0)
Aug 16 15:39:40.700998 n bluetoothd[2806]: profiles/audio/control.c:path_unregister() Unregistered interface org.bluez.MediaControl1 on path /org/bluez/hci0/dev_AA:BB:CC:00:00:06
Aug 16 15:39:40.701014 n bluetoothd[2806]: src/service.c:btd_service_unref() 0x583a8c323a10: ref=1
Aug 16 15:39:40.701033 n bluetoothd[2806]: src/service.c:btd_service_unref() 0x583a8c323950: ref=1
Aug 16 15:39:40.701054 n bluetoothd[2806]: src/service.c:btd_service_unref() 0x583a8c323950: ref=0
Aug 16 15:39:40.701074 n bluetoothd[2806]: src/service.c:change_state() 0x583a8c323a10: device AA:BB:CC:00:00:06 profile audio-avrcp-target state changed: disconnected -> unavailable (0)
Aug 16 15:39:40.701095 n bluetoothd[2806]: src/service.c:btd_service_unref() 0x583a8c323a10: ref=0
Aug 16 15:39:40.701103 n bluetoothd[2806]: src/service.c:change_state() 0x583a8c323a50: device AA:BB:CC:00:00:06 profile a2dp-sink state changed: disconnected -> unavailable (0)
Aug 16 15:39:40.701113 n bluetoothd[2806]: profiles/audio/sink.c:sink_unregister() /org/bluez/hci0/dev_AA:BB:CC:00:00:06
Aug 16 15:39:40.701120 n bluetoothd[2806]: src/service.c:btd_service_unref() 0x583a8c323a50: ref=1
Aug 16 15:39:40.701129 n bluetoothd[2806]: src/service.c:btd_service_unref() 0x583a8c323a50: ref=0
Aug 16 15:39:40.701137 n bluetoothd[2806]: src/service.c:change_state() 0x583a8c3291e0: device AA:BB:CC:00:00:06 profile Hands-Free Voice gateway state changed: disconnected -> unavailable (0)
Aug 16 15:39:40.701145 n bluetoothd[2806]: src/profile.c:ext_device_remove() Hands-Free Voice gateway
Aug 16 15:39:40.701152 n bluetoothd[2806]: src/service.c:btd_service_unref() 0x583a8c3291e0: ref=0
Aug 16 15:39:40.701163 n bluetoothd[2806]: src/device.c:btd_device_unref() Freeing device /org/bluez/hci0/dev_AA:BB:CC:00:00:06
Aug 16 15:39:40.701182 n bluetoothd[2806]: src/device.c:device_free() 0x583a8c32d860
Aug 16 15:39:40.701209 n bluetoothd[2806]: src/device.c:device_remove() Removing device /org/bluez/hci0/dev_AA:BB:CC:00:00:04
Aug 16 15:39:40.701218 n bluetoothd[2806]: src/service.c:change_state() 0x583a8c34e270: device AA:BB:CC:00:00:04 profile avrcp-controller state changed: disconnected -> unavailable (0)
Aug 16 15:39:40.701228 n bluetoothd[2806]: profiles/audio/control.c:path_unregister() Unregistered interface org.bluez.MediaControl1 on path /org/bluez/hci0/dev_AA:BB:CC:00:00:04
Aug 16 15:39:40.701238 n bluetoothd[2806]: src/service.c:btd_service_unref() 0x583a8c361270: ref=1
Aug 16 15:39:40.701245 n bluetoothd[2806]: src/service.c:btd_service_unref() 0x583a8c34e270: ref=1
Aug 16 15:39:40.701255 n bluetoothd[2806]: src/service.c:btd_service_unref() 0x583a8c34e270: ref=0
Aug 16 15:39:40.701267 n bluetoothd[2806]: src/service.c:change_state() 0x583a8c361270: device AA:BB:CC:00:00:04 profile audio-avrcp-target state changed: disconnected -> unavailable (0)
Aug 16 15:39:40.701276 n bluetoothd[2806]: src/service.c:btd_service_unref() 0x583a8c361270: ref=0
Aug 16 15:39:40.701283 n bluetoothd[2806]: src/service.c:change_state() 0x583a8c3612b0: device AA:BB:CC:00:00:04 profile a2dp-sink state changed: disconnected -> unavailable (0)
Aug 16 15:39:40.701292 n bluetoothd[2806]: src/service.c:btd_service_unref() 0x583a8c3612b0: ref=2
Aug 16 15:39:40.701299 n bluetoothd[2806]: profiles/audio/sink.c:sink_unregister() /org/bluez/hci0/dev_AA:BB:CC:00:00:04
Aug 16 15:39:40.701306 n bluetoothd[2806]: src/service.c:btd_service_unref() 0x583a8c3612b0: ref=1
Aug 16 15:39:40.701314 n bluetoothd[2806]: src/service.c:btd_service_unref() 0x583a8c3612b0: ref=0
Aug 16 15:39:40.701323 n bluetoothd[2806]: src/service.c:change_state() 0x583a8c3619f0: device AA:BB:CC:00:00:04 profile Hands-Free Voice gateway state changed: disconnected -> unavailable (0)
Aug 16 15:39:40.701333 n bluetoothd[2806]: src/service.c:btd_service_unref() 0x583a8c3619f0: ref=1
Aug 16 15:39:40.701341 n bluetoothd[2806]: src/profile.c:ext_device_remove() Hands-Free Voice gateway
Aug 16 15:39:40.701350 n bluetoothd[2806]: src/service.c:btd_service_unref() 0x583a8c3619f0: ref=0
Aug 16 15:39:40.701357 n bluetoothd[2806]: src/device.c:btd_device_unref() Freeing device /org/bluez/hci0/dev_AA:BB:CC:00:00:04
Aug 16 15:39:40.701374 n bluetoothd[2806]: src/device.c:device_free() 0x583a8c34d950
Aug 16 15:39:40.701398 n bluetoothd[2806]: plugins/hostname.c:hostname_remove()
Aug 16 15:39:40.701406 n bluetoothd[2806]: profiles/audio/a2dp.c:media_server_remove() path /org/bluez/hci0
Aug 16 15:39:40.701418 n bluetoothd[2806]: profiles/audio/media.c:release_endpoint() sender=:1.84 path=/MediaEndpoint/A2DPSource/ldac
Aug 16 15:39:40.701443 n bluetoothd[2806]: profiles/audio/media.c:media_endpoint_destroy() sender=:1.84 path=/MediaEndpoint/A2DPSource/ldac
Aug 16 15:39:40.701456 n bluetoothd[2806]: profiles/audio/avdtp.c:avdtp_unregister_sep() SEP 0x583a8c3374d0 unregistered: type:0 codec:255 seid_pool:0x583a8c323408 seid:1
Aug 16 15:39:40.701464 n bluetoothd[2806]: profiles/audio/media.c:release_endpoint() sender=:1.84 path=/MediaEndpoint/A2DPSink/aptx_hd
Aug 16 15:39:40.701484 n bluetoothd[2806]: profiles/audio/media.c:media_endpoint_destroy() sender=:1.84 path=/MediaEndpoint/A2DPSink/aptx_hd
Aug 16 15:39:40.701494 n bluetoothd[2806]: profiles/audio/avdtp.c:avdtp_unregister_sep() SEP 0x583a8c324fb0 unregistered: type:1 codec:255 seid_pool:0x583a8c323408 seid:2
Aug 16 15:39:40.701502 n bluetoothd[2806]: profiles/audio/media.c:release_endpoint() sender=:1.84 path=/MediaEndpoint/A2DPSource/aptx_hd
Aug 16 15:39:40.701523 n bluetoothd[2806]: profiles/audio/media.c:media_endpoint_destroy() sender=:1.84 path=/MediaEndpoint/A2DPSource/aptx_hd
Aug 16 15:39:40.701530 n bluetoothd[2806]: profiles/audio/avdtp.c:avdtp_unregister_sep() SEP 0x583a8c33b310 unregistered: type:0 codec:255 seid_pool:0x583a8c323408 seid:3
Aug 16 15:39:40.701538 n bluetoothd[2806]: profiles/audio/media.c:release_endpoint() sender=:1.84 path=/MediaEndpoint/A2DPSink/aptx
Aug 16 15:39:40.701558 n bluetoothd[2806]: profiles/audio/media.c:media_endpoint_destroy() sender=:1.84 path=/MediaEndpoint/A2DPSink/aptx
Aug 16 15:39:40.701566 n bluetoothd[2806]: profiles/audio/avdtp.c:avdtp_unregister_sep() SEP 0x583a8c3354a0 unregistered: type:1 codec:255 seid_pool:0x583a8c323408 seid:4
Aug 16 15:39:40.701576 n bluetoothd[2806]: profiles/audio/media.c:release_endpoint() sender=:1.84 path=/MediaEndpoint/A2DPSource/aptx
Aug 16 15:39:40.701596 n bluetoothd[2806]: profiles/audio/media.c:media_endpoint_destroy() sender=:1.84 path=/MediaEndpoint/A2DPSource/aptx
Aug 16 15:39:40.701603 n bluetoothd[2806]: profiles/audio/avdtp.c:avdtp_unregister_sep() SEP 0x583a8c32f720 unregistered: type:0 codec:255 seid_pool:0x583a8c323408 seid:5
Aug 16 15:39:40.701611 n bluetoothd[2806]: profiles/audio/media.c:release_endpoint() sender=:1.84 path=/MediaEndpoint/A2DPSink/sbc
Aug 16 15:39:40.701631 n bluetoothd[2806]: profiles/audio/media.c:media_endpoint_destroy() sender=:1.84 path=/MediaEndpoint/A2DPSink/sbc
Aug 16 15:39:40.701639 n bluetoothd[2806]: profiles/audio/avdtp.c:avdtp_unregister_sep() SEP 0x583a8c331b80 unregistered: type:1 codec:0 seid_pool:0x583a8c323408 seid:6
Aug 16 15:39:40.701647 n bluetoothd[2806]: profiles/audio/media.c:release_endpoint() sender=:1.84 path=/MediaEndpoint/A2DPSource/sbc
Aug 16 15:39:40.701665 n bluetoothd[2806]: profiles/audio/media.c:media_endpoint_destroy() sender=:1.84 path=/MediaEndpoint/A2DPSource/sbc
Aug 16 15:39:40.701673 n bluetoothd[2806]: profiles/audio/avdtp.c:avdtp_unregister_sep() SEP 0x583a8c33d490 unregistered: type:0 codec:0 seid_pool:0x583a8c323408 seid:7
Aug 16 15:39:40.701681 n bluetoothd[2806]: profiles/audio/media.c:release_endpoint() sender=:1.84 path=/MediaEndpoint/A2DPSink/sbc_xq
Aug 16 15:39:40.701702 n bluetoothd[2806]: profiles/audio/media.c:media_endpoint_destroy() sender=:1.84 path=/MediaEndpoint/A2DPSink/sbc_xq
Aug 16 15:39:40.701711 n bluetoothd[2806]: profiles/audio/avdtp.c:avdtp_unregister_sep() SEP 0x583a8c330420 unregistered: type:1 codec:0 seid_pool:0x583a8c323408 seid:8
Aug 16 15:39:40.701719 n bluetoothd[2806]: profiles/audio/media.c:release_endpoint() sender=:1.84 path=/MediaEndpoint/A2DPSource/sbc_xq
Aug 16 15:39:40.701740 n bluetoothd[2806]: profiles/audio/media.c:media_endpoint_destroy() sender=:1.84 path=/MediaEndpoint/A2DPSource/sbc_xq
Aug 16 15:39:40.701748 n bluetoothd[2806]: profiles/audio/avdtp.c:avdtp_unregister_sep() SEP 0x583a8c334050 unregistered: type:0 codec:0 seid_pool:0x583a8c323408 seid:9
Aug 16 15:39:40.701756 n bluetoothd[2806]: profiles/audio/media.c:release_endpoint() sender=:1.84 path=/MediaEndpoint/A2DPSource/aptx_ll_1
Aug 16 15:39:40.701775 n bluetoothd[2806]: profiles/audio/media.c:media_endpoint_destroy() sender=:1.84 path=/MediaEndpoint/A2DPSource/aptx_ll_1
Aug 16 15:39:40.701782 n bluetoothd[2806]: profiles/audio/avdtp.c:avdtp_unregister_sep() SEP 0x583a8c338920 unregistered: type:0 codec:255 seid_pool:0x583a8c323408 seid:10
Aug 16 15:39:40.701793 n bluetoothd[2806]: profiles/audio/media.c:release_endpoint() sender=:1.84 path=/MediaEndpoint/A2DPSource/aptx_ll_0
Aug 16 15:39:40.701811 n bluetoothd[2806]: profiles/audio/media.c:media_endpoint_destroy() sender=:1.84 path=/MediaEndpoint/A2DPSource/aptx_ll_0
Aug 16 15:39:40.701819 n bluetoothd[2806]: profiles/audio/avdtp.c:avdtp_unregister_sep() SEP 0x583a8c337630 unregistered: type:0 codec:255 seid_pool:0x583a8c323408 seid:11
Aug 16 15:39:40.701827 n bluetoothd[2806]: profiles/audio/media.c:release_endpoint() sender=:1.84 path=/MediaEndpoint/A2DPSource/aptx_ll_duplex_1
Aug 16 15:39:40.701847 n bluetoothd[2806]: profiles/audio/media.c:media_endpoint_destroy() sender=:1.84 path=/MediaEndpoint/A2DPSource/aptx_ll_duplex_1
Aug 16 15:39:40.701855 n bluetoothd[2806]: profiles/audio/avdtp.c:avdtp_unregister_sep() SEP 0x583a8c338f80 unregistered: type:0 codec:255 seid_pool:0x583a8c323408 seid:12
Aug 16 15:39:40.701863 n bluetoothd[2806]: profiles/audio/media.c:release_endpoint() sender=:1.84 path=/MediaEndpoint/A2DPSource/aptx_ll_duplex_0
Aug 16 15:39:40.701882 n bluetoothd[2806]: profiles/audio/media.c:media_endpoint_destroy() sender=:1.84 path=/MediaEndpoint/A2DPSource/aptx_ll_duplex_0
Aug 16 15:39:40.701891 n bluetoothd[2806]: profiles/audio/avdtp.c:avdtp_unregister_sep() SEP 0x583a8c334ac0 unregistered: type:0 codec:255 seid_pool:0x583a8c323408 seid:13
Aug 16 15:39:40.701899 n bluetoothd[2806]: profiles/audio/media.c:release_endpoint() sender=:1.84 path=/MediaEndpoint/A2DPSource/faststream
Aug 16 15:39:40.701919 n bluetoothd[2806]: profiles/audio/media.c:media_endpoint_destroy() sender=:1.84 path=/MediaEndpoint/A2DPSource/faststream
Aug 16 15:39:40.701927 n bluetoothd[2806]: profiles/audio/avdtp.c:avdtp_unregister_sep() SEP 0x583a8c336440 unregistered: type:0 codec:255 seid_pool:0x583a8c323408 seid:14
Aug 16 15:39:40.701935 n bluetoothd[2806]: profiles/audio/media.c:release_endpoint() sender=:1.84 path=/MediaEndpoint/A2DPSource/faststream_duplex
Aug 16 15:39:40.701955 n bluetoothd[2806]: profiles/audio/media.c:media_endpoint_destroy() sender=:1.84 path=/MediaEndpoint/A2DPSource/faststream_duplex
Aug 16 15:39:40.701963 n bluetoothd[2806]: profiles/audio/avdtp.c:avdtp_unregister_sep() SEP 0x583a8c33a1e0 unregistered: type:0 codec:255 seid_pool:0x583a8c323408 seid:15
Aug 16 15:39:40.701972 n bluetoothd[2806]: profiles/audio/media.c:release_endpoint() sender=:1.84 path=/MediaEndpoint/A2DPSink/opus_05
Aug 16 15:39:40.701992 n bluetoothd[2806]: profiles/audio/media.c:media_endpoint_destroy() sender=:1.84 path=/MediaEndpoint/A2DPSink/opus_05
Aug 16 15:39:40.702000 n bluetoothd[2806]: profiles/audio/avdtp.c:avdtp_unregister_sep() SEP 0x583a8c32f200 unregistered: type:1 codec:255 seid_pool:0x583a8c323408 seid:16
Aug 16 15:39:40.702009 n bluetoothd[2806]: profiles/audio/media.c:release_endpoint() sender=:1.84 path=/MediaEndpoint/A2DPSource/opus_05
Aug 16 15:39:40.702028 n bluetoothd[2806]: profiles/audio/media.c:media_endpoint_destroy() sender=:1.84 path=/MediaEndpoint/A2DPSource/opus_05
Aug 16 15:39:40.702036 n bluetoothd[2806]: profiles/audio/avdtp.c:avdtp_unregister_sep() SEP 0x583a8c340ae0 unregistered: type:0 codec:255 seid_pool:0x583a8c323408 seid:17
Aug 16 15:39:40.702045 n bluetoothd[2806]: src/adapter.c:adapter_service_remove() /org/bluez/hci0
Aug 16 15:39:40.702057 n bluetoothd[2806]: src/adapter.c:remove_uuid() sending remove uuid command for index 0
Aug 16 15:39:40.702068 n bluetoothd[2806]: src/sdpd-service.c:remove_record_from_server() Removing record with handle 0x10009
Aug 16 15:39:40.702081 n bluetoothd[2806]: profiles/audio/media.c:release_endpoint() sender=:1.84 path=/MediaEndpoint/A2DPSink/opus_05_duplex
Aug 16 15:39:40.702104 n bluetoothd[2806]: profiles/audio/media.c:media_endpoint_destroy() sender=:1.84 path=/MediaEndpoint/A2DPSink/opus_05_duplex
Aug 16 15:39:40.702112 n bluetoothd[2806]: profiles/audio/avdtp.c:avdtp_unregister_sep() SEP 0x583a8c3415d0 unregistered: type:1 codec:255 seid_pool:0x583a8c323408 seid:18
Aug 16 15:39:40.702120 n bluetoothd[2806]: src/adapter.c:adapter_service_remove() /org/bluez/hci0
Aug 16 15:39:40.702128 n bluetoothd[2806]: src/adapter.c:remove_uuid() sending remove uuid command for index 0
Aug 16 15:39:40.702134 n bluetoothd[2806]: src/sdpd-service.c:remove_record_from_server() Removing record with handle 0x10008
Aug 16 15:39:40.702146 n bluetoothd[2806]: profiles/audio/media.c:release_endpoint() sender=:1.84 path=/MediaEndpoint/A2DPSource/opus_05_duplex
Aug 16 15:39:40.702167 n bluetoothd[2806]: profiles/audio/media.c:media_endpoint_destroy() sender=:1.84 path=/MediaEndpoint/A2DPSource/opus_05_duplex
Aug 16 15:39:40.702180 n bluetoothd[2806]: profiles/audio/avdtp.c:avdtp_unregister_sep() SEP 0x583a8c343290 unregistered: type:0 codec:255 seid_pool:0x583a8c323408 seid:19
Aug 16 15:39:40.703801 n bluetoothd[2806]: src/profile.c:ext_adapter_remove() ":1.119/org/bluez/obex/00005005_0000_1000_8000_0002ee000001/<UUID-01>" removed
Aug 16 15:39:40.703812 n bluetoothd[2806]: src/adapter.c:adapter_service_remove() /org/bluez/hci0
Aug 16 15:39:40.703824 n bluetoothd[2806]: src/adapter.c:remove_uuid() sending remove uuid command for index 0
Aug 16 15:39:40.703834 n bluetoothd[2806]: src/sdpd-service.c:remove_record_from_server() Removing record with handle 0x10010
Aug 16 15:39:40.703847 n bluetoothd[2806]: src/profile.c:ext_adapter_remove() "Object Push" removed
Aug 16 15:39:40.703857 n bluetoothd[2806]: src/adapter.c:adapter_service_remove() /org/bluez/hci0
Aug 16 15:39:40.703867 n bluetoothd[2806]: src/adapter.c:remove_uuid() sending remove uuid command for index 0
Aug 16 15:39:40.703878 n bluetoothd[2806]: src/sdpd-service.c:remove_record_from_server() Removing record with handle 0x1000f
Aug 16 15:39:40.703910 n bluetoothd[2806]: src/profile.c:ext_adapter_remove() "File Transfer" removed
Aug 16 15:39:40.703920 n bluetoothd[2806]: src/adapter.c:adapter_service_remove() /org/bluez/hci0
Aug 16 15:39:40.703931 n bluetoothd[2806]: src/adapter.c:remove_uuid() sending remove uuid command for index 0
Aug 16 15:39:40.703941 n bluetoothd[2806]: src/sdpd-service.c:remove_record_from_server() Removing record with handle 0x1000e
Aug 16 15:39:40.703967 n bluetoothd[2806]: src/profile.c:ext_adapter_remove() "Synchronization" removed
Aug 16 15:39:40.703976 n bluetoothd[2806]: src/adapter.c:adapter_service_remove() /org/bluez/hci0
Aug 16 15:39:40.703986 n bluetoothd[2806]: src/adapter.c:remove_uuid() sending remove uuid command for index 0
Aug 16 15:39:40.703996 n bluetoothd[2806]: src/sdpd-service.c:remove_record_from_server() Removing record with handle 0x1000d
Aug 16 15:39:40.704015 n bluetoothd[2806]: src/profile.c:ext_adapter_remove() "Phone Book Access" removed
Aug 16 15:39:40.704025 n bluetoothd[2806]: src/adapter.c:adapter_service_remove() /org/bluez/hci0
Aug 16 15:39:40.704034 n bluetoothd[2806]: src/adapter.c:remove_uuid() sending remove uuid command for index 0
Aug 16 15:39:40.704042 n bluetoothd[2806]: src/sdpd-service.c:remove_record_from_server() Removing record with handle 0x1000c
Aug 16 15:39:40.704065 n bluetoothd[2806]: src/profile.c:ext_adapter_remove() "Message Access" removed
Aug 16 15:39:40.704073 n bluetoothd[2806]: src/adapter.c:adapter_service_remove() /org/bluez/hci0
Aug 16 15:39:40.704081 n bluetoothd[2806]: src/adapter.c:remove_uuid() sending remove uuid command for index 0
Aug 16 15:39:40.704090 n bluetoothd[2806]: src/sdpd-service.c:remove_record_from_server() Removing record with handle 0x1000b
Aug 16 15:39:40.704112 n bluetoothd[2806]: src/profile.c:ext_adapter_remove() "Message Notification" removed
Aug 16 15:39:40.704120 n bluetoothd[2806]: src/adapter.c:adapter_service_remove() /org/bluez/hci0
Aug 16 15:39:40.704128 n bluetoothd[2806]: src/adapter.c:remove_uuid() sending remove uuid command for index 0
Aug 16 15:39:40.704138 n bluetoothd[2806]: src/sdpd-service.c:remove_record_from_server() Removing record with handle 0x1000a
Aug 16 15:39:40.704160 n bluetoothd[2806]: src/profile.c:ext_adapter_remove() "Hands-Free unit" removed
Aug 16 15:39:40.704168 n bluetoothd[2806]: src/adapter.c:adapter_service_remove() /org/bluez/hci0
Aug 16 15:39:40.704182 n bluetoothd[2806]: src/adapter.c:remove_uuid() sending remove uuid command for index 0
Aug 16 15:39:40.704193 n bluetoothd[2806]: src/sdpd-service.c:remove_record_from_server() Removing record with handle 0x10007
Aug 16 15:39:40.704209 n bluetoothd[2806]: src/profile.c:ext_adapter_remove() "Hands-Free Voice gateway" removed
Aug 16 15:39:40.704218 n bluetoothd[2806]: src/adapter.c:adapter_service_remove() /org/bluez/hci0
Aug 16 15:39:40.704227 n bluetoothd[2806]: src/adapter.c:remove_uuid() sending remove uuid command for index 0
Aug 16 15:39:40.704237 n bluetoothd[2806]: src/sdpd-service.c:remove_record_from_server() Removing record with handle 0x10006
Aug 16 15:39:40.704255 n bluetoothd[2806]: profiles/audio/a2dp.c:a2dp_source_server_remove() path /org/bluez/hci0
Aug 16 15:39:40.704265 n bluetoothd[2806]: profiles/audio/a2dp.c:a2dp_sink_server_remove() path /org/bluez/hci0
Aug 16 15:39:40.704274 n bluetoothd[2806]: profiles/audio/avrcp.c:avrcp_target_server_remove() path /org/bluez/hci0
Aug 16 15:39:40.704284 n bluetoothd[2806]: src/adapter.c:adapter_service_remove() /org/bluez/hci0
Aug 16 15:39:40.704292 n bluetoothd[2806]: src/adapter.c:remove_uuid() sending remove uuid command for index 0
Aug 16 15:39:40.704301 n bluetoothd[2806]: src/sdpd-service.c:remove_record_from_server() Removing record with handle 0x10005
Aug 16 15:39:40.704312 n bluetoothd[2806]: profiles/audio/avrcp.c:avrcp_controller_server_remove() path /org/bluez/hci0
Aug 16 15:39:40.704320 n bluetoothd[2806]: src/adapter.c:adapter_service_remove() /org/bluez/hci0
Aug 16 15:39:40.704329 n bluetoothd[2806]: src/adapter.c:remove_uuid() sending remove uuid command for index 0
Aug 16 15:39:40.704338 n bluetoothd[2806]: src/sdpd-service.c:remove_record_from_server() Removing record with handle 0x10004
Aug 16 15:39:40.704361 n bluetoothd[2806]: profiles/network/manager.c:nap_server_remove() path /org/bluez/hci0
Aug 16 15:39:40.704370 n bluetoothd[2806]: profiles/network/manager.c:gn_server_remove() path /org/bluez/hci0
Aug 16 15:39:40.704378 n bluetoothd[2806]: profiles/network/manager.c:panu_server_remove() path /org/bluez/hci0
Aug 16 15:39:40.704391 n bluetoothd[2806]: profiles/network/server.c:path_unregister() Unregistered interface org.bluez.NetworkServer1 on path /org/bluez/hci0
Aug 16 15:39:40.708616 n bluetoothd[2806]: src/adapter.c:adapter_service_remove() /org/bluez/hci0
Aug 16 15:39:40.708632 n bluetoothd[2806]: src/adapter.c:remove_uuid() sending remove uuid command for index 0
Aug 16 15:39:40.708646 n bluetoothd[2806]: src/sdpd-service.c:remove_record_from_server() Removing record with handle 0x10001
Aug 16 15:39:40.708663 n bluetoothd[2806]: src/adapter.c:adapter_service_remove() /org/bluez/hci0
Aug 16 15:39:40.708678 n bluetoothd[2806]: src/adapter.c:remove_uuid() sending remove uuid command for index 0
Aug 16 15:39:40.708693 n bluetoothd[2806]: src/sdpd-service.c:remove_record_from_server() Removing record with handle 0x10002
Aug 16 15:39:40.708712 n bluetoothd[2806]: src/adapter.c:adapter_service_remove() /org/bluez/hci0
Aug 16 15:39:40.708726 n bluetoothd[2806]: src/adapter.c:remove_uuid() sending remove uuid command for index 0
Aug 16 15:39:40.708741 n bluetoothd[2806]: src/sdpd-service.c:remove_record_from_server() Removing record with handle 0x10003
Aug 16 15:39:40.708785 n bluetoothd[2806]: Battery Provider Manager destroyed
Aug 16 15:39:40.708799 n bluetoothd[2806]: src/battery.c:manager_free()
Aug 16 15:39:40.708812 n bluetoothd[2806]: src/adapter.c:btd_adapter_unref() Freeing adapter /org/bluez/hci0
Aug 16 15:39:40.708826 n bluetoothd[2806]: src/adapter.c:adapter_free() 0x583a8c31b200
Aug 16 15:39:40.708977 n bluetoothd[2806]: src/rfkill.c:rfkill_event() RFKILL event idx 0 type 2 op 1 soft 0 hard 0
