Aug 16 15:37:29.838350 n kernel: hci0
Aug 16 15:37:29.838374 n kernel: hci0
Aug 16 15:37:29.838395 n kernel: hci0
Aug 16 15:37:29.840185 n kernel: hci0 opcode 0x040a plen 7
Aug 16 15:37:29.840233 n kernel: hci0: skb len 10
Aug 16 15:37:29.840252 n kernel: hci0 cmd_cnt 1 cmd queued 1
Aug 16 15:37:29.840268 n kernel: hci0: skb 00000000987207f6
Aug 16 15:37:32.394353 n kernel: hci0
Aug 16 15:37:32.394380 n kernel: hci0
Aug 16 15:37:32.394404 n kernel: hci0
Aug 16 15:37:32.396193 n kernel: hci0 opcode 0x040a plen 7
Aug 16 15:37:32.396226 n kernel: hci0: skb len 10
Aug 16 15:37:32.396243 n kernel: hci0 cmd_cnt 1 cmd queued 1
Aug 16 15:37:32.396254 n kernel: hci0: skb 00000000c72496d1
Aug 16 15:37:34.964331 n kernel: hci0
Aug 16 15:37:34.964350 n kernel: hci0
Aug 16 15:37:34.964371 n kernel: hci0
Aug 16 15:37:34.966212 n kernel: hci0 opcode 0x040a plen 7
Aug 16 15:37:34.966289 n kernel: hci0: skb len 10
Aug 16 15:37:34.966305 n kernel: hci0 cmd_cnt 1 cmd queued 1
Aug 16 15:37:34.966319 n kernel: hci0: skb 000000004ae7020e
Aug 16 15:37:37.521316 n kernel: hci0
Aug 16 15:37:37.521330 n kernel: hci0
Aug 16 15:37:37.521345 n kernel: hci0
Aug 16 15:37:37.523194 n kernel: hci0 opcode 0x040a plen 7
Aug 16 15:37:37.523231 n kernel: hci0: skb len 10
Aug 16 15:37:37.523250 n kernel: hci0 cmd_cnt 1 cmd queued 1
Aug 16 15:37:37.523266 n kernel: hci0: skb 00000000b3ac0283
Aug 16 15:37:40.084386 n kernel: hci0
Aug 16 15:37:40.084399 n kernel: hci0
Aug 16 15:37:40.084412 n kernel: hci0
Aug 16 15:37:40.086217 n kernel: hci0 opcode 0x040a plen 7
Aug 16 15:37:40.086312 n kernel: hci0: skb len 10
Aug 16 15:37:40.086331 n kernel: hci0 cmd_cnt 1 cmd queued 1
Aug 16 15:37:40.086348 n kernel: hci0: skb 000000009950b7a0
Aug 16 15:37:42.577206 n kernel: hci0 opcode 0x040a plen 7
Aug 16 15:37:42.577286 n kernel: hci0: skb len 10
Aug 16 15:37:42.577304 n kernel: hci0 cmd_cnt 1 cmd queued 1
Aug 16 15:37:42.577314 n kernel: hci0: skb 00000000d3f71280
Aug 16 15:37:42.702210 n kernel: hci0: 
Aug 16 15:37:42.702225 n kernel: hci0: entry 00000000b0fcf125
Aug 16 15:37:42.702236 n kernel: hci0: ADV monitoring is off
Aug 16 15:37:42.702256 n kernel: hci0: stopping background scanning
Aug 16 15:37:42.702306 n kernel: hci0: 
Aug 16 15:37:42.702324 n kernel: hci0: entry 0000000033e2e2f2
Aug 16 15:37:42.702343 n kernel: hci0: Opcode 0x0c3a
Aug 16 15:37:42.702361 n kernel: hci0: opcode 0x0c3a plen 4
Aug 16 15:37:42.702376 n kernel: hci0: skb len 7
Aug 16 15:37:42.702394 n kernel: hci0: length 1
Aug 16 15:37:42.702410 n kernel: hci0 cmd_cnt 1 cmd queued 1
Aug 16 15:37:42.702422 n kernel: hci0: skb 00000000f3c73a0f
Aug 16 15:37:42.705244 n kernel: hci0: result 0x00
Aug 16 15:37:42.705266 n kernel: hci0: end: err 0
Aug 16 15:37:42.705280 n kernel: hci0: Opcode 0x0c1a
Aug 16 15:37:42.705296 n kernel: hci0: opcode 0x0c1a plen 1
Aug 16 15:37:42.705314 n kernel: hci0: skb len 4
Aug 16 15:37:42.705328 n kernel: hci0: length 1
Aug 16 15:37:42.705341 n kernel: hci0 cmd_cnt 1 cmd queued 1
Aug 16 15:37:42.705356 n kernel: hci0: skb 0000000078be0652
Aug 16 15:37:42.708210 n kernel: hci0: result 0x00
Aug 16 15:37:42.708223 n kernel: hci0: end: err 0
Aug 16 15:37:42.708232 n kernel: hci0: 
Aug 16 15:37:42.708255 n kernel: hci0: state 0 -> 1
Aug 16 15:37:42.708266 n kernel: hci0: 
Aug 16 15:37:42.708276 n kernel: hci0: entry 000000000c992142
Aug 16 15:37:42.708290 n kernel: hci0: type 7
Aug 16 15:37:42.708303 n kernel: hci0: 
Aug 16 15:37:42.708312 n kernel: hci0: cancelling interleave scan
Aug 16 15:37:42.708327 n kernel: hci0: Opcode 0x2005
Aug 16 15:37:42.708339 n kernel: hci0: opcode 0x2005 plen 6
Aug 16 15:37:42.708349 n kernel: hci0: skb len 9
Aug 16 15:37:42.708361 n kernel: hci0: length 1
Aug 16 15:37:42.708371 n kernel: hci0 cmd_cnt 1 cmd queued 1
Aug 16 15:37:42.708381 n kernel: hci0: skb 0000000049d330d3
Aug 16 15:37:42.711215 n kernel: hci0: result 0x00
Aug 16 15:37:42.711228 n kernel: hci0: end: err 0
Aug 16 15:37:42.711241 n kernel: hci0: Opcode 0x200b
Aug 16 15:37:42.711256 n kernel: hci0: opcode 0x200b plen 7
Aug 16 15:37:42.711272 n kernel: hci0: skb len 10
Aug 16 15:37:42.711281 n kernel: hci0: length 1
Aug 16 15:37:42.711293 n kernel: hci0 cmd_cnt 1 cmd queued 1
Aug 16 15:37:42.711304 n kernel: hci0: skb 00000000eeb55af2
Aug 16 15:37:42.713224 n kernel: Bluetooth: hci0: unexpected event for opcode 0x2005
Aug 16 15:37:42.715210 n kernel: hci0: result 0x00
Aug 16 15:37:42.715222 n kernel: hci0: end: err 0
Aug 16 15:37:42.715229 n kernel: hci0: Opcode 0x200c
Aug 16 15:37:42.715244 n kernel: hci0: opcode 0x200c plen 2
Aug 16 15:37:42.715258 n kernel: hci0: skb len 5
Aug 16 15:37:42.715271 n kernel: hci0: length 1
Aug 16 15:37:42.715279 n kernel: hci0 cmd_cnt 1 cmd queued 1
Aug 16 15:37:42.715287 n kernel: hci0: skb 00000000a53d1d9c
Aug 16 15:37:42.718184 n kernel: hci0: state 1 -> 2
Aug 16 15:37:42.718226 n kernel: hci0: result 0x00
Aug 16 15:37:42.718239 n kernel: hci0: end: err 0
Aug 16 15:37:42.718251 n kernel: hci0: timeout 5120 ms
Aug 16 15:37:42.724209 n kernel: hci0: 
Aug 16 15:37:42.724220 n kernel: hci0: entry 00000000c3f4ff2d
Aug 16 15:37:42.724233 n kernel: hci0: 
Aug 16 15:37:42.724241 n kernel: hci0: 
Aug 16 15:37:42.724248 n kernel: hci0: Opcode 0x0c52
Aug 16 15:37:42.724262 n kernel: hci0: opcode 0x0c52 plen 241
Aug 16 15:37:42.724270 n kernel: hci0: skb len 244
Aug 16 15:37:42.724280 n kernel: hci0: length 1
Aug 16 15:37:42.724289 n kernel: hci0 cmd_cnt 1 cmd queued 1
Aug 16 15:37:42.724300 n kernel: hci0: skb 00000000fe67523a
Aug 16 15:37:42.727120 n kernel: hci0: result 0x00
Aug 16 15:37:42.727147 n kernel: hci0: end: err 0
Aug 16 15:37:42.727204 n kernel: hci0: 
Aug 16 15:37:42.727218 n kernel: hci0: entry 0000000094aa4f84
Aug 16 15:37:42.727234 n kernel: hci0: 
Aug 16 15:37:42.727249 n kernel: hci0: 
Aug 16 15:37:42.727264 n kernel: hci0: Opcode 0x0c52
Aug 16 15:37:42.727278 n kernel: hci0: opcode 0x0c52 plen 241
Aug 16 15:37:42.727293 n kernel: hci0: skb len 244
Aug 16 15:37:42.727308 n kernel: hci0: length 1
Aug 16 15:37:42.727322 n kernel: hci0 cmd_cnt 1 cmd queued 1
Aug 16 15:37:42.727336 n kernel: hci0: skb 000000008a0a3c56
Aug 16 15:37:42.730204 n kernel: hci0: result 0x00
Aug 16 15:37:42.730215 n kernel: hci0: end: err 0
Aug 16 15:37:42.730243 n kernel: hci0: 
Aug 16 15:37:42.730256 n kernel: hci0: entry 0000000035696ba3
Aug 16 15:37:42.730269 n kernel: hci0: 
Aug 16 15:37:42.730282 n kernel: hci0: Opcode 0x0c24
Aug 16 15:37:42.730296 n kernel: hci0: opcode 0x0c24 plen 3
Aug 16 15:37:42.730308 n kernel: hci0: skb len 6
Aug 16 15:37:42.730321 n kernel: hci0: length 1
Aug 16 15:37:42.730334 n kernel: hci0 cmd_cnt 1 cmd queued 1
Aug 16 15:37:42.730347 n kernel: hci0: skb 000000001e91831a
Aug 16 15:37:42.733236 n kernel: hci0: result 0x00
Aug 16 15:37:42.733256 n kernel: hci0: end: err 0
Aug 16 15:37:42.733271 n kernel: hci0: 
Aug 16 15:37:42.733290 n kernel: hci0: Opcode 0x0c52
Aug 16 15:37:42.733309 n kernel: hci0: opcode 0x0c52 plen 241
Aug 16 15:37:42.733323 n kernel: hci0: skb len 244
Aug 16 15:37:42.733343 n kernel: hci0: length 1
Aug 16 15:37:42.733357 n kernel: hci0 cmd_cnt 1 cmd queued 1
Aug 16 15:37:42.733372 n kernel: hci0: skb 000000001be611c9
Aug 16 15:37:42.736213 n kernel: hci0: result 0x00
Aug 16 15:37:42.736238 n kernel: hci0: end: err 0
Aug 16 15:37:42.736264 n kernel: hci0: 
Aug 16 15:37:42.736282 n kernel: hci0: entry 000000006f5793b3
Aug 16 15:37:42.736302 n kernel: hci0: 
Aug 16 15:37:42.736320 n kernel: hci0: 
Aug 16 15:37:42.736332 n kernel: hci0: Opcode 0x0c52
Aug 16 15:37:42.736349 n kernel: hci0: opcode 0x0c52 plen 241
Aug 16 15:37:42.736364 n kernel: hci0: skb len 244
Aug 16 15:37:42.736376 n kernel: hci0: length 1
Aug 16 15:37:42.736393 n kernel: hci0 cmd_cnt 1 cmd queued 1
Aug 16 15:37:42.736410 n kernel: hci0: skb 0000000016147376
Aug 16 15:37:42.739210 n kernel: hci0: result 0x00
Aug 16 15:37:42.739224 n kernel: hci0: end: err 0
Aug 16 15:37:42.739247 n kernel: hci0: 
Aug 16 15:37:42.739260 n kernel: hci0: entry 00000000be5873f3
Aug 16 15:37:42.739276 n kernel: hci0: 
Aug 16 15:37:42.739289 n kernel: hci0: 
Aug 16 15:37:42.739301 n kernel: hci0: Opcode 0x0c52
Aug 16 15:37:42.739315 n kernel: hci0: opcode 0x0c52 plen 241
Aug 16 15:37:42.739326 n kernel: hci0: skb len 244
Aug 16 15:37:42.739338 n kernel: hci0: length 1
Aug 16 15:37:42.739347 n kernel: hci0 cmd_cnt 1 cmd queued 1
Aug 16 15:37:42.739355 n kernel: hci0: skb 00000000c1696dcd
Aug 16 15:37:42.742215 n kernel: hci0: result 0x00
Aug 16 15:37:42.742237 n kernel: hci0: end: err 0
Aug 16 15:37:42.742273 n kernel: hci0: 
Aug 16 15:37:42.742286 n kernel: hci0: entry 00000000ef775b54
Aug 16 15:37:42.742298 n kernel: hci0: 
Aug 16 15:37:42.742307 n kernel: hci0: 
Aug 16 15:37:42.742314 n kernel: hci0: Opcode 0x0c52
Aug 16 15:37:42.742321 n kernel: hci0: opcode 0x0c52 plen 241
Aug 16 15:37:42.742329 n kernel: hci0: skb len 244
Aug 16 15:37:42.742340 n kernel: hci0: length 1
Aug 16 15:37:42.742350 n kernel: hci0 cmd_cnt 1 cmd queued 1
Aug 16 15:37:42.742357 n kernel: hci0: skb 00000000cb3b305e
Aug 16 15:37:42.745236 n kernel: hci0: result 0x00
Aug 16 15:37:42.745268 n kernel: hci0: end: err 0
Aug 16 15:37:42.745304 n kernel: hci0: 
Aug 16 15:37:42.745324 n kernel: hci0: entry 0000000021b21060
Aug 16 15:37:42.745342 n kernel: hci0: 
Aug 16 15:37:42.745358 n kernel: hci0: 
Aug 16 15:37:42.745375 n kernel: hci0: Opcode 0x0c52
Aug 16 15:37:42.745392 n kernel: hci0: opcode 0x0c52 plen 241
Aug 16 15:37:42.745405 n kernel: hci0: skb len 244
Aug 16 15:37:42.745422 n kernel: hci0: length 1
Aug 16 15:37:42.745433 n kernel: hci0 cmd_cnt 1 cmd queued 1
Aug 16 15:37:42.745442 n kernel: hci0: skb 0000000032941adb
Aug 16 15:37:42.748216 n kernel: hci0: result 0x00
Aug 16 15:37:42.748232 n kernel: hci0: end: err 0
Aug 16 15:37:45.137391 n kernel: hci0: dst AA:BB:CC:00:00:01
Aug 16 15:37:45.137426 n kernel: hci0: dst AA:BB:CC:00:00:01 handle 0x0f00
Aug 16 15:37:45.137451 n kernel: hci0 evt 1
Aug 16 15:37:45.137476 n kernel: hci0 opcode 0x0409 plen 7
Aug 16 15:37:45.137502 n kernel: hci0: skb len 10
Aug 16 15:37:45.137532 n kernel: hci0 cmd_cnt 1 cmd queued 1
Aug 16 15:37:45.137550 n kernel: hci0: skb 0000000019ae66c1
Aug 16 15:37:45.400236 n kernel: hci0: hcon 00000000d4a68e33 handle 0x0007
Aug 16 15:37:45.400307 n kernel: hci0 opcode 0x041b plen 2
Aug 16 15:37:45.400356 n kernel: hci0: skb len 5
Aug 16 15:37:45.400378 n kernel: hci0: 
Aug 16 15:37:45.400403 n kernel: hci0: entry 00000000223af87f
Aug 16 15:37:45.400427 n kernel: hci0 cmd_cnt 1 cmd queued 1
Aug 16 15:37:45.400443 n kernel: hci0: skb 00000000519d7201
Aug 16 15:37:45.421215 n kernel: hci0 opcode 0x041c plen 3
Aug 16 15:37:45.421285 n kernel: hci0: skb len 6
Aug 16 15:37:45.421324 n kernel: hci0 cmd_cnt 1 cmd queued 1
Aug 16 15:37:45.421347 n kernel: hci0: skb 0000000039f9ab08
Aug 16 15:37:45.453247 n kernel: hci0 opcode 0x0419 plen 10
Aug 16 15:37:45.453264 n kernel: hci0: skb len 13
Aug 16 15:37:45.453281 n kernel: hci0 hcon 00000000d4a68e33
Aug 16 15:37:45.453296 n kernel: hci0 cmd_cnt 1 cmd queued 1
Aug 16 15:37:45.453305 n kernel: hci0: skb 00000000a2ac0f11
Aug 16 15:37:45.667272 n kernel: hci0 opcode 0x040c plen 6
Aug 16 15:37:45.667370 n kernel: hci0: skb len 9
Aug 16 15:37:45.667391 n kernel: hci0 cmd_cnt 1 cmd queued 1
Aug 16 15:37:45.667416 n kernel: hci0: skb 0000000065fc93d0
Aug 16 15:37:46.032203 n kernel: hci0 hcon 00000000d4a68e33 chan 00000000466d5e61
Aug 16 15:37:46.032251 n kernel: hci0: 
Aug 16 15:37:46.032272 n kernel: hci0: entry 00000000223af87f
Aug 16 15:37:46.044236 n kernel: hci0 hcon 00000000d4a68e33 handle 7
Aug 16 15:37:46.044302 n kernel: hci0: hcon 00000000d4a68e33
Aug 16 15:37:46.048234 n kernel: hci0 evt 2
Aug 16 15:37:47.689401 n kernel: hci0: 
Aug 16 15:37:47.689411 n kernel: hci0: entry 0000000020b38103
Aug 16 15:37:47.689431 n kernel: hci0: Opcode 0x0c1a
Aug 16 15:37:47.689445 n kernel: hci0: opcode 0x0c1a plen 1
Aug 16 15:37:47.689454 n kernel: hci0: skb len 4
Aug 16 15:37:47.689463 n kernel: hci0: length 1
Aug 16 15:37:47.689482 n kernel: hci0 cmd_cnt 1 cmd queued 1
Aug 16 15:37:47.689493 n kernel: hci0: skb 00000000575657d4
Aug 16 15:37:47.692262 n kernel: hci0: result 0x00
Aug 16 15:37:47.692282 n kernel: hci0: end: err 0
Aug 16 15:37:47.695233 n kernel: hci0: state 2 -> 4
Aug 16 15:37:47.695253 n kernel: hci0: 
Aug 16 15:37:47.695262 n kernel: hci0: entry 00000000a3483114
Aug 16 15:37:47.695270 n kernel: hci0: state 4
Aug 16 15:37:47.695280 n kernel: hci0: Opcode 0x200c
Aug 16 15:37:47.695289 n kernel: hci0: opcode 0x200c plen 2
Aug 16 15:37:47.695303 n kernel: hci0: skb len 5
Aug 16 15:37:47.695315 n kernel: hci0: length 1
Aug 16 15:37:47.695324 n kernel: hci0 cmd_cnt 1 cmd queued 1
Aug 16 15:37:47.695333 n kernel: hci0: skb 0000000010aba64f
Aug 16 15:37:47.697236 n kernel: hci0: result 0x00
Aug 16 15:37:47.697259 n kernel: hci0: end: err 0
Aug 16 15:37:47.697321 n kernel: hci0: state 4 -> 0
Aug 16 15:37:47.697371 n kernel: hci0: entry 00000000e4c08b58
Aug 16 15:37:47.697413 n kernel: hci0: ADV monitoring is off
Aug 16 15:37:47.697448 n kernel: hci0: stopping background scanning
Aug 16 15:37:47.697469 n kernel: hci0: 
Aug 16 15:37:47.697510 n kernel: hci0: 
Aug 16 15:37:47.697535 n kernel: hci0: entry 00000000a7a24f25
Aug 16 15:37:47.697625 n kernel: hci0: dst AA:BB:CC:00:00:01
Aug 16 15:37:47.697653 n kernel: hci0: dst AA:BB:CC:00:00:01 handle 0x0f00
Aug 16 15:37:47.697676 n kernel: hci0 evt 1
Aug 16 15:37:47.697697 n kernel: hci0: 
Aug 16 15:37:47.697712 n kernel: hci0: entry 000000009ae37ab1
Aug 16 15:37:47.697769 n kernel: hci0: Opcode 0x0405
Aug 16 15:37:47.697804 n kernel: hci0: opcode 0x0405 plen 13
Aug 16 15:37:47.697848 n kernel: hci0: skb len 16
Aug 16 15:37:47.697866 n kernel: hci0: length 1
Aug 16 15:37:47.697881 n kernel: hci0 cmd_cnt 1 cmd queued 1
Aug 16 15:37:47.697895 n kernel: hci0: skb 0000000010aba64f
Aug 16 15:37:47.777365 n kernel: hci0: hcon 00000000bd2d4f25 handle 0x0009
Aug 16 15:37:47.777388 n kernel: hci0 opcode 0x041b plen 2
Aug 16 15:37:47.777403 n kernel: hci0: skb len 5
Aug 16 15:37:47.777419 n kernel: hci0: result 0x00
Aug 16 15:37:47.777434 n kernel: hci0 cmd_cnt 1 cmd queued 1
Aug 16 15:37:47.777455 n kernel: hci0: skb 00000000f1b5cfc1
Aug 16 15:37:47.777482 n kernel: hci0: end: err 0
Aug 16 15:37:47.777496 n kernel: hci0: entry 00000000223af87f
Aug 16 15:37:47.777510 n kernel: hci0: 
Aug 16 15:37:47.801222 n kernel: hci0 opcode 0x041c plen 3
Aug 16 15:37:47.801287 n kernel: hci0: skb len 6
Aug 16 15:37:47.801307 n kernel: hci0 cmd_cnt 1 cmd queued 1
Aug 16 15:37:47.801325 n kernel: hci0: skb 000000004c176c20
Aug 16 15:37:47.822288 n kernel: hci0 opcode 0x0419 plen 10
Aug 16 15:37:47.822327 n kernel: hci0: skb len 13
Aug 16 15:37:47.822347 n kernel: hci0 cmd_cnt 1 cmd queued 1
Aug 16 15:37:47.822361 n kernel: hci0: skb 000000004d841671
Aug 16 15:37:47.872224 n kernel: hci0 opcode 0x0411 plen 2
Aug 16 15:37:47.872250 n kernel: hci0: skb len 5
Aug 16 15:37:47.872262 n kernel: hci0 cmd_cnt 1 cmd queued 1
Aug 16 15:37:47.872272 n kernel: hci0: skb 000000003bb9d85c
Aug 16 15:37:47.877232 n kernel: hci0 opcode 0x040c plen 6
Aug 16 15:37:47.877294 n kernel: hci0: skb len 9
Aug 16 15:37:47.877305 n kernel: hci0 cmd_cnt 1 cmd queued 1
Aug 16 15:37:47.877314 n kernel: hci0: skb 000000002f6a7868
Aug 16 15:37:47.882199 n kernel: hci0 opcode 0x042b plen 9
Aug 16 15:37:47.882223 n kernel: hci0: skb len 12
Aug 16 15:37:47.882248 n kernel: hci0 cmd_cnt 1 cmd queued 1
Aug 16 15:37:47.882259 n kernel: hci0: skb 0000000071f6f187
Aug 16 15:37:48.877235 n kernel: hci0 opcode 0x042c plen 6
Aug 16 15:37:48.877332 n kernel: hci0: skb len 9
Aug 16 15:37:48.877361 n kernel: hci0 cmd_cnt 1 cmd queued 1
Aug 16 15:37:48.877383 n kernel: hci0: skb 00000000c9cd820f
Aug 16 15:37:49.179517 n kernel: hci0 key for AA:BB:CC:00:00:01 type 4
Aug 16 15:37:49.181234 n kernel: hci0 opcode 0x0413 plen 3
Aug 16 15:37:49.181324 n kernel: hci0: skb len 6
Aug 16 15:37:49.181361 n kernel: hci0 cmd_cnt 1 cmd queued 1
Aug 16 15:37:49.181378 n kernel: hci0: skb 000000004e124a1e
Aug 16 15:37:49.186252 n kernel: hci0 hcon 00000000bd2d4f25
Aug 16 15:37:49.273360 n kernel: hci0 opcode 0x1408 plen 2
Aug 16 15:37:49.273388 n kernel: hci0: skb len 5
Aug 16 15:37:49.273406 n kernel: hci0 cmd_cnt 1 cmd queued 1
Aug 16 15:37:49.273424 n kernel: hci0: skb 000000004ae7020e
Aug 16 15:37:49.601320 n kernel: hci0 cmd_cnt 1 cmd queued 1
Aug 16 15:37:49.601344 n kernel: hci0: skb 0000000083bc2e87
Aug 16 15:37:49.918281 n kernel: hci0: dst AA:BB:CC:00:00:01
Aug 16 15:37:49.918289 n kernel: hci0: dst AA:BB:CC:00:00:01 handle 0x0f00
Aug 16 15:37:49.918302 n kernel: hci0: parent 00000000bd2d4f25 hcon 00000000ca6a8729
Aug 16 15:37:49.918319 n kernel: hci0: hcon 00000000ca6a8729
Aug 16 15:37:49.918327 n kernel: hci0 opcode 0x0428 plen 17
Aug 16 15:37:49.918337 n kernel: hci0: skb len 20
Aug 16 15:37:49.918349 n kernel: hci0 cmd_cnt 1 cmd queued 1
Aug 16 15:37:49.918360 n kernel: hci0: skb 000000002e10e091
Aug 16 15:37:49.948201 n kernel: hci0: hcon 00000000ca6a8729 handle 0x000a
Aug 16 15:37:49.948276 n kernel: hci0 evt 5
Aug 16 15:37:49.951183 n kernel: hci0
Aug 16 15:37:49.951220 n kernel: hci0
Aug 16 15:37:49.970200 n kernel: hci0: 
Aug 16 15:37:49.970208 n kernel: hci0: entry 00000000111afdde
Aug 16 15:37:49.970216 n kernel: hci0: ADV monitoring is off
Aug 16 15:37:49.970223 n kernel: hci0: stopping background scanning
Aug 16 15:37:49.970238 n kernel: hci0: 
Aug 16 15:37:49.970248 n kernel: hci0: entry 00000000f5ac6143
Aug 16 15:37:49.970256 n kernel: hci0: Opcode 0x0c3a
Aug 16 15:37:49.970263 n kernel: hci0: opcode 0x0c3a plen 4
Aug 16 15:37:49.970273 n kernel: hci0: skb len 7
Aug 16 15:37:49.970284 n kernel: hci0: length 1
Aug 16 15:37:49.970294 n kernel: hci0 cmd_cnt 1 cmd queued 1
Aug 16 15:37:49.970302 n kernel: hci0: skb 00000000c0206905
Aug 16 15:37:49.973208 n kernel: hci0: result 0x00
Aug 16 15:37:49.973221 n kernel: hci0: end: err 0
Aug 16 15:37:49.973234 n kernel: hci0: Opcode 0x0c1a
Aug 16 15:37:49.973250 n kernel: hci0: opcode 0x0c1a plen 1
Aug 16 15:37:49.973264 n kernel: hci0: skb len 4
Aug 16 15:37:49.973276 n kernel: hci0: length 1
Aug 16 15:37:49.973292 n kernel: hci0 cmd_cnt 1 cmd queued 1
Aug 16 15:37:49.973305 n kernel: hci0: skb 0000000081aab51f
Aug 16 15:37:49.976220 n kernel: hci0: result 0x00
Aug 16 15:37:49.976233 n kernel: hci0: end: err 0
Aug 16 15:37:49.976241 n kernel: hci0: 
Aug 16 15:37:49.976255 n kernel: hci0: state 0 -> 1
Aug 16 15:37:49.976262 n kernel: hci0: 
Aug 16 15:37:49.976268 n kernel: hci0: entry 0000000000119267
Aug 16 15:37:49.976282 n kernel: hci0: type 7
Aug 16 15:37:49.976289 n kernel: hci0: 
Aug 16 15:37:49.976295 n kernel: hci0: cancelling interleave scan
Aug 16 15:37:49.976305 n kernel: hci0: Opcode 0x2005
Aug 16 15:37:49.976318 n kernel: hci0: opcode 0x2005 plen 6
Aug 16 15:37:49.976328 n kernel: hci0: skb len 9
Aug 16 15:37:49.976335 n kernel: hci0: length 1
Aug 16 15:37:49.976344 n kernel: hci0 cmd_cnt 1 cmd queued 1
Aug 16 15:37:49.976350 n kernel: hci0: skb 0000000078be0652
Aug 16 15:37:49.979244 n kernel: hci0: result 0x00
Aug 16 15:37:49.979258 n kernel: hci0: end: err 0
Aug 16 15:37:49.979275 n kernel: hci0: Opcode 0x200b
Aug 16 15:37:49.979292 n kernel: hci0: opcode 0x200b plen 7
Aug 16 15:37:49.979305 n kernel: hci0: skb len 10
Aug 16 15:37:49.979322 n kernel: hci0: length 1
Aug 16 15:37:49.979334 n kernel: hci0 cmd_cnt 1 cmd queued 1
Aug 16 15:37:49.979347 n kernel: hci0: skb 0000000053c20752
Aug 16 15:37:49.980224 n kernel: Bluetooth: hci0: unexpected event for opcode 0x2005
Aug 16 15:37:49.982208 n kernel: hci0: result 0x00
Aug 16 15:37:49.982219 n kernel: hci0: end: err 0
Aug 16 15:37:49.982230 n kernel: hci0: Opcode 0x200c
Aug 16 15:37:49.982244 n kernel: hci0: opcode 0x200c plen 2
Aug 16 15:37:49.982258 n kernel: hci0: skb len 5
Aug 16 15:37:49.982270 n kernel: hci0: length 1
Aug 16 15:37:49.982280 n kernel: hci0 cmd_cnt 1 cmd queued 1
Aug 16 15:37:49.982291 n kernel: hci0: skb 000000001f17a135
Aug 16 15:37:49.985210 n kernel: hci0: state 1 -> 2
Aug 16 15:37:49.985269 n kernel: hci0: result 0x00
Aug 16 15:37:49.985281 n kernel: hci0: end: err 0
Aug 16 15:37:49.985290 n kernel: hci0: timeout 5120 ms
Aug 16 15:37:52.045206 n kernel: hci0: 
Aug 16 15:37:52.045215 n kernel: hci0: entry 00000000835e9ed7
Aug 16 15:37:52.045223 n kernel: hci0: Opcode 0x0c1a
Aug 16 15:37:52.045231 n kernel: hci0: opcode 0x0c1a plen 1
Aug 16 15:37:52.045247 n kernel: hci0: skb len 4
Aug 16 15:37:52.045255 n kernel: hci0: length 1
Aug 16 15:37:52.045262 n kernel: hci0 cmd_cnt 1 cmd queued 1
Aug 16 15:37:52.045270 n kernel: hci0: skb 00000000cfca885c
Aug 16 15:37:54.056182 n kernel: hci0: end: err -110
Aug 16 15:37:54.056193 n kernel: Bluetooth: hci0: command 0x0c1a tx timeout
Aug 16 15:37:54.056217 n kernel: hci0: err 0x6e
Aug 16 15:37:54.056228 n kernel: Bluetooth: hci0: Opcode 0x0c1a failed: -110
Aug 16 15:37:54.056235 n kernel: hci0 cmd_cnt 1 cmd queued 0
Aug 16 15:37:54.056257 n kernel: hci0: state 2 -> 4
Aug 16 15:37:54.056264 n kernel: hci0: 
Aug 16 15:37:54.056271 n kernel: hci0: entry 00000000bf741f9c
Aug 16 15:37:54.056278 n kernel: hci0: state 4
Aug 16 15:37:54.056285 n kernel: hci0: Opcode 0x200c
Aug 16 15:37:54.056292 n kernel: hci0: opcode 0x200c plen 2
Aug 16 15:37:54.056300 n kernel: hci0: skb len 5
Aug 16 15:37:54.056309 n kernel: hci0: length 1
Aug 16 15:37:54.056319 n kernel: hci0 cmd_cnt 1 cmd queued 1
Aug 16 15:37:54.056326 n kernel: hci0: skb 0000000032d5383d
Aug 16 15:37:56.105184 n kernel: Bluetooth: hci0: command 0x0c1a tx timeout
Aug 16 15:37:56.105201 n kernel: hci0: end: err -110
Aug 16 15:37:56.105210 n kernel: hci0: err 0x6e
Aug 16 15:37:56.105219 n kernel: hci0 cmd_cnt 1 cmd queued 0
Aug 16 15:37:56.105227 n kernel: Bluetooth: hci0: Opcode 0x200c failed: -110
Aug 16 15:37:56.105235 n kernel: Bluetooth: hci0: Unable to disable scanning: -110
Aug 16 15:38:00.148188 n kernel: 000000009a78155a name hci0 blocked 1
Aug 16 15:38:00.148247 n kernel: hci0 000000009a78155a
Aug 16 15:38:00.148268 n kernel: hci0: Opcode 0x0c1a
Aug 16 15:38:00.148292 n kernel: hci0: opcode 0x0c1a plen 1
Aug 16 15:38:00.148301 n kernel: hci0: skb len 4
Aug 16 15:38:00.148317 n kernel: hci0: length 1
Aug 16 15:38:00.148349 n kernel: hci0 cmd_cnt 1 cmd queued 1
Aug 16 15:38:00.148365 n kernel: hci0: skb 00000000960d99b5
Aug 16 15:38:02.185213 n kernel: Bluetooth: hci0: command 0x0c1a tx timeout
Aug 16 15:38:02.185302 n kernel: hci0: err 0x6e
Aug 16 15:38:02.185329 n kernel: hci0 cmd_cnt 1 cmd queued 0
Aug 16 15:38:02.185347 n kernel: hci0: end: err -110
Aug 16 15:38:02.185366 n kernel: Bluetooth: hci0: Opcode 0x0c1a failed: -110
Aug 16 15:38:02.185465 n kernel: Bluetooth: hci0: Error when powering off device on rfkill (-110)
Aug 16 15:38:02.185492 n kernel: hci0 000000009a78155a
Aug 16 15:38:02.185509 n kernel: hci0: 
Aug 16 15:38:02.193213 n kernel: hci0: err 0x13
Aug 16 15:38:02.193232 n kernel: hci0: cancelling interleave scan
Aug 16 15:38:02.193245 n kernel: hci0: state 4 -> 0
Aug 16 15:38:02.193267 n kernel: hdev hci0
Aug 16 15:38:02.193277 n kernel: hci0 hcon 00000000bd2d4f25 chan 00000000a2561cea
Aug 16 15:38:02.193294 n kernel: hci0: handle 0x0a reason 0x13
Aug 16 15:38:02.193301 n kernel: hci0: 
Aug 16 15:38:02.193308 n kernel: hci0: entry 00000000ad60eb7d
Aug 16 15:38:02.202193 n kernel: hci0 hcon 00000000bd2d4f25 handle 9
Aug 16 15:38:02.202235 n kernel: hci0: hcon 00000000bd2d4f25
Aug 16 15:38:02.202246 n kernel: hci0: hcon 00000000ca6a8729
Aug 16 15:38:02.232261 n kernel: hci0 evt 2
Aug 16 15:38:02.232271 n kernel: hci0 hcon 00000000ca6a8729 handle 10
Aug 16 15:38:02.232286 n kernel: hci0: hcon 00000000ca6a8729
Aug 16 15:38:02.239461 n kernel: hci0 evt 6
Aug 16 15:38:02.239476 n kernel: hci0
Aug 16 15:38:02.239500 n kernel: hci0: err 0x02
Aug 16 15:38:02.239520 n kernel: hci0: err 0x02
Aug 16 15:38:02.240188 n kernel: hci0: err 0x02
Aug 16 15:38:02.242184 n kernel: hci0
Aug 16 15:38:07.307313 n kernel: Bluetooth: hci0: setting interface failed (110)
Aug 16 15:38:07.307341 n kernel: hci0: entry 000000009de10aec
Aug 16 15:38:07.307356 n kernel: hci0: 
Aug 16 15:38:07.307370 n kernel: hci0: 
Aug 16 15:38:09.600201 n kernel: 000000009a78155a name hci0 blocked 0
Aug 16 15:38:09.600260 n kernel: hci0: 
Aug 16 15:38:09.600275 n kernel: hci0: entry 00000000eb1d136d
Aug 16 15:38:09.600290 n kernel: hci0: 
Aug 16 15:38:09.600298 n kernel: hci0
Aug 16 15:38:10.715224 n kernel: 000000009a78155a name hci0 blocked 0
Aug 16 15:38:11.764211 n kernel: 000000009a78155a name hci0 blocked 0
Aug 16 15:38:12.329246 n kernel: 000000009a78155a name hci0 blocked 0
Aug 16 15:38:12.634492 n kernel: 000000009a78155a name hci0 blocked 0
Aug 16 15:38:12.865204 n kernel: 000000009a78155a name hci0 blocked 0
Aug 16 15:38:13.048186 n kernel: 000000009a78155a name hci0 blocked 0
Aug 16 15:38:13.198206 n kernel: 000000009a78155a name hci0 blocked 0
Aug 16 15:38:13.381201 n kernel: 000000009a78155a name hci0 blocked 0
Aug 16 15:38:13.581194 n kernel: 000000009a78155a name hci0 blocked 0
Aug 16 15:38:14.994207 n kernel: 000000009a78155a name hci0 blocked 0
Aug 16 15:38:15.099224 n kernel: usb 3-3: reset full-speed USB device number 2 using xhci_hcd
Aug 16 15:38:16.086208 n kernel: 000000009a78155a name hci0 blocked 0
Aug 16 15:38:30.456254 n kernel: usb 3-3: device descriptor read/64, error -110
Aug 16 15:38:31.060209 n kernel: 000000009a78155a name hci0 blocked 0
Aug 16 15:38:32.360200 n kernel: 000000009a78155a name hci0 blocked 0
Aug 16 15:38:43.247207 n kernel: 000000009a78155a name hci0 blocked 0
Aug 16 15:38:44.224202 n kernel: 000000009a78155a name hci0 blocked 0
Aug 16 15:38:46.328201 n kernel: usb 3-3: device descriptor read/64, error -110
Aug 16 15:38:46.544224 n kernel: usb 3-3: reset full-speed USB device number 2 using xhci_hcd
Aug 16 15:39:02.200236 n kernel: usb 3-3: device descriptor read/64, error -110
Aug 16 15:39:18.072225 n kernel: usb 3-3: device descriptor read/64, error -110
Aug 16 15:39:18.290207 n kernel: usb 3-3: reset full-speed USB device number 2 using xhci_hcd
Aug 16 15:39:23.592218 n kernel: xhci_hcd 0000:03:00.4: Timeout while waiting for setup device command
Aug 16 15:39:29.224265 n kernel: xhci_hcd 0000:03:00.4: Timeout while waiting for setup device command
Aug 16 15:39:29.432204 n kernel: usb 3-3: device not accepting address 2, error -62
Aug 16 15:39:29.546219 n kernel: usb 3-3: reset full-speed USB device number 2 using xhci_hcd
Aug 16 15:39:34.856211 n kernel: xhci_hcd 0000:03:00.4: Timeout while waiting for setup device command
Aug 16 15:39:40.488249 n kernel: xhci_hcd 0000:03:00.4: Timeout while waiting for setup device command
Aug 16 15:39:40.695492 n kernel: usb 3-3: device not accepting address 2, error -62
Aug 16 15:39:40.695830 n kernel: usb 3-3: USB disconnect, device number 2
Aug 16 15:39:40.696058 n kernel: 000000009a78155a name hci0 bus 1
Aug 16 15:39:40.696101 n kernel: hci0 000000009a78155a
Aug 16 15:39:40.696126 n kernel: hci0: 
Aug 16 15:39:40.701222 n kernel: hci0: err 0x13
Aug 16 15:39:40.701236 n kernel: hci0: cancelling interleave scan
Aug 16 15:39:40.814219 n kernel: usb 3-3: new full-speed USB device number 4 using xhci_hcd
Aug 16 15:39:56.472269 n kernel: usb 3-3: device descriptor read/64, error -110
Aug 16 15:40:12.344250 n kernel: usb 3-3: device descriptor read/64, error -110
Aug 16 15:40:12.560220 n kernel: usb 3-3: new full-speed USB device number 5 using xhci_hcd
Aug 16 15:40:28.216245 n kernel: usb 3-3: device descriptor read/64, error -110
Aug 16 15:40:44.089203 n kernel: usb 3-3: device descriptor read/64, error -110
Aug 16 15:40:44.571625 n kernel: usb 3-3: new full-speed USB device number 6 using xhci_hcd
Aug 16 15:40:49.608239 n kernel: xhci_hcd 0000:03:00.4: Timeout while waiting for setup device command
Aug 16 15:40:55.240255 n kernel: xhci_hcd 0000:03:00.4: Timeout while waiting for setup device command
Aug 16 15:40:55.448248 n kernel: usb 3-3: device not accepting address 6, error -62
Aug 16 15:40:55.448398 n kernel: usb 3-3: WARN: invalid context state for evaluate context command.
Aug 16 15:40:55.560250 n kernel: usb 3-3: new full-speed USB device number 7 using xhci_hcd
Aug 16 15:41:00.872232 n kernel: xhci_hcd 0000:03:00.4: Timeout while waiting for setup device command
Aug 16 15:41:06.504255 n kernel: xhci_hcd 0000:03:00.4: Timeout while waiting for setup device command
Aug 16 15:41:06.712250 n kernel: usb 3-3: device not accepting address 7, error -62
Aug 16 15:41:06.712525 n kernel: usb 3-3: WARN: invalid context state for evaluate context command.
