Aug 13 03:00:25.860266 n systemd[1]: Started bt-trace.service - Bluetooth HCI trace capture (rotating btsnoop).
Aug 13 03:00:25.876812 n bt-trace[2817]: bt-trace started (dir=/var/log/bt-health/trace rotate=128MB keep=400 max~50GB free-floor=15GB)
Aug 13 03:00:25.878680 n bt-trace[2817]: filesystem has 86GB free
Aug 13 03:00:25.882297 n bt-trace[2817]: capturing to bt-20260813-030025.btsnoop
Aug 13 03:32:00.044219 n bt-trace[2817]: rotating at 128MB
Aug 13 03:32:00.053197 n bt-trace[2817]: capturing to bt-20260813-033200.btsnoop
Aug 13 04:01:03.374274 n bt-trace[2817]: rotating at 129MB
Aug 13 04:01:03.378613 n bt-trace[2817]: capturing to bt-20260813-040103.btsnoop
Aug 13 04:30:06.735073 n bt-trace[2817]: rotating at 129MB
Aug 13 04:30:06.743929 n bt-trace[2817]: capturing to bt-20260813-043006.btsnoop
Aug 13 04:59:10.062596 n bt-trace[2817]: rotating at 129MB
Aug 13 04:59:10.068599 n bt-trace[2817]: capturing to bt-20260813-045910.btsnoop
Aug 13 05:16:26.089819 n bt-trace[2817]: /usr/local/sbin/bt-trace: line 158: 22489 Aborted                 (core dumped) btmon -w "$CURRENT" > /dev/null 2>&1
Aug 13 05:16:26.090626 n bt-trace[2817]: btmon exited (#1) — restarting within 1s; ~1s of capture lost
Aug 13 05:16:26.098249 n bt-trace[2817]: capturing to bt-20260813-051626.btsnoop
Aug 13 05:16:42.134988 n bt-trace[2817]: /usr/local/sbin/bt-trace: line 158: 25197 Aborted                 (core dumped) btmon -w "$CURRENT" > /dev/null 2>&1
Aug 13 05:16:42.135523 n bt-trace[2817]: btmon exited (#2) — restarting within 1s; ~1s of capture lost
Aug 13 05:16:42.139774 n bt-trace[2817]: capturing to bt-20260813-051642.btsnoop
Aug 13 05:19:39.446452 n bt-trace[2817]: /usr/local/sbin/bt-trace: line 158: 25343 Aborted                 (core dumped) btmon -w "$CURRENT" > /dev/null 2>&1
Aug 13 05:19:39.447129 n bt-trace[2817]: btmon exited (#3) — restarting within 1s; ~1s of capture lost
Aug 13 05:19:39.451284 n bt-trace[2817]: capturing to bt-20260813-051939.btsnoop
