Aug 22 01:31:10.402615 n kernel: hci0: dst AA:BB:CC:00:00:01
Aug 22 01:31:10.402634 n kernel: hci0: dst AA:BB:CC:00:00:01 handle 0x0f00
Aug 22 01:31:10.402651 n kernel: hci0: parent 000000003076311f hcon 0000000021eee082
Aug 22 01:31:10.402685 n kernel: hci0: hcon 0000000021eee082
Aug 22 01:31:10.402706 n kernel: hci0 opcode 0x0428 plen 17
Aug 22 01:31:10.402718 n kernel: hci0: skb len 20
Aug 22 01:31:10.402733 n kernel: hci0 cmd_cnt 1 cmd queued 1
Aug 22 01:31:10.402755 n kernel: hci0: skb 000000002c853810
Aug 22 01:31:10.475497 n kernel: hci0: hcon 0000000021eee082 handle 0x0004
Aug 22 01:31:10.475608 n kernel: hci0 evt 5
Aug 22 01:31:10.480491 n kernel: hci0
Aug 22 01:31:10.480578 n kernel: hci0
Aug 22 01:31:10.511548 n kernel: hci0 cmd_cnt 1 cmd queued 1
Aug 22 01:31:10.511563 n kernel: hci0: skb 000000008cce3a12
Aug 22 01:31:12.551489 n kernel: Bluetooth: hci0: command tx timeout
Aug 22 01:31:12.551547 n kernel: hci0 cmd_cnt 1 cmd queued 0
Aug 22 01:32:20.541527 n kernel: hci0: handle 0x04 reason 0x13
Aug 22 01:32:20.541539 n kernel: hci0: 
Aug 22 01:32:20.541571 n kernel: hci0: entry 00000000f9d7e9fb
Aug 22 01:32:20.541582 n kernel: hci0: Opcode 0x0406
Aug 22 01:32:20.541593 n kernel: hci0: opcode 0x0406 plen 3
Aug 22 01:32:20.541603 n kernel: hci0: skb len 6
Aug 22 01:32:20.541621 n kernel: hci0: length 1
Aug 22 01:32:20.541679 n kernel: hci0 cmd_cnt 1 cmd queued 1
Aug 22 01:32:20.541693 n kernel: hci0: skb 000000004bc2001e
Aug 22 01:32:22.567508 n kernel: Bluetooth: hci0: command 0x0406 tx timeout
Aug 22 01:32:22.567723 n kernel: hci0: end: err -110
Aug 22 01:32:22.567744 n kernel: hci0: status 0x13
Aug 22 01:32:22.567758 n kernel: hci0: err 0x6e
Aug 22 01:32:22.567772 n kernel: hci0 hcon 0000000021eee082 handle 4
Aug 22 01:32:22.567784 n kernel: hci0 cmd_cnt 1 cmd queued 0
Aug 22 01:32:22.567808 n kernel: hci0: hcon 0000000021eee082
Aug 22 01:32:22.583598 n kernel: hci0 evt 6
Aug 22 01:32:22.623630 n kernel: hci0 cmd_cnt 1 cmd queued 1
Aug 22 01:32:22.623651 n kernel: hci0: skb 0000000076b9c713
Aug 22 01:32:24.679521 n kernel: Bluetooth: hci0: command 0x0406 tx timeout
Aug 22 01:32:24.679692 n kernel: hci0: err 0x6e
Aug 22 01:32:24.679719 n kernel: hci0 cmd_cnt 1 cmd queued 0
Aug 22 01:32:27.880489 n kernel: Bluetooth: hci0: setting interface failed (110)
Aug 22 01:32:29.265556 n kernel: hci0: dst AA:BB:CC:00:00:01
Aug 22 01:32:29.265580 n kernel: hci0: dst AA:BB:CC:00:00:01 handle 0x0f00
Aug 22 01:32:29.265609 n kernel: hci0: parent 000000003076311f hcon 00000000b6a301b9
Aug 22 01:32:29.265651 n kernel: hci0: hcon 00000000b6a301b9
Aug 22 01:32:29.265677 n kernel: hci0 opcode 0x0428 plen 17
Aug 22 01:32:29.265692 n kernel: hci0: skb len 20
Aug 22 01:32:29.265721 n kernel: hci0 cmd_cnt 1 cmd queued 1
Aug 22 01:32:29.265745 n kernel: hci0: skb 00000000a4552e2b
Aug 22 01:32:31.271495 n kernel: Bluetooth: hci0: command 0x0406 tx timeout
Aug 22 01:32:31.271594 n kernel: hci0: err 0x6e
Aug 22 01:32:31.271620 n kernel: hci0 cmd_cnt 1 cmd queued 0
Aug 22 01:33:11.399761 n kernel: hci0: handle 0xf00 reason 0x13
Aug 22 01:33:11.399777 n kernel: hci0: 
Aug 22 01:33:11.399796 n kernel: hci0: entry 000000009880531b
Aug 22 01:33:11.399816 n kernel: hci0: Opcode 0x0408
Aug 22 01:33:11.399830 n kernel: hci0: opcode 0x0408 plen 6
Aug 22 01:33:11.399852 n kernel: hci0: skb len 9
Aug 22 01:33:11.399874 n kernel: hci0: length 1
Aug 22 01:33:11.399891 n kernel: hci0 cmd_cnt 1 cmd queued 1
Aug 22 01:33:11.399900 n kernel: hci0: skb 0000000027c50cb9
Aug 22 01:33:13.447514 n kernel: hci0: end: err -110
Aug 22 01:33:13.447639 n kernel: Bluetooth: hci0: command 0x0406 tx timeout
Aug 22 01:33:13.447692 n kernel: hci0: status 0x13
Aug 22 01:33:13.447732 n kernel: hci0: err 0x6e
Aug 22 01:33:13.447759 n kernel: hci0 hcon 00000000b6a301b9 handle 3840
Aug 22 01:33:13.447811 n kernel: hci0 cmd_cnt 1 cmd queued 0
Aug 22 01:33:13.447841 n kernel: hci0: hcon 00000000b6a301b9
Aug 22 01:33:13.459535 n kernel: hci0 evt 6
Aug 22 01:34:59.254720 n kernel: hci0: dst AA:BB:CC:00:00:01
Aug 22 01:34:59.254747 n kernel: hci0: dst AA:BB:CC:00:00:01 handle 0x0f00
Aug 22 01:34:59.254768 n kernel: hci0: parent 000000003076311f hcon 000000007e38b3a7
Aug 22 01:34:59.254825 n kernel: hci0: hcon 000000007e38b3a7
Aug 22 01:34:59.254848 n kernel: hci0 opcode 0x0428 plen 17
Aug 22 01:34:59.254863 n kernel: hci0: skb len 20
Aug 22 01:34:59.254880 n kernel: hci0 cmd_cnt 1 cmd queued 1
Aug 22 01:34:59.254902 n kernel: hci0: skb 00000000575e733c
Aug 22 01:35:01.288502 n kernel: Bluetooth: hci0: command 0x0406 tx timeout
Aug 22 01:35:01.288652 n kernel: hci0: err 0x6e
Aug 22 01:35:01.288686 n kernel: hci0 cmd_cnt 1 cmd queued 0
Aug 22 01:35:42.951668 n kernel: hci0: handle 0xf00 reason 0x13
Aug 22 01:35:42.951710 n kernel: hci0: 
Aug 22 01:35:42.951768 n kernel: hci0: entry 00000000f9d7e9fb
Aug 22 01:35:42.951797 n kernel: hci0: Opcode 0x0408
Aug 22 01:35:42.951814 n kernel: hci0: opcode 0x0408 plen 6
Aug 22 01:35:42.951836 n kernel: hci0: skb len 9
Aug 22 01:35:42.951869 n kernel: hci0: length 1
Aug 22 01:35:42.951913 n kernel: hci0 cmd_cnt 1 cmd queued 1
Aug 22 01:35:42.951935 n kernel: hci0: skb 00000000e2aff40c
Aug 22 01:35:44.999542 n kernel: hci0: end: err -110
Aug 22 01:35:44.999720 n kernel: Bluetooth: hci0: command 0x0406 tx timeout
Aug 22 01:35:44.999769 n kernel: hci0: status 0x13
Aug 22 01:35:44.999814 n kernel: hci0 hcon 000000007e38b3a7 handle 3840
Aug 22 01:35:44.999837 n kernel: hci0: err 0x6e
Aug 22 01:35:44.999863 n kernel: hci0: hcon 000000007e38b3a7
Aug 22 01:35:44.999888 n kernel: hci0 cmd_cnt 1 cmd queued 0
Aug 22 01:35:45.015623 n kernel: hci0 evt 6
Aug 22 01:36:13.161550 n kernel: hci0: 
Aug 22 01:36:13.161584 n kernel: hci0: entry 00000000f427ea3c
Aug 22 01:36:13.161613 n kernel: hci0: ADV monitoring is off
Aug 22 01:36:13.161636 n kernel: hci0: stopping background scanning
Aug 22 01:36:13.161665 n kernel: hci0: 
Aug 22 01:36:13.161677 n kernel: hci0: entry 00000000cf042e30
Aug 22 01:36:13.161699 n kernel: hci0: Opcode 0x0c3a
Aug 22 01:36:13.161721 n kernel: hci0: opcode 0x0c3a plen 4
Aug 22 01:36:13.161734 n kernel: hci0: skb len 7
Aug 22 01:36:13.161746 n kernel: hci0: length 1
Aug 22 01:36:13.161769 n kernel: hci0 cmd_cnt 1 cmd queued 1
Aug 22 01:36:13.161781 n kernel: hci0: skb 0000000010f65bfa
Aug 22 01:36:15.207496 n kernel: Bluetooth: hci0: command 0x0406 tx timeout
Aug 22 01:36:15.207533 n kernel: hci0: end: err -110
Aug 22 01:36:15.207543 n kernel: hci0: err 0x6e
Aug 22 01:36:15.207558 n kernel: Bluetooth: hci0: Opcode 0x0c3a failed: -110
Aug 22 01:36:15.207585 n kernel: hci0 cmd_cnt 1 cmd queued 0
Aug 22 01:36:15.207634 n kernel: hci0: state 0 -> 1
Aug 22 01:36:15.207646 n kernel: hci0: 
Aug 22 01:36:15.207654 n kernel: hci0: entry 000000006e8d6325
Aug 22 01:36:15.207668 n kernel: hci0: type 7
Aug 22 01:36:15.207683 n kernel: hci0: 
Aug 22 01:36:15.207698 n kernel: hci0: cancelling interleave scan
Aug 22 01:36:15.207710 n kernel: hci0: Opcode 0x2005
Aug 22 01:36:15.207725 n kernel: hci0: opcode 0x2005 plen 6
Aug 22 01:36:15.207736 n kernel: hci0: skb len 9
Aug 22 01:36:15.207756 n kernel: hci0: length 1
Aug 22 01:36:15.207768 n kernel: hci0 cmd_cnt 1 cmd queued 1
Aug 22 01:36:15.207780 n kernel: hci0: skb 0000000055313f13
Aug 22 01:36:17.255493 n kernel: Bluetooth: hci0: command 0x0406 tx timeout
Aug 22 01:36:17.255595 n kernel: hci0: end: err -110
Aug 22 01:36:17.255620 n kernel: hci0: err 0x6e
Aug 22 01:36:17.255636 n kernel: hci0 cmd_cnt 1 cmd queued 0
Aug 22 01:36:17.255651 n kernel: Bluetooth: hci0: Opcode 0x2005 failed: -110
Aug 22 01:36:17.255670 n kernel: hci0: Opcode 0x200b
Aug 22 01:36:17.255697 n kernel: hci0: opcode 0x200b plen 7
Aug 22 01:36:17.255711 n kernel: hci0: skb len 10
Aug 22 01:36:17.255725 n kernel: hci0: length 1
Aug 22 01:36:17.255747 n kernel: hci0 cmd_cnt 1 cmd queued 1
Aug 22 01:36:17.255761 n kernel: hci0: skb 0000000061c8acb7
Aug 22 01:36:19.303489 n kernel: hci0: end: err -110
Aug 22 01:36:19.303543 n kernel: Bluetooth: hci0: command 0x0406 tx timeout
Aug 22 01:36:19.303566 n kernel: Bluetooth: hci0: Opcode 0x200b failed: -110
Aug 22 01:36:19.303590 n kernel: hci0: err 0x6e
Aug 22 01:36:19.303606 n kernel: hci0 cmd_cnt 1 cmd queued 0
Aug 22 01:36:19.303620 n kernel: hci0: state 1 -> 0
Aug 22 01:36:19.303637 n kernel: hci0: entry 00000000e1f892b2
Aug 22 01:36:19.303660 n kernel: hci0: ADV monitoring is off
Aug 22 01:36:19.303672 n kernel: hci0: stopping background scanning
Aug 22 01:36:19.303686 n kernel: hci0: 
Aug 22 08:45:44.777514 n kernel: hci0: 
Aug 22 08:45:44.777534 n kernel: hci0: entry 0000000027096c27
Aug 22 08:45:44.777557 n kernel: hci0: ADV monitoring is off
Aug 22 08:45:44.777583 n kernel: hci0: stopping background scanning
Aug 22 09:10:26.970269 n kernel: hci0: dst AA:BB:CC:00:00:01
Aug 22 09:10:26.970306 n kernel: hci0: dst AA:BB:CC:00:00:01 handle 0x0f00
Aug 22 09:10:26.970338 n kernel: hci0: parent 000000003076311f hcon 0000000051d57961
Aug 22 09:10:26.970403 n kernel: hci0: hcon 0000000051d57961
Aug 22 09:10:26.970442 n kernel: hci0 opcode 0x0428 plen 17
Aug 22 09:10:26.970482 n kernel: hci0: skb len 20
Aug 22 09:10:26.970521 n kernel: hci0 cmd_cnt 1 cmd queued 1
Aug 22 09:10:26.970566 n kernel: hci0: skb 000000004beb18c7
Aug 22 09:10:29.031503 n kernel: Bluetooth: hci0: command 0x0406 tx timeout
Aug 22 09:10:29.031659 n kernel: hci0: err 0x6e
Aug 22 09:10:29.031714 n kernel: hci0 cmd_cnt 1 cmd queued 0
Aug 22 09:11:07.372713 n kernel: hci0: handle 0xf00 reason 0x13
Aug 22 09:11:07.372740 n kernel: hci0: 
Aug 22 09:11:07.372769 n kernel: hci0: entry 00000000c9082c6c
Aug 22 09:11:07.372791 n kernel: hci0: Opcode 0x0408
Aug 22 09:11:07.372808 n kernel: hci0: opcode 0x0408 plen 6
Aug 22 09:11:07.372833 n kernel: hci0: skb len 9
Aug 22 09:11:07.372860 n kernel: hci0: length 1
Aug 22 09:11:07.372882 n kernel: hci0 cmd_cnt 1 cmd queued 1
Aug 22 09:11:07.372905 n kernel: hci0: skb 000000007eb09a7b
Aug 22 09:11:09.415509 n kernel: Bluetooth: hci0: command 0x0406 tx timeout
Aug 22 09:11:09.415617 n kernel: hci0: err 0x6e
Aug 22 09:11:09.415641 n kernel: hci0: end: err -110
Aug 22 09:11:09.415667 n kernel: hci0 cmd_cnt 1 cmd queued 0
Aug 22 09:11:09.415691 n kernel: hci0: status 0x13
Aug 22 09:11:09.415707 n kernel: hci0 hcon 0000000051d57961 handle 3840
Aug 22 09:11:09.415730 n kernel: hci0: hcon 0000000051d57961
Aug 22 09:11:09.441702 n kernel: hci0 evt 6
Aug 22 09:14:05.469756 n kernel: hci0: dst AA:BB:CC:00:00:01
Aug 22 09:14:05.469794 n kernel: hci0: dst AA:BB:CC:00:00:01 handle 0x0f00
Aug 22 09:14:05.469824 n kernel: hci0: parent 000000003076311f hcon 0000000015c5dc5e
Aug 22 09:14:05.469870 n kernel: hci0: hcon 0000000015c5dc5e
Aug 22 09:14:05.469901 n kernel: hci0 opcode 0x0428 plen 17
Aug 22 09:14:05.469914 n kernel: hci0: skb len 20
Aug 22 09:14:05.469930 n kernel: hci0 cmd_cnt 1 cmd queued 1
Aug 22 09:14:05.469958 n kernel: hci0: skb 000000003f11f918
Aug 22 09:14:07.527501 n kernel: Bluetooth: hci0: command 0x0406 tx timeout
Aug 22 09:14:07.527609 n kernel: hci0: err 0x6e
Aug 22 09:14:07.527627 n kernel: hci0 cmd_cnt 1 cmd queued 0
Aug 22 09:14:42.686646 n kernel: hci0: handle 0xf00 reason 0x13
Aug 22 09:14:42.686673 n kernel: hci0: 
Aug 22 09:14:42.686695 n kernel: hci0: entry 00000000b0f133bc
Aug 22 09:14:42.686716 n kernel: hci0: Opcode 0x0408
Aug 22 09:14:42.686731 n kernel: hci0: opcode 0x0408 plen 6
Aug 22 09:14:42.686746 n kernel: hci0: skb len 9
Aug 22 09:14:42.686769 n kernel: hci0: length 1
Aug 22 09:14:42.686791 n kernel: hci0 cmd_cnt 1 cmd queued 1
Aug 22 09:14:42.686803 n kernel: hci0: skb 000000001ea8bc4b
Aug 22 09:14:44.711498 n kernel: hci0: end: err -110
Aug 22 09:14:44.711640 n kernel: hci0: status 0x13
Aug 22 09:14:44.711668 n kernel: Bluetooth: hci0: command 0x0406 tx timeout
Aug 22 09:14:44.711715 n kernel: hci0 hcon 0000000015c5dc5e handle 3840
Aug 22 09:14:44.711763 n kernel: hci0: hcon 0000000015c5dc5e
Aug 22 09:14:44.711787 n kernel: hci0: err 0x6e
Aug 22 09:14:44.711807 n kernel: hci0 cmd_cnt 1 cmd queued 0
Aug 22 09:14:44.725549 n kernel: hci0 evt 6
Aug 22 09:15:02.523658 n kernel: hci0: dst AA:BB:CC:00:00:01
Aug 22 09:15:02.523689 n kernel: hci0: dst AA:BB:CC:00:00:01 handle 0x0f00
Aug 22 09:15:02.523709 n kernel: hci0: parent 000000003076311f hcon 00000000f00c5318
Aug 22 09:15:02.523772 n kernel: hci0: hcon 00000000f00c5318
Aug 22 09:15:02.523794 n kernel: hci0 opcode 0x0428 plen 17
Aug 22 09:15:02.523806 n kernel: hci0: skb len 20
Aug 22 09:15:02.523825 n kernel: hci0 cmd_cnt 1 cmd queued 1
Aug 22 09:15:02.523848 n kernel: hci0: skb 000000007cfac7af
Aug 22 09:15:04.551516 n kernel: Bluetooth: hci0: command 0x0406 tx timeout
Aug 22 09:15:04.551625 n kernel: hci0: err 0x6e
Aug 22 09:15:04.551653 n kernel: hci0 cmd_cnt 1 cmd queued 0
Aug 22 09:15:33.025682 n kernel: hci0: handle 0xf00 reason 0x13
Aug 22 09:15:33.025713 n kernel: hci0: 
Aug 22 09:15:33.025741 n kernel: hci0: entry 0000000069632cbf
Aug 22 09:15:33.025762 n kernel: hci0: Opcode 0x0408
Aug 22 09:15:33.025776 n kernel: hci0: opcode 0x0408 plen 6
Aug 22 09:15:33.025790 n kernel: hci0: skb len 9
Aug 22 09:15:33.025811 n kernel: hci0: length 1
Aug 22 09:15:33.025834 n kernel: hci0 cmd_cnt 1 cmd queued 1
Aug 22 09:15:33.025845 n kernel: hci0: skb 0000000019b9aa1c
Aug 22 09:15:35.079506 n kernel: hci0: end: err -110
Aug 22 09:15:35.079622 n kernel: Bluetooth: hci0: command 0x0406 tx timeout
Aug 22 09:15:35.079652 n kernel: hci0: err 0x6e
Aug 22 09:15:35.079670 n kernel: hci0: status 0x13
Aug 22 09:15:35.079685 n kernel: hci0 cmd_cnt 1 cmd queued 0
Aug 22 09:15:35.079713 n kernel: hci0 hcon 00000000f00c5318 handle 3840
Aug 22 09:15:35.079765 n kernel: hci0: hcon 00000000f00c5318
Aug 22 09:15:35.087561 n kernel: hci0 evt 6
Aug 22 09:54:22.417737 n kernel: hci0: dst AA:BB:CC:00:00:01
Aug 22 09:54:22.417765 n kernel: hci0: dst AA:BB:CC:00:00:01 handle 0x0f00
Aug 22 09:54:22.417783 n kernel: hci0: parent 000000003076311f hcon 00000000f00c5318
Aug 22 09:54:22.417816 n kernel: hci0: hcon 00000000f00c5318
Aug 22 09:54:22.417833 n kernel: hci0 opcode 0x0428 plen 17
Aug 22 09:54:22.417847 n kernel: hci0: skb len 20
Aug 22 09:54:22.417856 n kernel: hci0 cmd_cnt 1 cmd queued 1
Aug 22 09:54:22.417878 n kernel: hci0: skb 000000001b6813bb
Aug 22 09:54:24.423524 n kernel: Bluetooth: hci0: command 0x0406 tx timeout
Aug 22 09:54:24.423675 n kernel: hci0: err 0x6e
Aug 22 09:54:24.423705 n kernel: hci0 cmd_cnt 1 cmd queued 0
Aug 22 09:54:37.123561 n kernel: hci0: handle 0xf00 reason 0x13
Aug 22 09:54:37.123582 n kernel: hci0: 
Aug 22 09:54:37.123607 n kernel: hci0: entry 000000001231ef70
Aug 22 09:54:37.123625 n kernel: hci0: Opcode 0x0408
Aug 22 09:54:37.123635 n kernel: hci0: opcode 0x0408 plen 6
Aug 22 09:54:37.123647 n kernel: hci0: skb len 9
Aug 22 09:54:37.123715 n kernel: hci0: length 1
Aug 22 09:54:37.123725 n kernel: hci0 cmd_cnt 1 cmd queued 1
Aug 22 09:54:37.123738 n kernel: hci0: skb 00000000f61ee024
Aug 22 09:54:39.143507 n kernel: Bluetooth: hci0: command 0x0406 tx timeout
Aug 22 09:54:39.143665 n kernel: hci0: end: err -110
Aug 22 09:54:39.143693 n kernel: hci0: err 0x6e
Aug 22 09:54:39.143708 n kernel: hci0: status 0x13
Aug 22 09:54:39.143722 n kernel: hci0 cmd_cnt 1 cmd queued 0
Aug 22 09:54:39.143731 n kernel: hci0 hcon 00000000f00c5318 handle 3840
Aug 22 09:54:39.143742 n kernel: hci0: hcon 00000000f00c5318
Aug 22 09:54:39.160533 n kernel: hci0 evt 6
Aug 22 09:55:34.353677 n kernel: hci0: dst AA:BB:CC:00:00:01
Aug 22 09:55:34.353702 n kernel: hci0: dst AA:BB:CC:00:00:01 handle 0x0f00
Aug 22 09:55:34.353718 n kernel: hci0: parent 000000003076311f hcon 0000000003c87c77
Aug 22 09:55:34.353755 n kernel: hci0: hcon 0000000003c87c77
Aug 22 09:55:34.353779 n kernel: hci0 opcode 0x0428 plen 17
Aug 22 09:55:34.353790 n kernel: hci0: skb len 20
Aug 22 09:55:34.353800 n kernel: hci0 cmd_cnt 1 cmd queued 1
Aug 22 09:55:34.353821 n kernel: hci0: skb 0000000048361d12
Aug 22 09:55:36.359501 n kernel: Bluetooth: hci0: command 0x0406 tx timeout
Aug 22 09:55:36.359612 n kernel: hci0: err 0x6e
Aug 22 09:55:36.359637 n kernel: hci0 cmd_cnt 1 cmd queued 0
Aug 22 09:55:49.362599 n kernel: hci0: handle 0xf00 reason 0x13
Aug 22 09:55:49.362627 n kernel: hci0: 
Aug 22 09:55:49.362654 n kernel: hci0: entry 00000000de75bfeb
Aug 22 09:55:49.362672 n kernel: hci0: Opcode 0x0408
Aug 22 09:55:49.362686 n kernel: hci0: opcode 0x0408 plen 6
Aug 22 09:55:49.362703 n kernel: hci0: skb len 9
Aug 22 09:55:49.362728 n kernel: hci0: length 1
Aug 22 09:55:49.362742 n kernel: hci0 cmd_cnt 1 cmd queued 1
Aug 22 09:55:49.362765 n kernel: hci0: skb 000000003ec78661
Aug 22 09:55:51.399501 n kernel: Bluetooth: hci0: command 0x0406 tx timeout
Aug 22 09:55:51.399634 n kernel: hci0: end: err -110
Aug 22 09:55:51.399668 n kernel: hci0: err 0x6e
Aug 22 09:55:51.399689 n kernel: hci0: status 0x13
Aug 22 09:55:51.399718 n kernel: hci0 hcon 0000000003c87c77 handle 3840
Aug 22 09:55:51.399756 n kernel: hci0 cmd_cnt 1 cmd queued 0
Aug 22 09:55:51.399777 n kernel: hci0: hcon 0000000003c87c77
Aug 22 09:55:51.411575 n kernel: hci0 evt 6
Aug 22 09:56:53.371814 n kernel: hci0: dst AA:BB:CC:00:00:01
Aug 22 09:56:53.371843 n kernel: hci0: dst AA:BB:CC:00:00:01 handle 0x0f00
Aug 22 09:56:53.371862 n kernel: hci0: parent 000000003076311f hcon 00000000b6a301b9
Aug 22 09:56:53.371907 n kernel: hci0: hcon 00000000b6a301b9
Aug 22 09:56:53.371924 n kernel: hci0 opcode 0x0428 plen 17
Aug 22 09:56:53.371935 n kernel: hci0: skb len 20
Aug 22 09:56:53.371951 n kernel: hci0 cmd_cnt 1 cmd queued 1
Aug 22 09:56:53.371976 n kernel: hci0: skb 00000000affcb141
Aug 22 09:56:55.399509 n kernel: Bluetooth: hci0: command 0x0406 tx timeout
Aug 22 09:56:55.399667 n kernel: hci0: err 0x6e
Aug 22 09:56:55.399689 n kernel: hci0 cmd_cnt 1 cmd queued 0
Aug 22 09:57:02.184607 n kernel: hci0: handle 0xf00 reason 0x13
Aug 22 09:57:02.184638 n kernel: hci0: 
Aug 22 09:57:02.184670 n kernel: hci0: entry 00000000e7e76e20
Aug 22 09:57:02.184700 n kernel: hci0: Opcode 0x0408
Aug 22 09:57:02.184717 n kernel: hci0: opcode 0x0408 plen 6
Aug 22 09:57:02.184734 n kernel: hci0: skb len 9
Aug 22 09:57:02.184756 n kernel: hci0: length 1
Aug 22 09:57:02.184773 n kernel: hci0 cmd_cnt 1 cmd queued 1
Aug 22 09:57:02.184789 n kernel: hci0: skb 000000005d696fbb
Aug 22 09:57:04.231501 n kernel: Bluetooth: hci0: command 0x0406 tx timeout
Aug 22 09:57:04.231634 n kernel: hci0: err 0x6e
Aug 22 09:57:04.231646 n kernel: hci0 cmd_cnt 1 cmd queued 0
Aug 22 09:57:04.231674 n kernel: hci0: end: err -110
Aug 22 09:57:04.231694 n kernel: hci0: status 0x13
Aug 22 09:57:04.231723 n kernel: hci0 hcon 00000000b6a301b9 handle 3840
Aug 22 09:57:04.231739 n kernel: hci0: hcon 00000000b6a301b9
Aug 22 09:57:04.252601 n kernel: hci0 evt 6
