Aug 11 19:39:40.781560 n kernel: Bluetooth: hci0: unexpected event for opcode 0x2005
Aug 11 19:39:47.943581 n kernel: bluetoothd[1158]: segfault at fffffffffffffff9 ip 00007b440feade55 sp 00007ffdb4928180 error 5 in libc.so.6[ade55,7b440fe28000+188000] likely on CPU 0 (core 0, socket 0)
Aug 11 19:39:51.063561 n kernel: Bluetooth: hci0: unexpected event for opcode 0x2005
Aug 11 19:39:55.434169 n kernel: Bluetooth: hci0: command tx timeout
Aug 11 19:40:25.768576 n kernel: Bluetooth: hci0: command 0x0406 tx timeout
Aug 11 19:40:27.816602 n kernel: Bluetooth: hci0: command 0x0406 tx timeout
Aug 11 19:40:30.248701 n kernel: Bluetooth: hci0: Opcode 0x0c1a failed: -110
Aug 11 19:40:30.248790 n kernel: Bluetooth: hci0: command 0x0406 tx timeout
Aug 11 19:40:30.826613 n kernel: Bluetooth: hci0: setting interface failed (110)
Aug 11 19:40:35.752814 n kernel: Bluetooth: hci0: command 0x0406 tx timeout
Aug 11 19:40:41.000647 n kernel: Bluetooth: hci0: command 0x0406 tx timeout
Aug 11 19:40:46.299565 n kernel: usb 3-3: reset full-speed USB device number 2 using xhci_hcd
Aug 11 19:41:01.656604 n kernel: usb 3-3: device descriptor read/64, error -110
Aug 11 19:41:17.528757 n kernel: usb 3-3: device descriptor read/64, error -110
Aug 11 19:41:17.744611 n kernel: usb 3-3: reset full-speed USB device number 2 using xhci_hcd
Aug 11 19:41:33.401620 n kernel: usb 3-3: device descriptor read/64, error -110
Aug 11 19:41:49.272614 n kernel: usb 3-3: device descriptor read/64, error -110
Aug 11 19:41:49.488612 n kernel: usb 3-3: reset full-speed USB device number 2 using xhci_hcd
Aug 11 19:41:54.792611 n kernel: xhci_hcd 0000:03:00.4: Timeout while waiting for setup device command
Aug 11 19:42:00.424614 n kernel: xhci_hcd 0000:03:00.4: Timeout while waiting for setup device command
Aug 11 19:42:00.632616 n kernel: usb 3-3: device not accepting address 2, error -62
Aug 11 19:42:00.744576 n kernel: usb 3-3: reset full-speed USB device number 2 using xhci_hcd
Aug 11 19:42:06.056577 n kernel: xhci_hcd 0000:03:00.4: Timeout while waiting for setup device command
Aug 11 19:42:11.688577 n kernel: xhci_hcd 0000:03:00.4: Timeout while waiting for setup device command
Aug 11 19:42:11.897553 n kernel: usb 3-3: device not accepting address 2, error -62
Aug 11 19:42:11.897915 n kernel: usb 3-3: USB disconnect, device number 2
Aug 11 19:42:12.010573 n kernel: usb 3-3: new full-speed USB device number 4 using xhci_hcd
Aug 11 19:42:27.672619 n kernel: usb 3-3: device descriptor read/64, error -110
Aug 11 19:42:43.544612 n kernel: usb 3-3: device descriptor read/64, error -110
Aug 11 19:42:43.760618 n kernel: usb 3-3: new full-speed USB device number 5 using xhci_hcd
