Aug 11 19:39:48.317620 n bt-hang-watchdog[1255]: early signal: profiles/audio/avdtp.c:cancel_request() Abort: Connection timed out (110)
Aug 11 19:39:48.317870 n bt-hang-watchdog[1255]:   early window: 1/2 in last 90s
Aug 11 19:39:55.694411 n bt-hang-watchdog[1255]: signal: Bluetooth: hci0: command tx timeout
Aug 11 19:39:55.694411 n bt-hang-watchdog[1255]:   window: 1/3 hit(s) in last 60s
Aug 11 19:40:26.194700 n bt-hang-watchdog[1255]: signal: Bluetooth: hci0: command 0x0406 tx timeout
Aug 11 19:40:26.195034 n bt-hang-watchdog[1255]:   window: 2/3 hit(s) in last 60s
Aug 11 19:40:28.194134 n bt-hang-watchdog[1255]: signal: Bluetooth: hci0: command 0x0406 tx timeout
Aug 11 19:40:28.194134 n bt-hang-watchdog[1255]:   window: 3/3 hit(s) in last 60s
Aug 11 19:40:28.194471 n bt-hang-watchdog[1255]: Detected 3 controller timeouts within 60s — intervening.
Aug 11 19:40:28.195953 n bt-hang-watchdog[1255]: Recovering Bluetooth controller at 3-3 ...
Aug 11 19:42:11.973944 n bt-hang-watchdog[1255]:   USBDEVFS_RESET failed
Aug 11 19:42:17.977375 n bt-hang-watchdog[1255]:   escalating to USB unbind/bind
Aug 11 19:42:29.990522 n bt-hang-watchdog[1255]:   RECOVERY FAILED — controller still unresponsive
Aug 11 19:42:29.990522 n bt-hang-watchdog[1255]: consecutive failed recoveries: 1/3
Aug 11 19:42:29.992233 n bt-hang-watchdog[1255]: signal: Bluetooth: hci0: Opcode 0x0c1a failed: -110
Aug 11 19:42:29.992233 n bt-hang-watchdog[1255]:   window: 1/3 hit(s) in last 60s
Aug 11 19:42:29.993465 n bt-hang-watchdog[1255]: signal: Bluetooth: hci0: command 0x0406 tx timeout
Aug 11 19:42:29.993465 n bt-hang-watchdog[1255]:   window: 2/3 hit(s) in last 60s
Aug 11 19:42:29.994801 n bt-hang-watchdog[1255]: signal: Bluetooth: hci0: setting interface failed (110)
Aug 11 19:42:29.994801 n bt-hang-watchdog[1255]:   window: 3/3 hit(s) in last 60s
Aug 11 19:42:29.994871 n bt-hang-watchdog[1255]: threshold reached (3/3) but suppressed by cooldown (59s remaining)
Aug 11 19:42:29.996130 n bt-hang-watchdog[1255]: early signal: profiles/audio/avdtp.c:cancel_request() Abort: Connection timed out (110)
Aug 11 19:42:29.996130 n bt-hang-watchdog[1255]:   early window: 1/2 in last 90s
Aug 11 19:42:29.997171 n bt-hang-watchdog[1255]: signal: Bluetooth: hci0: command 0x0406 tx timeout
Aug 11 19:42:29.997207 n bt-hang-watchdog[1255]:   window: 4/3 hit(s) in last 60s
Aug 11 19:42:29.997207 n bt-hang-watchdog[1255]: threshold reached (4/3) but suppressed by cooldown (59s remaining)
Aug 11 19:42:30.000139 n bt-hang-watchdog[1255]: signal: Bluetooth: hci0: command 0x0406 tx timeout
Aug 11 19:42:30.000139 n bt-hang-watchdog[1255]:   window: 5/3 hit(s) in last 60s
Aug 11 19:42:30.000204 n bt-hang-watchdog[1255]: threshold reached (5/3) but suppressed by cooldown (59s remaining)
