Aug 16 15:10:20.839106 n kernel: hci0
Aug 16 15:10:20.839140 n kernel: hci0
Aug 16 15:10:20.839165 n kernel: hci0
Aug 16 15:10:20.840942 n kernel: hci0: dst AA:BB:CC:00:00:01
Aug 16 15:10:20.840964 n kernel: hci0: dst AA:BB:CC:00:00:01 handle 0x0f00
Aug 16 15:10:20.840981 n kernel: hci0 evt 1
Aug 16 15:10:20.840998 n kernel: hci0 opcode 0x0409 plen 7
Aug 16 15:10:20.841017 n kernel: hci0: skb len 10
Aug 16 15:10:20.841034 n kernel: hci0 cmd_cnt 1 cmd queued 1
Aug 16 15:10:20.841051 n kernel: hci0: skb 000000008ee8738f
Aug 16 15:10:21.105915 n kernel: hci0: hcon 0000000012cf8c6d handle 0x0001
Aug 16 15:10:21.105985 n kernel: hci0 opcode 0x041b plen 2
Aug 16 15:10:21.106010 n kernel: hci0: skb len 5
Aug 16 15:10:21.106031 n kernel: hci0: 
Aug 16 15:10:21.106052 n kernel: hci0: entry 00000000f48e8c61
Aug 16 15:10:21.106071 n kernel: hci0 cmd_cnt 1 cmd queued 1
Aug 16 15:10:21.106083 n kernel: hci0: skb 00000000255ad1c9
Aug 16 15:10:21.126880 n kernel: hci0 opcode 0x041c plen 3
Aug 16 15:10:21.126921 n kernel: hci0: skb len 6
Aug 16 15:10:21.126935 n kernel: hci0 cmd_cnt 1 cmd queued 1
Aug 16 15:10:21.126949 n kernel: hci0: skb 000000001a83ba58
Aug 16 15:10:21.133931 n kernel: hci0 opcode 0x0419 plen 10
Aug 16 15:10:21.133966 n kernel: hci0: skb len 13
Aug 16 15:10:21.133991 n kernel: hci0 hcon 0000000012cf8c6d
Aug 16 15:10:21.134011 n kernel: hci0 cmd_cnt 1 cmd queued 1
Aug 16 15:10:21.134028 n kernel: hci0: skb 000000000c5c06b6
Aug 16 15:10:21.173916 n kernel: hci0 opcode 0x040b plen 22
Aug 16 15:10:21.174001 n kernel: hci0: skb len 25
Aug 16 15:10:21.174036 n kernel: hci0 cmd_cnt 1 cmd queued 1
Aug 16 15:10:21.174053 n kernel: hci0: skb 00000000e9e07ba5
Aug 16 15:10:21.295971 n kernel: hci0 opcode 0x1408 plen 2
Aug 16 15:10:21.296009 n kernel: hci0: skb len 5
Aug 16 15:10:21.296031 n kernel: hci0 cmd_cnt 1 cmd queued 1
Aug 16 15:10:21.296045 n kernel: hci0: skb 00000000bd2bd5bc
Aug 16 15:10:21.597009 n kernel: hci0 cmd_cnt 1 cmd queued 1
Aug 16 15:10:21.597029 n kernel: hci0: skb 0000000094beaf17
Aug 16 15:10:26.743949 n kernel: hci0: dst AA:BB:CC:00:00:01
Aug 16 15:10:26.743968 n kernel: hci0: dst AA:BB:CC:00:00:01 handle 0x0f00
Aug 16 15:10:26.743976 n kernel: hci0: parent 0000000012cf8c6d hcon 000000009474667e
Aug 16 15:10:26.744001 n kernel: hci0: hcon 000000009474667e
Aug 16 15:10:26.744014 n kernel: hci0 opcode 0x0428 plen 17
Aug 16 15:10:26.744034 n kernel: hci0: skb len 20
Aug 16 15:10:26.744046 n kernel: hci0 cmd_cnt 1 cmd queued 1
Aug 16 15:10:26.744065 n kernel: hci0: skb 000000004f2d26a7
Aug 16 15:10:26.771908 n kernel: hci0: hcon 000000009474667e handle 0x0003
Aug 16 15:10:26.771950 n kernel: hci0 evt 5
Aug 16 15:10:26.774886 n kernel: hci0
Aug 16 15:10:26.774967 n kernel: hci0
Aug 16 15:10:26.784529 n kernel: Bluetooth: hci0: corrupted SCO packet
Aug 16 15:13:19.769057 n kernel: hci0: handle 0x03 reason 0x13
Aug 16 15:13:19.769082 n kernel: hci0: 
Aug 16 15:13:19.769104 n kernel: hci0: entry 0000000047eda112
Aug 16 15:13:19.769124 n kernel: hci0: Opcode 0x0406
Aug 16 15:13:19.769144 n kernel: hci0: opcode 0x0406 plen 3
Aug 16 15:13:19.769165 n kernel: hci0: skb len 6
Aug 16 15:13:19.769181 n kernel: hci0: length 1
Aug 16 15:13:19.769195 n kernel: hci0 cmd_cnt 1 cmd queued 1
Aug 16 15:13:19.769207 n kernel: hci0: skb 0000000018687603
Aug 16 15:13:19.973989 n kernel: hci0 hcon 000000009474667e handle 3
Aug 16 15:13:19.974012 n kernel: hci0: hcon 000000009474667e
Aug 16 15:13:19.988063 n kernel: hci0 evt 6
Aug 16 15:13:19.988109 n kernel: hci0: result 0x00
Aug 16 15:13:19.988142 n kernel: hci0: end: err 0
Aug 16 15:13:35.952001 n kernel: hci0: dst AA:BB:CC:00:00:01
Aug 16 15:13:35.952020 n kernel: hci0: dst AA:BB:CC:00:00:01 handle 0x0f00
Aug 16 15:13:35.952034 n kernel: hci0: parent 0000000012cf8c6d hcon 0000000046f78b98
Aug 16 15:13:35.952059 n kernel: hci0 opcode 0x0804 plen 2
Aug 16 15:13:35.952071 n kernel: hci0: skb len 5
Aug 16 15:13:35.952087 n kernel: hci0 cmd_cnt 1 cmd queued 1
Aug 16 15:13:35.952101 n kernel: hci0: skb 0000000002438fa7
Aug 16 15:13:36.186037 n kernel: hci0: hcon 0000000046f78b98
Aug 16 15:13:36.186079 n kernel: hci0 opcode 0x0428 plen 17
Aug 16 15:13:36.186107 n kernel: hci0: skb len 20
Aug 16 15:13:36.186128 n kernel: hci0 cmd_cnt 1 cmd queued 1
Aug 16 15:13:36.186147 n kernel: hci0: skb 00000000cd17766a
Aug 16 15:13:36.211899 n kernel: hci0: hcon 0000000046f78b98 handle 0x0004
Aug 16 15:13:36.212005 n kernel: hci0 evt 5
Aug 16 15:13:36.215897 n kernel: hci0
Aug 16 15:13:36.216030 n kernel: hci0
Aug 16 15:16:09.903060 n kernel: hci0: handle 0x04 reason 0x13
Aug 16 15:16:09.903092 n kernel: hci0: 
Aug 16 15:16:09.903110 n kernel: hci0: entry 000000001af44f5d
Aug 16 15:16:09.903150 n kernel: hci0: Opcode 0x0406
Aug 16 15:16:09.903195 n kernel: hci0: opcode 0x0406 plen 3
Aug 16 15:16:09.903211 n kernel: hci0: skb len 6
Aug 16 15:16:09.903245 n kernel: hci0: length 1
Aug 16 15:16:09.903266 n kernel: hci0 cmd_cnt 1 cmd queued 1
Aug 16 15:16:09.903282 n kernel: hci0: skb 00000000d89d23cf
Aug 16 15:16:11.942905 n kernel: Bluetooth: hci0: command 0x0406 tx timeout
Aug 16 15:16:11.943036 n kernel: hci0: end: err -110
Aug 16 15:16:11.943050 n kernel: hci0: err 0x6e
Aug 16 15:16:11.943060 n kernel: hci0: status 0x13
Aug 16 15:16:11.943069 n kernel: hci0 cmd_cnt 1 cmd queued 0
Aug 16 15:16:11.943080 n kernel: hci0 hcon 0000000046f78b98 handle 4
Aug 16 15:16:11.943089 n kernel: hci0: hcon 0000000046f78b98
Aug 16 15:16:11.952942 n kernel: hci0 evt 6
Aug 16 15:16:17.448916 n kernel: Bluetooth: hci0: setting interface failed (110)
Aug 16 15:16:49.460040 n kernel: hci0: dst AA:BB:CC:00:00:01
Aug 16 15:16:49.460068 n kernel: hci0: dst AA:BB:CC:00:00:01 handle 0x0f00
Aug 16 15:16:49.460085 n kernel: hci0: parent 0000000012cf8c6d hcon 00000000027eead4
Aug 16 15:16:49.460135 n kernel: hci0: hcon 00000000027eead4
Aug 16 15:16:49.460163 n kernel: hci0 opcode 0x0428 plen 17
Aug 16 15:16:49.460184 n kernel: hci0: skb len 20
Aug 16 15:16:49.460207 n kernel: hci0 cmd_cnt 1 cmd queued 1
Aug 16 15:16:49.460239 n kernel: hci0: skb 000000003ce5fcdb
Aug 16 15:16:51.494893 n kernel: Bluetooth: hci0: command 0x0406 tx timeout
Aug 16 15:16:51.495017 n kernel: hci0: err 0x6e
Aug 16 15:16:51.495045 n kernel: hci0 cmd_cnt 1 cmd queued 0
Aug 16 15:17:09.545985 n kernel: hci0: handle 0xf00 reason 0x13
Aug 16 15:17:09.546019 n kernel: hci0: 
Aug 16 15:17:09.546046 n kernel: hci0: entry 000000007cc2e4c7
Aug 16 15:17:09.546066 n kernel: hci0: Opcode 0x0408
Aug 16 15:17:09.546084 n kernel: hci0: opcode 0x0408 plen 6
Aug 16 15:17:09.546103 n kernel: hci0: skb len 9
Aug 16 15:17:09.546129 n kernel: hci0: length 1
Aug 16 15:17:09.546147 n kernel: hci0 cmd_cnt 1 cmd queued 1
Aug 16 15:17:09.546159 n kernel: hci0: skb 000000000e1c9e0c
Aug 16 15:17:11.590902 n kernel: hci0: end: err -110
Aug 16 15:17:11.591037 n kernel: Bluetooth: hci0: command 0x0406 tx timeout
Aug 16 15:17:11.591063 n kernel: hci0: err 0x6e
Aug 16 15:17:11.591079 n kernel: hci0: status 0x13
Aug 16 15:17:11.591096 n kernel: hci0 cmd_cnt 1 cmd queued 0
Aug 16 15:17:11.591117 n kernel: hci0 hcon 00000000027eead4 handle 3840
Aug 16 15:17:11.591137 n kernel: hci0: hcon 00000000027eead4
Aug 16 15:17:11.603995 n kernel: hci0 evt 6
Aug 16 15:17:21.723076 n kernel: hci0: dst AA:BB:CC:00:00:01
Aug 16 15:17:21.723110 n kernel: hci0: dst AA:BB:CC:00:00:01 handle 0x0f00
Aug 16 15:17:21.723129 n kernel: hci0: parent 0000000012cf8c6d hcon 0000000041935d68
Aug 16 15:17:21.723180 n kernel: hci0: hcon 0000000041935d68
Aug 16 15:17:21.723200 n kernel: hci0 opcode 0x0428 plen 17
Aug 16 15:17:21.723215 n kernel: hci0: skb len 20
Aug 16 15:17:21.723235 n kernel: hci0 cmd_cnt 1 cmd queued 1
Aug 16 15:17:21.723248 n kernel: hci0: skb 000000008755664a
Aug 16 15:17:23.750895 n kernel: Bluetooth: hci0: command 0x0406 tx timeout
Aug 16 15:17:23.750995 n kernel: hci0: err 0x6e
Aug 16 15:17:23.751017 n kernel: hci0 cmd_cnt 1 cmd queued 0
Aug 16 15:18:02.407821 n kernel: hci0: handle 0xf00 reason 0x13
Aug 16 15:18:02.407842 n kernel: hci0: 
Aug 16 15:18:02.407864 n kernel: hci0: entry 00000000ea488646
Aug 16 15:18:02.407888 n kernel: hci0: Opcode 0x0408
Aug 16 15:18:02.407903 n kernel: hci0: opcode 0x0408 plen 6
Aug 16 15:18:02.407916 n kernel: hci0: skb len 9
Aug 16 15:18:02.407928 n kernel: hci0: length 1
Aug 16 15:18:02.407940 n kernel: hci0 cmd_cnt 1 cmd queued 1
Aug 16 15:18:02.407955 n kernel: hci0: skb 000000001772dd99
Aug 16 15:18:04.454900 n kernel: hci0: end: err -110
Aug 16 15:18:04.455027 n kernel: hci0: status 0x13
Aug 16 15:18:04.455051 n kernel: hci0 hcon 0000000041935d68 handle 3840
Aug 16 15:18:04.455091 n kernel: hci0: hcon 0000000041935d68
Aug 16 15:18:04.455109 n kernel: Bluetooth: hci0: command 0x0406 tx timeout
Aug 16 15:18:04.455143 n kernel: hci0: err 0x6e
Aug 16 15:18:04.455161 n kernel: hci0 cmd_cnt 1 cmd queued 0
Aug 16 15:18:04.477044 n kernel: hci0 evt 6
Aug 16 15:18:07.411021 n kernel: hci0: dst AA:BB:CC:00:00:01
Aug 16 15:18:07.411045 n kernel: hci0: dst AA:BB:CC:00:00:01 handle 0x0f00
Aug 16 15:18:07.411060 n kernel: hci0: parent 0000000012cf8c6d hcon 00000000027eead4
Aug 16 15:18:07.411098 n kernel: hci0: hcon 00000000027eead4
Aug 16 15:18:07.411111 n kernel: hci0 opcode 0x0428 plen 17
Aug 16 15:18:07.411127 n kernel: hci0: skb len 20
Aug 16 15:18:07.411144 n kernel: hci0 cmd_cnt 1 cmd queued 1
Aug 16 15:18:07.411155 n kernel: hci0: skb 0000000023d02467
Aug 16 15:18:09.446921 n kernel: Bluetooth: hci0: command 0x0406 tx timeout
Aug 16 15:18:09.447039 n kernel: hci0: err 0x6e
Aug 16 15:18:09.447061 n kernel: hci0 cmd_cnt 1 cmd queued 0
Aug 16 15:18:43.303983 n kernel: hci0: handle 0xf00 reason 0x13
Aug 16 15:18:43.304024 n kernel: hci0: 
Aug 16 15:18:43.304058 n kernel: hci0: entry 000000003855172a
Aug 16 15:18:43.304076 n kernel: hci0: Opcode 0x0408
Aug 16 15:18:43.304088 n kernel: hci0: opcode 0x0408 plen 6
Aug 16 15:18:43.304100 n kernel: hci0: skb len 9
Aug 16 15:18:43.304112 n kernel: hci0: length 1
Aug 16 15:18:43.304123 n kernel: hci0 cmd_cnt 1 cmd queued 1
Aug 16 15:18:43.304135 n kernel: hci0: skb 000000001be94192
Aug 16 15:18:45.350920 n kernel: Bluetooth: hci0: command 0x0406 tx timeout
Aug 16 15:18:45.351099 n kernel: hci0: end: err -110
Aug 16 15:18:45.351136 n kernel: hci0: status 0x13
Aug 16 15:18:45.351154 n kernel: hci0 hcon 00000000027eead4 handle 3840
Aug 16 15:18:45.351174 n kernel: hci0: err 0x6e
Aug 16 15:18:45.351188 n kernel: hci0: hcon 00000000027eead4
Aug 16 15:18:45.351206 n kernel: hci0 cmd_cnt 1 cmd queued 0
Aug 16 15:18:45.359088 n kernel: hci0 evt 6
Aug 16 15:20:42.996095 n kernel: hci0: dst AA:BB:CC:00:00:01
Aug 16 15:20:42.996130 n kernel: hci0: dst AA:BB:CC:00:00:01 handle 0x0f00
Aug 16 15:20:42.996155 n kernel: hci0: parent 0000000012cf8c6d hcon 00000000b3981cc7
Aug 16 15:20:42.996215 n kernel: hci0: hcon 00000000b3981cc7
Aug 16 15:20:42.996266 n kernel: hci0 opcode 0x0428 plen 17
Aug 16 15:20:42.996307 n kernel: hci0: skb len 20
Aug 16 15:20:42.996332 n kernel: hci0 cmd_cnt 1 cmd queued 1
Aug 16 15:20:42.996362 n kernel: hci0: skb 00000000ce12e9cb
Aug 16 15:20:45.030943 n kernel: Bluetooth: hci0: command 0x0406 tx timeout
Aug 16 15:20:45.031076 n kernel: hci0: err 0x6e
Aug 16 15:20:45.031096 n kernel: hci0 cmd_cnt 1 cmd queued 0
Aug 16 15:21:23.111971 n kernel: hci0: handle 0xf00 reason 0x13
Aug 16 15:21:23.112003 n kernel: hci0: 
Aug 16 15:21:23.112025 n kernel: hci0: entry 00000000ddf07373
Aug 16 15:21:23.112048 n kernel: hci0: Opcode 0x0408
Aug 16 15:21:23.112065 n kernel: hci0: opcode 0x0408 plen 6
Aug 16 15:21:23.112081 n kernel: hci0: skb len 9
Aug 16 15:21:23.112094 n kernel: hci0: length 1
Aug 16 15:21:23.112115 n kernel: hci0 cmd_cnt 1 cmd queued 1
Aug 16 15:21:23.112130 n kernel: hci0: skb 00000000ca37d5cc
Aug 16 15:21:25.158923 n kernel: hci0: end: err -110
Aug 16 15:21:25.159074 n kernel: Bluetooth: hci0: command 0x0406 tx timeout
Aug 16 15:21:25.159112 n kernel: hci0: status 0x13
Aug 16 15:21:25.159126 n kernel: hci0 hcon 00000000b3981cc7 handle 3840
Aug 16 15:21:25.159150 n kernel: hci0: err 0x6e
Aug 16 15:21:25.159167 n kernel: hci0: hcon 00000000b3981cc7
Aug 16 15:21:25.159186 n kernel: hci0 cmd_cnt 1 cmd queued 0
Aug 16 15:21:25.166928 n kernel: hci0 evt 6
Aug 16 15:21:46.368884 n kernel: Bluetooth: hci0: link tx timeout
Aug 16 15:21:46.368937 n kernel: Bluetooth: hci0: killing stalled connection AA:BB:CC:00:00:01
Aug 16 15:21:46.368979 n kernel: hci0 opcode 0x041f plen 2
Aug 16 15:21:46.369013 n kernel: hci0: skb len 5
Aug 16 15:21:46.369039 n kernel: hci0: handle 0x01 reason 0x13
Aug 16 15:21:46.369062 n kernel: hci0: 
Aug 16 15:21:46.369085 n kernel: hci0: entry 00000000814b1de5
Aug 16 15:21:46.369101 n kernel: hci0: Opcode 0x0406
Aug 16 15:21:46.369123 n kernel: hci0: opcode 0x0406 plen 3
Aug 16 15:21:46.369134 n kernel: hci0: skb len 6
Aug 16 15:21:46.369148 n kernel: hci0: length 1
Aug 16 15:21:46.369161 n kernel: hci0 cmd_cnt 1 cmd queued 1
Aug 16 15:21:46.369177 n kernel: hci0: skb 00000000204561eb
Aug 16 15:21:46.369199 n kernel: hci0 cmd_cnt 0 cmd queued 1
Aug 16 15:21:46.386885 n kernel: Bluetooth: hci0: link tx timeout
Aug 16 15:21:46.386926 n kernel: Bluetooth: hci0: killing stalled connection AA:BB:CC:00:00:01
Aug 16 15:21:46.386962 n kernel: hci0 opcode 0x041f plen 2
Aug 16 15:21:46.386980 n kernel: hci0: skb len 5
Aug 16 15:21:46.386999 n kernel: hci0 cmd_cnt 0 cmd queued 2
Aug 16 15:21:48.390889 n kernel: hci0: end: err -110
Aug 16 15:21:48.390922 n kernel: Bluetooth: hci0: command 0x0406 tx timeout
Aug 16 15:21:48.390947 n kernel: hci0: err 0x6e
Aug 16 15:21:48.390968 n kernel: hci0 cmd_cnt 1 cmd queued 2
Aug 16 15:21:48.390997 n kernel: hci0: status 0x13
Aug 16 15:21:48.391017 n kernel: hci0: skb 0000000047575892
Aug 16 15:21:48.391058 n kernel: hci0 hcon 0000000012cf8c6d chan 00000000870ae72e
Aug 16 15:21:48.396886 n kernel: hci0 hcon 0000000012cf8c6d handle 1
Aug 16 15:21:48.396941 n kernel: hci0: hcon 0000000012cf8c6d
Aug 16 15:21:48.404930 n kernel: hci0 evt 2
Aug 16 15:21:50.438913 n kernel: Bluetooth: hci0: command 0x0406 tx timeout
Aug 16 15:21:50.438982 n kernel: hci0: err 0x6e
Aug 16 15:21:50.439015 n kernel: hci0 cmd_cnt 1 cmd queued 1
Aug 16 15:21:50.439033 n kernel: hci0: skb 0000000091a66f7d
Aug 16 15:21:52.486914 n kernel: Bluetooth: hci0: command 0x0406 tx timeout
Aug 16 15:21:52.487051 n kernel: hci0: err 0x6e
Aug 16 15:21:52.487071 n kernel: hci0 cmd_cnt 1 cmd queued 0
Aug 16 15:21:56.201985 n kernel: hci0: dst AA:BB:CC:00:00:01
Aug 16 15:21:56.202009 n kernel: hci0: dst AA:BB:CC:00:00:01 handle 0x0f00
Aug 16 15:21:56.202028 n kernel: hci0 evt 1
Aug 16 15:21:56.202043 n kernel: hci0 hcon 00000000d799e407
Aug 16 15:21:56.202067 n kernel: hci0: 
Aug 16 15:21:56.202076 n kernel: hci0: entry 000000004c681dd8
Aug 16 15:21:56.202114 n kernel: hci0: Opcode 0x0405
Aug 16 15:21:56.202128 n kernel: hci0: opcode 0x0405 plen 13
Aug 16 15:21:56.202141 n kernel: hci0: skb len 16
Aug 16 15:21:56.202160 n kernel: hci0: length 1
Aug 16 15:21:56.202179 n kernel: hci0 cmd_cnt 1 cmd queued 1
Aug 16 15:21:56.202192 n kernel: hci0: skb 00000000c83f2762
Aug 16 15:21:58.246906 n kernel: Bluetooth: hci0: command 0x0406 tx timeout
Aug 16 15:21:58.247021 n kernel: hci0: err 0x6e
Aug 16 15:21:58.247055 n kernel: hci0 cmd_cnt 1 cmd queued 0
Aug 16 15:21:58.247074 n kernel: hci0: end: err -110
Aug 16 15:22:04.261921 n kernel: hci0: 
Aug 16 15:22:04.261944 n kernel: hci0: entry 00000000b79f55cf
Aug 16 15:22:04.261964 n kernel: hci0: ADV monitoring is off
Aug 16 15:22:04.261984 n kernel: hci0: stopping background scanning
Aug 16 15:22:04.262012 n kernel: hci0: 
Aug 16 15:22:04.262024 n kernel: hci0: entry 000000004f39dcd0
Aug 16 15:22:04.262052 n kernel: hci0: Opcode 0x0c3a
Aug 16 15:22:04.262087 n kernel: hci0: opcode 0x0c3a plen 4
Aug 16 15:22:04.262109 n kernel: hci0: skb len 7
Aug 16 15:22:04.262135 n kernel: hci0: length 1
Aug 16 15:22:04.262170 n kernel: hci0 cmd_cnt 1 cmd queued 1
Aug 16 15:22:04.262203 n kernel: hci0: skb 0000000037b6fe77
Aug 16 15:22:06.311004 n kernel: Bluetooth: hci0: command 0x0406 tx timeout
Aug 16 15:22:06.311111 n kernel: hci0: end: err -110
Aug 16 15:22:06.311142 n kernel: hci0: err 0x6e
Aug 16 15:22:06.311181 n kernel: Bluetooth: hci0: Opcode 0x0c3a failed: -110
Aug 16 15:22:06.311206 n kernel: hci0 cmd_cnt 1 cmd queued 0
Aug 16 15:22:06.311293 n kernel: hci0: state 0 -> 1
Aug 16 15:22:06.311313 n kernel: hci0: 
Aug 16 15:22:06.311324 n kernel: hci0: entry 00000000f1d8bdf6
Aug 16 15:22:06.311343 n kernel: hci0: type 7
Aug 16 15:22:06.311361 n kernel: hci0: 
Aug 16 15:22:06.311376 n kernel: hci0: cancelling interleave scan
Aug 16 15:22:06.311395 n kernel: hci0: Opcode 0x2005
Aug 16 15:22:06.311411 n kernel: hci0: opcode 0x2005 plen 6
Aug 16 15:22:06.311424 n kernel: hci0: skb len 9
Aug 16 15:22:06.311445 n kernel: hci0: length 1
Aug 16 15:22:06.311457 n kernel: hci0 cmd_cnt 1 cmd queued 1
Aug 16 15:22:06.311477 n kernel: hci0: skb 0000000046ed977a
Aug 16 15:22:08.358889 n kernel: Bluetooth: hci0: command 0x0406 tx timeout
Aug 16 15:22:08.359014 n kernel: hci0: err 0x6e
Aug 16 15:22:08.359033 n kernel: hci0 cmd_cnt 1 cmd queued 0
Aug 16 15:22:08.359059 n kernel: hci0: end: err -110
Aug 16 15:22:08.359086 n kernel: Bluetooth: hci0: Opcode 0x2005 failed: -110
Aug 16 15:22:08.359120 n kernel: hci0: Opcode 0x200b
Aug 16 15:22:08.359146 n kernel: hci0: opcode 0x200b plen 7
Aug 16 15:22:08.359180 n kernel: hci0: skb len 10
Aug 16 15:22:08.359214 n kernel: hci0: length 1
Aug 16 15:22:08.359234 n kernel: hci0 cmd_cnt 1 cmd queued 1
Aug 16 15:22:08.359251 n kernel: hci0: skb 000000002adb981b
Aug 16 15:22:10.406911 n kernel: Bluetooth: hci0: command 0x0406 tx timeout
Aug 16 15:22:10.406989 n kernel: hci0: err 0x6e
Aug 16 15:22:10.407018 n kernel: hci0: end: err -110
Aug 16 15:22:10.407035 n kernel: hci0 cmd_cnt 1 cmd queued 0
Aug 16 15:22:10.407060 n kernel: Bluetooth: hci0: Opcode 0x200b failed: -110
Aug 16 15:22:10.407091 n kernel: hci0: state 1 -> 0
Aug 16 15:22:10.407121 n kernel: hci0: entry 00000000e1c4f958
Aug 16 15:22:10.407151 n kernel: hci0: ADV monitoring is off
Aug 16 15:22:10.407169 n kernel: hci0: stopping background scanning
Aug 16 15:22:10.407182 n kernel: hci0: 
Aug 16 15:22:10.407205 n kernel: hci0: 
Aug 16 15:22:10.407214 n kernel: hci0: entry 00000000b15ca4d6
Aug 16 15:22:10.407227 n kernel: hci0: 
Aug 16 15:22:10.407240 n kernel: hci0: 
Aug 16 15:22:10.407259 n kernel: hci0: Opcode 0x0c52
Aug 16 15:22:10.407284 n kernel: hci0: opcode 0x0c52 plen 241
Aug 16 15:22:10.407295 n kernel: hci0: skb len 244
Aug 16 15:22:10.407305 n kernel: hci0: length 1
Aug 16 15:22:10.407316 n kernel: hci0 cmd_cnt 1 cmd queued 1
Aug 16 15:22:10.407332 n kernel: hci0: skb 00000000641b1495
Aug 16 15:22:12.454946 n kernel: Bluetooth: hci0: command 0x0406 tx timeout
Aug 16 15:22:12.455007 n kernel: hci0: err 0x6e
Aug 16 15:22:12.455053 n kernel: hci0: end: err -110
Aug 16 15:22:12.455071 n kernel: Bluetooth: hci0: Opcode 0x0c52 failed: -110
Aug 16 15:22:12.455101 n kernel: hci0 cmd_cnt 1 cmd queued 0
Aug 16 15:22:12.455156 n kernel: hci0: 
Aug 16 15:22:12.455167 n kernel: hci0: entry 0000000094acf7c5
Aug 16 15:22:12.455181 n kernel: hci0: 
Aug 16 15:22:12.455188 n kernel: hci0: 
Aug 16 15:22:12.455197 n kernel: hci0: Opcode 0x0c52
Aug 16 15:22:12.455204 n kernel: hci0: opcode 0x0c52 plen 241
Aug 16 15:22:12.455211 n kernel: hci0: skb len 244
Aug 16 15:22:12.455218 n kernel: hci0: length 1
Aug 16 15:22:12.455227 n kernel: hci0 cmd_cnt 1 cmd queued 1
Aug 16 15:22:12.455237 n kernel: hci0: skb 00000000a50c3290
Aug 16 15:22:14.502884 n kernel: Bluetooth: hci0: command 0x0406 tx timeout
Aug 16 15:22:14.502923 n kernel: hci0: end: err -110
Aug 16 15:22:14.502935 n kernel: hci0: err 0x6e
Aug 16 15:22:14.502945 n kernel: Bluetooth: hci0: Opcode 0x0c52 failed: -110
Aug 16 15:22:14.502969 n kernel: hci0 cmd_cnt 1 cmd queued 0
Aug 16 15:22:14.503016 n kernel: hci0: 
Aug 16 15:22:14.503026 n kernel: hci0: entry 000000002cab4b9c
Aug 16 15:22:14.503042 n kernel: hci0: 
Aug 16 15:22:14.503054 n kernel: hci0: Opcode 0x0c24
Aug 16 15:22:14.503067 n kernel: hci0: opcode 0x0c24 plen 3
Aug 16 15:22:14.503080 n kernel: hci0: skb len 6
Aug 16 15:22:14.503087 n kernel: hci0: length 1
Aug 16 15:22:14.503094 n kernel: hci0 cmd_cnt 1 cmd queued 1
Aug 16 15:22:14.503108 n kernel: hci0: skb 000000008d02818f
Aug 16 15:22:15.483946 n kernel: hci0: handle 0xf00 reason 0x13
Aug 16 15:22:16.550880 n kernel: Bluetooth: hci0: command 0x0406 tx timeout
Aug 16 15:22:16.550904 n kernel: hci0: err 0x6e
Aug 16 15:22:16.550917 n kernel: hci0: end: err -110
Aug 16 15:22:16.550927 n kernel: hci0 cmd_cnt 1 cmd queued 0
Aug 16 15:22:16.550937 n kernel: Bluetooth: hci0: Opcode 0x0c24 failed: -110
Aug 16 15:22:16.550951 n kernel: hci0: entry 0000000093f9bcf5
Aug 16 15:22:16.550971 n kernel: hci0: Opcode 0x0408
Aug 16 15:22:16.550988 n kernel: hci0: opcode 0x0408 plen 6
Aug 16 15:22:16.550998 n kernel: hci0: skb len 9
Aug 16 15:22:16.551005 n kernel: hci0: length 1
Aug 16 15:22:16.551022 n kernel: hci0 cmd_cnt 1 cmd queued 1
Aug 16 15:22:16.551032 n kernel: hci0: skb 00000000b9dc5d83
Aug 16 15:22:18.598890 n kernel: hci0: end: err -110
Aug 16 15:22:18.598932 n kernel: Bluetooth: hci0: command 0x0406 tx timeout
Aug 16 15:22:18.598954 n kernel: hci0: err 0x6e
Aug 16 15:22:18.598968 n kernel: hci0: status 0x13
Aug 16 15:22:18.598983 n kernel: hci0 cmd_cnt 1 cmd queued 0
Aug 16 15:22:18.598999 n kernel: hci0 hcon 00000000d799e407 chan 00000000326a22c7
Aug 16 15:22:18.606912 n kernel: hci0 hcon 00000000d799e407 handle 3840
Aug 16 15:22:18.606984 n kernel: hci0: hcon 00000000d799e407
Aug 16 15:22:18.620014 n kernel: hci0 evt 2
Aug 16 15:22:18.620041 n kernel: hci0: entry 00000000c31a80dc
Aug 16 15:22:18.620074 n kernel: hci0: 
Aug 16 15:22:18.620091 n kernel: hci0: Opcode 0x0c24
Aug 16 15:22:18.620107 n kernel: hci0: opcode 0x0c24 plen 3
Aug 16 15:22:18.620136 n kernel: hci0: skb len 6
Aug 16 15:22:18.620162 n kernel: hci0: length 1
Aug 16 15:22:18.620186 n kernel: hci0 cmd_cnt 1 cmd queued 1
Aug 16 15:22:18.620213 n kernel: hci0: skb 0000000037a90a87
Aug 16 15:22:20.646913 n kernel: hci0: end: err -110
Aug 16 15:22:20.646986 n kernel: Bluetooth: hci0: Opcode 0x0c24 failed: -110
Aug 16 15:22:20.647021 n kernel: hci0: 
Aug 16 15:22:20.647105 n kernel: hci0: 
Aug 16 15:22:20.647117 n kernel: hci0: entry 00000000750e3c84
Aug 16 15:22:20.647134 n kernel: hci0: 
Aug 16 15:22:20.647141 n kernel: hci0: Opcode 0x0c24
Aug 16 15:22:20.647148 n kernel: hci0: opcode 0x0c24 plen 3
Aug 16 15:22:20.647158 n kernel: hci0: skb len 6
Aug 16 15:22:20.647165 n kernel: hci0: length 1
Aug 16 15:22:20.647177 n kernel: hci0 cmd_cnt 0 cmd queued 1
Aug 16 15:22:20.647185 n kernel: Bluetooth: hci0: command 0x0406 tx timeout
Aug 16 15:22:20.647192 n kernel: hci0: err 0x6e
Aug 16 15:22:20.647204 n kernel: hci0 cmd_cnt 1 cmd queued 1
Aug 16 15:22:20.647212 n kernel: hci0: skb 000000007f85b6f1
Aug 16 15:22:20.647223 n kernel: hci0: end: err -110
Aug 16 15:22:20.647230 n kernel: Bluetooth: hci0: Opcode 0x0c24 failed: -110
Aug 16 15:22:20.647263 n kernel: hci0: 
Aug 16 15:22:20.647272 n kernel: hci0: entry 0000000023394a12
Aug 16 15:22:20.647284 n kernel: hci0: 
Aug 16 15:22:20.647291 n kernel: hci0: Opcode 0x0c24
Aug 16 15:22:20.647298 n kernel: hci0: opcode 0x0c24 plen 3
Aug 16 15:22:20.647311 n kernel: hci0: skb len 6
Aug 16 15:22:20.647318 n kernel: hci0: length 1
Aug 16 15:22:20.647327 n kernel: hci0 cmd_cnt 0 cmd queued 1
Aug 16 15:22:22.694888 n kernel: Bluetooth: hci0: command 0x0406 tx timeout
Aug 16 15:22:22.694911 n kernel: hci0: end: err -110
Aug 16 15:22:22.694928 n kernel: hci0: err 0x6e
Aug 16 15:22:22.694952 n kernel: Bluetooth: hci0: Opcode 0x0c24 failed: -110
Aug 16 15:22:22.694972 n kernel: hci0 cmd_cnt 1 cmd queued 1
Aug 16 15:22:22.694989 n kernel: hci0: skb 0000000086576928
Aug 16 15:22:22.695042 n kernel: hci0: 
Aug 16 15:22:22.695053 n kernel: hci0: entry 00000000528d3578
Aug 16 15:22:22.695068 n kernel: hci0: 
Aug 16 15:22:22.695078 n kernel: hci0: Opcode 0x0c24
Aug 16 15:22:22.695089 n kernel: hci0: opcode 0x0c24 plen 3
Aug 16 15:22:22.695102 n kernel: hci0: skb len 6
Aug 16 15:22:22.695109 n kernel: hci0: length 1
Aug 16 15:22:22.695118 n kernel: hci0 cmd_cnt 0 cmd queued 1
Aug 16 15:22:24.742891 n kernel: hci0: end: err -110
Aug 16 15:22:24.742941 n kernel: Bluetooth: hci0: command 0x0406 tx timeout
Aug 16 15:22:24.742961 n kernel: hci0: err 0x6e
Aug 16 15:22:24.742988 n kernel: hci0 cmd_cnt 1 cmd queued 1
Aug 16 15:22:24.743000 n kernel: Bluetooth: hci0: Opcode 0x0c24 failed: -110
Aug 16 15:22:24.743017 n kernel: hci0: skb 0000000029213793
Aug 16 15:22:24.743072 n kernel: hci0: state 0 -> 1
Aug 16 15:22:24.743081 n kernel: hci0: 
Aug 16 15:22:24.743096 n kernel: hci0: entry 00000000020210a5
Aug 16 15:22:24.743113 n kernel: hci0: type 7
Aug 16 15:22:24.743125 n kernel: hci0: 
Aug 16 15:22:24.743139 n kernel: hci0: cancelling interleave scan
Aug 16 15:22:24.743148 n kernel: hci0: Opcode 0x2005
Aug 16 15:22:24.743162 n kernel: hci0: opcode 0x2005 plen 6
Aug 16 15:22:24.743176 n kernel: hci0: skb len 9
Aug 16 15:22:24.743190 n kernel: hci0: length 1
Aug 16 15:22:24.743199 n kernel: hci0 cmd_cnt 0 cmd queued 1
Aug 16 15:22:26.791908 n kernel: Bluetooth: hci0: command 0x0406 tx timeout
Aug 16 15:22:26.792056 n kernel: hci0: err 0x6e
Aug 16 15:22:26.792073 n kernel: hci0: end: err -110
Aug 16 15:22:26.792108 n kernel: hci0 cmd_cnt 1 cmd queued 1
Aug 16 15:22:26.792125 n kernel: hci0: skb 000000000f6f9d46
Aug 16 15:22:26.792161 n kernel: Bluetooth: hci0: Opcode 0x2005 failed: -110
Aug 16 15:22:26.792175 n kernel: hci0: Opcode 0x200b
Aug 16 15:22:26.792195 n kernel: hci0: opcode 0x200b plen 7
Aug 16 15:22:26.792213 n kernel: hci0: skb len 10
Aug 16 15:22:26.792230 n kernel: hci0: length 1
Aug 16 15:22:26.792244 n kernel: hci0 cmd_cnt 0 cmd queued 1
Aug 16 15:22:28.839895 n kernel: Bluetooth: hci0: command 0x0406 tx timeout
Aug 16 15:22:28.839962 n kernel: hci0: end: err -110
Aug 16 15:22:28.839977 n kernel: Bluetooth: hci0: Opcode 0x200b failed: -110
Aug 16 15:22:28.839997 n kernel: hci0: err 0x6e
Aug 16 15:22:28.840023 n kernel: hci0 cmd_cnt 1 cmd queued 1
Aug 16 15:22:28.840039 n kernel: hci0: skb 00000000b5e3379e
Aug 16 15:22:28.840055 n kernel: hci0: state 1 -> 0
Aug 16 15:22:28.840074 n kernel: hci0: entry 00000000665c83ee
Aug 16 15:22:28.840104 n kernel: hci0: ADV monitoring is off
Aug 16 15:22:28.840125 n kernel: hci0: stopping background scanning
Aug 16 15:22:28.840151 n kernel: hci0: 
Aug 16 15:22:28.840179 n kernel: hci0: state 0 -> 1
Aug 16 15:22:28.840196 n kernel: hci0: 
Aug 16 15:22:28.840221 n kernel: hci0: entry 00000000b79f55cf
Aug 16 15:22:28.840233 n kernel: hci0: type 7
Aug 16 15:22:28.840245 n kernel: hci0: 
Aug 16 15:22:28.840264 n kernel: hci0: cancelling interleave scan
Aug 16 15:22:28.840284 n kernel: hci0: Opcode 0x2005
Aug 16 15:22:28.840300 n kernel: hci0: opcode 0x2005 plen 6
Aug 16 15:22:28.840318 n kernel: hci0: skb len 9
Aug 16 15:22:28.840337 n kernel: hci0: length 1
Aug 16 15:22:28.840357 n kernel: hci0 cmd_cnt 0 cmd queued 1
Aug 16 15:22:30.886942 n kernel: Bluetooth: hci0: command 0x0406 tx timeout
Aug 16 15:22:30.887096 n kernel: hci0: end: err -110
Aug 16 15:22:30.887128 n kernel: Bluetooth: hci0: Opcode 0x2005 failed: -110
Aug 16 15:22:30.887146 n kernel: hci0: err 0x6e
Aug 16 15:22:30.887172 n kernel: hci0: Opcode 0x200b
Aug 16 15:22:30.887183 n kernel: hci0 cmd_cnt 1 cmd queued 1
Aug 16 15:22:30.887201 n kernel: hci0: opcode 0x200b plen 7
Aug 16 15:22:30.887217 n kernel: hci0: skb len 10
Aug 16 15:22:30.887233 n kernel: hci0: skb 000000001c984958
Aug 16 15:22:30.887248 n kernel: hci0: length 1
Aug 16 15:22:30.887259 n kernel: hci0 cmd_cnt 0 cmd queued 1
Aug 16 15:22:32.934893 n kernel: hci0: end: err -110
Aug 16 15:22:32.935023 n kernel: Bluetooth: hci0: Opcode 0x200b failed: -110
Aug 16 15:22:32.935097 n kernel: Bluetooth: hci0: command 0x0406 tx timeout
Aug 16 15:22:32.935113 n kernel: hci0: err 0x6e
Aug 16 15:22:32.935130 n kernel: hci0: state 1 -> 0
Aug 16 15:22:32.935150 n kernel: hci0: entry 00000000718561e8
Aug 16 15:22:32.935173 n kernel: hci0 cmd_cnt 1 cmd queued 1
Aug 16 15:22:32.935200 n kernel: hci0: ADV monitoring is off
Aug 16 15:22:32.935222 n kernel: hci0: skb 00000000b0227b58
Aug 16 15:22:32.935243 n kernel: hci0: stopping background scanning
Aug 16 15:22:32.935254 n kernel: hci0: 
Aug 16 15:22:32.935285 n kernel: hci0: state 0 -> 1
Aug 16 15:22:32.935303 n kernel: hci0: 
Aug 16 15:22:32.935318 n kernel: hci0: entry 0000000069b87bf5
Aug 16 15:22:32.935333 n kernel: hci0: type 7
Aug 16 15:22:32.935347 n kernel: hci0: 
Aug 16 15:22:32.935360 n kernel: hci0: cancelling interleave scan
Aug 16 15:22:32.935375 n kernel: hci0: Opcode 0x2005
Aug 16 15:22:32.935390 n kernel: hci0: opcode 0x2005 plen 6
Aug 16 15:22:32.935402 n kernel: hci0: skb len 9
Aug 16 15:22:32.935417 n kernel: hci0: length 1
Aug 16 15:22:32.935429 n kernel: hci0 cmd_cnt 0 cmd queued 1
Aug 16 15:22:34.982898 n kernel: hci0: end: err -110
Aug 16 15:22:34.983012 n kernel: Bluetooth: hci0: command 0x0406 tx timeout
Aug 16 15:22:34.983055 n kernel: Bluetooth: hci0: Opcode 0x2005 failed: -110
Aug 16 15:22:34.983094 n kernel: hci0: Opcode 0x200b
Aug 16 15:22:34.983121 n kernel: hci0: err 0x6e
Aug 16 15:22:34.983148 n kernel: hci0: opcode 0x200b plen 7
Aug 16 15:22:34.983173 n kernel: hci0 cmd_cnt 1 cmd queued 1
Aug 16 15:22:34.983200 n kernel: hci0: skb len 10
Aug 16 15:22:34.983232 n kernel: hci0: skb 00000000002b6d00
Aug 16 15:22:34.983261 n kernel: hci0: length 1
Aug 16 15:22:34.983277 n kernel: hci0 cmd_cnt 0 cmd queued 1
Aug 16 15:22:37.030899 n kernel: hci0: end: err -110
Aug 16 15:22:37.030952 n kernel: Bluetooth: hci0: command 0x0406 tx timeout
Aug 16 15:22:37.031016 n kernel: hci0: err 0x6e
Aug 16 15:22:37.031054 n kernel: hci0 cmd_cnt 1 cmd queued 1
Aug 16 15:22:37.031071 n kernel: Bluetooth: hci0: Opcode 0x200b failed: -110
Aug 16 15:22:37.031094 n kernel: hci0: skb 00000000b19b7cba
Aug 16 15:22:37.031123 n kernel: hci0: state 1 -> 0
Aug 16 15:22:37.031135 n kernel: hci0: entry 00000000f01eaaf4
Aug 16 15:22:37.031162 n kernel: hci0: ADV monitoring is off
Aug 16 15:22:37.031175 n kernel: hci0: stopping background scanning
Aug 16 15:22:37.031191 n kernel: hci0: 
Aug 16 15:22:37.031215 n kernel: hci0: state 0 -> 1
Aug 16 15:22:37.031225 n kernel: hci0: 
Aug 16 15:22:37.031237 n kernel: hci0: entry 00000000625d4f3a
Aug 16 15:22:37.031278 n kernel: hci0: type 7
Aug 16 15:22:37.031294 n kernel: hci0: 
Aug 16 15:22:37.031303 n kernel: hci0: cancelling interleave scan
Aug 16 15:22:37.031319 n kernel: hci0: Opcode 0x2005
Aug 16 15:22:37.031328 n kernel: hci0: opcode 0x2005 plen 6
Aug 16 15:22:37.031340 n kernel: hci0: skb len 9
Aug 16 15:22:37.031352 n kernel: hci0: length 1
Aug 16 15:22:37.031361 n kernel: hci0 cmd_cnt 0 cmd queued 1
Aug 16 15:22:39.078903 n kernel: hci0: end: err -110
Aug 16 15:22:39.078961 n kernel: Bluetooth: hci0: Opcode 0x2005 failed: -110
Aug 16 15:22:39.078984 n kernel: hci0: Opcode 0x200b
Aug 16 15:22:39.079005 n kernel: hci0: opcode 0x200b plen 7
Aug 16 15:22:39.079023 n kernel: Bluetooth: hci0: command 0x0406 tx timeout
Aug 16 15:22:39.079035 n kernel: hci0: skb len 10
Aug 16 15:22:39.079053 n kernel: hci0: length 1
Aug 16 15:22:39.079070 n kernel: hci0: err 0x6e
Aug 16 15:22:39.079078 n kernel: hci0 cmd_cnt 1 cmd queued 2
Aug 16 15:22:39.079092 n kernel: hci0: end: err -110
Aug 16 15:22:39.079104 n kernel: Bluetooth: hci0: Opcode 0x200b failed: -110
Aug 16 15:22:39.079115 n kernel: hci0: skb 00000000e069bc9b
Aug 16 15:22:39.079134 n kernel: hci0: state 1 -> 0
Aug 16 15:22:39.079144 n kernel: hci0: entry 00000000f01eaaf4
Aug 16 15:22:39.079156 n kernel: hci0: ADV monitoring is off
Aug 16 15:22:39.079171 n kernel: hci0: stopping background scanning
Aug 16 15:22:39.079183 n kernel: hci0: 
Aug 16 15:22:39.079204 n kernel: hci0: state 0 -> 1
Aug 16 15:22:39.079216 n kernel: hci0: 
Aug 16 15:22:39.079231 n kernel: hci0: entry 00000000fb78ffcd
Aug 16 15:22:39.079249 n kernel: hci0: type 7
Aug 16 15:22:39.079260 n kernel: hci0: 
Aug 16 15:22:39.079271 n kernel: hci0: cancelling interleave scan
Aug 16 15:22:39.079283 n kernel: hci0: Opcode 0x2005
Aug 16 15:22:39.079296 n kernel: hci0: opcode 0x2005 plen 6
Aug 16 15:22:39.079306 n kernel: hci0: skb len 9
Aug 16 15:22:39.079316 n kernel: hci0: length 1
Aug 16 15:22:39.079325 n kernel: hci0 cmd_cnt 0 cmd queued 2
Aug 16 15:22:41.126956 n kernel: Bluetooth: hci0: command 0x0406 tx timeout
Aug 16 15:22:41.127104 n kernel: hci0: end: err -110
Aug 16 15:22:41.127144 n kernel: Bluetooth: hci0: Opcode 0x2005 failed: -110
Aug 16 15:22:41.127174 n kernel: hci0: err 0x6e
Aug 16 15:22:41.127211 n kernel: hci0 cmd_cnt 1 cmd queued 2
Aug 16 15:22:41.127251 n kernel: hci0: Opcode 0x200b
Aug 16 15:22:41.127275 n kernel: hci0: opcode 0x200b plen 7
Aug 16 15:22:41.127298 n kernel: hci0: skb 000000005e01a9f3
Aug 16 15:22:41.127330 n kernel: hci0: skb len 10
Aug 16 15:22:41.127353 n kernel: hci0: length 1
Aug 16 15:22:41.127376 n kernel: hci0 cmd_cnt 0 cmd queued 2
Aug 16 15:22:43.174990 n kernel: hci0: end: err -110
Aug 16 15:22:43.175048 n kernel: Bluetooth: hci0: command 0x0406 tx timeout
Aug 16 15:22:43.175072 n kernel: Bluetooth: hci0: Opcode 0x200b failed: -110
Aug 16 15:22:43.175085 n kernel: hci0: err 0x6e
Aug 16 15:22:43.175097 n kernel: hci0 cmd_cnt 1 cmd queued 2
Aug 16 15:22:43.175107 n kernel: hci0: skb 00000000e66454cc
Aug 16 15:22:43.175119 n kernel: hci0: state 1 -> 0
Aug 16 15:22:43.175139 n kernel: hci0: entry 00000000f01eaaf4
Aug 16 15:22:43.175152 n kernel: hci0: ADV monitoring is off
Aug 16 15:22:43.175162 n kernel: hci0: stopping background scanning
Aug 16 15:22:43.175185 n kernel: hci0: 
Aug 16 15:22:43.175210 n kernel: hci0: state 0 -> 1
Aug 16 15:22:43.175222 n kernel: hci0: 
Aug 16 15:22:43.175231 n kernel: hci0: entry 00000000dc72e746
Aug 16 15:22:43.175245 n kernel: hci0: type 7
Aug 16 15:22:43.175263 n kernel: hci0: 
Aug 16 15:22:43.175276 n kernel: hci0: cancelling interleave scan
Aug 16 15:22:43.175286 n kernel: hci0: Opcode 0x2005
Aug 16 15:22:43.175296 n kernel: hci0: opcode 0x2005 plen 6
Aug 16 15:22:43.175308 n kernel: hci0: skb len 9
Aug 16 15:22:43.175320 n kernel: hci0: length 1
Aug 16 15:22:43.175332 n kernel: hci0 cmd_cnt 0 cmd queued 2
Aug 16 15:22:45.222936 n kernel: Bluetooth: hci0: command 0x0406 tx timeout
Aug 16 15:22:45.223044 n kernel: hci0: err 0x6e
Aug 16 15:22:45.223081 n kernel: hci0: end: err -110
Aug 16 15:22:45.223091 n kernel: Bluetooth: hci0: Opcode 0x2005 failed: -110
Aug 16 15:22:45.223105 n kernel: hci0 cmd_cnt 1 cmd queued 2
Aug 16 15:22:45.223133 n kernel: hci0: skb 000000008186d894
Aug 16 15:22:45.223157 n kernel: hci0: Opcode 0x200b
Aug 16 15:22:45.223172 n kernel: hci0: opcode 0x200b plen 7
Aug 16 15:22:45.223182 n kernel: hci0: skb len 10
Aug 16 15:22:45.223193 n kernel: hci0: length 1
Aug 16 15:22:45.223208 n kernel: hci0 cmd_cnt 0 cmd queued 2
Aug 16 15:22:47.271257 n kernel: hci0: end: err -110
Aug 16 15:22:47.271282 n kernel: Bluetooth: hci0: command 0x0406 tx timeout
Aug 16 15:22:47.271294 n kernel: hci0: err 0x6e
Aug 16 15:22:47.271304 n kernel: Bluetooth: hci0: Opcode 0x200b failed: -110
Aug 16 15:22:47.271313 n kernel: hci0 cmd_cnt 1 cmd queued 2
Aug 16 15:22:47.271323 n kernel: hci0: skb 000000000ec58e39
Aug 16 15:22:47.271337 n kernel: hci0: state 1 -> 0
Aug 16 15:22:47.271351 n kernel: hci0: entry 00000000f01eaaf4
Aug 16 15:22:47.271365 n kernel: hci0: ADV monitoring is off
Aug 16 15:22:47.271378 n kernel: hci0: stopping background scanning
Aug 16 15:22:47.271394 n kernel: hci0: 
Aug 16 15:22:47.271423 n kernel: hci0: 
Aug 16 15:22:47.271437 n kernel: hci0: entry 00000000b4f80cca
Aug 16 15:22:47.271453 n kernel: hci0: Opcode 0x0c1a
Aug 16 15:22:47.271478 n kernel: hci0: opcode 0x0c1a plen 1
Aug 16 15:22:47.271493 n kernel: hci0: skb len 4
Aug 16 15:22:47.271505 n kernel: hci0: length 1
Aug 16 15:22:47.271517 n kernel: hci0 cmd_cnt 0 cmd queued 2
Aug 16 15:22:47.271538 n kernel: hci0 removing AA:BB:CC:00:00:01
Aug 16 15:22:49.318892 n kernel: hci0: end: err -110
Aug 16 15:22:49.318940 n kernel: Bluetooth: hci0: Opcode 0x0c1a failed: -110
Aug 16 15:22:49.318972 n kernel: hci0: entry 000000001a3420f7
Aug 16 15:22:49.318993 n kernel: hci0: ADV monitoring is off
Aug 16 15:22:49.319001 n kernel: hci0: stopping background scanning
Aug 16 15:22:49.319017 n kernel: Bluetooth: hci0: command 0x0406 tx timeout
Aug 16 15:22:49.319033 n kernel: hci0: err 0x6e
Aug 16 15:22:49.319050 n kernel: hci0: 
Aug 16 15:22:49.319069 n kernel: hci0 cmd_cnt 1 cmd queued 2
Aug 16 15:22:49.319085 n kernel: hci0: skb 0000000021a0b100
Aug 16 15:22:51.366905 n kernel: Bluetooth: hci0: command 0x0406 tx timeout
Aug 16 15:22:51.367014 n kernel: hci0: err 0x6e
Aug 16 15:22:51.367027 n kernel: hci0 cmd_cnt 1 cmd queued 1
Aug 16 15:22:51.367045 n kernel: hci0: skb 00000000f8cfa3f4
Aug 16 15:22:53.414912 n kernel: Bluetooth: hci0: command 0x0406 tx timeout
Aug 16 15:22:53.415017 n kernel: hci0: err 0x6e
Aug 16 15:22:53.415039 n kernel: hci0 cmd_cnt 1 cmd queued 0
Aug 16 15:22:58.731901 n kernel: hci0: 
Aug 16 15:22:58.731910 n kernel: hci0: entry 0000000080782e10
Aug 16 15:22:58.731926 n kernel: hci0: ADV monitoring is off
Aug 16 15:22:58.731938 n kernel: hci0: stopping background scanning
Aug 16 15:22:58.731960 n kernel: hci0: 
Aug 16 15:22:58.731971 n kernel: hci0: entry 00000000d08e6c16
Aug 16 15:22:58.731983 n kernel: hci0: Opcode 0x0c3a
Aug 16 15:22:58.731994 n kernel: hci0: opcode 0x0c3a plen 4
Aug 16 15:22:58.732004 n kernel: hci0: skb len 7
Aug 16 15:22:58.732015 n kernel: hci0: length 1
Aug 16 15:22:58.732025 n kernel: hci0 cmd_cnt 1 cmd queued 1
Aug 16 15:22:58.732037 n kernel: hci0: skb 0000000052047e89
Aug 16 15:23:00.774926 n kernel: Bluetooth: hci0: command 0x0406 tx timeout
Aug 16 15:23:00.774999 n kernel: hci0: end: err -110
Aug 16 15:23:00.775018 n kernel: Bluetooth: hci0: Opcode 0x0c3a failed: -110
Aug 16 15:23:00.775040 n kernel: hci0: err 0x6e
Aug 16 15:23:00.775059 n kernel: hci0 cmd_cnt 1 cmd queued 0
Aug 16 15:23:00.775132 n kernel: hci0: state 0 -> 1
Aug 16 15:23:00.775163 n kernel: hci0: 
Aug 16 15:23:00.775187 n kernel: hci0: entry 0000000080782e10
Aug 16 15:23:00.775213 n kernel: hci0: type 7
Aug 16 15:23:00.775232 n kernel: hci0: 
Aug 16 15:23:00.775244 n kernel: hci0: cancelling interleave scan
Aug 16 15:23:00.775254 n kernel: hci0: Opcode 0x2005
Aug 16 15:23:00.775271 n kernel: hci0: opcode 0x2005 plen 6
Aug 16 15:23:00.775281 n kernel: hci0: skb len 9
Aug 16 15:23:00.775289 n kernel: hci0: length 1
Aug 16 15:23:00.775301 n kernel: hci0 cmd_cnt 1 cmd queued 1
Aug 16 15:23:00.775314 n kernel: hci0: skb 000000000e9f50cd
Aug 16 15:23:02.822936 n kernel: hci0: end: err -110
Aug 16 15:23:02.823030 n kernel: Bluetooth: hci0: command 0x0406 tx timeout
Aug 16 15:23:02.823059 n kernel: Bluetooth: hci0: Opcode 0x2005 failed: -110
Aug 16 15:23:02.823122 n kernel: hci0: err 0x6e
Aug 16 15:23:02.823143 n kernel: hci0: Opcode 0x200b
Aug 16 15:23:02.823172 n kernel: hci0 cmd_cnt 1 cmd queued 0
Aug 16 15:23:02.823216 n kernel: hci0: opcode 0x200b plen 7
Aug 16 15:23:02.823239 n kernel: hci0: skb len 10
Aug 16 15:23:02.823260 n kernel: hci0: length 1
Aug 16 15:23:02.823283 n kernel: hci0 cmd_cnt 1 cmd queued 1
Aug 16 15:23:02.823294 n kernel: hci0: skb 0000000026696824
Aug 16 15:23:04.871423 n kernel: Bluetooth: hci0: command 0x0406 tx timeout
Aug 16 15:23:04.871467 n kernel: hci0: err 0x6e
Aug 16 15:23:04.871489 n kernel: hci0 cmd_cnt 1 cmd queued 0
Aug 16 15:23:04.871497 n kernel: hci0: end: err -110
Aug 16 15:23:04.871515 n kernel: Bluetooth: hci0: Opcode 0x200b failed: -110
Aug 16 15:23:04.871525 n kernel: hci0: state 1 -> 0
Aug 16 15:23:04.871535 n kernel: hci0: entry 000000003855172a
Aug 16 15:23:04.871553 n kernel: hci0: ADV monitoring is off
Aug 16 15:23:04.871564 n kernel: hci0: stopping background scanning
Aug 16 15:23:04.871579 n kernel: hci0: 
Aug 16 15:23:27.472054 n kernel: hci0: 
Aug 16 15:23:27.472084 n kernel: hci0: entry 00000000336d11f2
Aug 16 15:23:27.472101 n kernel: hci0: ADV monitoring is off
Aug 16 15:23:27.472131 n kernel: hci0: stopping background scanning
Aug 16 15:23:32.818909 n kernel: hci0: 
Aug 16 15:23:32.818918 n kernel: hci0: entry 00000000908542c9
Aug 16 15:23:32.818931 n kernel: hci0: ADV monitoring is off
Aug 16 15:23:32.818947 n kernel: hci0: stopping background scanning
Aug 16 15:23:32.818968 n kernel: hci0: 
Aug 16 15:23:32.818979 n kernel: hci0: entry 00000000fa00e6f5
Aug 16 15:23:32.819000 n kernel: hci0: Opcode 0x0c3a
Aug 16 15:23:32.819018 n kernel: hci0: opcode 0x0c3a plen 4
Aug 16 15:23:32.819031 n kernel: hci0: skb len 7
Aug 16 15:23:32.819043 n kernel: hci0: length 1
Aug 16 15:23:32.819056 n kernel: hci0 cmd_cnt 1 cmd queued 1
Aug 16 15:23:32.819072 n kernel: hci0: skb 000000009059ad5e
Aug 16 15:23:34.822895 n kernel: Bluetooth: hci0: command 0x0406 tx timeout
Aug 16 15:23:34.822949 n kernel: hci0: err 0x6e
Aug 16 15:23:34.822973 n kernel: hci0: end: err -110
Aug 16 15:23:34.822992 n kernel: hci0 cmd_cnt 1 cmd queued 0
Aug 16 15:23:34.823008 n kernel: Bluetooth: hci0: Opcode 0x0c3a failed: -110
Aug 16 15:23:34.823051 n kernel: hci0: state 0 -> 1
Aug 16 15:23:34.823067 n kernel: hci0: 
Aug 16 15:23:34.823078 n kernel: hci0: entry 000000009a612c08
Aug 16 15:23:34.823101 n kernel: hci0: type 7
Aug 16 15:23:34.823118 n kernel: hci0: 
Aug 16 15:23:34.823136 n kernel: hci0: cancelling interleave scan
Aug 16 15:23:34.823153 n kernel: hci0: Opcode 0x2005
Aug 16 15:23:34.823186 n kernel: hci0: opcode 0x2005 plen 6
Aug 16 15:23:34.823209 n kernel: hci0: skb len 9
Aug 16 15:23:34.823230 n kernel: hci0: length 1
Aug 16 15:23:34.823247 n kernel: hci0 cmd_cnt 1 cmd queued 1
Aug 16 15:23:34.823266 n kernel: hci0: skb 0000000083e03afc
Aug 16 15:23:36.870899 n kernel: Bluetooth: hci0: command 0x0406 tx timeout
Aug 16 15:23:36.870982 n kernel: hci0: end: err -110
Aug 16 15:23:36.871001 n kernel: hci0: err 0x6e
Aug 16 15:23:36.871035 n kernel: Bluetooth: hci0: Opcode 0x2005 failed: -110
Aug 16 15:23:36.871065 n kernel: hci0 cmd_cnt 1 cmd queued 0
Aug 16 15:23:36.871085 n kernel: hci0: Opcode 0x200b
Aug 16 15:23:36.871104 n kernel: hci0: opcode 0x200b plen 7
Aug 16 15:23:36.871118 n kernel: hci0: skb len 10
Aug 16 15:23:36.871145 n kernel: hci0: length 1
Aug 16 15:23:36.871166 n kernel: hci0 cmd_cnt 1 cmd queued 1
Aug 16 15:23:36.871179 n kernel: hci0: skb 00000000d26016b2
Aug 16 15:23:38.918901 n kernel: Bluetooth: hci0: command 0x0406 tx timeout
Aug 16 15:23:38.918994 n kernel: hci0: end: err -110
Aug 16 15:23:38.919029 n kernel: hci0: err 0x6e
Aug 16 15:23:38.919045 n kernel: Bluetooth: hci0: Opcode 0x200b failed: -110
Aug 16 15:23:38.919063 n kernel: hci0 cmd_cnt 1 cmd queued 0
Aug 16 15:23:38.919076 n kernel: hci0: state 1 -> 0
Aug 16 15:23:38.919091 n kernel: hci0: entry 00000000cd886e52
Aug 16 15:23:38.919112 n kernel: hci0: ADV monitoring is off
Aug 16 15:23:38.919138 n kernel: hci0: stopping background scanning
Aug 16 15:23:38.919156 n kernel: hci0: 
