Sep 16 12:32:48.110800 n kernel: hci0: dst AA:BB:CC:00:00:01
Sep 16 12:32:48.110819 n kernel: hci0: dst AA:BB:CC:00:00:01 handle 0x0f00
Sep 16 12:32:48.110840 n kernel: hci0: parent 000000006d37497c hcon 000000001a0d2947
Sep 16 12:32:48.110880 n kernel: hci0: hcon 000000001a0d2947
Sep 16 12:32:48.110908 n kernel: hci0 opcode 0x0428 plen 17
Sep 16 12:32:48.110938 n kernel: hci0: skb len 20
Sep 16 12:32:48.110966 n kernel: hci0 cmd_cnt 1 cmd queued 1
Sep 16 12:32:48.110997 n kernel: hci0: skb 000000000e246488
Sep 16 12:32:48.194697 n kernel: hci0: hcon 000000001a0d2947 handle 0x0003
Sep 16 12:32:48.194798 n kernel: hci0 evt 5
Sep 16 12:32:48.197690 n kernel: hci0
Sep 16 12:32:48.197780 n kernel: hci0
Sep 16 12:32:48.243751 n kernel: hci0 cmd_cnt 1 cmd queued 1
Sep 16 12:32:48.243765 n kernel: hci0: skb 00000000e3a78221
Sep 16 12:32:50.257681 n kernel: Bluetooth: hci0: command tx timeout
Sep 16 12:32:50.257741 n kernel: hci0 cmd_cnt 1 cmd queued 0
Sep 16 12:33:00.580760 n kernel: hci0: handle 0x03 reason 0x13
Sep 16 12:33:00.580769 n kernel: hci0: 
Sep 16 12:33:00.580777 n kernel: hci0: entry 000000005ffff151
Sep 16 12:33:00.580784 n kernel: hci0: Opcode 0x0406
Sep 16 12:33:00.580792 n kernel: hci0: opcode 0x0406 plen 3
Sep 16 12:33:00.580799 n kernel: hci0: skb len 6
Sep 16 12:33:00.580807 n kernel: hci0: length 1
Sep 16 12:33:00.580814 n kernel: hci0 cmd_cnt 1 cmd queued 1
Sep 16 12:33:00.580821 n kernel: hci0: skb 00000000a8cce49a
Sep 16 12:33:02.608700 n kernel: Bluetooth: hci0: command 0x0406 tx timeout
Sep 16 12:33:02.608757 n kernel: hci0: end: err -110
Sep 16 12:33:02.608774 n kernel: hci0: err 0x6e
Sep 16 12:33:02.608787 n kernel: hci0: status 0x13
Sep 16 12:33:02.608798 n kernel: hci0 cmd_cnt 1 cmd queued 0
Sep 16 12:33:02.608810 n kernel: hci0 hcon 000000001a0d2947 handle 3
Sep 16 12:33:02.608822 n kernel: hci0: hcon 000000001a0d2947
Sep 16 12:33:02.622791 n kernel: hci0 evt 6
Sep 16 12:33:03.065705 n kernel: hci0: 
Sep 16 12:33:03.065715 n kernel: hci0: entry 00000000042d67e4
Sep 16 12:33:03.065724 n kernel: hci0: handle 0x02 reason 0x13
Sep 16 12:33:03.065733 n kernel: hci0: Opcode 0x0406
Sep 16 12:33:03.065742 n kernel: hci0: opcode 0x0406 plen 3
Sep 16 12:33:03.065755 n kernel: hci0: skb len 6
Sep 16 12:33:03.065765 n kernel: hci0: length 1
Sep 16 12:33:03.065773 n kernel: hci0 cmd_cnt 1 cmd queued 1
Sep 16 12:33:03.065782 n kernel: hci0: skb 00000000fb197889
Sep 16 12:33:05.104698 n kernel: hci0: end: err -110
Sep 16 12:33:05.104725 n kernel: Bluetooth: hci0: command 0x0406 tx timeout
Sep 16 12:33:05.104742 n kernel: hci0: err 0x6e
Sep 16 12:33:05.104758 n kernel: hci0 cmd_cnt 1 cmd queued 0
Sep 16 12:33:05.104773 n kernel: hci0: status 0x13
Sep 16 12:33:05.104787 n kernel: hci0 hcon 000000006d37497c chan 000000004d64f164
Sep 16 12:33:05.117686 n kernel: hci0 hcon 000000006d37497c handle 2
Sep 16 12:33:05.117715 n kernel: hci0: hcon 000000006d37497c
Sep 16 12:33:05.136725 n kernel: hci0 evt 2
Sep 16 12:33:05.136791 n kernel: hci0: 
Sep 16 12:33:05.136800 n kernel: hci0: entry 000000003b1aa4ff
Sep 16 12:33:05.136810 n kernel: hci0: Opcode 0x0c1a
Sep 16 12:33:05.136819 n kernel: hci0: opcode 0x0c1a plen 1
Sep 16 12:33:05.136827 n kernel: hci0: skb len 4
Sep 16 12:33:05.136836 n kernel: hci0: length 1
Sep 16 12:33:05.136846 n kernel: hci0 cmd_cnt 1 cmd queued 1
Sep 16 12:33:05.136855 n kernel: hci0: skb 0000000013116643
Sep 16 12:33:07.152693 n kernel: hci0: end: err -110
Sep 16 12:33:07.152719 n kernel: Bluetooth: hci0: Opcode 0x0c1a failed: -110
Sep 16 12:33:07.152731 n kernel: Bluetooth: hci0: command 0x0406 tx timeout
Sep 16 12:33:07.152741 n kernel: hci0: err 0x6e
Sep 16 12:33:07.152752 n kernel: hci0 cmd_cnt 1 cmd queued 0
Sep 16 12:33:07.152783 n kernel: hci0: 
Sep 16 12:33:07.152793 n kernel: hci0: entry 000000004ae2629e
Sep 16 12:33:07.152801 n kernel: hci0: Opcode 0x0c3a
Sep 16 12:33:07.152810 n kernel: hci0: opcode 0x0c3a plen 4
Sep 16 12:33:07.152819 n kernel: hci0: skb len 7
Sep 16 12:33:07.152828 n kernel: hci0: length 1
Sep 16 12:33:07.152837 n kernel: hci0 cmd_cnt 1 cmd queued 1
Sep 16 12:33:07.152846 n kernel: hci0: skb 000000009e522727
Sep 16 12:33:07.729687 n kernel: Bluetooth: hci0: setting interface failed (110)
Sep 16 12:33:09.200697 n kernel: Bluetooth: hci0: command 0x0406 tx timeout
Sep 16 12:33:09.200747 n kernel: hci0: end: err -110
Sep 16 12:33:09.200761 n kernel: hci0: err 0x6e
Sep 16 12:33:09.200776 n kernel: Bluetooth: hci0: Opcode 0x0c3a failed: -110
Sep 16 12:33:09.200788 n kernel: hci0 cmd_cnt 1 cmd queued 0
Sep 16 12:33:09.200815 n kernel: hci0: state 0 -> 1
Sep 16 12:33:09.200902 n kernel: hci0: 
Sep 16 12:33:09.200913 n kernel: hci0: entry 00000000f18f42d6
Sep 16 12:33:09.200923 n kernel: hci0: type 7
Sep 16 12:33:09.200935 n kernel: hci0: 
Sep 16 12:33:09.200946 n kernel: hci0: cancelling interleave scan
Sep 16 12:33:09.200955 n kernel: hci0: Opcode 0x2005
Sep 16 12:33:09.200965 n kernel: hci0: opcode 0x2005 plen 6
Sep 16 12:33:09.200973 n kernel: hci0: skb len 9
Sep 16 12:33:09.200980 n kernel: hci0: length 1
Sep 16 12:33:09.200988 n kernel: hci0 cmd_cnt 1 cmd queued 1
Sep 16 12:33:09.200996 n kernel: hci0: skb 0000000078ea35af
Sep 16 12:33:11.248702 n kernel: Bluetooth: hci0: command 0x0406 tx timeout
Sep 16 12:33:11.248774 n kernel: hci0: end: err -110
Sep 16 12:33:11.248787 n kernel: hci0: err 0x6e
Sep 16 12:33:11.248796 n kernel: hci0 cmd_cnt 1 cmd queued 0
Sep 16 12:33:11.248805 n kernel: Bluetooth: hci0: Opcode 0x2005 failed: -110
Sep 16 12:33:11.248814 n kernel: hci0: Opcode 0x200b
Sep 16 12:33:11.248823 n kernel: hci0: opcode 0x200b plen 7
Sep 16 12:33:11.248834 n kernel: hci0: skb len 10
Sep 16 12:33:11.248914 n kernel: hci0: length 1
Sep 16 12:33:11.248925 n kernel: hci0 cmd_cnt 1 cmd queued 1
Sep 16 12:33:11.248933 n kernel: hci0: skb 00000000194ee7f7
Sep 16 12:33:13.296682 n kernel: Bluetooth: hci0: command 0x0406 tx timeout
Sep 16 12:33:13.296704 n kernel: hci0: err 0x6e
Sep 16 12:33:13.296713 n kernel: hci0 cmd_cnt 1 cmd queued 0
Sep 16 12:33:13.296721 n kernel: hci0: end: err -110
Sep 16 12:33:13.296729 n kernel: Bluetooth: hci0: Opcode 0x200b failed: -110
Sep 16 12:33:13.296737 n kernel: hci0: state 1 -> 0
Sep 16 12:33:13.296744 n kernel: hci0: entry 00000000d7c24f83
Sep 16 12:33:13.296751 n kernel: hci0: ADV monitoring is off
Sep 16 12:33:13.296759 n kernel: hci0: stopping background scanning
Sep 16 12:33:13.296767 n kernel: hci0: 
Sep 16 12:33:13.296784 n kernel: hci0: state 0 -> 1
Sep 16 12:33:13.296791 n kernel: hci0: 
Sep 16 12:33:13.296798 n kernel: hci0: entry 00000000fd8af7bd
Sep 16 12:33:13.296806 n kernel: hci0: type 7
Sep 16 12:33:13.296816 n kernel: hci0: 
Sep 16 12:33:13.296824 n kernel: hci0: cancelling interleave scan
Sep 16 12:33:13.296832 n kernel: hci0: Opcode 0x2005
Sep 16 12:33:13.296839 n kernel: hci0: opcode 0x2005 plen 6
Sep 16 12:33:13.296847 n kernel: hci0: skb len 9
Sep 16 12:33:13.296854 n kernel: hci0: length 1
Sep 16 12:33:13.296862 n kernel: hci0 cmd_cnt 1 cmd queued 1
Sep 16 12:33:13.296870 n kernel: hci0: skb 00000000f76b9aaf
Sep 16 12:33:15.344691 n kernel: Bluetooth: hci0: command 0x0406 tx timeout
Sep 16 12:33:15.344758 n kernel: hci0: err 0x6e
Sep 16 12:33:15.344770 n kernel: hci0: end: err -110
Sep 16 12:33:15.344780 n kernel: hci0 cmd_cnt 1 cmd queued 0
Sep 16 12:33:15.344790 n kernel: Bluetooth: hci0: Opcode 0x2005 failed: -110
Sep 16 12:33:15.344800 n kernel: hci0: Opcode 0x200b
Sep 16 12:33:15.344810 n kernel: hci0: opcode 0x200b plen 7
Sep 16 12:33:15.344820 n kernel: hci0: skb len 10
Sep 16 12:33:15.344830 n kernel: hci0: length 1
Sep 16 12:33:15.344840 n kernel: hci0 cmd_cnt 1 cmd queued 1
Sep 16 12:33:15.344850 n kernel: hci0: skb 00000000d50c100e
Sep 16 12:33:17.392683 n kernel: Bluetooth: hci0: command 0x0406 tx timeout
Sep 16 12:33:17.392717 n kernel: hci0: end: err -110
Sep 16 12:33:17.392727 n kernel: hci0: err 0x6e
Sep 16 12:33:17.392734 n kernel: hci0 cmd_cnt 1 cmd queued 0
Sep 16 12:33:17.392742 n kernel: Bluetooth: hci0: Opcode 0x200b failed: -110
Sep 16 12:33:17.392750 n kernel: hci0: state 1 -> 0
Sep 16 12:33:17.392757 n kernel: hci0: entry 00000000d7c24f83
Sep 16 12:33:17.392765 n kernel: hci0: ADV monitoring is off
Sep 16 12:33:17.392774 n kernel: hci0: stopping background scanning
Sep 16 12:33:17.392781 n kernel: hci0: 
