Sep 17 16:51:16.877779 n kernel: hci0: dst AA:BB:CC:00:00:01
Sep 17 16:51:16.877796 n kernel: hci0: dst AA:BB:CC:00:00:01 handle 0x0f00
Sep 17 16:51:16.877813 n kernel: hci0: parent 0000000040a73d83 hcon 00000000877cb3ab
Sep 17 16:51:16.877832 n kernel: hci0 opcode 0x0804 plen 2
Sep 17 16:51:16.877852 n kernel: hci0: skb len 5
Sep 17 16:51:16.877889 n kernel: hci0 cmd_cnt 1 cmd queued 1
Sep 17 16:51:16.877916 n kernel: hci0: skb 00000000fe805e98
Sep 17 16:51:16.907802 n kernel: hci0: hcon 00000000877cb3ab
Sep 17 16:51:16.907835 n kernel: hci0 opcode 0x0428 plen 17
Sep 17 16:51:16.907856 n kernel: hci0: skb len 20
Sep 17 16:51:16.907889 n kernel: hci0 cmd_cnt 1 cmd queued 1
Sep 17 16:51:16.907912 n kernel: hci0: skb 00000000e5bc95b8
Sep 17 16:51:17.081678 n kernel: hci0: hcon 00000000877cb3ab handle 0x0008
Sep 17 16:51:17.081780 n kernel: hci0 evt 5
Sep 17 16:51:17.084641 n kernel: hci0
Sep 17 16:51:17.084698 n kernel: hci0
Sep 17 16:51:26.731683 n kernel: hci0: handle 0x08 reason 0x13
Sep 17 16:51:26.731694 n kernel: hci0: 
Sep 17 16:51:26.731723 n kernel: hci0: entry 00000000e284012c
Sep 17 16:51:26.731733 n kernel: hci0: Opcode 0x0406
Sep 17 16:51:26.731743 n kernel: hci0: opcode 0x0406 plen 3
Sep 17 16:51:26.731760 n kernel: hci0: skb len 6
Sep 17 16:51:26.731780 n kernel: hci0: length 1
Sep 17 16:51:26.731793 n kernel: hci0 cmd_cnt 1 cmd queued 1
Sep 17 16:51:26.731809 n kernel: hci0: skb 00000000e6aef4ee
Sep 17 16:51:28.781675 n kernel: Bluetooth: hci0: command 0x0406 tx timeout
Sep 17 16:51:28.781941 n kernel: hci0: err 0x6e
Sep 17 16:51:28.782008 n kernel: hci0 cmd_cnt 1 cmd queued 0
Sep 17 16:51:28.782038 n kernel: hci0: end: err -110
Sep 17 16:51:28.782074 n kernel: hci0: status 0x13
Sep 17 16:51:28.782101 n kernel: hci0 hcon 00000000877cb3ab handle 8
Sep 17 16:51:28.782129 n kernel: hci0: hcon 00000000877cb3ab
Sep 17 16:51:28.797755 n kernel: hci0 evt 6
Sep 17 16:51:33.967673 n kernel: Bluetooth: hci0: setting interface failed (110)
Sep 17 17:25:28.979807 n kernel: hci0: dst AA:BB:CC:00:00:01
Sep 17 17:25:28.979833 n kernel: hci0: dst AA:BB:CC:00:00:01 handle 0x0f00
Sep 17 17:25:28.979854 n kernel: hci0: parent 0000000040a73d83 hcon 00000000a4392b91
Sep 17 17:25:28.979919 n kernel: hci0: hcon 00000000a4392b91
Sep 17 17:25:28.979940 n kernel: hci0 opcode 0x0428 plen 17
Sep 17 17:25:28.979962 n kernel: hci0: skb len 20
Sep 17 17:25:28.979974 n kernel: hci0 cmd_cnt 1 cmd queued 1
Sep 17 17:25:28.980004 n kernel: hci0: skb 00000000502d52dd
Sep 17 17:25:31.021748 n kernel: Bluetooth: hci0: command 0x0406 tx timeout
Sep 17 17:25:31.021899 n kernel: hci0: err 0x6e
Sep 17 17:25:31.021921 n kernel: hci0 cmd_cnt 1 cmd queued 0
Sep 17 17:25:45.778695 n kernel: hci0: handle 0xf00 reason 0x13
Sep 17 17:25:45.778710 n kernel: hci0: 
Sep 17 17:25:45.778738 n kernel: hci0: entry 000000007581ebc4
Sep 17 17:25:45.778756 n kernel: hci0: Opcode 0x0408
Sep 17 17:25:45.778778 n kernel: hci0: opcode 0x0408 plen 6
Sep 17 17:25:45.778803 n kernel: hci0: skb len 9
Sep 17 17:25:45.778829 n kernel: hci0: length 1
Sep 17 17:25:45.778845 n kernel: hci0 cmd_cnt 1 cmd queued 1
Sep 17 17:25:45.778864 n kernel: hci0: skb 00000000307f9f0f
Sep 17 17:25:47.789651 n kernel: hci0: end: err -110
Sep 17 17:25:47.789750 n kernel: Bluetooth: hci0: command 0x0406 tx timeout
Sep 17 17:25:47.789782 n kernel: hci0: status 0x13
Sep 17 17:25:47.789796 n kernel: hci0: err 0x6e
Sep 17 17:25:47.789813 n kernel: hci0 cmd_cnt 1 cmd queued 0
Sep 17 17:25:47.789830 n kernel: hci0 hcon 00000000a4392b91 handle 3840
Sep 17 17:25:47.789843 n kernel: hci0: hcon 00000000a4392b91
Sep 17 17:25:47.805720 n kernel: hci0 evt 6
Sep 17 17:25:47.957707 n kernel: hci0: 
Sep 17 17:25:47.957724 n kernel: hci0: entry 00000000509ec12d
Sep 17 17:25:47.957745 n kernel: hci0: handle 0x07 reason 0x13
Sep 17 17:25:47.957758 n kernel: hci0: Opcode 0x0406
Sep 17 17:25:47.957785 n kernel: hci0: opcode 0x0406 plen 3
Sep 17 17:25:47.957799 n kernel: hci0: skb len 6
Sep 17 17:25:47.957817 n kernel: hci0: length 1
Sep 17 17:25:47.957831 n kernel: hci0 cmd_cnt 1 cmd queued 1
Sep 17 17:25:47.957848 n kernel: hci0: skb 00000000dc2d5731
Sep 17 17:25:49.965648 n kernel: Bluetooth: hci0: command 0x0406 tx timeout
Sep 17 17:25:49.965686 n kernel: hci0: err 0x6e
Sep 17 17:25:49.965707 n kernel: hci0 cmd_cnt 1 cmd queued 0
Sep 17 17:25:49.965731 n kernel: hci0: end: err -110
Sep 17 17:25:49.965748 n kernel: hci0: status 0x13
Sep 17 17:25:49.965768 n kernel: hci0 hcon 0000000040a73d83 chan 000000008cfd8253
Sep 17 17:25:49.978649 n kernel: hci0 hcon 0000000040a73d83 handle 7
Sep 17 17:25:49.978711 n kernel: hci0: hcon 0000000040a73d83
Sep 17 17:25:49.992708 n kernel: hci0 evt 2
Sep 17 17:26:00.294660 n kernel: hci0: 
Sep 17 17:26:00.294676 n kernel: hci0: entry 00000000aeff36e8
Sep 17 17:26:00.294691 n kernel: hci0: Opcode 0x0c1a
Sep 17 17:26:00.294714 n kernel: hci0: opcode 0x0c1a plen 1
Sep 17 17:26:00.294732 n kernel: hci0: skb len 4
Sep 17 17:26:00.294747 n kernel: hci0: length 1
Sep 17 17:26:00.294757 n kernel: hci0 cmd_cnt 1 cmd queued 1
Sep 17 17:26:00.294770 n kernel: hci0: skb 000000001ebc7ed8
Sep 17 17:26:02.317221 n kernel: hci0: end: err -110
Sep 17 17:26:02.317245 n kernel: Bluetooth: hci0: command 0x0406 tx timeout
Sep 17 17:26:02.317255 n kernel: Bluetooth: hci0: Opcode 0x0c1a failed: -110
Sep 17 17:26:02.317276 n kernel: hci0: err 0x6e
Sep 17 17:26:02.317291 n kernel: hci0 cmd_cnt 1 cmd queued 0
Sep 17 17:26:02.317331 n kernel: hci0: 
Sep 17 17:26:02.317351 n kernel: hci0: entry 000000003ecebb90
Sep 17 17:26:02.317368 n kernel: hci0: Opcode 0x0c3a
Sep 17 17:26:02.317382 n kernel: hci0: opcode 0x0c3a plen 4
Sep 17 17:26:02.317394 n kernel: hci0: skb len 7
Sep 17 17:26:02.317413 n kernel: hci0: length 1
Sep 17 17:26:02.317426 n kernel: hci0 cmd_cnt 1 cmd queued 1
Sep 17 17:26:02.317441 n kernel: hci0: skb 00000000519bccab
Sep 17 17:26:04.365659 n kernel: hci0: end: err -110
Sep 17 17:26:04.365705 n kernel: Bluetooth: hci0: Opcode 0x0c3a failed: -110
Sep 17 17:26:04.365755 n kernel: hci0: state 0 -> 1
Sep 17 17:26:04.365766 n kernel: hci0: 
Sep 17 17:26:04.365777 n kernel: hci0: entry 00000000b467d49e
Sep 17 17:26:04.365790 n kernel: hci0: type 7
Sep 17 17:26:04.365799 n kernel: hci0: 
Sep 17 17:26:04.365810 n kernel: hci0: cancelling interleave scan
Sep 17 17:26:04.365824 n kernel: hci0: Opcode 0x2005
Sep 17 17:26:04.365836 n kernel: hci0: opcode 0x2005 plen 6
Sep 17 17:26:04.365851 n kernel: hci0: skb len 9
Sep 17 17:26:04.365861 n kernel: hci0: length 1
Sep 17 17:26:04.365873 n kernel: hci0 cmd_cnt 0 cmd queued 1
Sep 17 17:26:04.365888 n kernel: Bluetooth: hci0: command 0x0406 tx timeout
Sep 17 17:26:04.365896 n kernel: hci0: err 0x6e
Sep 17 17:26:04.365905 n kernel: hci0 cmd_cnt 1 cmd queued 1
Sep 17 17:26:04.365912 n kernel: hci0: skb 000000006f0bc2bf
Sep 17 17:26:04.365925 n kernel: hci0: end: err -110
Sep 17 17:26:04.365934 n kernel: Bluetooth: hci0: Opcode 0x2005 failed: -110
Sep 17 17:26:04.365948 n kernel: hci0: Opcode 0x200b
Sep 17 17:26:04.365970 n kernel: hci0: opcode 0x200b plen 7
Sep 17 17:26:04.365977 n kernel: hci0: skb len 10
Sep 17 17:26:04.365989 n kernel: hci0: length 1
Sep 17 17:26:04.366004 n kernel: hci0 cmd_cnt 0 cmd queued 1
Sep 17 17:26:06.413644 n kernel: Bluetooth: hci0: command 0x0406 tx timeout
Sep 17 17:26:06.413693 n kernel: hci0: end: err -110
Sep 17 17:26:06.413703 n kernel: Bluetooth: hci0: Opcode 0x200b failed: -110
Sep 17 17:26:06.413719 n kernel: hci0: err 0x6e
Sep 17 17:26:06.413732 n kernel: hci0 cmd_cnt 1 cmd queued 1
Sep 17 17:26:06.413750 n kernel: hci0: skb 0000000019df4921
Sep 17 17:26:06.413770 n kernel: hci0: state 1 -> 0
Sep 17 17:26:06.413783 n kernel: hci0: entry 00000000ec29ec01
Sep 17 17:26:06.413794 n kernel: hci0: ADV monitoring is off
Sep 17 17:26:06.413812 n kernel: hci0: stopping background scanning
Sep 17 17:26:06.413824 n kernel: hci0: 
Sep 17 17:26:08.462681 n kernel: Bluetooth: hci0: command 0x0406 tx timeout
Sep 17 17:26:08.462785 n kernel: hci0: err 0x6e
Sep 17 17:26:08.462817 n kernel: hci0 cmd_cnt 1 cmd queued 0
Sep 17 17:26:15.588711 n kernel: hci0: 
Sep 17 17:26:15.588735 n kernel: hci0: entry 00000000edcc2194
Sep 17 17:26:15.588752 n kernel: hci0: Opcode 0x0c1a
Sep 17 17:26:15.588774 n kernel: hci0: opcode 0x0c1a plen 1
Sep 17 17:26:15.588793 n kernel: hci0: skb len 4
Sep 17 17:26:15.588805 n kernel: hci0: length 1
Sep 17 17:26:15.588820 n kernel: hci0 cmd_cnt 1 cmd queued 1
Sep 17 17:26:15.588836 n kernel: hci0: skb 000000008d285dbd
Sep 17 17:26:17.613668 n kernel: Bluetooth: hci0: command 0x0406 tx timeout
Sep 17 17:26:17.613714 n kernel: hci0: end: err -110
Sep 17 17:26:17.613738 n kernel: hci0: err 0x6e
Sep 17 17:26:17.613753 n kernel: Bluetooth: hci0: Opcode 0x0c1a failed: -110
Sep 17 17:26:17.613769 n kernel: hci0 cmd_cnt 1 cmd queued 0
Sep 17 17:26:20.533716 n kernel: hci0: dst AA:BB:CC:00:00:01
Sep 17 17:26:20.533740 n kernel: hci0: dst AA:BB:CC:00:00:01 handle 0x0f00
Sep 17 17:26:20.533759 n kernel: hci0 evt 1
Sep 17 17:26:20.533787 n kernel: hci0 hcon 000000000907b384
Sep 17 17:26:20.533803 n kernel: hci0: 
Sep 17 17:26:20.533818 n kernel: hci0: entry 00000000c9332987
Sep 17 17:26:20.533851 n kernel: hci0: Opcode 0x0405
Sep 17 17:26:20.533864 n kernel: hci0: opcode 0x0405 plen 13
Sep 17 17:26:20.533879 n kernel: hci0: skb len 16
Sep 17 17:26:20.533891 n kernel: hci0: length 1
Sep 17 17:26:20.533904 n kernel: hci0 cmd_cnt 1 cmd queued 1
Sep 17 17:26:20.533915 n kernel: hci0: skb 00000000ebb99176
Sep 17 17:26:22.541690 n kernel: Bluetooth: hci0: command 0x0406 tx timeout
Sep 17 17:26:22.541889 n kernel: hci0: err 0x6e
Sep 17 17:26:22.541930 n kernel: hci0 cmd_cnt 1 cmd queued 0
Sep 17 17:26:22.541956 n kernel: hci0: end: err -110
Sep 17 17:27:02.862249 n kernel: hci0: handle 0xf00 reason 0x13
Sep 17 17:27:02.862270 n kernel: hci0: 
Sep 17 17:27:02.862291 n kernel: hci0: entry 00000000559ed38e
Sep 17 17:27:02.862308 n kernel: hci0: Opcode 0x0408
Sep 17 17:27:02.862316 n kernel: hci0: opcode 0x0408 plen 6
Sep 17 17:27:02.862329 n kernel: hci0: skb len 9
Sep 17 17:27:02.862352 n kernel: hci0: length 1
Sep 17 17:27:02.862365 n kernel: hci0 cmd_cnt 1 cmd queued 1
Sep 17 17:27:02.862381 n kernel: hci0: skb 00000000c6821965
Sep 17 17:27:04.909652 n kernel: hci0: end: err -110
Sep 17 17:27:04.909690 n kernel: hci0: status 0x13
Sep 17 17:27:04.909709 n kernel: Bluetooth: hci0: command 0x0406 tx timeout
Sep 17 17:27:04.909723 n kernel: hci0: err 0x6e
Sep 17 17:27:04.909736 n kernel: hci0 cmd_cnt 1 cmd queued 0
Sep 17 17:27:04.909757 n kernel: hci0 hcon 000000000907b384 chan 0000000075733124
Sep 17 17:27:04.916642 n kernel: hci0 hcon 000000000907b384 handle 3840
Sep 17 17:27:04.916664 n kernel: hci0: hcon 000000000907b384
Sep 17 17:27:04.928701 n kernel: hci0 evt 2
Sep 17 17:27:06.954782 n kernel: hci0: dst AA:BB:CC:00:00:01
Sep 17 17:27:06.954826 n kernel: hci0: dst AA:BB:CC:00:00:01 handle 0x0f00
Sep 17 17:27:06.954846 n kernel: hci0 evt 1
Sep 17 17:27:06.954886 n kernel: hci0 hcon 00000000a2378283
Sep 17 17:27:06.954927 n kernel: hci0: 
Sep 17 17:27:06.954956 n kernel: hci0: entry 00000000391e2ada
Sep 17 17:27:06.955004 n kernel: hci0: Opcode 0x0405
Sep 17 17:27:06.955017 n kernel: hci0: opcode 0x0405 plen 13
Sep 17 17:27:06.955031 n kernel: hci0: skb len 16
Sep 17 17:27:06.955038 n kernel: hci0: length 1
Sep 17 17:27:06.955046 n kernel: hci0 cmd_cnt 1 cmd queued 1
Sep 17 17:27:06.955059 n kernel: hci0: skb 0000000057363cd4
Sep 17 17:27:09.005720 n kernel: Bluetooth: hci0: command 0x0406 tx timeout
Sep 17 17:27:09.005861 n kernel: hci0: err 0x6e
Sep 17 17:27:09.005890 n kernel: hci0 cmd_cnt 1 cmd queued 0
Sep 17 17:27:09.005915 n kernel: hci0: end: err -110
Sep 17 17:27:31.798671 n kernel: hci0: 
Sep 17 17:27:31.798693 n kernel: hci0: entry 000000005a8fde92
Sep 17 17:27:31.798712 n kernel: hci0: Opcode 0x0c1a
Sep 17 17:27:31.798727 n kernel: hci0: opcode 0x0c1a plen 1
Sep 17 17:27:31.798745 n kernel: hci0: skb len 4
Sep 17 17:27:31.798756 n kernel: hci0: length 1
Sep 17 17:27:31.798777 n kernel: hci0 cmd_cnt 1 cmd queued 1
Sep 17 17:27:31.798791 n kernel: hci0: skb 00000000b0ad28e3
Sep 17 17:27:33.837673 n kernel: hci0: end: err -110
Sep 17 17:27:33.837729 n kernel: Bluetooth: hci0: command 0x0406 tx timeout
Sep 17 17:27:33.837746 n kernel: Bluetooth: hci0: Opcode 0x0c1a failed: -110
Sep 17 17:27:33.837763 n kernel: hci0: err 0x6e
Sep 17 17:27:33.837774 n kernel: hci0 cmd_cnt 1 cmd queued 0
Sep 17 17:27:33.837811 n kernel: hci0: 
Sep 17 17:27:33.837819 n kernel: hci0: entry 0000000017ca0c7f
Sep 17 17:27:33.837832 n kernel: hci0: Opcode 0x0c3a
Sep 17 17:27:33.837849 n kernel: hci0: opcode 0x0c3a plen 4
Sep 17 17:27:33.837858 n kernel: hci0: skb len 7
Sep 17 17:27:33.837867 n kernel: hci0: length 1
Sep 17 17:27:33.837876 n kernel: hci0 cmd_cnt 1 cmd queued 1
Sep 17 17:27:33.837890 n kernel: hci0: skb 00000000769befe1
Sep 17 17:27:35.885689 n kernel: hci0: end: err -110
Sep 17 17:27:35.885767 n kernel: Bluetooth: hci0: command 0x0406 tx timeout
Sep 17 17:27:35.885808 n kernel: Bluetooth: hci0: Opcode 0x0c3a failed: -110
Sep 17 17:27:35.885838 n kernel: hci0: err 0x6e
Sep 17 17:27:35.885863 n kernel: hci0 cmd_cnt 1 cmd queued 0
Sep 17 17:27:35.885939 n kernel: hci0: state 0 -> 1
Sep 17 17:27:35.885972 n kernel: hci0: 
Sep 17 17:27:35.885994 n kernel: hci0: entry 000000005a82c13e
Sep 17 17:27:35.886023 n kernel: hci0: type 7
Sep 17 17:27:35.886045 n kernel: hci0: 
Sep 17 17:27:35.886065 n kernel: hci0: cancelling interleave scan
Sep 17 17:27:35.886096 n kernel: hci0: Opcode 0x2005
Sep 17 17:27:35.886118 n kernel: hci0: opcode 0x2005 plen 6
Sep 17 17:27:35.886138 n kernel: hci0: skb len 9
Sep 17 17:27:35.886170 n kernel: hci0: length 1
Sep 17 17:27:35.886181 n kernel: hci0 cmd_cnt 1 cmd queued 1
Sep 17 17:27:35.886195 n kernel: hci0: skb 00000000a69b1cdb
Sep 17 17:27:37.933706 n kernel: hci0: end: err -110
Sep 17 17:27:37.933790 n kernel: Bluetooth: hci0: command 0x0406 tx timeout
Sep 17 17:27:37.933810 n kernel: hci0: err 0x6e
Sep 17 17:27:37.933846 n kernel: Bluetooth: hci0: Opcode 0x2005 failed: -110
Sep 17 17:27:37.933884 n kernel: hci0 cmd_cnt 1 cmd queued 0
Sep 17 17:27:37.933908 n kernel: hci0: Opcode 0x200b
Sep 17 17:27:37.933976 n kernel: hci0: opcode 0x200b plen 7
Sep 17 17:27:37.934016 n kernel: hci0: skb len 10
Sep 17 17:27:37.934050 n kernel: hci0: length 1
Sep 17 17:27:37.934080 n kernel: hci0 cmd_cnt 1 cmd queued 1
Sep 17 17:27:37.934097 n kernel: hci0: skb 00000000f95c6b14
Sep 17 17:27:39.981672 n kernel: Bluetooth: hci0: command 0x0406 tx timeout
Sep 17 17:27:39.981749 n kernel: hci0: err 0x6e
Sep 17 17:27:39.981790 n kernel: hci0 cmd_cnt 1 cmd queued 0
Sep 17 17:27:39.981817 n kernel: hci0: end: err -110
Sep 17 17:27:39.981840 n kernel: Bluetooth: hci0: Opcode 0x200b failed: -110
Sep 17 17:27:39.981864 n kernel: hci0: state 1 -> 0
Sep 17 17:27:39.981881 n kernel: hci0: entry 00000000391e2ada
Sep 17 17:27:39.981907 n kernel: hci0: ADV monitoring is off
Sep 17 17:27:39.981931 n kernel: hci0: stopping background scanning
Sep 17 17:27:39.981944 n kernel: hci0: 
Sep 17 17:27:39.981961 n kernel: hci0: state 0 -> 1
Sep 17 17:27:39.981979 n kernel: hci0: 
Sep 17 17:27:39.981988 n kernel: hci0: entry 0000000098f60691
Sep 17 17:27:39.982003 n kernel: hci0: type 7
Sep 17 17:27:39.982015 n kernel: hci0: 
Sep 17 17:27:39.982025 n kernel: hci0: cancelling interleave scan
Sep 17 17:27:39.982034 n kernel: hci0: Opcode 0x2005
Sep 17 17:27:39.982043 n kernel: hci0: opcode 0x2005 plen 6
Sep 17 17:27:39.982054 n kernel: hci0: skb len 9
Sep 17 17:27:39.982066 n kernel: hci0: length 1
Sep 17 17:27:39.982076 n kernel: hci0 cmd_cnt 1 cmd queued 1
Sep 17 17:27:39.982088 n kernel: hci0: skb 00000000cde653db
Sep 17 17:27:42.029705 n kernel: Bluetooth: hci0: command 0x0406 tx timeout
Sep 17 17:27:42.029819 n kernel: hci0: end: err -110
Sep 17 17:27:42.029841 n kernel: Bluetooth: hci0: Opcode 0x2005 failed: -110
Sep 17 17:27:42.029858 n kernel: hci0: err 0x6e
Sep 17 17:27:42.029883 n kernel: hci0: Opcode 0x200b
Sep 17 17:27:42.029912 n kernel: hci0 cmd_cnt 1 cmd queued 0
Sep 17 17:27:42.029928 n kernel: hci0: opcode 0x200b plen 7
Sep 17 17:27:42.029951 n kernel: hci0: skb len 10
Sep 17 17:27:42.029976 n kernel: hci0: length 1
Sep 17 17:27:42.030000 n kernel: hci0 cmd_cnt 1 cmd queued 1
Sep 17 17:27:42.030020 n kernel: hci0: skb 00000000879fecab
Sep 17 17:27:44.077734 n kernel: hci0: end: err -110
Sep 17 17:27:44.077775 n kernel: Bluetooth: hci0: command 0x0406 tx timeout
Sep 17 17:27:44.077787 n kernel: hci0: err 0x6e
Sep 17 17:27:44.077807 n kernel: Bluetooth: hci0: Opcode 0x200b failed: -110
Sep 17 17:27:44.077820 n kernel: hci0 cmd_cnt 1 cmd queued 0
Sep 17 17:27:44.077833 n kernel: hci0: state 1 -> 0
Sep 17 17:27:44.077841 n kernel: hci0: entry 00000000391e2ada
Sep 17 17:27:44.077859 n kernel: hci0: ADV monitoring is off
Sep 17 17:27:44.077876 n kernel: hci0: stopping background scanning
Sep 17 17:27:44.077891 n kernel: hci0: 
Sep 17 17:27:44.077912 n kernel: hci0: state 0 -> 1
Sep 17 17:27:44.077921 n kernel: hci0: 
Sep 17 17:27:44.077932 n kernel: hci0: entry 00000000edcc2194
Sep 17 17:27:44.077939 n kernel: hci0: type 7
Sep 17 17:27:44.077950 n kernel: hci0: 
Sep 17 17:27:44.077960 n kernel: hci0: cancelling interleave scan
Sep 17 17:27:44.077971 n kernel: hci0: Opcode 0x2005
Sep 17 17:27:44.077981 n kernel: hci0: opcode 0x2005 plen 6
Sep 17 17:27:44.077992 n kernel: hci0: skb len 9
Sep 17 17:27:44.077999 n kernel: hci0: length 1
Sep 17 17:27:44.078009 n kernel: hci0 cmd_cnt 1 cmd queued 1
Sep 17 17:27:44.078023 n kernel: hci0: skb 00000000afee0e62
Sep 17 17:27:46.125698 n kernel: hci0: end: err -110
Sep 17 17:27:46.125777 n kernel: Bluetooth: hci0: Opcode 0x2005 failed: -110
Sep 17 17:27:46.125803 n kernel: Bluetooth: hci0: command 0x0406 tx timeout
Sep 17 17:27:46.125823 n kernel: hci0: err 0x6e
Sep 17 17:27:46.125834 n kernel: hci0: Opcode 0x200b
Sep 17 17:27:46.125844 n kernel: hci0: opcode 0x200b plen 7
Sep 17 17:27:46.125852 n kernel: hci0 cmd_cnt 1 cmd queued 0
Sep 17 17:27:46.125868 n kernel: hci0: skb len 10
Sep 17 17:27:46.125876 n kernel: hci0: length 1
Sep 17 17:27:46.125884 n kernel: hci0 cmd_cnt 1 cmd queued 1
Sep 17 17:27:46.125895 n kernel: hci0: skb 000000007a43a646
Sep 17 17:27:48.173655 n kernel: hci0: end: err -110
Sep 17 17:27:48.173707 n kernel: Bluetooth: hci0: command 0x0406 tx timeout
Sep 17 17:27:48.173736 n kernel: hci0: err 0x6e
Sep 17 17:27:48.173762 n kernel: Bluetooth: hci0: Opcode 0x200b failed: -110
Sep 17 17:27:48.173777 n kernel: hci0 cmd_cnt 1 cmd queued 0
Sep 17 17:27:48.173786 n kernel: hci0: state 1 -> 0
Sep 17 17:27:48.173800 n kernel: hci0: entry 00000000391e2ada
Sep 17 17:27:48.173819 n kernel: hci0: ADV monitoring is off
Sep 17 17:27:48.173834 n kernel: hci0: stopping background scanning
Sep 17 17:27:48.173847 n kernel: hci0: 
Sep 17 17:27:48.173872 n kernel: hci0: state 0 -> 1
Sep 17 17:27:48.173881 n kernel: hci0: 
Sep 17 17:27:48.173893 n kernel: hci0: entry 00000000383ba67c
Sep 17 17:27:48.173910 n kernel: hci0: type 7
Sep 17 17:27:48.173918 n kernel: hci0: 
Sep 17 17:27:48.173927 n kernel: hci0: cancelling interleave scan
Sep 17 17:27:48.173938 n kernel: hci0: Opcode 0x2005
Sep 17 17:27:48.173953 n kernel: hci0: opcode 0x2005 plen 6
Sep 17 17:27:48.173967 n kernel: hci0: skb len 9
Sep 17 17:27:48.173976 n kernel: hci0: length 1
Sep 17 17:27:48.173988 n kernel: hci0 cmd_cnt 1 cmd queued 1
Sep 17 17:27:48.173996 n kernel: hci0: skb 00000000f6e5033c
Sep 17 17:27:50.222639 n kernel: hci0: end: err -110
Sep 17 17:27:50.222686 n kernel: Bluetooth: hci0: Opcode 0x2005 failed: -110
Sep 17 17:27:50.222701 n kernel: hci0: Opcode 0x200b
Sep 17 17:27:50.222714 n kernel: hci0: opcode 0x200b plen 7
Sep 17 17:27:50.222736 n kernel: hci0: skb len 10
Sep 17 17:27:50.222757 n kernel: hci0: length 1
Sep 17 17:27:50.222776 n kernel: Bluetooth: hci0: command 0x0406 tx timeout
Sep 17 17:27:50.222790 n kernel: hci0: err 0x6e
Sep 17 17:27:50.222802 n kernel: hci0 cmd_cnt 1 cmd queued 1
Sep 17 17:27:50.222815 n kernel: hci0: end: err -110
Sep 17 17:27:50.222824 n kernel: hci0: skb 00000000bc223a5b
Sep 17 17:27:50.222838 n kernel: Bluetooth: hci0: Opcode 0x200b failed: -110
Sep 17 17:27:50.222851 n kernel: hci0: state 1 -> 0
Sep 17 17:27:50.222863 n kernel: hci0: entry 00000000ecc849c0
Sep 17 17:27:50.222877 n kernel: hci0: ADV monitoring is off
Sep 17 17:27:50.222900 n kernel: hci0: stopping background scanning
Sep 17 17:27:50.222911 n kernel: hci0: 
Sep 17 17:27:50.222938 n kernel: hci0: state 0 -> 1
Sep 17 17:27:50.222999 n kernel: hci0: 
Sep 17 17:27:50.223012 n kernel: hci0: entry 000000002fee464c
Sep 17 17:27:50.223033 n kernel: hci0: type 7
Sep 17 17:27:50.223045 n kernel: hci0: 
Sep 17 17:27:50.223053 n kernel: hci0: cancelling interleave scan
Sep 17 17:27:50.223064 n kernel: hci0: Opcode 0x2005
Sep 17 17:27:50.223076 n kernel: hci0: opcode 0x2005 plen 6
Sep 17 17:27:50.223087 n kernel: hci0: skb len 9
Sep 17 17:27:50.223101 n kernel: hci0: length 1
Sep 17 17:27:50.223113 n kernel: hci0 cmd_cnt 0 cmd queued 1
Sep 17 17:27:52.013808 n kernel: hci0: handle 0xf00 reason 0x13
Sep 17 17:27:52.269701 n kernel: hci0: end: err -110
Sep 17 17:27:52.269818 n kernel: Bluetooth: hci0: command 0x0406 tx timeout
Sep 17 17:27:52.269875 n kernel: hci0: err 0x6e
Sep 17 17:27:52.269907 n kernel: Bluetooth: hci0: Opcode 0x2005 failed: -110
Sep 17 17:27:52.269933 n kernel: hci0 cmd_cnt 1 cmd queued 1
Sep 17 17:27:52.269978 n kernel: hci0: skb 00000000f36cf388
Sep 17 17:27:52.270023 n kernel: hci0: Opcode 0x200b
Sep 17 17:27:52.270045 n kernel: hci0: opcode 0x200b plen 7
Sep 17 17:27:52.270068 n kernel: hci0: skb len 10
Sep 17 17:27:52.270091 n kernel: hci0: length 1
Sep 17 17:27:52.270114 n kernel: hci0 cmd_cnt 0 cmd queued 1
Sep 17 17:27:54.317699 n kernel: Bluetooth: hci0: command 0x0406 tx timeout
Sep 17 17:27:54.317748 n kernel: hci0: end: err -110
Sep 17 17:27:54.317776 n kernel: Bluetooth: hci0: Opcode 0x200b failed: -110
Sep 17 17:27:54.317796 n kernel: hci0: err 0x6e
Sep 17 17:27:54.317813 n kernel: hci0 cmd_cnt 1 cmd queued 1
Sep 17 17:27:54.317827 n kernel: hci0: skb 0000000052afb28c
Sep 17 17:27:54.317842 n kernel: hci0: state 1 -> 0
Sep 17 17:27:54.317853 n kernel: hci0: entry 00000000d3e13617
Sep 17 17:27:54.317869 n kernel: hci0: Opcode 0x0408
Sep 17 17:27:54.317880 n kernel: hci0: opcode 0x0408 plen 6
Sep 17 17:27:54.317894 n kernel: hci0: skb len 9
Sep 17 17:27:54.317906 n kernel: hci0: length 1
Sep 17 17:27:54.317918 n kernel: hci0 cmd_cnt 0 cmd queued 1
Sep 17 17:27:54.317940 n kernel: hci0: state 0 -> 1
Sep 17 17:27:56.365666 n kernel: hci0: end: err -110
Sep 17 17:27:56.365705 n kernel: Bluetooth: hci0: command 0x0406 tx timeout
Sep 17 17:27:56.365731 n kernel: hci0: status 0x13
Sep 17 17:27:56.365751 n kernel: hci0: err 0x6e
Sep 17 17:27:56.365775 n kernel: hci0 cmd_cnt 1 cmd queued 1
Sep 17 17:27:56.365791 n kernel: hci0: skb 0000000031d8d7ec
Sep 17 17:27:56.365811 n kernel: hci0 hcon 00000000a2378283 chan 000000006a1547e0
Sep 17 17:27:56.374701 n kernel: hci0 hcon 00000000a2378283 handle 3840
Sep 17 17:27:56.374800 n kernel: hci0: hcon 00000000a2378283
Sep 17 17:27:56.382791 n kernel: hci0 evt 2
Sep 17 17:27:56.382844 n kernel: hci0: entry 00000000ecc849c0
Sep 17 17:27:56.382889 n kernel: hci0: entry 0000000070191f84
Sep 17 17:27:56.382924 n kernel: hci0: type 7
Sep 17 17:27:56.382945 n kernel: hci0: 
Sep 17 17:27:56.382967 n kernel: hci0: cancelling interleave scan
Sep 17 17:27:56.382989 n kernel: hci0: Opcode 0x2005
Sep 17 17:27:56.383009 n kernel: hci0: opcode 0x2005 plen 6
Sep 17 17:27:56.383031 n kernel: hci0: skb len 9
Sep 17 17:27:56.383057 n kernel: hci0: length 1
Sep 17 17:27:56.383080 n kernel: hci0 cmd_cnt 0 cmd queued 1
Sep 17 17:27:58.413712 n kernel: Bluetooth: hci0: command 0x0406 tx timeout
Sep 17 17:27:58.413833 n kernel: hci0: end: err -110
Sep 17 17:27:58.413864 n kernel: Bluetooth: hci0: Opcode 0x2005 failed: -110
Sep 17 17:27:58.413890 n kernel: hci0: err 0x6e
Sep 17 17:27:58.413909 n kernel: hci0: Opcode 0x200b
Sep 17 17:27:58.413933 n kernel: hci0 cmd_cnt 1 cmd queued 1
Sep 17 17:27:58.413956 n kernel: hci0: opcode 0x200b plen 7
Sep 17 17:27:58.413990 n kernel: hci0: skb 00000000d90332ed
Sep 17 17:27:58.414019 n kernel: hci0: skb len 10
Sep 17 17:27:58.414048 n kernel: hci0: length 1
Sep 17 17:27:58.414071 n kernel: hci0 cmd_cnt 0 cmd queued 1
Sep 17 17:28:00.461758 n kernel: Bluetooth: hci0: command 0x0406 tx timeout
Sep 17 17:28:00.461824 n kernel: hci0: end: err -110
Sep 17 17:28:00.461855 n kernel: hci0: err 0x6e
Sep 17 17:28:00.461890 n kernel: hci0 cmd_cnt 1 cmd queued 1
Sep 17 17:28:00.461962 n kernel: Bluetooth: hci0: Opcode 0x200b failed: -110
Sep 17 17:28:00.461979 n kernel: hci0: skb 000000000ff96b35
Sep 17 17:28:00.462013 n kernel: hci0: state 1 -> 0
Sep 17 17:28:00.462033 n kernel: hci0: entry 00000000ecc849c0
Sep 17 17:28:00.462046 n kernel: hci0: ADV monitoring is off
Sep 17 17:28:00.462060 n kernel: hci0: stopping background scanning
Sep 17 17:28:00.462080 n kernel: hci0: 
Sep 17 17:28:00.462108 n kernel: hci0: state 0 -> 1
Sep 17 17:28:00.462123 n kernel: hci0: 
Sep 17 17:28:00.462134 n kernel: hci0: entry 0000000008b49350
Sep 17 17:28:00.462158 n kernel: hci0: type 7
Sep 17 17:28:00.462167 n kernel: hci0: 
Sep 17 17:28:00.462181 n kernel: hci0: cancelling interleave scan
Sep 17 17:28:00.462192 n kernel: hci0: Opcode 0x2005
Sep 17 17:28:00.462213 n kernel: hci0: opcode 0x2005 plen 6
Sep 17 17:28:00.462222 n kernel: hci0: skb len 9
Sep 17 17:28:00.462236 n kernel: hci0: length 1
Sep 17 17:28:00.462254 n kernel: hci0 cmd_cnt 0 cmd queued 1
Sep 17 17:28:02.509703 n kernel: Bluetooth: hci0: command 0x0406 tx timeout
Sep 17 17:28:02.509840 n kernel: hci0: end: err -110
Sep 17 17:28:02.509861 n kernel: hci0: err 0x6e
Sep 17 17:28:02.509887 n kernel: Bluetooth: hci0: Opcode 0x2005 failed: -110
Sep 17 17:28:02.509911 n kernel: hci0 cmd_cnt 1 cmd queued 1
Sep 17 17:28:02.509931 n kernel: hci0: skb 00000000e884a217
Sep 17 17:28:02.509967 n kernel: hci0: Opcode 0x200b
Sep 17 17:28:02.509991 n kernel: hci0: opcode 0x200b plen 7
Sep 17 17:28:02.510018 n kernel: hci0: skb len 10
Sep 17 17:28:02.510031 n kernel: hci0: length 1
Sep 17 17:28:02.510044 n kernel: hci0 cmd_cnt 0 cmd queued 1
Sep 17 17:28:04.557976 n kernel: Bluetooth: hci0: command 0x0406 tx timeout
Sep 17 17:28:04.558009 n kernel: hci0: end: err -110
Sep 17 17:28:04.558021 n kernel: hci0: err 0x6e
Sep 17 17:28:04.558032 n kernel: Bluetooth: hci0: Opcode 0x200b failed: -110
Sep 17 17:28:04.558040 n kernel: hci0 cmd_cnt 1 cmd queued 1
Sep 17 17:28:04.558054 n kernel: hci0: skb 00000000e03f79ee
Sep 17 17:28:04.558074 n kernel: hci0: state 1 -> 0
Sep 17 17:28:04.558085 n kernel: hci0: entry 00000000ecc849c0
Sep 17 17:28:04.558096 n kernel: hci0: ADV monitoring is off
Sep 17 17:28:04.558105 n kernel: hci0: stopping background scanning
Sep 17 17:28:04.558117 n kernel: hci0: 
Sep 17 17:28:04.558137 n kernel: hci0: state 0 -> 1
Sep 17 17:28:04.558150 n kernel: hci0: 
Sep 17 17:28:04.558161 n kernel: hci0: entry 00000000b6e86b3d
Sep 17 17:28:04.558176 n kernel: hci0: type 7
Sep 17 17:28:04.558189 n kernel: hci0: 
Sep 17 17:28:04.558199 n kernel: hci0: cancelling interleave scan
Sep 17 17:28:04.558207 n kernel: hci0: Opcode 0x2005
Sep 17 17:28:04.558218 n kernel: hci0: opcode 0x2005 plen 6
Sep 17 17:28:04.558226 n kernel: hci0: skb len 9
Sep 17 17:28:04.558238 n kernel: hci0: length 1
Sep 17 17:28:04.558248 n kernel: hci0 cmd_cnt 0 cmd queued 1
Sep 17 17:28:06.605703 n kernel: hci0: end: err -110
Sep 17 17:28:06.605806 n kernel: Bluetooth: hci0: command 0x0406 tx timeout
Sep 17 17:28:06.605843 n kernel: hci0: err 0x6e
Sep 17 17:28:06.605853 n kernel: Bluetooth: hci0: Opcode 0x2005 failed: -110
Sep 17 17:28:06.605868 n kernel: hci0 cmd_cnt 1 cmd queued 1
Sep 17 17:28:06.605880 n kernel: hci0: Opcode 0x200b
Sep 17 17:28:06.605895 n kernel: hci0: opcode 0x200b plen 7
Sep 17 17:28:06.605915 n kernel: hci0: skb 00000000048b7aac
Sep 17 17:28:06.605927 n kernel: hci0: skb len 10
Sep 17 17:28:06.605941 n kernel: hci0: length 1
Sep 17 17:28:06.605957 n kernel: hci0 cmd_cnt 0 cmd queued 1
Sep 17 17:28:08.653656 n kernel: hci0: end: err -110
Sep 17 17:28:08.653703 n kernel: Bluetooth: hci0: command 0x0406 tx timeout
Sep 17 17:28:08.653719 n kernel: Bluetooth: hci0: Opcode 0x200b failed: -110
Sep 17 17:28:08.653732 n kernel: hci0: err 0x6e
Sep 17 17:28:08.653749 n kernel: hci0 cmd_cnt 1 cmd queued 1
Sep 17 17:28:08.653762 n kernel: hci0: skb 000000001ca25664
Sep 17 17:28:08.653774 n kernel: hci0: state 1 -> 0
Sep 17 17:28:08.653783 n kernel: hci0: entry 00000000ecc849c0
Sep 17 17:28:08.653797 n kernel: hci0: ADV monitoring is off
Sep 17 17:28:08.653810 n kernel: hci0: stopping background scanning
Sep 17 17:28:08.653825 n kernel: hci0: 
Sep 17 17:28:08.653849 n kernel: hci0: state 0 -> 1
Sep 17 17:28:08.653858 n kernel: hci0: 
Sep 17 17:28:08.653869 n kernel: hci0: entry 00000000b4183ffd
Sep 17 17:28:08.653880 n kernel: hci0: type 7
Sep 17 17:28:08.653887 n kernel: hci0: 
Sep 17 17:28:08.653898 n kernel: hci0: cancelling interleave scan
Sep 17 17:28:08.653907 n kernel: hci0: Opcode 0x2005
Sep 17 17:28:08.653914 n kernel: hci0: opcode 0x2005 plen 6
Sep 17 17:28:08.653921 n kernel: hci0: skb len 9
Sep 17 17:28:08.653933 n kernel: hci0: length 1
Sep 17 17:28:08.653944 n kernel: hci0 cmd_cnt 0 cmd queued 1
Sep 17 17:28:10.701675 n kernel: Bluetooth: hci0: command 0x0406 tx timeout
Sep 17 17:28:10.701770 n kernel: hci0: end: err -110
Sep 17 17:28:10.701788 n kernel: Bluetooth: hci0: Opcode 0x2005 failed: -110
Sep 17 17:28:10.701803 n kernel: hci0: err 0x6e
Sep 17 17:28:10.701819 n kernel: hci0: Opcode 0x200b
Sep 17 17:28:10.701845 n kernel: hci0 cmd_cnt 1 cmd queued 1
Sep 17 17:28:10.701860 n kernel: hci0: opcode 0x200b plen 7
Sep 17 17:28:10.701869 n kernel: hci0: skb 00000000fa24e724
Sep 17 17:28:10.701891 n kernel: hci0: skb len 10
Sep 17 17:28:10.701905 n kernel: hci0: length 1
Sep 17 17:28:10.701920 n kernel: hci0 cmd_cnt 0 cmd queued 1
Sep 17 17:28:12.749707 n kernel: Bluetooth: hci0: command 0x0406 tx timeout
Sep 17 17:28:12.749758 n kernel: hci0: end: err -110
Sep 17 17:28:12.749775 n kernel: hci0: err 0x6e
Sep 17 17:28:12.749790 n kernel: Bluetooth: hci0: Opcode 0x200b failed: -110
Sep 17 17:28:12.749805 n kernel: hci0 cmd_cnt 1 cmd queued 1
Sep 17 17:28:12.749830 n kernel: hci0: skb 00000000f7a96499
Sep 17 17:28:12.749846 n kernel: hci0: state 1 -> 0
Sep 17 17:28:12.749861 n kernel: hci0: entry 00000000ecc849c0
Sep 17 17:28:12.749891 n kernel: hci0: ADV monitoring is off
Sep 17 17:28:12.749906 n kernel: hci0: stopping background scanning
Sep 17 17:28:12.749921 n kernel: hci0: 
Sep 17 17:28:12.749972 n kernel: hci0: state 0 -> 1
Sep 17 17:28:12.749993 n kernel: hci0: 
Sep 17 17:28:12.750020 n kernel: hci0: entry 000000007215d800
Sep 17 17:28:12.750044 n kernel: hci0: type 7
Sep 17 17:28:12.750072 n kernel: hci0: 
Sep 17 17:28:12.750092 n kernel: hci0: cancelling interleave scan
Sep 17 17:28:12.750107 n kernel: hci0: Opcode 0x2005
Sep 17 17:28:12.750125 n kernel: hci0: opcode 0x2005 plen 6
Sep 17 17:28:12.750140 n kernel: hci0: skb len 9
Sep 17 17:28:12.750160 n kernel: hci0: length 1
Sep 17 17:28:12.750179 n kernel: hci0 cmd_cnt 0 cmd queued 1
Sep 17 17:28:14.797667 n kernel: Bluetooth: hci0: command 0x0406 tx timeout
Sep 17 17:28:14.797752 n kernel: hci0: end: err -110
Sep 17 17:28:14.797762 n kernel: hci0: err 0x6e
Sep 17 17:28:14.797776 n kernel: Bluetooth: hci0: Opcode 0x2005 failed: -110
Sep 17 17:28:14.797789 n kernel: hci0 cmd_cnt 1 cmd queued 1
Sep 17 17:28:14.797804 n kernel: hci0: Opcode 0x200b
Sep 17 17:28:14.797817 n kernel: hci0: skb 0000000061279af3
Sep 17 17:28:14.797827 n kernel: hci0: opcode 0x200b plen 7
Sep 17 17:28:14.797840 n kernel: hci0: skb len 10
Sep 17 17:28:14.797856 n kernel: hci0: length 1
Sep 17 17:28:14.797867 n kernel: hci0 cmd_cnt 0 cmd queued 1
Sep 17 17:28:16.845656 n kernel: Bluetooth: hci0: command 0x0406 tx timeout
Sep 17 17:28:16.845701 n kernel: hci0: err 0x6e
Sep 17 17:28:16.845711 n kernel: hci0 cmd_cnt 1 cmd queued 1
Sep 17 17:28:16.845730 n kernel: hci0: end: err -110
Sep 17 17:28:16.845740 n kernel: hci0: skb 0000000086be8b46
Sep 17 17:28:16.845755 n kernel: Bluetooth: hci0: Opcode 0x200b failed: -110
Sep 17 17:28:16.845769 n kernel: hci0: state 1 -> 0
Sep 17 17:28:16.845781 n kernel: hci0: entry 00000000ecc849c0
Sep 17 17:28:16.845792 n kernel: hci0: ADV monitoring is off
Sep 17 17:28:16.845803 n kernel: hci0: stopping background scanning
Sep 17 17:28:16.845811 n kernel: hci0: 
Sep 17 17:28:16.845830 n kernel: hci0: state 0 -> 1
Sep 17 17:28:16.845846 n kernel: hci0: 
Sep 17 17:28:16.845853 n kernel: hci0: entry 0000000077558e3a
Sep 17 17:28:16.845867 n kernel: hci0: type 7
Sep 17 17:28:16.845874 n kernel: hci0: 
Sep 17 17:28:16.845881 n kernel: hci0: cancelling interleave scan
Sep 17 17:28:16.845888 n kernel: hci0: Opcode 0x2005
Sep 17 17:28:16.845900 n kernel: hci0: opcode 0x2005 plen 6
Sep 17 17:28:16.845911 n kernel: hci0: skb len 9
Sep 17 17:28:16.845918 n kernel: hci0: length 1
Sep 17 17:28:16.845930 n kernel: hci0 cmd_cnt 0 cmd queued 1
Sep 17 17:28:18.893668 n kernel: hci0: end: err -110
Sep 17 17:28:18.893748 n kernel: Bluetooth: hci0: Opcode 0x2005 failed: -110
Sep 17 17:28:18.893777 n kernel: Bluetooth: hci0: command 0x0406 tx timeout
Sep 17 17:28:18.893790 n kernel: hci0: err 0x6e
Sep 17 17:28:18.893798 n kernel: hci0: Opcode 0x200b
Sep 17 17:28:18.893807 n kernel: hci0 cmd_cnt 1 cmd queued 1
Sep 17 17:28:18.893826 n kernel: hci0: opcode 0x200b plen 7
Sep 17 17:28:18.893833 n kernel: hci0: skb len 10
Sep 17 17:28:18.893841 n kernel: hci0: skb 000000006c1d79c6
Sep 17 17:28:18.893854 n kernel: hci0: length 1
Sep 17 17:28:18.893871 n kernel: hci0 cmd_cnt 0 cmd queued 1
Sep 17 17:28:20.942005 n kernel: hci0: end: err -110
Sep 17 17:28:20.942107 n kernel: Bluetooth: hci0: Opcode 0x200b failed: -110
Sep 17 17:28:20.942130 n kernel: Bluetooth: hci0: command 0x0406 tx timeout
Sep 17 17:28:20.942140 n kernel: hci0: err 0x6e
Sep 17 17:28:20.942153 n kernel: hci0 cmd_cnt 1 cmd queued 1
Sep 17 17:28:20.942175 n kernel: hci0: skb 00000000d8b3baff
Sep 17 17:28:20.942193 n kernel: hci0: state 1 -> 0
Sep 17 17:28:20.942204 n kernel: hci0: entry 00000000ee9eac2a
Sep 17 17:28:20.942221 n kernel: hci0: ADV monitoring is off
Sep 17 17:28:20.942237 n kernel: hci0: stopping background scanning
Sep 17 17:28:20.942252 n kernel: hci0: 
Sep 17 17:28:20.942284 n kernel: hci0: state 0 -> 1
Sep 17 17:28:20.942304 n kernel: hci0: 
Sep 17 17:28:20.942317 n kernel: hci0: entry 0000000025bfdfb8
Sep 17 17:28:20.942332 n kernel: hci0: type 7
Sep 17 17:28:20.942344 n kernel: hci0: 
Sep 17 17:28:20.942356 n kernel: hci0: cancelling interleave scan
Sep 17 17:28:20.942369 n kernel: hci0: Opcode 0x2005
Sep 17 17:28:20.942384 n kernel: hci0: opcode 0x2005 plen 6
Sep 17 17:28:20.942392 n kernel: hci0: skb len 9
Sep 17 17:28:20.942403 n kernel: hci0: length 1
Sep 17 17:28:20.942418 n kernel: hci0 cmd_cnt 0 cmd queued 1
Sep 17 17:28:22.989698 n kernel: hci0: end: err -110
Sep 17 17:28:22.989831 n kernel: Bluetooth: hci0: command 0x0406 tx timeout
Sep 17 17:28:22.989863 n kernel: hci0: err 0x6e
Sep 17 17:28:22.989888 n kernel: hci0 cmd_cnt 1 cmd queued 1
Sep 17 17:28:22.989913 n kernel: Bluetooth: hci0: Opcode 0x2005 failed: -110
Sep 17 17:28:22.989929 n kernel: hci0: Opcode 0x200b
Sep 17 17:28:22.990006 n kernel: hci0: skb 0000000091b6a5c2
Sep 17 17:28:22.990038 n kernel: hci0: opcode 0x200b plen 7
Sep 17 17:28:22.990061 n kernel: hci0: skb len 10
Sep 17 17:28:22.990083 n kernel: hci0: length 1
Sep 17 17:28:22.990098 n kernel: hci0 cmd_cnt 0 cmd queued 1
Sep 17 17:28:25.037688 n kernel: hci0: end: err -110
Sep 17 17:28:25.037740 n kernel: Bluetooth: hci0: Opcode 0x200b failed: -110
Sep 17 17:28:25.037783 n kernel: hci0: state 1 -> 0
Sep 17 17:28:25.037803 n kernel: hci0: entry 00000000ee9eac2a
Sep 17 17:28:25.037819 n kernel: hci0: ADV monitoring is off
Sep 17 17:28:25.037835 n kernel: hci0: stopping background scanning
Sep 17 17:28:25.037852 n kernel: Bluetooth: hci0: command 0x0406 tx timeout
Sep 17 17:28:25.037866 n kernel: hci0: err 0x6e
Sep 17 17:28:25.037884 n kernel: hci0: 
Sep 17 17:28:25.037900 n kernel: hci0 cmd_cnt 1 cmd queued 1
Sep 17 17:28:25.037922 n kernel: hci0: skb 00000000ab40b975
Sep 17 17:28:25.037955 n kernel: hci0: state 0 -> 1
Sep 17 17:28:25.037972 n kernel: hci0: 
Sep 17 17:28:25.037987 n kernel: hci0: entry 00000000421aeeb2
Sep 17 17:28:25.038008 n kernel: hci0: type 7
Sep 17 17:28:25.038021 n kernel: hci0: 
Sep 17 17:28:25.038033 n kernel: hci0: cancelling interleave scan
Sep 17 17:28:25.038048 n kernel: hci0: Opcode 0x2005
Sep 17 17:28:25.038061 n kernel: hci0: opcode 0x2005 plen 6
Sep 17 17:28:25.038074 n kernel: hci0: skb len 9
Sep 17 17:28:25.038090 n kernel: hci0: length 1
Sep 17 17:28:25.038103 n kernel: hci0 cmd_cnt 0 cmd queued 1
Sep 17 17:28:27.085686 n kernel: hci0: end: err -110
Sep 17 17:28:27.085749 n kernel: Bluetooth: hci0: Opcode 0x2005 failed: -110
Sep 17 17:28:27.085781 n kernel: Bluetooth: hci0: command 0x0406 tx timeout
Sep 17 17:28:27.085806 n kernel: hci0: Opcode 0x200b
Sep 17 17:28:27.085820 n kernel: hci0: opcode 0x200b plen 7
Sep 17 17:28:27.085841 n kernel: hci0: err 0x6e
Sep 17 17:28:27.085850 n kernel: hci0: skb len 10
Sep 17 17:28:27.085863 n kernel: hci0: length 1
Sep 17 17:28:27.085879 n kernel: hci0 cmd_cnt 1 cmd queued 2
Sep 17 17:28:27.085898 n kernel: hci0: end: err -110
Sep 17 17:28:27.085907 n kernel: Bluetooth: hci0: Opcode 0x200b failed: -110
Sep 17 17:28:27.085920 n kernel: hci0: skb 00000000097a0084
Sep 17 17:28:27.085932 n kernel: hci0: state 1 -> 0
Sep 17 17:28:27.085941 n kernel: hci0: entry 00000000ecc849c0
Sep 17 17:28:27.085954 n kernel: hci0: ADV monitoring is off
Sep 17 17:28:27.085967 n kernel: hci0: stopping background scanning
Sep 17 17:28:27.085979 n kernel: hci0 cmd_cnt 0 cmd queued 1
Sep 17 17:28:27.085988 n kernel: hci0: 
Sep 17 17:28:27.086010 n kernel: hci0: state 0 -> 1
Sep 17 17:28:27.086020 n kernel: hci0: 
Sep 17 17:28:27.086032 n kernel: hci0: entry 000000000fa714ac
Sep 17 17:28:27.086045 n kernel: hci0: type 7
Sep 17 17:28:27.086056 n kernel: hci0: 
Sep 17 17:28:27.086070 n kernel: hci0: cancelling interleave scan
Sep 17 17:28:27.086079 n kernel: hci0: Opcode 0x2005
Sep 17 17:28:27.086090 n kernel: hci0: opcode 0x2005 plen 6
Sep 17 17:28:27.086100 n kernel: hci0: skb len 9
Sep 17 17:28:27.086107 n kernel: hci0: length 1
Sep 17 17:28:27.086118 n kernel: hci0 cmd_cnt 0 cmd queued 2
Sep 17 17:28:29.133697 n kernel: Bluetooth: hci0: command 0x0406 tx timeout
Sep 17 17:28:29.133807 n kernel: hci0: end: err -110
Sep 17 17:28:29.133820 n kernel: Bluetooth: hci0: Opcode 0x2005 failed: -110
Sep 17 17:28:29.133837 n kernel: hci0: Opcode 0x200b
Sep 17 17:28:29.133854 n kernel: hci0: err 0x6e
Sep 17 17:28:29.133868 n kernel: hci0: opcode 0x200b plen 7
Sep 17 17:28:29.133882 n kernel: hci0 cmd_cnt 1 cmd queued 2
Sep 17 17:28:29.133908 n kernel: hci0: skb len 10
Sep 17 17:28:29.133928 n kernel: hci0: skb 00000000756b421b
Sep 17 17:28:29.133953 n kernel: hci0: length 1
Sep 17 17:28:29.133965 n kernel: hci0 cmd_cnt 0 cmd queued 2
Sep 17 17:28:31.181644 n kernel: hci0: end: err -110
Sep 17 17:28:31.181674 n kernel: Bluetooth: hci0: Opcode 0x200b failed: -110
Sep 17 17:28:31.181693 n kernel: Bluetooth: hci0: command 0x0406 tx timeout
Sep 17 17:28:31.181720 n kernel: hci0: err 0x6e
Sep 17 17:28:31.181733 n kernel: hci0 cmd_cnt 1 cmd queued 2
Sep 17 17:28:31.181755 n kernel: hci0: skb 0000000028a59526
Sep 17 17:28:31.181767 n kernel: hci0: state 1 -> 0
Sep 17 17:28:31.181782 n kernel: hci0: entry 00000000ecc849c0
Sep 17 17:28:31.181796 n kernel: hci0: ADV monitoring is off
Sep 17 17:28:31.181806 n kernel: hci0: stopping background scanning
Sep 17 17:28:31.181817 n kernel: hci0: 
Sep 17 17:28:31.181848 n kernel: hci0: state 0 -> 1
Sep 17 17:28:31.181862 n kernel: hci0: 
Sep 17 17:28:31.181874 n kernel: hci0: entry 00000000ea1e72c0
Sep 17 17:28:31.181890 n kernel: hci0: type 7
Sep 17 17:28:31.181911 n kernel: hci0: 
Sep 17 17:28:31.181923 n kernel: hci0: cancelling interleave scan
Sep 17 17:28:31.181938 n kernel: hci0: Opcode 0x2005
Sep 17 17:28:31.181951 n kernel: hci0: opcode 0x2005 plen 6
Sep 17 17:28:31.181962 n kernel: hci0: skb len 9
Sep 17 17:28:31.181976 n kernel: hci0: length 1
Sep 17 17:28:31.181986 n kernel: hci0 cmd_cnt 0 cmd queued 2
Sep 17 17:28:33.229672 n kernel: Bluetooth: hci0: command 0x0406 tx timeout
Sep 17 17:28:33.229736 n kernel: hci0: end: err -110
Sep 17 17:28:33.229773 n kernel: hci0: err 0x6e
Sep 17 17:28:33.229795 n kernel: Bluetooth: hci0: Opcode 0x2005 failed: -110
Sep 17 17:28:33.229813 n kernel: hci0 cmd_cnt 1 cmd queued 2
Sep 17 17:28:33.229826 n kernel: hci0: Opcode 0x200b
Sep 17 17:28:33.229840 n kernel: hci0: skb 000000007ebe4b1f
Sep 17 17:28:33.229854 n kernel: hci0: opcode 0x200b plen 7
Sep 17 17:28:33.229869 n kernel: hci0: skb len 10
Sep 17 17:28:33.229899 n kernel: hci0: length 1
Sep 17 17:28:33.229909 n kernel: hci0 cmd_cnt 0 cmd queued 2
Sep 17 17:28:35.277831 n kernel: hci0: end: err -110
Sep 17 17:28:35.277853 n kernel: Bluetooth: hci0: Opcode 0x200b failed: -110
Sep 17 17:28:35.277866 n kernel: Bluetooth: hci0: command 0x0406 tx timeout
Sep 17 17:28:35.277874 n kernel: hci0: err 0x6e
Sep 17 17:28:35.277887 n kernel: hci0 cmd_cnt 1 cmd queued 2
Sep 17 17:28:35.277896 n kernel: hci0: skb 00000000a2a4b859
Sep 17 17:28:35.277916 n kernel: hci0: state 1 -> 0
Sep 17 17:28:35.277930 n kernel: hci0: entry 00000000ee9eac2a
Sep 17 17:28:35.277942 n kernel: hci0: ADV monitoring is off
Sep 17 17:28:35.277958 n kernel: hci0: stopping background scanning
Sep 17 17:28:35.277968 n kernel: hci0: 
Sep 17 17:28:35.277984 n kernel: hci0: state 0 -> 1
Sep 17 17:28:35.277996 n kernel: hci0: 
Sep 17 17:28:35.278008 n kernel: hci0: entry 00000000b616504e
Sep 17 17:28:35.278026 n kernel: hci0: type 7
Sep 17 17:28:35.278042 n kernel: hci0: 
Sep 17 17:28:35.278054 n kernel: hci0: cancelling interleave scan
Sep 17 17:28:35.278064 n kernel: hci0: Opcode 0x2005
Sep 17 17:28:35.278074 n kernel: hci0: opcode 0x2005 plen 6
Sep 17 17:28:35.278083 n kernel: hci0: skb len 9
Sep 17 17:28:35.278094 n kernel: hci0: length 1
Sep 17 17:28:35.278106 n kernel: hci0 cmd_cnt 0 cmd queued 2
Sep 17 17:28:37.325676 n kernel: Bluetooth: hci0: command 0x0406 tx timeout
Sep 17 17:28:37.325785 n kernel: hci0: end: err -110
Sep 17 17:28:37.325803 n kernel: hci0: err 0x6e
Sep 17 17:28:37.325818 n kernel: Bluetooth: hci0: Opcode 0x2005 failed: -110
Sep 17 17:28:37.325828 n kernel: hci0 cmd_cnt 1 cmd queued 2
Sep 17 17:28:37.325843 n kernel: hci0: Opcode 0x200b
Sep 17 17:28:37.325853 n kernel: hci0: skb 00000000dc35667c
Sep 17 17:28:37.325872 n kernel: hci0: opcode 0x200b plen 7
Sep 17 17:28:37.325886 n kernel: hci0: skb len 10
Sep 17 17:28:37.325897 n kernel: hci0: length 1
Sep 17 17:28:37.325912 n kernel: hci0 cmd_cnt 0 cmd queued 2
Sep 17 17:28:39.373660 n kernel: hci0: end: err -110
Sep 17 17:28:39.373699 n kernel: Bluetooth: hci0: Opcode 0x200b failed: -110
Sep 17 17:28:39.373721 n kernel: hci0: state 1 -> 0
Sep 17 17:28:39.373740 n kernel: hci0: entry 00000000ecc849c0
Sep 17 17:28:39.373760 n kernel: hci0: ADV monitoring is off
Sep 17 17:28:39.373774 n kernel: hci0: stopping background scanning
Sep 17 17:28:39.373785 n kernel: hci0: 
Sep 17 17:28:39.373808 n kernel: Bluetooth: hci0: command 0x0406 tx timeout
Sep 17 17:28:39.373822 n kernel: hci0: err 0x6e
Sep 17 17:28:39.373836 n kernel: hci0 cmd_cnt 1 cmd queued 2
Sep 17 17:28:39.373847 n kernel: hci0: skb 00000000fc7c8a5a
Sep 17 17:28:39.373871 n kernel: hci0: state 0 -> 1
Sep 17 17:28:39.373882 n kernel: hci0: 
Sep 17 17:28:39.373890 n kernel: hci0: entry 00000000aa6d58a8
Sep 17 17:28:39.373901 n kernel: hci0: type 7
Sep 17 17:28:39.373912 n kernel: hci0: 
Sep 17 17:28:39.373923 n kernel: hci0: cancelling interleave scan
Sep 17 17:28:39.373940 n kernel: hci0: Opcode 0x2005
Sep 17 17:28:39.373955 n kernel: hci0: opcode 0x2005 plen 6
Sep 17 17:28:39.373969 n kernel: hci0: skb len 9
Sep 17 17:28:39.373983 n kernel: hci0: length 1
Sep 17 17:28:39.373996 n kernel: hci0 cmd_cnt 0 cmd queued 2
Sep 17 17:28:41.421883 n kernel: hci0: end: err -110
Sep 17 17:28:41.421997 n kernel: Bluetooth: hci0: command 0x0406 tx timeout
Sep 17 17:28:41.422016 n kernel: hci0: err 0x6e
Sep 17 17:28:41.422027 n kernel: Bluetooth: hci0: Opcode 0x2005 failed: -110
Sep 17 17:28:41.422043 n kernel: hci0 cmd_cnt 1 cmd queued 2
Sep 17 17:28:41.422064 n kernel: hci0: skb 00000000639d4e12
Sep 17 17:28:41.422079 n kernel: hci0: Opcode 0x200b
Sep 17 17:28:41.422107 n kernel: hci0: opcode 0x200b plen 7
Sep 17 17:28:41.422147 n kernel: hci0: skb len 10
Sep 17 17:28:41.422176 n kernel: hci0: length 1
Sep 17 17:28:41.422201 n kernel: hci0 cmd_cnt 0 cmd queued 2
Sep 17 17:28:43.469689 n kernel: hci0: end: err -110
Sep 17 17:28:43.469770 n kernel: Bluetooth: hci0: command 0x0406 tx timeout
Sep 17 17:28:43.469796 n kernel: hci0: err 0x6e
Sep 17 17:28:43.469829 n kernel: Bluetooth: hci0: Opcode 0x200b failed: -110
Sep 17 17:28:43.469852 n kernel: hci0 cmd_cnt 1 cmd queued 2
Sep 17 17:28:43.469903 n kernel: hci0: skb 0000000021e30d0f
Sep 17 17:28:43.469930 n kernel: hci0: state 1 -> 0
Sep 17 17:28:43.469954 n kernel: hci0: entry 00000000ecc849c0
Sep 17 17:28:43.469978 n kernel: hci0: ADV monitoring is off
Sep 17 17:28:43.469994 n kernel: hci0: stopping background scanning
Sep 17 17:28:43.470009 n kernel: hci0: 
Sep 17 17:28:43.470040 n kernel: hci0: state 0 -> 1
Sep 17 17:28:43.470049 n kernel: hci0: 
Sep 17 17:28:43.470060 n kernel: hci0: entry 00000000f6de067a
Sep 17 17:28:43.470071 n kernel: hci0: type 7
Sep 17 17:28:43.470079 n kernel: hci0: 
Sep 17 17:28:43.470088 n kernel: hci0: cancelling interleave scan
Sep 17 17:28:43.470097 n kernel: hci0: Opcode 0x2005
Sep 17 17:28:43.470109 n kernel: hci0: opcode 0x2005 plen 6
Sep 17 17:28:43.470123 n kernel: hci0: skb len 9
Sep 17 17:28:43.470133 n kernel: hci0: length 1
Sep 17 17:28:43.470183 n kernel: hci0 cmd_cnt 0 cmd queued 2
Sep 17 17:28:45.517989 n kernel: Bluetooth: hci0: command 0x0406 tx timeout
Sep 17 17:28:45.518139 n kernel: hci0: end: err -110
Sep 17 17:28:45.518171 n kernel: Bluetooth: hci0: Opcode 0x2005 failed: -110
Sep 17 17:28:45.518195 n kernel: hci0: Opcode 0x200b
Sep 17 17:28:45.518230 n kernel: hci0: err 0x6e
Sep 17 17:28:45.518267 n kernel: hci0: opcode 0x200b plen 7
Sep 17 17:28:45.518297 n kernel: hci0: skb len 10
Sep 17 17:28:45.518337 n kernel: hci0 cmd_cnt 1 cmd queued 2
Sep 17 17:28:45.518361 n kernel: hci0: length 1
Sep 17 17:28:45.518383 n kernel: hci0: skb 000000005fee1c64
Sep 17 17:28:45.518399 n kernel: hci0 cmd_cnt 0 cmd queued 2
Sep 17 17:28:47.565715 n kernel: Bluetooth: hci0: command 0x0406 tx timeout
Sep 17 17:28:47.565773 n kernel: hci0: end: err -110
Sep 17 17:28:47.565790 n kernel: hci0: err 0x6e
Sep 17 17:28:47.565807 n kernel: hci0 cmd_cnt 1 cmd queued 2
Sep 17 17:28:47.565817 n kernel: Bluetooth: hci0: Opcode 0x200b failed: -110
Sep 17 17:28:47.565825 n kernel: hci0: skb 00000000597d7698
Sep 17 17:28:47.565841 n kernel: hci0: state 1 -> 0
Sep 17 17:28:47.565867 n kernel: hci0: entry 00000000ecc849c0
Sep 17 17:28:47.565881 n kernel: hci0: ADV monitoring is off
Sep 17 17:28:47.565888 n kernel: hci0: stopping background scanning
Sep 17 17:28:47.565901 n kernel: hci0: 
Sep 17 17:28:47.565924 n kernel: hci0: state 0 -> 1
Sep 17 17:28:47.565931 n kernel: hci0: 
Sep 17 17:28:47.565941 n kernel: hci0: entry 00000000382a9a9d
Sep 17 17:28:47.565957 n kernel: hci0: type 7
Sep 17 17:28:47.565967 n kernel: hci0: 
Sep 17 17:28:47.565982 n kernel: hci0: cancelling interleave scan
Sep 17 17:28:47.565989 n kernel: hci0: Opcode 0x2005
Sep 17 17:28:47.565997 n kernel: hci0: opcode 0x2005 plen 6
Sep 17 17:28:47.566008 n kernel: hci0: skb len 9
Sep 17 17:28:47.566019 n kernel: hci0: length 1
Sep 17 17:28:47.566031 n kernel: hci0 cmd_cnt 0 cmd queued 2
Sep 17 17:28:49.613698 n kernel: Bluetooth: hci0: command 0x0406 tx timeout
Sep 17 17:28:49.613816 n kernel: hci0: end: err -110
Sep 17 17:28:49.613828 n kernel: hci0: err 0x6e
Sep 17 17:28:49.613844 n kernel: Bluetooth: hci0: Opcode 0x2005 failed: -110
Sep 17 17:28:49.613864 n kernel: hci0 cmd_cnt 1 cmd queued 2
Sep 17 17:28:49.613879 n kernel: hci0: Opcode 0x200b
Sep 17 17:28:49.613892 n kernel: hci0: skb 000000001598a14f
Sep 17 17:28:49.613901 n kernel: hci0: opcode 0x200b plen 7
Sep 17 17:28:49.613910 n kernel: hci0: skb len 10
Sep 17 17:28:49.613921 n kernel: hci0: length 1
Sep 17 17:28:49.613932 n kernel: hci0 cmd_cnt 0 cmd queued 2
Sep 17 17:28:51.661653 n kernel: Bluetooth: hci0: command 0x0406 tx timeout
Sep 17 17:28:51.661726 n kernel: hci0: err 0x6e
Sep 17 17:28:51.661749 n kernel: hci0 cmd_cnt 1 cmd queued 2
Sep 17 17:28:51.661767 n kernel: hci0: skb 00000000535a8b66
Sep 17 17:28:51.661792 n kernel: hci0: end: err -110
Sep 17 17:28:51.661805 n kernel: Bluetooth: hci0: Opcode 0x200b failed: -110
Sep 17 17:28:51.661817 n kernel: hci0: state 1 -> 0
Sep 17 17:28:51.661828 n kernel: hci0: entry 00000000ecc849c0
Sep 17 17:28:51.661848 n kernel: hci0: ADV monitoring is off
Sep 17 17:28:51.661866 n kernel: hci0: stopping background scanning
Sep 17 17:28:51.661877 n kernel: hci0: 
Sep 17 17:28:51.661905 n kernel: hci0: state 0 -> 1
Sep 17 17:28:51.661920 n kernel: hci0: 
Sep 17 17:28:51.661934 n kernel: hci0: entry 00000000f7a84f34
Sep 17 17:28:51.661949 n kernel: hci0: type 7
Sep 17 17:28:51.661963 n kernel: hci0: 
Sep 17 17:28:51.661972 n kernel: hci0: cancelling interleave scan
Sep 17 17:28:51.661982 n kernel: hci0: Opcode 0x2005
Sep 17 17:28:51.661993 n kernel: hci0: opcode 0x2005 plen 6
Sep 17 17:28:51.662006 n kernel: hci0: skb len 9
Sep 17 17:28:51.662018 n kernel: hci0: length 1
Sep 17 17:28:51.662034 n kernel: hci0 cmd_cnt 0 cmd queued 2
Sep 17 17:28:53.709671 n kernel: Bluetooth: hci0: command 0x0406 tx timeout
Sep 17 17:28:53.709768 n kernel: hci0: end: err -110
Sep 17 17:28:53.709781 n kernel: hci0: err 0x6e
Sep 17 17:28:53.709804 n kernel: hci0 cmd_cnt 1 cmd queued 2
Sep 17 17:28:53.709820 n kernel: Bluetooth: hci0: Opcode 0x2005 failed: -110
Sep 17 17:28:53.709830 n kernel: hci0: Opcode 0x200b
Sep 17 17:28:53.709860 n kernel: hci0: skb 0000000044c111f9
Sep 17 17:28:53.709882 n kernel: hci0: opcode 0x200b plen 7
Sep 17 17:28:53.709900 n kernel: hci0: skb len 10
Sep 17 17:28:53.709918 n kernel: hci0: length 1
Sep 17 17:28:53.709932 n kernel: hci0 cmd_cnt 0 cmd queued 2
Sep 17 17:28:55.760933 n kernel: Bluetooth: hci0: command 0x0406 tx timeout
Sep 17 17:28:55.760993 n kernel: hci0: err 0x6e
Sep 17 17:28:55.761045 n kernel: hci0: end: err -110
Sep 17 17:28:55.761083 n kernel: hci0 cmd_cnt 1 cmd queued 2
Sep 17 17:28:55.761112 n kernel: Bluetooth: hci0: Opcode 0x200b failed: -110
Sep 17 17:28:55.761138 n kernel: hci0: skb 0000000082acb025
Sep 17 17:28:55.761163 n kernel: hci0: state 1 -> 0
Sep 17 17:28:55.761198 n kernel: hci0: entry 00000000ecc849c0
Sep 17 17:28:55.761215 n kernel: hci0: ADV monitoring is off
Sep 17 17:28:55.761238 n kernel: hci0: stopping background scanning
Sep 17 17:28:55.761258 n kernel: hci0: 
Sep 17 17:28:55.761322 n kernel: hci0: state 0 -> 1
Sep 17 17:28:55.761343 n kernel: hci0: 
Sep 17 17:28:55.761372 n kernel: hci0: entry 00000000cc8b7c67
Sep 17 17:28:55.761400 n kernel: hci0: type 7
Sep 17 17:28:55.761417 n kernel: hci0: 
Sep 17 17:28:55.761429 n kernel: hci0: cancelling interleave scan
Sep 17 17:28:55.761443 n kernel: hci0: Opcode 0x2005
Sep 17 17:28:55.761454 n kernel: hci0: opcode 0x2005 plen 6
Sep 17 17:28:55.761465 n kernel: hci0: skb len 9
Sep 17 17:28:55.761477 n kernel: hci0: length 1
Sep 17 17:28:55.761485 n kernel: hci0 cmd_cnt 0 cmd queued 2
Sep 17 17:28:57.805707 n kernel: Bluetooth: hci0: command 0x0406 tx timeout
Sep 17 17:28:57.805805 n kernel: hci0: err 0x6e
Sep 17 17:28:57.805864 n kernel: hci0 cmd_cnt 1 cmd queued 2
Sep 17 17:28:57.805890 n kernel: hci0: skb 00000000411a7eb2
Sep 17 17:28:57.805940 n kernel: hci0: end: err -110
Sep 17 17:28:57.805977 n kernel: Bluetooth: hci0: Opcode 0x2005 failed: -110
Sep 17 17:28:57.806002 n kernel: hci0: Opcode 0x200b
Sep 17 17:28:57.806030 n kernel: hci0: opcode 0x200b plen 7
Sep 17 17:28:57.806051 n kernel: hci0: skb len 10
Sep 17 17:28:57.806075 n kernel: hci0: length 1
Sep 17 17:28:57.806106 n kernel: hci0 cmd_cnt 0 cmd queued 2
Sep 17 17:28:59.853653 n kernel: hci0: end: err -110
Sep 17 17:28:59.853701 n kernel: Bluetooth: hci0: command 0x0406 tx timeout
Sep 17 17:28:59.853718 n kernel: hci0: err 0x6e
Sep 17 17:28:59.853729 n kernel: Bluetooth: hci0: Opcode 0x200b failed: -110
Sep 17 17:28:59.853749 n kernel: hci0 cmd_cnt 1 cmd queued 2
Sep 17 17:28:59.853775 n kernel: hci0: skb 000000003ef75a31
Sep 17 17:28:59.853788 n kernel: hci0: state 1 -> 0
Sep 17 17:28:59.853801 n kernel: hci0: entry 00000000ecc849c0
Sep 17 17:28:59.853814 n kernel: hci0: ADV monitoring is off
Sep 17 17:28:59.853827 n kernel: hci0: stopping background scanning
Sep 17 17:28:59.853840 n kernel: hci0: 
Sep 17 17:28:59.860754 n kernel: hci0: 
Sep 17 17:28:59.860797 n kernel: hci0: entry 00000000d1eb45ff
Sep 17 17:28:59.860859 n kernel: hci0: Opcode 0x0c1a
Sep 17 17:28:59.860902 n kernel: hci0: opcode 0x0c1a plen 1
Sep 17 17:28:59.860944 n kernel: hci0: skb len 4
Sep 17 17:28:59.860991 n kernel: hci0: length 1
Sep 17 17:28:59.861042 n kernel: hci0 cmd_cnt 0 cmd queued 2
Sep 17 17:29:01.901656 n kernel: Bluetooth: hci0: command 0x0406 tx timeout
Sep 17 17:29:01.901714 n kernel: hci0: err 0x6e
Sep 17 17:29:01.901735 n kernel: hci0: end: err -110
Sep 17 17:29:01.901750 n kernel: hci0 cmd_cnt 1 cmd queued 2
Sep 17 17:29:01.901771 n kernel: Bluetooth: hci0: Opcode 0x0c1a failed: -110
Sep 17 17:29:01.901790 n kernel: hci0: skb 00000000a83b5a2b
Sep 17 17:29:03.950008 n kernel: Bluetooth: hci0: command 0x0406 tx timeout
Sep 17 17:29:03.950112 n kernel: hci0: err 0x6e
Sep 17 17:29:03.950166 n kernel: hci0 cmd_cnt 1 cmd queued 1
Sep 17 17:29:03.950216 n kernel: hci0: skb 0000000037e60dce
Sep 17 17:29:05.997699 n kernel: Bluetooth: hci0: command 0x0406 tx timeout
Sep 17 17:29:05.997802 n kernel: hci0: err 0x6e
Sep 17 17:29:05.997823 n kernel: hci0 cmd_cnt 1 cmd queued 0
Sep 17 20:55:05.778668 n kernel: hci0: 
Sep 17 20:55:05.778694 n kernel: hci0: entry 000000008e3912ee
Sep 17 20:55:05.778712 n kernel: hci0: Opcode 0x0c1a
Sep 17 20:55:05.778727 n kernel: hci0: opcode 0x0c1a plen 1
Sep 17 20:55:05.778743 n kernel: hci0: skb len 4
Sep 17 20:55:05.778763 n kernel: hci0: length 1
Sep 17 20:55:05.778789 n kernel: hci0 cmd_cnt 1 cmd queued 1
Sep 17 20:55:05.778802 n kernel: hci0: skb 000000003221036a
Sep 17 20:55:07.789706 n kernel: Bluetooth: hci0: command 0x0406 tx timeout
Sep 17 20:55:07.789744 n kernel: hci0: err 0x6e
Sep 17 20:55:07.789758 n kernel: hci0 cmd_cnt 1 cmd queued 0
Sep 17 20:55:07.789783 n kernel: hci0: end: err -110
Sep 17 20:55:07.789800 n kernel: Bluetooth: hci0: Opcode 0x0c1a failed: -110
Sep 17 20:55:07.789834 n kernel: hci0: 
Sep 17 20:55:07.789850 n kernel: hci0: entry 00000000188e3bdc
Sep 17 20:55:07.789871 n kernel: hci0: Opcode 0x0c3a
Sep 17 20:55:07.789893 n kernel: hci0: opcode 0x0c3a plen 4
Sep 17 20:55:07.789905 n kernel: hci0: skb len 7
Sep 17 20:55:07.789917 n kernel: hci0: length 1
Sep 17 20:55:07.789929 n kernel: hci0 cmd_cnt 1 cmd queued 1
Sep 17 20:55:07.789942 n kernel: hci0: skb 000000006118ddc0
Sep 17 20:55:09.837651 n kernel: Bluetooth: hci0: command 0x0406 tx timeout
Sep 17 20:55:09.837699 n kernel: hci0: err 0x6e
Sep 17 20:55:09.837751 n kernel: hci0 cmd_cnt 1 cmd queued 0
Sep 17 20:55:09.837791 n kernel: hci0: end: err -110
Sep 17 20:55:09.837811 n kernel: Bluetooth: hci0: Opcode 0x0c3a failed: -110
Sep 17 20:55:09.837873 n kernel: hci0: state 0 -> 1
Sep 17 20:55:09.837905 n kernel: hci0: 
Sep 17 20:55:09.837923 n kernel: hci0: entry 00000000d1eb45ff
Sep 17 20:55:09.837944 n kernel: hci0: type 7
Sep 17 20:55:09.837964 n kernel: hci0: 
Sep 17 20:55:09.837981 n kernel: hci0: cancelling interleave scan
Sep 17 20:55:09.838004 n kernel: hci0: Opcode 0x2005
Sep 17 20:55:09.838022 n kernel: hci0: opcode 0x2005 plen 6
Sep 17 20:55:09.838042 n kernel: hci0: skb len 9
Sep 17 20:55:09.838062 n kernel: hci0: length 1
Sep 17 20:55:09.838078 n kernel: hci0 cmd_cnt 1 cmd queued 1
Sep 17 20:55:09.838098 n kernel: hci0: skb 00000000dbc65afe
Sep 17 20:55:11.885675 n kernel: hci0: end: err -110
Sep 17 20:55:11.885817 n kernel: Bluetooth: hci0: command 0x0406 tx timeout
Sep 17 20:55:11.885859 n kernel: hci0: err 0x6e
Sep 17 20:55:11.885885 n kernel: Bluetooth: hci0: Opcode 0x2005 failed: -110
Sep 17 20:55:11.885931 n kernel: hci0 cmd_cnt 1 cmd queued 0
Sep 17 20:55:11.885945 n kernel: hci0: Opcode 0x200b
Sep 17 20:55:11.885968 n kernel: hci0: opcode 0x200b plen 7
Sep 17 20:55:11.885987 n kernel: hci0: skb len 10
Sep 17 20:55:11.886015 n kernel: hci0: length 1
Sep 17 20:55:11.886034 n kernel: hci0 cmd_cnt 1 cmd queued 1
Sep 17 20:55:11.886051 n kernel: hci0: skb 00000000dbe2f99e
Sep 17 20:55:13.933660 n kernel: hci0: end: err -110
Sep 17 20:55:13.933729 n kernel: Bluetooth: hci0: Opcode 0x200b failed: -110
Sep 17 20:55:13.933766 n kernel: Bluetooth: hci0: command 0x0406 tx timeout
Sep 17 20:55:13.933789 n kernel: hci0: err 0x6e
Sep 17 20:55:13.933817 n kernel: hci0 cmd_cnt 1 cmd queued 0
Sep 17 20:55:13.933839 n kernel: hci0: state 1 -> 0
Sep 17 20:55:13.933866 n kernel: hci0: entry 0000000011589cfa
Sep 17 20:55:13.933892 n kernel: hci0: ADV monitoring is off
Sep 17 20:55:13.933917 n kernel: hci0: stopping background scanning
Sep 17 20:55:13.933936 n kernel: hci0: 
Sep 17 20:55:13.939725 n kernel: hci0: 
Sep 17 20:55:13.939747 n kernel: hci0: entry 000000005185a761
Sep 17 20:55:13.939785 n kernel: hci0: Opcode 0x0c1a
Sep 17 20:55:13.939820 n kernel: hci0: opcode 0x0c1a plen 1
Sep 17 20:55:13.939855 n kernel: hci0: skb len 4
Sep 17 20:55:13.939907 n kernel: hci0: length 1
Sep 17 20:55:13.939932 n kernel: hci0 cmd_cnt 1 cmd queued 1
Sep 17 20:55:13.939962 n kernel: hci0: skb 00000000151629ca
Sep 17 20:55:15.981655 n kernel: hci0: end: err -110
Sep 17 20:55:15.981729 n kernel: Bluetooth: hci0: Opcode 0x0c1a failed: -110
Sep 17 20:55:15.981754 n kernel: Bluetooth: hci0: command 0x0406 tx timeout
Sep 17 20:55:15.981775 n kernel: hci0: err 0x6e
Sep 17 20:55:15.981796 n kernel: hci0 cmd_cnt 1 cmd queued 0
Sep 17 23:13:14.354693 n kernel: hci0: state 0 -> 1
Sep 17 23:13:14.354722 n kernel: hci0: 
Sep 17 23:13:14.354744 n kernel: hci0: entry 00000000511ca4af
Sep 17 23:13:14.354759 n kernel: hci0: type 6
Sep 17 23:13:14.354775 n kernel: hci0: 
Sep 17 23:13:14.354787 n kernel: hci0: cancelling interleave scan
Sep 17 23:13:14.354800 n kernel: hci0: Opcode 0x2005
Sep 17 23:13:14.354811 n kernel: hci0: opcode 0x2005 plen 6
Sep 17 23:13:14.354822 n kernel: hci0: skb len 9
Sep 17 23:13:14.354840 n kernel: hci0: length 1
Sep 17 23:13:14.354856 n kernel: hci0 cmd_cnt 1 cmd queued 1
Sep 17 23:13:14.354872 n kernel: hci0: skb 00000000102695d2
Sep 17 23:13:16.365685 n kernel: Bluetooth: hci0: command 0x0406 tx timeout
Sep 17 23:13:16.365841 n kernel: hci0: end: err -110
Sep 17 23:13:16.365880 n kernel: Bluetooth: hci0: Opcode 0x2005 failed: -110
Sep 17 23:13:16.365938 n kernel: hci0: err 0x6e
Sep 17 23:13:16.365960 n kernel: hci0: Opcode 0x200b
Sep 17 23:13:16.366000 n kernel: hci0 cmd_cnt 1 cmd queued 0
Sep 17 23:13:16.366025 n kernel: hci0: opcode 0x200b plen 7
Sep 17 23:13:16.366056 n kernel: hci0: skb len 10
Sep 17 23:13:16.366085 n kernel: hci0: length 1
Sep 17 23:13:16.366114 n kernel: hci0 cmd_cnt 1 cmd queued 1
Sep 17 23:13:16.366147 n kernel: hci0: skb 00000000d552781e
Sep 17 23:13:18.413762 n kernel: Bluetooth: hci0: command 0x0406 tx timeout
Sep 17 23:13:18.413858 n kernel: hci0: end: err -110
Sep 17 23:13:18.413884 n kernel: Bluetooth: hci0: Opcode 0x200b failed: -110
Sep 17 23:13:18.413922 n kernel: hci0: err 0x6e
Sep 17 23:13:18.413957 n kernel: hci0 cmd_cnt 1 cmd queued 0
Sep 17 23:13:18.413983 n kernel: hci0: state 1 -> 0
Sep 17 23:13:18.414012 n kernel: hci0: entry 00000000e4c14c59
Sep 17 23:13:18.414046 n kernel: hci0: ADV monitoring is off
Sep 17 23:13:18.414084 n kernel: hci0: stopping background scanning
Sep 17 23:13:18.414110 n kernel: hci0: 
Sep 17 23:16:33.713691 n kernel: hci0: state 0 -> 1
Sep 17 23:16:33.713733 n kernel: hci0: 
Sep 17 23:16:33.713753 n kernel: hci0: entry 00000000df6bb939
Sep 17 23:16:33.713765 n kernel: hci0: type 6
Sep 17 23:16:33.713785 n kernel: hci0: 
Sep 17 23:16:33.713794 n kernel: hci0: cancelling interleave scan
Sep 17 23:16:33.713805 n kernel: hci0: Opcode 0x2005
Sep 17 23:16:33.713814 n kernel: hci0: opcode 0x2005 plen 6
Sep 17 23:16:33.713825 n kernel: hci0: skb len 9
Sep 17 23:16:33.713841 n kernel: hci0: length 1
Sep 17 23:16:33.713858 n kernel: hci0 cmd_cnt 1 cmd queued 1
Sep 17 23:16:33.713872 n kernel: hci0: skb 00000000f718c683
Sep 17 23:16:35.725666 n kernel: hci0: end: err -110
Sep 17 23:16:35.725871 n kernel: Bluetooth: hci0: command 0x0406 tx timeout
Sep 17 23:16:35.725899 n kernel: hci0: err 0x6e
Sep 17 23:16:35.725931 n kernel: hci0 cmd_cnt 1 cmd queued 0
Sep 17 23:16:35.725970 n kernel: Bluetooth: hci0: Opcode 0x2005 failed: -110
Sep 17 23:16:35.726002 n kernel: hci0: Opcode 0x200b
Sep 17 23:16:35.726033 n kernel: hci0: opcode 0x200b plen 7
Sep 17 23:16:35.726055 n kernel: hci0: skb len 10
Sep 17 23:16:35.726094 n kernel: hci0: length 1
Sep 17 23:16:35.726119 n kernel: hci0 cmd_cnt 1 cmd queued 1
Sep 17 23:16:35.726145 n kernel: hci0: skb 0000000038c22032
Sep 17 23:16:37.774760 n kernel: Bluetooth: hci0: command 0x0406 tx timeout
Sep 17 23:16:37.774796 n kernel: hci0: end: err -110
Sep 17 23:16:37.774812 n kernel: hci0: err 0x6e
Sep 17 23:16:37.774830 n kernel: hci0 cmd_cnt 1 cmd queued 0
Sep 17 23:16:37.774844 n kernel: Bluetooth: hci0: Opcode 0x200b failed: -110
Sep 17 23:16:37.774856 n kernel: hci0: state 1 -> 0
Sep 17 23:16:37.774871 n kernel: hci0: entry 0000000031b03a74
Sep 17 23:16:37.774891 n kernel: hci0: ADV monitoring is off
Sep 17 23:16:37.774916 n kernel: hci0: stopping background scanning
Sep 17 23:16:37.774932 n kernel: hci0: 
