Sep 13 00:55:08.601194 n bluetoothd[2886]: src/agent.c:add_default_agent() Default agent set to :1.257 /org/gnome/bluetooth/settings
Sep 13 00:55:08.601225 n bluetoothd[2886]: src/adapter.c:set_mode() sending set mode command for index 0
Sep 13 00:55:08.601242 n bluetoothd[2886]: src/agent.c:agent_ref() 0x5bfce33b21a0: ref=1
Sep 13 00:55:08.601250 n bluetoothd[2886]: src/agent.c:register_agent() agent :1.257
Sep 13 00:55:08.601318 n bluetoothd[2886]: src/shared/mgmt.c:send_request() [0x0000] command 0x0009
Sep 13 00:55:08.601339 n bluetoothd[2886]: src/shared/mgmt.c:can_read_data() [0x0000] command 0x0009 complete: 0x00
Sep 13 00:55:08.601347 n bluetoothd[2886]: src/adapter.c:new_settings_callback() Settings: 0x00000ad1
Sep 13 00:55:08.601356 n bluetoothd[2886]: src/adapter.c:settings_changed() Changed settings: 0x00000010
Sep 13 00:55:08.601363 n bluetoothd[2886]: src/adapter.c:settings_changed() Pending settings: 0x00000000
Sep 13 00:55:08.601401 n bluetoothd[2886]: src/shared/mgmt.c:send_request() [0x0000] command 0x0018
Sep 13 00:55:08.601417 n bluetoothd[2886]: src/shared/mgmt.c:can_read_data() [0x0000] command 0x0018 complete: 0x00
Sep 13 00:55:08.603783 n bluetoothd[2886]: src/adapter.c:set_discovery_filter() sender :1.257
Sep 13 00:55:08.603813 n bluetoothd[2886]: src/adapter.c:parse_discovery_filter_dict() filtered discovery params: transport: 7 rssi: 32767 pathloss: 32767  duplicate data: false discoverable true pattern (null)
Sep 13 00:55:08.603832 n bluetoothd[2886]: src/adapter.c:set_discovery_filter() successfully pre-set filter
Sep 13 00:55:08.604135 n bluetoothd[2886]: src/adapter.c:start_discovery() sender :1.257
Sep 13 00:55:08.604151 n bluetoothd[2886]: src/adapter.c:update_discovery_filter()
Sep 13 00:55:08.604160 n bluetoothd[2886]: src/adapter.c:discovery_filter_to_mgmt_cp()
Sep 13 00:55:08.604171 n bluetoothd[2886]: src/adapter.c:set_discoverable() sending set mode command for index 0
Sep 13 00:55:08.604184 n bluetoothd[2886]: src/adapter.c:set_mode() sending set mode command for index 0
Sep 13 00:55:08.604200 n bluetoothd[2886]: src/adapter.c:trigger_start_discovery()
Sep 13 00:55:08.604210 n bluetoothd[2886]: src/adapter.c:cancel_passive_scanning()
Sep 13 00:55:08.604272 n bluetoothd[2886]: src/shared/mgmt.c:send_request() [0x0000] command 0x0007
Sep 13 00:55:08.604293 n bluetoothd[2886]: src/adapter.c:start_discovery_timeout()
Sep 13 00:55:08.604306 n bluetoothd[2886]: src/adapter.c:start_discovery_timeout() adapter->current_discovery_filter == 0
Sep 13 00:55:08.624372 n bluetoothd[2886]: src/profile.c:register_profile() sender :1.258
Sep 13 00:55:08.624407 n bluetoothd[2886]: src/profile.c:create_ext() Created "Message Notification"
Sep 13 00:55:08.624418 n bluetoothd[2886]: src/profile.c:ext_adapter_probe() "Message Notification" probed
Sep 13 00:55:08.624474 n bluetoothd[2886]: src/profile.c:ext_start_servers() Message Notification listening on PSM 4097
Sep 13 00:55:08.624524 n bluetoothd[2886]: src/profile.c:ext_start_servers() Message Notification listening on chan 17
Sep 13 00:55:08.624580 n bluetoothd[2886]: src/adapter.c:adapter_service_add() /org/bluez/hci0
Sep 13 00:55:08.624595 n bluetoothd[2886]: src/sdpd-service.c:add_record_to_server() Adding record with handle 0x1000a
Sep 13 00:55:08.624607 n bluetoothd[2886]: src/sdpd-service.c:add_record_to_server() Record pattern UUID 00000003-0000-1000-8000-00805f9
Sep 13 00:55:08.624620 n bluetoothd[2886]: src/sdpd-service.c:add_record_to_server() Record pattern UUID 00000008-0000-1000-8000-00805f9
Sep 13 00:55:08.624630 n bluetoothd[2886]: src/sdpd-service.c:add_record_to_server() Record pattern UUID 00000100-0000-1000-8000-00805f9
Sep 13 00:55:08.624642 n bluetoothd[2886]: src/sdpd-service.c:add_record_to_server() Record pattern UUID 00001002-0000-1000-8000-00805f9
Sep 13 00:55:08.624651 n bluetoothd[2886]: src/sdpd-service.c:add_record_to_server() Record pattern UUID 00001133-0000-1000-8000-00805f9
Sep 13 00:55:08.624662 n bluetoothd[2886]: src/sdpd-service.c:add_record_to_server() Record pattern UUID 00001134-0000-1000-8000-00805f9
Sep 13 00:55:08.624673 n bluetoothd[2886]: src/adapter.c:adapter_service_insert() /org/bluez/hci0
Sep 13 00:55:08.624686 n bluetoothd[2886]: src/adapter.c:add_uuid() sending add uuid command for index 0
Sep 13 00:55:08.624864 n bluetoothd[2886]: src/profile.c:register_profile() sender :1.258
Sep 13 00:55:08.624881 n bluetoothd[2886]: src/profile.c:create_ext() Created "Message Access"
Sep 13 00:55:08.624891 n bluetoothd[2886]: src/profile.c:ext_adapter_probe() "Message Access" probed
Sep 13 00:55:08.624942 n bluetoothd[2886]: src/profile.c:ext_start_servers() Message Access listening on PSM 4099
Sep 13 00:55:08.624975 n bluetoothd[2886]: src/profile.c:ext_start_servers() Message Access listening on chan 16
Sep 13 00:55:08.625008 n bluetoothd[2886]: src/adapter.c:adapter_service_add() /org/bluez/hci0
Sep 13 00:55:08.625016 n bluetoothd[2886]: src/sdpd-service.c:add_record_to_server() Adding record with handle 0x1000b
Sep 13 00:55:08.625025 n bluetoothd[2886]: src/sdpd-service.c:add_record_to_server() Record pattern UUID 00000003-0000-1000-8000-00805f9
Sep 13 00:55:08.625032 n bluetoothd[2886]: src/sdpd-service.c:add_record_to_server() Record pattern UUID 00000008-0000-1000-8000-00805f9
Sep 13 00:55:08.625041 n bluetoothd[2886]: src/sdpd-service.c:add_record_to_server() Record pattern UUID 00000100-0000-1000-8000-00805f9
Sep 13 00:55:08.625050 n bluetoothd[2886]: src/sdpd-service.c:add_record_to_server() Record pattern UUID 00001002-0000-1000-8000-00805f9
Sep 13 00:55:08.625056 n bluetoothd[2886]: src/sdpd-service.c:add_record_to_server() Record pattern UUID 00001132-0000-1000-8000-00805f9
Sep 13 00:55:08.625061 n bluetoothd[2886]: src/sdpd-service.c:add_record_to_server() Record pattern UUID 00001134-0000-1000-8000-00805f9
Sep 13 00:55:08.625068 n bluetoothd[2886]: src/adapter.c:adapter_service_insert() /org/bluez/hci0
Sep 13 00:55:08.625075 n bluetoothd[2886]: src/adapter.c:add_uuid() sending add uuid command for index 0
Sep 13 00:55:08.625104 n bluetoothd[2886]: src/profile.c:register_profile() sender :1.258
Sep 13 00:55:08.625119 n bluetoothd[2886]: src/profile.c:create_ext() Created "Phone Book Access"
Sep 13 00:55:08.625129 n bluetoothd[2886]: src/profile.c:ext_adapter_probe() "Phone Book Access" probed
Sep 13 00:55:08.625173 n bluetoothd[2886]: src/profile.c:ext_start_servers() Phone Book Access listening on PSM 4101
Sep 13 00:55:08.625204 n bluetoothd[2886]: src/profile.c:ext_start_servers() Phone Book Access listening on chan 15
Sep 13 00:55:08.625249 n bluetoothd[2886]: src/adapter.c:adapter_service_add() /org/bluez/hci0
Sep 13 00:55:08.625260 n bluetoothd[2886]: src/sdpd-service.c:add_record_to_server() Adding record with handle 0x1000c
Sep 13 00:55:08.625270 n bluetoothd[2886]: src/sdpd-service.c:add_record_to_server() Record pattern UUID 00000003-0000-1000-8000-00805f9
Sep 13 00:55:08.625280 n bluetoothd[2886]: src/sdpd-service.c:add_record_to_server() Record pattern UUID 00000008-0000-1000-8000-00805f9
Sep 13 00:55:08.625289 n bluetoothd[2886]: src/sdpd-service.c:add_record_to_server() Record pattern UUID 00000100-0000-1000-8000-00805f9
Sep 13 00:55:08.625298 n bluetoothd[2886]: src/sdpd-service.c:add_record_to_server() Record pattern UUID 00001002-0000-1000-8000-00805f9
Sep 13 00:55:08.625304 n bluetoothd[2886]: src/sdpd-service.c:add_record_to_server() Record pattern UUID 0000112f-0000-1000-8000-00805f9
Sep 13 00:55:08.625310 n bluetoothd[2886]: src/sdpd-service.c:add_record_to_server() Record pattern UUID 00001130-0000-1000-8000-00805f9
Sep 13 00:55:08.625316 n bluetoothd[2886]: src/adapter.c:adapter_service_insert() /org/bluez/hci0
Sep 13 00:55:08.625323 n bluetoothd[2886]: src/adapter.c:add_uuid() sending add uuid command for index 0
Sep 13 00:55:08.625351 n bluetoothd[2886]: src/profile.c:register_profile() sender :1.258
Sep 13 00:55:08.625365 n bluetoothd[2886]: src/profile.c:create_ext() Created "Synchronization"
Sep 13 00:55:08.625373 n bluetoothd[2886]: src/profile.c:ext_adapter_probe() "Synchronization" probed
Sep 13 00:55:08.625405 n bluetoothd[2886]: src/profile.c:ext_start_servers() Synchronization listening on chan 14
Sep 13 00:55:08.625442 n bluetoothd[2886]: src/adapter.c:adapter_service_add() /org/bluez/hci0
Sep 13 00:55:08.625451 n bluetoothd[2886]: src/sdpd-service.c:add_record_to_server() Adding record with handle 0x1000d
Sep 13 00:55:08.625458 n bluetoothd[2886]: src/sdpd-service.c:add_record_to_server() Record pattern UUID 00000003-0000-1000-8000-00805f9
Sep 13 00:55:08.625463 n bluetoothd[2886]: src/sdpd-service.c:add_record_to_server() Record pattern UUID 00000008-0000-1000-8000-00805f9
Sep 13 00:55:08.625470 n bluetoothd[2886]: src/sdpd-service.c:add_record_to_server() Record pattern UUID 00000100-0000-1000-8000-00805f9
Sep 13 00:55:08.625477 n bluetoothd[2886]: src/sdpd-service.c:add_record_to_server() Record pattern UUID 00001002-0000-1000-8000-00805f9
Sep 13 00:55:08.625482 n bluetoothd[2886]: src/sdpd-service.c:add_record_to_server() Record pattern UUID 00001104-0000-1000-8000-00805f9
Sep 13 00:55:08.625488 n bluetoothd[2886]: src/adapter.c:adapter_service_insert() /org/bluez/hci0
Sep 13 00:55:08.625503 n bluetoothd[2886]: src/adapter.c:add_uuid() sending add uuid command for index 0
Sep 13 00:55:08.625541 n bluetoothd[2886]: src/profile.c:register_profile() sender :1.258
Sep 13 00:55:08.625558 n bluetoothd[2886]: src/profile.c:create_ext() Created "File Transfer"
Sep 13 00:55:08.625578 n bluetoothd[2886]: src/profile.c:ext_adapter_probe() "File Transfer" probed
Sep 13 00:55:08.625616 n bluetoothd[2886]: src/profile.c:ext_start_servers() File Transfer listening on PSM 4103
Sep 13 00:55:08.625644 n bluetoothd[2886]: src/profile.c:ext_start_servers() File Transfer listening on chan 10
Sep 13 00:55:08.625690 n bluetoothd[2886]: src/adapter.c:adapter_service_add() /org/bluez/hci0
Sep 13 00:55:08.625700 n bluetoothd[2886]: src/sdpd-service.c:add_record_to_server() Adding record with handle 0x1000e
Sep 13 00:55:08.625710 n bluetoothd[2886]: src/sdpd-service.c:add_record_to_server() Record pattern UUID 00000003-0000-1000-8000-00805f9
Sep 13 00:55:08.625725 n bluetoothd[2886]: src/sdpd-service.c:add_record_to_server() Record pattern UUID 00000008-0000-1000-8000-00805f9
Sep 13 00:55:08.625734 n bluetoothd[2886]: src/sdpd-service.c:add_record_to_server() Record pattern UUID 00000100-0000-1000-8000-00805f9
Sep 13 00:55:08.625743 n bluetoothd[2886]: src/sdpd-service.c:add_record_to_server() Record pattern UUID 00001002-0000-1000-8000-00805f9
Sep 13 00:55:08.625751 n bluetoothd[2886]: src/sdpd-service.c:add_record_to_server() Record pattern UUID 00001106-0000-1000-8000-00805f9
Sep 13 00:55:08.625760 n bluetoothd[2886]: src/adapter.c:adapter_service_insert() /org/bluez/hci0
Sep 13 00:55:08.625770 n bluetoothd[2886]: src/adapter.c:add_uuid() sending add uuid command for index 0
Sep 13 00:55:08.625811 n bluetoothd[2886]: src/profile.c:register_profile() sender :1.258
Sep 13 00:55:08.625868 n bluetoothd[2886]: src/profile.c:create_ext() Created "Object Push"
Sep 13 00:55:08.625879 n bluetoothd[2886]: src/profile.c:ext_adapter_probe() "Object Push" probed
Sep 13 00:55:08.625918 n bluetoothd[2886]: src/profile.c:ext_start_servers() Object Push listening on PSM 4105
Sep 13 00:55:08.625945 n bluetoothd[2886]: src/profile.c:ext_start_servers() Object Push listening on chan 9
Sep 13 00:55:08.625991 n bluetoothd[2886]: src/adapter.c:adapter_service_add() /org/bluez/hci0
Sep 13 00:55:08.626004 n bluetoothd[2886]: src/sdpd-service.c:add_record_to_server() Adding record with handle 0x1000f
Sep 13 00:55:08.626016 n bluetoothd[2886]: src/sdpd-service.c:add_record_to_server() Record pattern UUID 00000003-0000-1000-8000-00805f9
Sep 13 00:55:08.626025 n bluetoothd[2886]: src/sdpd-service.c:add_record_to_server() Record pattern UUID 00000008-0000-1000-8000-00805f9
Sep 13 00:55:08.626033 n bluetoothd[2886]: src/sdpd-service.c:add_record_to_server() Record pattern UUID 00000100-0000-1000-8000-00805f9
Sep 13 00:55:08.626042 n bluetoothd[2886]: src/sdpd-service.c:add_record_to_server() Record pattern UUID 00001002-0000-1000-8000-00805f9
Sep 13 00:55:08.626051 n bluetoothd[2886]: src/sdpd-service.c:add_record_to_server() Record pattern UUID 00001105-0000-1000-8000-00805f9
Sep 13 00:55:08.626062 n bluetoothd[2886]: src/adapter.c:adapter_service_insert() /org/bluez/hci0
Sep 13 00:55:08.626072 n bluetoothd[2886]: src/adapter.c:add_uuid() sending add uuid command for index 0
Sep 13 00:55:08.626105 n bluetoothd[2886]: src/profile.c:register_profile() sender :1.258
Sep 13 00:55:08.626357 n bluetoothd[2886]: src/profile.c:create_ext() Created ":1.258/org/bluez/obex/00005005_0000_1000_8000_0002ee000001/<UUID-01>"
Sep 13 00:55:08.626400 n bluetoothd[2886]: src/profile.c:ext_adapter_probe() ":1.258/org/bluez/obex/00005005_0000_1000_8000_0002ee000001/<UUID-01>" probed
Sep 13 00:55:08.626481 n bluetoothd[2886]: src/adapter.c:adapter_service_add() /org/bluez/hci0
Sep 13 00:55:08.626533 n bluetoothd[2886]: src/sdpd-service.c:add_record_to_server() Adding record with handle 0x10010
Sep 13 00:55:08.626583 n bluetoothd[2886]: src/sdpd-service.c:add_record_to_server() Record pattern UUID 00000003-0000-1000-8000-00805f9
Sep 13 00:55:08.626613 n bluetoothd[2886]: src/sdpd-service.c:add_record_to_server() Record pattern UUID 00000008-0000-1000-8000-00805f9
Sep 13 00:55:08.626640 n bluetoothd[2886]: src/sdpd-service.c:add_record_to_server() Record pattern UUID 00000100-0000-1000-8000-00805f9
Sep 13 00:55:08.626669 n bluetoothd[2886]: src/sdpd-service.c:add_record_to_server() Record pattern UUID 00001002-0000-1000-8000-00805f9
Sep 13 00:55:08.626699 n bluetoothd[2886]: src/sdpd-service.c:add_record_to_server() Record pattern UUID 00005005-0000-1000-8000-0002ee0
Sep 13 00:55:08.626729 n bluetoothd[2886]: src/adapter.c:adapter_service_insert() /org/bluez/hci0
Sep 13 00:55:08.626761 n bluetoothd[2886]: src/adapter.c:add_uuid() sending add uuid command for index 0
Sep 13 00:55:10.617627 n bluetoothd[2886]: src/shared/mgmt.c:can_read_data() [0x0000] command 0x07 status: 0x05
Sep 13 00:55:10.617647 n bluetoothd[2886]: Failed to set mode: Authentication Failed (0x05)
Sep 13 00:55:10.617707 n bluetoothd[2886]: src/shared/mgmt.c:send_request() [0x0000] command 0x0006
Sep 13 00:55:12.666638 n bluetoothd[2886]: src/shared/mgmt.c:can_read_data() [0x0000] command 0x06 status: 0x05
Sep 13 00:55:12.666662 n bluetoothd[2886]: Failed to set mode: Authentication Failed (0x05)
Sep 13 00:55:12.666741 n bluetoothd[2886]: src/shared/mgmt.c:send_request() [0x0000] command 0x0023
Sep 13 00:55:16.761585 n bluetoothd[2886]: src/shared/mgmt.c:can_read_data() [0x0000] command 0x0023 complete: 0x05
Sep 13 00:55:16.761596 n bluetoothd[2886]: src/adapter.c:start_discovery_complete() status 0x05
Sep 13 00:55:16.761625 n bluetoothd[2886]: src/adapter.c:discovery_remove() owner :1.257
Sep 13 00:55:16.761661 n bluetoothd[2886]: src/shared/mgmt.c:send_request() [0x0000] command 0x0010
Sep 13 00:55:18.809670 n bluetoothd[2886]: src/shared/mgmt.c:can_read_data() [0x0000] command 0x0010 complete: 0x05
Sep 13 00:55:18.809694 n bluetoothd[2886]: Failed to add UUID: Authentication Failed (0x05)
Sep 13 00:55:18.809766 n bluetoothd[2886]: src/shared/mgmt.c:send_request() [0x0000] command 0x0010
Sep 13 00:55:20.857598 n bluetoothd[2886]: src/shared/mgmt.c:can_read_data() [0x0000] command 0x0010 complete: 0x05
Sep 13 00:55:20.857612 n bluetoothd[2886]: Failed to add UUID: Authentication Failed (0x05)
Sep 13 00:55:20.857653 n bluetoothd[2886]: src/shared/mgmt.c:send_request() [0x0000] command 0x0010
Sep 13 00:55:22.905585 n bluetoothd[2886]: src/shared/mgmt.c:can_read_data() [0x0000] command 0x0010 complete: 0x05
Sep 13 00:55:22.905601 n bluetoothd[2886]: Failed to add UUID: Authentication Failed (0x05)
Sep 13 00:55:22.905663 n bluetoothd[2886]: src/shared/mgmt.c:send_request() [0x0000] command 0x0010
Sep 13 00:55:22.906594 n bluetoothd[2886]: src/shared/mgmt.c:can_read_data() [0x0000] command 0x0010 complete: 0x05
Sep 13 00:55:22.906617 n bluetoothd[2886]: Failed to add UUID: Authentication Failed (0x05)
Sep 13 00:55:22.906702 n bluetoothd[2886]: src/shared/mgmt.c:send_request() [0x0000] command 0x0010
Sep 13 00:55:24.953618 n bluetoothd[2886]: src/shared/mgmt.c:can_read_data() [0x0000] command 0x0010 complete: 0x05
Sep 13 00:55:24.953635 n bluetoothd[2886]: Failed to add UUID: Authentication Failed (0x05)
Sep 13 00:55:24.953691 n bluetoothd[2886]: src/shared/mgmt.c:send_request() [0x0000] command 0x0010
Sep 13 00:55:27.001598 n bluetoothd[2886]: src/shared/mgmt.c:can_read_data() [0x0000] command 0x0010 complete: 0x05
Sep 13 00:55:27.001612 n bluetoothd[2886]: Failed to add UUID: Authentication Failed (0x05)
Sep 13 00:55:27.001656 n bluetoothd[2886]: src/shared/mgmt.c:send_request() [0x0000] command 0x0010
Sep 13 00:55:29.049600 n bluetoothd[2886]: src/shared/mgmt.c:can_read_data() [0x0000] command 0x0010 complete: 0x05
Sep 13 00:55:29.049614 n bluetoothd[2886]: Failed to add UUID: Authentication Failed (0x05)
Sep 13 00:58:09.039539 n bluetoothd[2886]: profiles/audio/transport.c:media_owner_create() Owner created: sender=:1.85
Sep 13 00:58:09.039556 n bluetoothd[2886]: profiles/audio/transport.c:media_transport_resume() Transport /org/bluez/hci0/dev_AA:BB:CC:00:00:01/fd2 Owner :1.85
Sep 13 00:58:09.039564 n bluetoothd[2886]: profiles/audio/a2dp.c:a2dp_sep_lock() SEP 0x5bfce33928b0 locked
Sep 13 00:58:09.039572 n bluetoothd[2886]: profiles/audio/avdtp.c:avdtp_ref() 0x5bfce33b8970: ref=3
Sep 13 00:58:09.039578 n bluetoothd[2886]: profiles/audio/a2dp.c:setup_ref() 0x5bfce33aaca0: ref=1
Sep 13 00:58:09.039599 n bluetoothd[2886]: profiles/audio/transport.c:transport_set_state() State changed /org/bluez/hci0/dev_AA:BB:CC:00:00:01/fd2: TRANSPORT_STATE_IDLE -> TRANSPORT_STATE_REQUESTING
Sep 13 00:58:09.039606 n bluetoothd[2886]: profiles/audio/transport.c:media_request_create() Request created: method=Acquire id=3
Sep 13 00:58:09.039612 n bluetoothd[2886]: profiles/audio/transport.c:media_owner_add() Owner :1.85 Request Acquire
Sep 13 00:58:09.039617 n bluetoothd[2886]: profiles/audio/transport.c:media_transport_set_owner() Transport /org/bluez/hci0/dev_AA:BB:CC:00:00:01/fd2 Owner :1.85
Sep 13 00:58:14.958577 n bluetoothd[2886]: profiles/audio/avdtp.c:cancel_request() Start: Connection timed out (110)
Sep 13 00:58:14.958610 n bluetoothd[2886]: profiles/audio/a2dp.c:start_cfm() Source 0x5bfce33928b0: Start_Cfm
Sep 13 00:58:14.958623 n bluetoothd[2886]: profiles/audio/transport.c:media_transport_remove_owner() Transport /org/bluez/hci0/dev_AA:BB:CC:00:00:01/fd2 Owner :1.85
Sep 13 00:58:14.958637 n bluetoothd[2886]: profiles/audio/transport.c:media_request_reply() Request Acquire Reply Input/output error
Sep 13 00:58:14.958728 n bluetoothd[2886]: profiles/audio/transport.c:media_owner_free() Owner :1.85
Sep 13 00:58:14.958742 n bluetoothd[2886]: profiles/audio/transport.c:media_owner_remove() Owner :1.85 Request Acquire
Sep 13 00:58:14.958752 n bluetoothd[2886]: profiles/audio/transport.c:media_transport_suspend() Transport /org/bluez/hci0/dev_AA:BB:CC:00:00:01/fd2 Owner
Sep 13 00:58:14.958762 n bluetoothd[2886]: profiles/audio/transport.c:transport_set_state() State changed /org/bluez/hci0/dev_AA:BB:CC:00:00:01/fd2: TRANSPORT_STATE_REQUESTING -> TRANSPORT_STATE_IDLE
Sep 13 00:58:14.958773 n bluetoothd[2886]: profiles/audio/a2dp.c:a2dp_sep_unlock() SEP 0x5bfce33928b0 unlocked
Sep 13 00:58:14.958784 n bluetoothd[2886]: profiles/audio/a2dp.c:setup_unref() 0x5bfce33aaca0: ref=0
Sep 13 00:58:14.958794 n bluetoothd[2886]: profiles/audio/a2dp.c:setup_free() 0x5bfce33aaca0
Sep 13 00:58:14.958803 n bluetoothd[2886]: profiles/audio/avdtp.c:avdtp_unref() 0x5bfce33b8970: ref=2
Sep 13 00:58:16.954879 n bluetoothd[2886]: profiles/audio/avdtp.c:cancel_request() Abort: Connection timed out (110)
Sep 13 00:58:16.954896 n bluetoothd[2886]: profiles/audio/avdtp.c:avdtp_ref() 0x5bfce33b8970: ref=3
Sep 13 00:58:16.954905 n bluetoothd[2886]: profiles/audio/avdtp.c:connection_lost() Disconnected from AA:BB:CC:00:00:01
Sep 13 00:58:16.954913 n bluetoothd[2886]: profiles/audio/a2dp.c:abort_cfm() Source 0x5bfce33928b0: Abort_Cfm
Sep 13 00:58:16.954920 n bluetoothd[2886]: profiles/audio/avdtp.c:avdtp_sep_set_state() stream state changed: OPEN -> IDLE
Sep 13 00:58:16.954959 n bluetoothd[2886]: profiles/audio/avdtp.c:avdtp_unref() 0x5bfce33b8970: ref=2
Sep 13 00:58:16.954993 n bluetoothd[2886]: src/service.c:change_state() 0x5bfce338f3e0: device AA:BB:CC:00:00:01 profile a2dp-sink state changed: connected -> disconnected (0)
Sep 13 00:58:16.955004 n bluetoothd[2886]: plugins/policy.c:policy_disconnect() /org/bluez/hci0/dev_AA:BB:CC:00:00:01 profile avrcp-controller
Sep 13 00:58:16.955012 n bluetoothd[2886]: src/service.c:change_state() 0x5bfce338f2e0: device AA:BB:CC:00:00:01 profile avrcp-controller state changed: connected -> disconnecting (0)
Sep 13 00:58:16.955020 n bluetoothd[2886]: profiles/audio/avrcp.c:avrcp_disconnect() path /org/bluez/hci0/dev_AA:BB:CC:00:00:01
Sep 13 00:58:16.955028 n bluetoothd[2886]: src/service.c:change_state() 0x5bfce338f3a0: device AA:BB:CC:00:00:01 profile audio-avrcp-target state changed: connected -> disconnected (0)
Sep 13 00:58:16.955036 n bluetoothd[2886]: src/service.c:change_state() 0x5bfce338f2e0: device AA:BB:CC:00:00:01 profile avrcp-controller state changed: disconnecting -> disconnected (0)
Sep 13 00:58:16.955044 n bluetoothd[2886]: profiles/audio/avrcp.c:controller_destroy() 0x5bfce33b1df0
Sep 13 00:58:16.955052 n bluetoothd[2886]: profiles/audio/player.c:media_player_destroy() /org/bluez/hci0/dev_AA:BB:CC:00:00:01/player0
Sep 13 00:58:16.955081 n bluetoothd[2886]: profiles/audio/avrcp.c:target_destroy() 0x5bfce338de60
Sep 13 00:58:16.955094 n bluetoothd[2886]: profiles/audio/avctp.c:avctp_set_state() AVCTP Disconnected
Sep 13 00:58:16.955129 n bluetoothd[2886]: profiles/audio/avctp.c:avctp_disconnected() AVCTP: closing uinput for AA:BB:CC:00:00:01
Sep 13 00:58:16.978634 n bluetoothd[2886]: profiles/audio/avdtp.c:avdtp_unref() 0x5bfce33b8970: ref=1
Sep 13 00:58:16.978680 n bluetoothd[2886]: profiles/audio/sink.c:sink_set_state() State changed /org/bluez/hci0/dev_AA:BB:CC:00:00:01: SINK_STATE_CONNECTED -> SINK_STATE_DISCONNECTED
Sep 13 00:58:16.978692 n bluetoothd[2886]: profiles/audio/a2dp.c:channel_remove() chan 0x5bfce33ab840
Sep 13 00:58:16.978856 n bluetoothd[2886]: profiles/audio/avdtp.c:avdtp_unref() 0x5bfce33b8970: ref=0
Sep 13 00:58:16.978868 n bluetoothd[2886]: profiles/audio/avdtp.c:avdtp_free() 0x5bfce33b8970
Sep 13 00:59:44.407999 n bluetoothd[2886]: src/agent.c:unregister_agent() agent :1.257
Sep 13 00:59:44.408020 n bluetoothd[2886]: src/agent.c:agent_disconnect() Agent :1.257 disconnected
Sep 13 00:59:44.408040 n bluetoothd[2886]: src/agent.c:remove_default_agent() Default agent cleared
Sep 13 00:59:44.408051 n bluetoothd[2886]: src/adapter.c:set_mode() sending set mode command for index 0
Sep 13 00:59:44.408065 n bluetoothd[2886]: src/agent.c:agent_destroy() agent :1.257
Sep 13 00:59:44.408072 n bluetoothd[2886]: src/agent.c:agent_unref() 0x5bfce33b21a0: ref=0
Sep 13 00:59:44.408125 n bluetoothd[2886]: src/shared/mgmt.c:send_request() [0x0000] command 0x0009
Sep 13 00:59:44.408149 n bluetoothd[2886]: src/shared/mgmt.c:can_read_data() [0x0000] command 0x0009 complete: 0x00
Sep 13 00:59:44.408158 n bluetoothd[2886]: src/adapter.c:new_settings_callback() Settings: 0x00000acb
Sep 13 00:59:44.408166 n bluetoothd[2886]: src/adapter.c:settings_changed() Changed settings: 0x0000001a
Sep 13 00:59:44.408175 n bluetoothd[2886]: src/adapter.c:settings_changed() Pending settings: 0x00000000
Sep 13 01:00:18.496571 n bluetoothd[2886]: src/agent.c:add_default_agent() Default agent set to :1.257 /org/gnome/bluetooth/settings
Sep 13 01:00:18.496589 n bluetoothd[2886]: src/adapter.c:set_mode() sending set mode command for index 0
Sep 13 01:00:18.496600 n bluetoothd[2886]: src/agent.c:agent_ref() 0x5bfce339de00: ref=1
Sep 13 01:00:18.496606 n bluetoothd[2886]: src/agent.c:register_agent() agent :1.257
Sep 13 01:00:18.496658 n bluetoothd[2886]: src/shared/mgmt.c:send_request() [0x0000] command 0x0009
Sep 13 01:00:18.496675 n bluetoothd[2886]: src/shared/mgmt.c:can_read_data() [0x0000] command 0x0009 complete: 0x00
Sep 13 01:00:18.496683 n bluetoothd[2886]: src/adapter.c:new_settings_callback() Settings: 0x00000adb
Sep 13 01:00:18.496691 n bluetoothd[2886]: src/adapter.c:settings_changed() Changed settings: 0x00000010
Sep 13 01:00:18.496697 n bluetoothd[2886]: src/adapter.c:settings_changed() Pending settings: 0x00000000
Sep 13 01:00:18.496723 n bluetoothd[2886]: src/shared/mgmt.c:send_request() [0x0000] command 0x0018
Sep 13 01:00:18.496735 n bluetoothd[2886]: src/shared/mgmt.c:can_read_data() [0x0000] command 0x0018 complete: 0x00
Sep 13 01:00:18.498228 n bluetoothd[2886]: src/adapter.c:set_discovery_filter() sender :1.257
Sep 13 01:00:18.498251 n bluetoothd[2886]: src/adapter.c:parse_discovery_filter_dict() filtered discovery params: transport: 7 rssi: 32767 pathloss: 32767  duplicate data: false discoverable true pattern (null)
Sep 13 01:00:18.498675 n bluetoothd[2886]: src/adapter.c:start_discovery() sender :1.257
Sep 13 01:00:18.498689 n bluetoothd[2886]: src/adapter.c:update_discovery_filter()
Sep 13 01:00:18.498698 n bluetoothd[2886]: src/adapter.c:discovery_filter_to_mgmt_cp()
Sep 13 01:00:18.498706 n bluetoothd[2886]: src/adapter.c:trigger_start_discovery()
Sep 13 01:00:18.498714 n bluetoothd[2886]: src/adapter.c:cancel_passive_scanning()
Sep 13 01:00:18.498733 n bluetoothd[2886]: src/adapter.c:start_discovery_timeout()
Sep 13 01:00:18.498743 n bluetoothd[2886]: src/adapter.c:start_discovery_timeout() adapter->current_discovery_filter == 0
Sep 13 01:00:18.498791 n bluetoothd[2886]: src/shared/mgmt.c:send_request() [0x0000] command 0x0023
Sep 13 01:00:20.505694 n bluetoothd[2886]: src/shared/mgmt.c:can_read_data() [0x0000] command 0x0023 complete: 0x05
Sep 13 01:00:20.505736 n bluetoothd[2886]: src/adapter.c:start_discovery_complete() status 0x05
Sep 13 01:00:20.505783 n bluetoothd[2886]: src/adapter.c:discovery_remove() owner :1.257
Sep 13 01:00:25.594297 n bluetoothd[2886]: src/service.c:change_state() 0x5bfce33a70b0: device AA:BB:CC:00:00:01 profile Hands-Free Voice gateway state changed: connected -> disconnecting (0)
Sep 13 01:00:25.596057 n bluetoothd[2886]: src/profile.c:ext_io_disconnected() Hands-Free Voice gateway disconnected from AA:BB:CC:00:00:01
Sep 13 01:00:25.596072 n bluetoothd[2886]: src/service.c:change_state() 0x5bfce33a70b0: device AA:BB:CC:00:00:01 profile Hands-Free Voice gateway state changed: disconnecting -> disconnected (0)
Sep 13 01:00:25.596090 n bluetoothd[2886]: src/service.c:btd_service_unref() 0x5bfce33a70b0: ref=2
Sep 13 01:00:25.596122 n bluetoothd[2886]: src/battery.c:provided_battery_removed_cb() provided battery removed /org/freedesktop/pipewire/battery/org/bluez/hci0/dev_AA:BB:CC:00:00:01
Sep 13 01:00:25.596132 n bluetoothd[2886]: src/battery.c:btd_battery_unregister() path = /org/bluez/hci0/dev_AA:BB:CC:00:00:01
Sep 13 01:00:27.954607 n bluetoothd[2886]: src/shared/mgmt.c:send_request() [0x0000] command 0x0014
Sep 13 01:00:29.977643 n bluetoothd[2886]: src/shared/mgmt.c:can_read_data() [0x0000] event 0x000c
Sep 13 01:00:29.977661 n bluetoothd[2886]: src/adapter.c:dev_disconnected() Device AA:BB:CC:00:00:01 disconnected, reason 19
Sep 13 01:00:29.977670 n bluetoothd[2886]: src/adapter.c:adapter_remove_connection()
Sep 13 01:00:29.977720 n bluetoothd[2886]: plugins/policy.c:disconnect_cb() reason 19
Sep 13 01:00:29.977728 n bluetoothd[2886]: src/adapter.c:bonding_attempt_complete() hci0 bdaddr AA:BB:CC:00:00:01 type 0 status 0xe
Sep 13 01:00:29.977736 n bluetoothd[2886]: src/device.c:device_bonding_complete() bonding (nil) status 0x0e
Sep 13 01:00:29.977743 n bluetoothd[2886]: src/device.c:device_bonding_failed() status 14
Sep 13 01:00:29.977750 n bluetoothd[2886]: src/adapter.c:resume_discovery()
Sep 13 01:00:29.978233 n bluetoothd[2886]: src/adapter.c:set_discovery_filter() sender :1.257
Sep 13 01:00:29.978251 n bluetoothd[2886]: src/adapter.c:parse_discovery_filter_dict() filtered discovery params: transport: 7 rssi: 32767 pathloss: 32767  duplicate data: false discoverable true pattern (null)
Sep 13 01:00:29.979041 n bluetoothd[2886]: src/adapter.c:start_discovery() sender :1.257
Sep 13 01:00:29.979049 n bluetoothd[2886]: src/adapter.c:update_discovery_filter()
Sep 13 01:00:29.979054 n bluetoothd[2886]: src/adapter.c:discovery_filter_to_mgmt_cp()
Sep 13 01:00:29.979060 n bluetoothd[2886]: src/adapter.c:trigger_start_discovery()
Sep 13 01:00:29.979065 n bluetoothd[2886]: src/adapter.c:cancel_passive_scanning()
Sep 13 01:00:29.979077 n bluetoothd[2886]: src/adapter.c:start_discovery_timeout()
Sep 13 01:00:29.979083 n bluetoothd[2886]: src/adapter.c:start_discovery_timeout() adapter->current_discovery_filter == 0
Sep 13 01:00:29.994750 n bluetoothd[2886]: src/shared/mgmt.c:can_read_data() [0x0000] command 0x0014 complete: 0x00
Sep 13 01:00:29.994773 n bluetoothd[2886]: src/adapter.c:dev_disconnected() Device AA:BB:CC:00:00:01 disconnected, reason 2
Sep 13 01:00:29.994785 n bluetoothd[2886]: src/adapter.c:adapter_remove_connection()
Sep 13 01:00:29.994797 n bluetoothd[2886]: No matching connection for device
Sep 13 01:00:29.994817 n bluetoothd[2886]: plugins/policy.c:disconnect_cb() reason 2
Sep 13 01:00:29.994833 n bluetoothd[2886]: src/adapter.c:bonding_attempt_complete() hci0 bdaddr AA:BB:CC:00:00:01 type 0 status 0xe
Sep 13 01:00:29.994845 n bluetoothd[2886]: src/device.c:device_bonding_complete() bonding (nil) status 0x0e
Sep 13 01:00:29.994856 n bluetoothd[2886]: src/device.c:device_bonding_failed() status 14
Sep 13 01:00:29.994865 n bluetoothd[2886]: src/adapter.c:resume_discovery()
Sep 13 01:00:29.994882 n bluetoothd[2886]: src/adapter.c:trigger_start_discovery()
Sep 13 01:00:29.994889 n bluetoothd[2886]: src/adapter.c:cancel_passive_scanning()
Sep 13 01:00:29.994935 n bluetoothd[2886]: src/shared/mgmt.c:send_request() [0x0000] command 0x0023
Sep 13 01:00:32.025633 n bluetoothd[2886]: src/shared/mgmt.c:can_read_data() [0x0000] command 0x0023 complete: 0x05
Sep 13 01:00:32.025648 n bluetoothd[2886]: src/adapter.c:start_discovery_complete() status 0x05
Sep 13 01:00:32.025679 n bluetoothd[2886]: src/adapter.c:discovery_remove() owner :1.257
