Sep 13 00:54:55.335738 n kernel: hci0: dst AA:BB:CC:00:00:01
Sep 13 00:54:55.335762 n kernel: hci0: dst AA:BB:CC:00:00:01 handle 0x0f00
Sep 13 00:54:55.335779 n kernel: hci0: parent 0000000048e56ab9 hcon 00000000dafaec91
Sep 13 00:54:55.335799 n kernel: hci0 opcode 0x0804 plen 2
Sep 13 00:54:55.335820 n kernel: hci0: skb len 5
Sep 13 00:54:55.335836 n kernel: hci0 cmd_cnt 1 cmd queued 1
Sep 13 00:54:55.335854 n kernel: hci0: skb 000000008b97dad7
Sep 13 00:54:55.499591 n kernel: hci0: hcon 00000000dafaec91
Sep 13 00:54:55.499618 n kernel: hci0 opcode 0x0428 plen 17
Sep 13 00:54:55.499637 n kernel: hci0: skb len 20
Sep 13 00:54:55.499657 n kernel: hci0 cmd_cnt 1 cmd queued 1
Sep 13 00:54:55.499670 n kernel: hci0: skb 00000000fc3dfeda
Sep 13 00:54:55.635523 n kernel: hci0: hcon 00000000dafaec91 handle 0x0004
Sep 13 00:54:55.635611 n kernel: hci0 evt 5
Sep 13 00:54:55.638505 n kernel: hci0
Sep 13 00:54:55.638586 n kernel: hci0
Sep 13 00:54:55.670591 n kernel: hci0 cmd_cnt 1 cmd queued 1
Sep 13 00:54:55.670608 n kernel: hci0: skb 000000005897e65f
Sep 13 00:54:57.690511 n kernel: Bluetooth: hci0: command tx timeout
Sep 13 00:54:57.690569 n kernel: hci0 cmd_cnt 1 cmd queued 0
Sep 13 00:55:08.606519 n kernel: hci0: 
Sep 13 00:55:08.606578 n kernel: hci0: entry 00000000f6e4a76a
Sep 13 00:55:08.606594 n kernel: hci0: Opcode 0x0c1a
Sep 13 00:55:08.606628 n kernel: hci0: opcode 0x0c1a plen 1
Sep 13 00:55:08.606648 n kernel: hci0: skb len 4
Sep 13 00:55:08.606676 n kernel: hci0: length 1
Sep 13 00:55:08.606709 n kernel: hci0 cmd_cnt 1 cmd queued 1
Sep 13 00:55:08.606722 n kernel: hci0: skb 00000000ac219428
Sep 13 00:55:10.618517 n kernel: Bluetooth: hci0: command 0x0c1a tx timeout
Sep 13 00:55:10.618563 n kernel: hci0: end: err -110
Sep 13 00:55:10.618574 n kernel: hci0: err 0x6e
Sep 13 00:55:10.618581 n kernel: Bluetooth: hci0: Opcode 0x0c1a failed: -110
Sep 13 00:55:10.618589 n kernel: hci0 cmd_cnt 1 cmd queued 0
Sep 13 00:55:10.618614 n kernel: hci0: 
Sep 13 00:55:10.618627 n kernel: hci0: entry 0000000016041df1
Sep 13 00:55:10.618634 n kernel: hci0: Opcode 0x0c3a
Sep 13 00:55:10.618641 n kernel: hci0: opcode 0x0c3a plen 4
Sep 13 00:55:10.618648 n kernel: hci0: skb len 7
Sep 13 00:55:10.618655 n kernel: hci0: length 1
Sep 13 00:55:10.618669 n kernel: hci0 cmd_cnt 1 cmd queued 1
Sep 13 00:55:10.618677 n kernel: hci0: skb 00000000a2359b98
Sep 13 00:55:12.667502 n kernel: hci0: end: err -110
Sep 13 00:55:12.667515 n kernel: Bluetooth: hci0: Opcode 0x0c3a failed: -110
Sep 13 00:55:12.667525 n kernel: Bluetooth: hci0: command 0x0c1a tx timeout
Sep 13 00:55:12.667533 n kernel: hci0: err 0x6e
Sep 13 00:55:12.667541 n kernel: hci0 cmd_cnt 1 cmd queued 0
Sep 13 00:55:12.667567 n kernel: hci0: state 0 -> 1
Sep 13 00:55:12.667583 n kernel: hci0: 
Sep 13 00:55:12.667590 n kernel: hci0: entry 00000000cfb45342
Sep 13 00:55:12.667598 n kernel: hci0: type 7
Sep 13 00:55:12.667609 n kernel: hci0: 
Sep 13 00:55:12.667616 n kernel: hci0: cancelling interleave scan
Sep 13 00:55:12.667625 n kernel: hci0: Opcode 0x2005
Sep 13 00:55:12.667632 n kernel: hci0: opcode 0x2005 plen 6
Sep 13 00:55:12.667639 n kernel: hci0: skb len 9
Sep 13 00:55:12.667645 n kernel: hci0: length 1
Sep 13 00:55:12.667653 n kernel: hci0 cmd_cnt 1 cmd queued 1
Sep 13 00:55:12.667660 n kernel: hci0: skb 00000000afa51c9a
Sep 13 00:55:14.715532 n kernel: Bluetooth: hci0: command 0x0c1a tx timeout
Sep 13 00:55:14.715603 n kernel: hci0: end: err -110
Sep 13 00:55:14.715659 n kernel: Bluetooth: hci0: Opcode 0x2005 failed: -110
Sep 13 00:55:14.715675 n kernel: hci0: err 0x6e
Sep 13 00:55:14.715688 n kernel: hci0: Opcode 0x200b
Sep 13 00:55:14.715701 n kernel: hci0 cmd_cnt 1 cmd queued 0
Sep 13 00:55:14.715714 n kernel: hci0: opcode 0x200b plen 7
Sep 13 00:55:14.715727 n kernel: hci0: skb len 10
Sep 13 00:55:14.715750 n kernel: hci0: length 1
Sep 13 00:55:14.715764 n kernel: hci0 cmd_cnt 1 cmd queued 1
Sep 13 00:55:14.715783 n kernel: hci0: skb 00000000d9aa530e
Sep 13 00:55:16.762504 n kernel: hci0: end: err -110
Sep 13 00:55:16.762519 n kernel: Bluetooth: hci0: command 0x0c1a tx timeout
Sep 13 00:55:16.762529 n kernel: Bluetooth: hci0: Opcode 0x200b failed: -110
Sep 13 00:55:16.762538 n kernel: hci0: err 0x6e
Sep 13 00:55:16.762547 n kernel: hci0 cmd_cnt 1 cmd queued 0
Sep 13 00:55:16.762557 n kernel: hci0: state 1 -> 0
Sep 13 00:55:16.762573 n kernel: hci0: entry 00000000ad3eac15
Sep 13 00:55:16.762582 n kernel: hci0: ADV monitoring is off
Sep 13 00:55:16.762594 n kernel: hci0: stopping background scanning
Sep 13 00:55:16.762603 n kernel: hci0: 
Sep 13 00:55:16.762621 n kernel: hci0: 
Sep 13 00:55:16.762630 n kernel: hci0: entry 00000000c6f2ada4
Sep 13 00:55:16.762639 n kernel: hci0: 
Sep 13 00:55:16.762647 n kernel: hci0: 
Sep 13 00:55:16.762656 n kernel: hci0: Opcode 0x0c52
Sep 13 00:55:16.762664 n kernel: hci0: opcode 0x0c52 plen 241
Sep 13 00:55:16.762676 n kernel: hci0: skb len 244
Sep 13 00:55:16.762685 n kernel: hci0: length 1
Sep 13 00:55:16.762693 n kernel: hci0 cmd_cnt 1 cmd queued 1
Sep 13 00:55:16.762702 n kernel: hci0: skb 00000000904d990a
Sep 13 00:55:18.810513 n kernel: Bluetooth: hci0: command 0x0c1a tx timeout
Sep 13 00:55:18.810533 n kernel: hci0: err 0x6e
Sep 13 00:55:18.810543 n kernel: hci0 cmd_cnt 1 cmd queued 0
Sep 13 00:55:18.810553 n kernel: hci0: end: err -110
Sep 13 00:55:18.810563 n kernel: Bluetooth: hci0: Opcode 0x0c52 failed: -110
Sep 13 00:55:18.810589 n kernel: hci0: 
Sep 13 00:55:18.810597 n kernel: hci0: entry 00000000318d2c16
Sep 13 00:55:18.810621 n kernel: hci0: 
Sep 13 00:55:18.810630 n kernel: hci0: 
Sep 13 00:55:18.810639 n kernel: hci0: Opcode 0x0c52
Sep 13 00:55:18.810647 n kernel: hci0: opcode 0x0c52 plen 241
Sep 13 00:55:18.810664 n kernel: hci0: skb len 244
Sep 13 00:55:18.810673 n kernel: hci0: length 1
Sep 13 00:55:18.810682 n kernel: hci0 cmd_cnt 1 cmd queued 1
Sep 13 00:55:18.810692 n kernel: hci0: skb 00000000f818735a
Sep 13 00:55:20.858510 n kernel: Bluetooth: hci0: command 0x0c1a tx timeout
Sep 13 00:55:20.858538 n kernel: hci0: err 0x6e
Sep 13 00:55:20.858561 n kernel: hci0: end: err -110
Sep 13 00:55:20.858585 n kernel: hci0 cmd_cnt 1 cmd queued 0
Sep 13 00:55:20.858605 n kernel: Bluetooth: hci0: Opcode 0x0c52 failed: -110
Sep 13 00:55:20.858659 n kernel: hci0: 
Sep 13 00:55:20.858672 n kernel: hci0: entry 0000000074309971
Sep 13 00:55:20.858686 n kernel: hci0: 
Sep 13 00:55:20.858699 n kernel: hci0: Opcode 0x0c24
Sep 13 00:55:20.858720 n kernel: hci0: opcode 0x0c24 plen 3
Sep 13 00:55:20.858741 n kernel: hci0: skb len 6
Sep 13 00:55:20.858754 n kernel: hci0: length 1
Sep 13 00:55:20.858767 n kernel: hci0 cmd_cnt 1 cmd queued 1
Sep 13 00:55:20.858780 n kernel: hci0: skb 00000000856cee10
Sep 13 00:55:22.906517 n kernel: hci0: end: err -110
Sep 13 00:55:22.906539 n kernel: Bluetooth: hci0: Opcode 0x0c24 failed: -110
Sep 13 00:55:22.906600 n kernel: hci0: 
Sep 13 00:55:22.906615 n kernel: hci0: entry 00000000735fdcff
Sep 13 00:55:22.906629 n kernel: hci0: 
Sep 13 00:55:22.906642 n kernel: hci0: Opcode 0x0c24
Sep 13 00:55:22.906656 n kernel: hci0: opcode 0x0c24 plen 3
Sep 13 00:55:22.906670 n kernel: hci0: skb len 6
Sep 13 00:55:22.906684 n kernel: hci0: length 1
Sep 13 00:55:22.906697 n kernel: hci0 cmd_cnt 0 cmd queued 1
Sep 13 00:55:22.906721 n kernel: Bluetooth: hci0: command 0x0c1a tx timeout
Sep 13 00:55:22.906735 n kernel: hci0: err 0x6e
Sep 13 00:55:22.906748 n kernel: hci0 cmd_cnt 1 cmd queued 1
Sep 13 00:55:22.906762 n kernel: hci0: end: err -110
Sep 13 00:55:22.906776 n kernel: hci0: skb 0000000052d12d6c
Sep 13 00:55:22.906789 n kernel: Bluetooth: hci0: Opcode 0x0c24 failed: -110
Sep 13 00:55:22.906828 n kernel: hci0: 
Sep 13 00:55:22.906841 n kernel: hci0: entry 00000000ebd3d858
Sep 13 00:55:22.906854 n kernel: hci0: 
Sep 13 00:55:22.906868 n kernel: hci0: Opcode 0x0c24
Sep 13 00:55:22.906881 n kernel: hci0: opcode 0x0c24 plen 3
Sep 13 00:55:22.906894 n kernel: hci0: skb len 6
Sep 13 00:55:22.906908 n kernel: hci0: length 1
Sep 13 00:55:22.906921 n kernel: hci0 cmd_cnt 0 cmd queued 1
Sep 13 00:55:24.954507 n kernel: hci0: end: err -110
Sep 13 00:55:24.954529 n kernel: Bluetooth: hci0: Opcode 0x0c24 failed: -110
Sep 13 00:55:24.954538 n kernel: Bluetooth: hci0: command 0x0c1a tx timeout
Sep 13 00:55:24.954546 n kernel: hci0: err 0x6e
Sep 13 00:55:24.954553 n kernel: hci0 cmd_cnt 1 cmd queued 1
Sep 13 00:55:24.954560 n kernel: hci0: skb 000000006acc662f
Sep 13 00:55:24.954582 n kernel: hci0: 
Sep 13 00:55:24.954589 n kernel: hci0: entry 000000006b4acdc6
Sep 13 00:55:24.954597 n kernel: hci0: 
Sep 13 00:55:24.954604 n kernel: hci0: Opcode 0x0c24
Sep 13 00:55:24.954611 n kernel: hci0: opcode 0x0c24 plen 3
Sep 13 00:55:24.954619 n kernel: hci0: skb len 6
Sep 13 00:55:24.954626 n kernel: hci0: length 1
Sep 13 00:55:24.954633 n kernel: hci0 cmd_cnt 0 cmd queued 1
Sep 13 00:55:27.002506 n kernel: Bluetooth: hci0: command 0x0c1a tx timeout
Sep 13 00:55:27.002568 n kernel: hci0: end: err -110
Sep 13 00:55:27.002584 n kernel: Bluetooth: hci0: Opcode 0x0c24 failed: -110
Sep 13 00:55:27.002611 n kernel: hci0: err 0x6e
Sep 13 00:55:27.002628 n kernel: hci0 cmd_cnt 1 cmd queued 1
Sep 13 00:55:27.002652 n kernel: hci0: skb 0000000081b0a837
Sep 13 00:55:27.002711 n kernel: hci0: 
Sep 13 00:55:27.002730 n kernel: hci0: entry 00000000ff56d797
Sep 13 00:55:27.002753 n kernel: hci0: 
Sep 13 00:55:27.002773 n kernel: hci0: Opcode 0x0c24
Sep 13 00:55:27.002800 n kernel: hci0: opcode 0x0c24 plen 3
Sep 13 00:55:27.002821 n kernel: hci0: skb len 6
Sep 13 00:55:27.002841 n kernel: hci0: length 1
Sep 13 00:55:27.002860 n kernel: hci0 cmd_cnt 0 cmd queued 1
Sep 13 00:55:29.050508 n kernel: hci0: end: err -110
Sep 13 00:55:29.050534 n kernel: Bluetooth: hci0: command 0x0c1a tx timeout
Sep 13 00:55:29.050552 n kernel: hci0: err 0x6e
Sep 13 00:55:29.050562 n kernel: Bluetooth: hci0: Opcode 0x0c24 failed: -110
Sep 13 00:55:29.050572 n kernel: hci0 cmd_cnt 1 cmd queued 1
Sep 13 00:55:29.050583 n kernel: hci0: skb 00000000ab69dc11
Sep 13 00:55:31.098506 n kernel: Bluetooth: hci0: command 0x0c1a tx timeout
Sep 13 00:55:31.098567 n kernel: hci0: err 0x6e
Sep 13 00:55:31.098587 n kernel: hci0 cmd_cnt 1 cmd queued 0
Sep 13 00:58:09.023542 n kernel: hci0: handle 0x04 reason 0x13
Sep 13 00:58:09.023554 n kernel: hci0: 
Sep 13 00:58:09.023590 n kernel: hci0: entry 000000004dfd2d98
Sep 13 00:58:09.023614 n kernel: hci0: Opcode 0x0406
Sep 13 00:58:09.023630 n kernel: hci0: opcode 0x0406 plen 3
Sep 13 00:58:09.023639 n kernel: hci0: skb len 6
Sep 13 00:58:09.023656 n kernel: hci0: length 1
Sep 13 00:58:09.023688 n kernel: hci0 cmd_cnt 1 cmd queued 1
Sep 13 00:58:09.023701 n kernel: hci0: skb 000000003019ad37
Sep 13 00:58:11.034520 n kernel: Bluetooth: hci0: command 0x0c1a tx timeout
Sep 13 00:58:11.034611 n kernel: hci0: end: err -110
Sep 13 00:58:11.034624 n kernel: hci0: err 0x6e
Sep 13 00:58:11.034632 n kernel: hci0: status 0x13
Sep 13 00:58:11.034649 n kernel: hci0 cmd_cnt 1 cmd queued 0
Sep 13 00:58:11.034668 n kernel: hci0 hcon 00000000dafaec91 handle 4
Sep 13 00:58:11.034680 n kernel: hci0: hcon 00000000dafaec91
Sep 13 00:58:11.046557 n kernel: hci0 evt 6
Sep 13 00:58:11.082605 n kernel: hci0 cmd_cnt 1 cmd queued 1
Sep 13 00:58:11.082613 n kernel: hci0: skb 0000000044499b73
Sep 13 00:58:13.146530 n kernel: Bluetooth: hci0: command 0x0c1a tx timeout
Sep 13 00:58:13.146660 n kernel: hci0: err 0x6e
Sep 13 00:58:13.146696 n kernel: hci0 cmd_cnt 1 cmd queued 0
Sep 13 00:58:16.220516 n kernel: Bluetooth: hci0: setting interface failed (110)
Sep 13 00:58:16.974636 n kernel: hci0: dst AA:BB:CC:00:00:01
Sep 13 00:58:16.974664 n kernel: hci0: dst AA:BB:CC:00:00:01 handle 0x0f00
Sep 13 00:58:16.974683 n kernel: hci0: parent 0000000048e56ab9 hcon 00000000a948a588
Sep 13 00:58:16.974741 n kernel: hci0: hcon 00000000a948a588
Sep 13 00:58:16.974767 n kernel: hci0 opcode 0x0428 plen 17
Sep 13 00:58:16.974780 n kernel: hci0: skb len 20
Sep 13 00:58:16.974789 n kernel: hci0 cmd_cnt 1 cmd queued 1
Sep 13 00:58:16.974813 n kernel: hci0: skb 00000000fac4be0f
Sep 13 00:58:19.034529 n kernel: Bluetooth: hci0: command 0x0c1a tx timeout
Sep 13 00:58:19.034630 n kernel: hci0: err 0x6e
Sep 13 00:58:19.034683 n kernel: hci0 cmd_cnt 1 cmd queued 0
Sep 13 00:58:22.086691 n kernel: hci0: handle 0xf00 reason 0x13
Sep 13 00:58:22.086728 n kernel: hci0: 
Sep 13 00:58:22.086762 n kernel: hci0: entry 0000000028018f7b
Sep 13 00:58:22.086775 n kernel: hci0: Opcode 0x0408
Sep 13 00:58:22.086800 n kernel: hci0: opcode 0x0408 plen 6
Sep 13 00:58:22.086817 n kernel: hci0: skb len 9
Sep 13 00:58:22.086842 n kernel: hci0: length 1
Sep 13 00:58:22.086865 n kernel: hci0 cmd_cnt 1 cmd queued 1
Sep 13 00:58:22.086883 n kernel: hci0: skb 00000000435939c2
Sep 13 00:58:24.090546 n kernel: hci0: end: err -110
Sep 13 00:58:24.090685 n kernel: hci0: status 0x13
Sep 13 00:58:24.090733 n kernel: hci0 hcon 00000000a948a588 handle 3840
Sep 13 00:58:24.090774 n kernel: hci0: hcon 00000000a948a588
Sep 13 00:58:24.090805 n kernel: Bluetooth: hci0: command 0x0c1a tx timeout
Sep 13 00:58:24.090828 n kernel: hci0: err 0x6e
Sep 13 00:58:24.090851 n kernel: hci0 cmd_cnt 1 cmd queued 0
Sep 13 00:58:24.102649 n kernel: hci0 evt 6
Sep 13 00:58:45.006760 n kernel: hci0: dst AA:BB:CC:00:00:01
Sep 13 00:58:45.006793 n kernel: hci0: dst AA:BB:CC:00:00:01 handle 0x0f00
Sep 13 00:58:45.006820 n kernel: hci0: parent 0000000048e56ab9 hcon 00000000a948a588
Sep 13 00:58:45.006883 n kernel: hci0: hcon 00000000a948a588
Sep 13 00:58:45.006902 n kernel: hci0 opcode 0x0428 plen 17
Sep 13 00:58:45.006928 n kernel: hci0: skb len 20
Sep 13 00:58:45.006948 n kernel: hci0 cmd_cnt 1 cmd queued 1
Sep 13 00:58:45.006985 n kernel: hci0: skb 00000000ef02fba9
Sep 13 00:58:47.067516 n kernel: Bluetooth: hci0: command 0x0c1a tx timeout
Sep 13 00:58:47.067654 n kernel: hci0: err 0x6e
Sep 13 00:58:47.067683 n kernel: hci0 cmd_cnt 1 cmd queued 0
Sep 13 00:59:25.850632 n kernel: hci0: handle 0xf00 reason 0x13
Sep 13 00:59:25.850656 n kernel: hci0: 
Sep 13 00:59:25.850680 n kernel: hci0: entry 0000000035517fee
Sep 13 00:59:25.850699 n kernel: hci0: Opcode 0x0408
Sep 13 00:59:25.850717 n kernel: hci0: opcode 0x0408 plen 6
Sep 13 00:59:25.850738 n kernel: hci0: skb len 9
Sep 13 00:59:25.850761 n kernel: hci0: length 1
Sep 13 00:59:25.850780 n kernel: hci0 cmd_cnt 1 cmd queued 1
Sep 13 00:59:25.850815 n kernel: hci0: skb 0000000017aed207
Sep 13 00:59:27.898536 n kernel: hci0: end: err -110
Sep 13 00:59:27.898708 n kernel: Bluetooth: hci0: command 0x0c1a tx timeout
Sep 13 00:59:27.898746 n kernel: hci0: err 0x6e
Sep 13 00:59:27.898765 n kernel: hci0 cmd_cnt 1 cmd queued 0
Sep 13 00:59:27.898793 n kernel: hci0: status 0x13
Sep 13 00:59:27.898819 n kernel: hci0 hcon 00000000a948a588 handle 3840
Sep 13 00:59:27.898833 n kernel: hci0: hcon 00000000a948a588
Sep 13 00:59:27.920664 n kernel: hci0 evt 6
Sep 13 00:59:30.857699 n kernel: hci0: dst AA:BB:CC:00:00:01
Sep 13 00:59:30.857721 n kernel: hci0: dst AA:BB:CC:00:00:01 handle 0x0f00
Sep 13 00:59:30.857738 n kernel: hci0: parent 0000000048e56ab9 hcon 00000000f9e47132
Sep 13 00:59:30.857789 n kernel: hci0: hcon 00000000f9e47132
Sep 13 00:59:30.857813 n kernel: hci0 opcode 0x0428 plen 17
Sep 13 00:59:30.857830 n kernel: hci0: skb len 20
Sep 13 00:59:30.857846 n kernel: hci0 cmd_cnt 1 cmd queued 1
Sep 13 00:59:30.857866 n kernel: hci0: skb 0000000086c9b927
Sep 13 00:59:32.890549 n kernel: Bluetooth: hci0: command 0x0c1a tx timeout
Sep 13 00:59:32.890648 n kernel: hci0: err 0x6e
Sep 13 00:59:32.890665 n kernel: hci0 cmd_cnt 1 cmd queued 0
Sep 13 01:00:10.906584 n kernel: hci0: handle 0xf00 reason 0x13
Sep 13 01:00:10.906607 n kernel: hci0: 
Sep 13 01:00:10.906641 n kernel: hci0: entry 000000001a093c9d
Sep 13 01:00:10.906665 n kernel: hci0: Opcode 0x0408
Sep 13 01:00:10.906686 n kernel: hci0: opcode 0x0408 plen 6
Sep 13 01:00:10.906703 n kernel: hci0: skb len 9
Sep 13 01:00:10.906720 n kernel: hci0: length 1
Sep 13 01:00:10.906739 n kernel: hci0 cmd_cnt 1 cmd queued 1
Sep 13 01:00:10.906771 n kernel: hci0: skb 00000000c0c5acd2
Sep 13 01:00:12.954530 n kernel: hci0: end: err -110
Sep 13 01:00:12.954632 n kernel: hci0: status 0x13
Sep 13 01:00:12.954653 n kernel: hci0 hcon 00000000f9e47132 handle 3840
Sep 13 01:00:12.954694 n kernel: hci0: hcon 00000000f9e47132
Sep 13 01:00:12.954710 n kernel: Bluetooth: hci0: command 0x0c1a tx timeout
Sep 13 01:00:12.954735 n kernel: hci0: err 0x6e
Sep 13 01:00:12.954750 n kernel: hci0 cmd_cnt 1 cmd queued 0
Sep 13 01:00:12.967650 n kernel: hci0 evt 6
Sep 13 01:00:18.499532 n kernel: hci0: state 0 -> 1
Sep 13 01:00:18.499556 n kernel: hci0: 
Sep 13 01:00:18.499569 n kernel: hci0: entry 00000000ab455ca6
Sep 13 01:00:18.499593 n kernel: hci0: type 7
Sep 13 01:00:18.499606 n kernel: hci0: 
Sep 13 01:00:18.499618 n kernel: hci0: cancelling interleave scan
Sep 13 01:00:18.499631 n kernel: hci0: Opcode 0x2005
Sep 13 01:00:18.499642 n kernel: hci0: opcode 0x2005 plen 6
Sep 13 01:00:18.499653 n kernel: hci0: skb len 9
Sep 13 01:00:18.499663 n kernel: hci0: length 1
Sep 13 01:00:18.499674 n kernel: hci0 cmd_cnt 1 cmd queued 1
Sep 13 01:00:18.499689 n kernel: hci0: skb 000000001cec8a25
Sep 13 01:00:20.506519 n kernel: hci0: end: err -110
Sep 13 01:00:20.506569 n kernel: Bluetooth: hci0: Opcode 0x2005 failed: -110
Sep 13 01:00:20.506609 n kernel: hci0: Opcode 0x200b
Sep 13 01:00:20.506646 n kernel: hci0: opcode 0x200b plen 7
Sep 13 01:00:20.506679 n kernel: Bluetooth: hci0: command 0x0c1a tx timeout
Sep 13 01:00:20.506702 n kernel: hci0: skb len 10
Sep 13 01:00:20.506741 n kernel: hci0: length 1
Sep 13 01:00:20.506766 n kernel: hci0: err 0x6e
Sep 13 01:00:20.506782 n kernel: hci0 cmd_cnt 1 cmd queued 1
Sep 13 01:00:20.506794 n kernel: hci0: end: err -110
Sep 13 01:00:20.506810 n kernel: Bluetooth: hci0: Opcode 0x200b failed: -110
Sep 13 01:00:20.506829 n kernel: hci0: skb 00000000729f4209
Sep 13 01:00:20.506851 n kernel: hci0: state 1 -> 0
Sep 13 01:00:20.506875 n kernel: hci0: entry 00000000735fdcff
Sep 13 01:00:20.506892 n kernel: hci0: ADV monitoring is off
Sep 13 01:00:20.506905 n kernel: hci0: stopping background scanning
Sep 13 01:00:20.506916 n kernel: hci0: 
Sep 13 01:00:22.554549 n kernel: Bluetooth: hci0: command 0x0c1a tx timeout
Sep 13 01:00:22.554688 n kernel: hci0: err 0x6e
Sep 13 01:00:22.554726 n kernel: hci0 cmd_cnt 1 cmd queued 0
Sep 13 01:00:27.955572 n kernel: hci0: 
Sep 13 01:00:27.955610 n kernel: hci0: entry 00000000c9b590c1
Sep 13 01:00:27.955637 n kernel: hci0: handle 0x03 reason 0x13
Sep 13 01:00:27.955662 n kernel: hci0: Opcode 0x0406
Sep 13 01:00:27.955686 n kernel: hci0: opcode 0x0406 plen 3
Sep 13 01:00:27.955708 n kernel: hci0: skb len 6
Sep 13 01:00:27.955732 n kernel: hci0: length 1
Sep 13 01:00:27.955748 n kernel: hci0 cmd_cnt 1 cmd queued 1
Sep 13 01:00:27.955763 n kernel: hci0: skb 00000000e026d2a3
Sep 13 01:00:29.978564 n kernel: hci0: end: err -110
Sep 13 01:00:29.978624 n kernel: Bluetooth: hci0: command 0x0c1a tx timeout
Sep 13 01:00:29.978658 n kernel: hci0: status 0x13
Sep 13 01:00:29.978680 n kernel: hci0: err 0x6e
Sep 13 01:00:29.978698 n kernel: hci0 cmd_cnt 1 cmd queued 0
Sep 13 01:00:29.978717 n kernel: hci0 hcon 0000000048e56ab9 chan 0000000041f9d792
Sep 13 01:00:29.987516 n kernel: hci0 hcon 0000000048e56ab9 handle 3
Sep 13 01:00:29.987597 n kernel: hci0: hcon 0000000048e56ab9
Sep 13 01:00:29.995534 n kernel: hci0 evt 2
Sep 13 01:00:29.995617 n kernel: hci0: state 0 -> 1
Sep 13 01:00:29.995638 n kernel: hci0: 
Sep 13 01:00:29.995658 n kernel: hci0: entry 00000000ea4ce68b
Sep 13 01:00:29.995683 n kernel: hci0: type 7
Sep 13 01:00:29.995701 n kernel: hci0: 
Sep 13 01:00:29.995712 n kernel: hci0: cancelling interleave scan
Sep 13 01:00:29.995725 n kernel: hci0: Opcode 0x2005
Sep 13 01:00:29.995743 n kernel: hci0: opcode 0x2005 plen 6
Sep 13 01:00:29.995755 n kernel: hci0: skb len 9
Sep 13 01:00:29.995775 n kernel: hci0: length 1
Sep 13 01:00:29.995790 n kernel: hci0 cmd_cnt 1 cmd queued 1
Sep 13 01:00:29.995809 n kernel: hci0: skb 00000000c8bac835
Sep 13 01:00:30.029601 n kernel: hci0 cmd_cnt 0 cmd queued 1
Sep 13 01:00:32.026519 n kernel: hci0: end: err -110
Sep 13 01:00:32.026590 n kernel: Bluetooth: hci0: Opcode 0x2005 failed: -110
Sep 13 01:00:32.026635 n kernel: hci0: Opcode 0x200b
Sep 13 01:00:32.026657 n kernel: hci0: opcode 0x200b plen 7
Sep 13 01:00:32.026669 n kernel: hci0: skb len 10
Sep 13 01:00:32.026701 n kernel: Bluetooth: hci0: command 0x0c1a tx timeout
Sep 13 01:00:32.026714 n kernel: hci0: err 0x6e
Sep 13 01:00:32.026738 n kernel: hci0: length 1
Sep 13 01:00:32.026760 n kernel: hci0: end: err -110
Sep 13 01:00:32.026774 n kernel: hci0 cmd_cnt 1 cmd queued 2
Sep 13 01:00:32.026801 n kernel: Bluetooth: hci0: Opcode 0x200b failed: -110
Sep 13 01:00:32.026818 n kernel: hci0: skb 00000000589a713c
Sep 13 01:00:32.026840 n kernel: hci0: state 1 -> 0
Sep 13 01:00:32.026858 n kernel: hci0: entry 00000000735fdcff
Sep 13 01:00:32.026881 n kernel: hci0: ADV monitoring is off
Sep 13 01:00:32.026898 n kernel: hci0: stopping background scanning
Sep 13 01:00:32.026908 n kernel: hci0: 
Sep 13 01:00:34.074517 n kernel: Bluetooth: hci0: command 0x0c1a tx timeout
Sep 13 01:00:34.074596 n kernel: hci0: err 0x6e
Sep 13 01:00:34.074628 n kernel: hci0 cmd_cnt 1 cmd queued 1
Sep 13 01:00:34.074647 n kernel: hci0: skb 000000004ce09642
Sep 13 01:00:36.122513 n kernel: Bluetooth: hci0: command 0x0c1a tx timeout
Sep 13 01:00:36.122599 n kernel: hci0: err 0x6e
Sep 13 01:00:36.122629 n kernel: hci0 cmd_cnt 1 cmd queued 0
